Archive member included because of file (symbol)

contiki-srf06-cc26xx.a(contiki-main.o)
                              obj_srf06-cc26xx/startup_gcc.o (main)
contiki-srf06-cc26xx.a(sensors.o)
                              cc13xx-node.co (sensors_event)
contiki-srf06-cc26xx.a(leds.o)
                              contiki-srf06-cc26xx.a(contiki-main.o) (leds_init)
contiki-srf06-cc26xx.a(apros-sensors.o)
                              contiki-srf06-cc26xx.a(sensors.o) (sensors_flags)
contiki-srf06-cc26xx.a(button-sensor.o)
                              cc13xx-node.co (button_user_sensor)
contiki-srf06-cc26xx.a(ext-flash.o)
                              cc13xx-node.co (ext_flash_open)
contiki-srf06-cc26xx.a(board-spi.o)
                              contiki-srf06-cc26xx.a(ext-flash.o) (board_spi_write)
contiki-srf06-cc26xx.a(sht-sensor.o)
                              cc13xx-node.co (sht_sensor)
contiki-srf06-cc26xx.a(leds-arch.o)
                              contiki-srf06-cc26xx.a(leds.o) (leds_arch_init)
contiki-srf06-cc26xx.a(board.o)
                              contiki-srf06-cc26xx.a(contiki-main.o) (board_init)
contiki-srf06-cc26xx.a(prop-mode.o)
                              contiki-srf06-cc26xx.a(contiki-main.o) (prop_mode_driver)
contiki-srf06-cc26xx.a(clock.o)
                              contiki-srf06-cc26xx.a(contiki-main.o) (clock_init)
contiki-srf06-cc26xx.a(rtimer-arch.o)
                              contiki-srf06-cc26xx.a(prop-mode.o) (rtimer_arch_now)
contiki-srf06-cc26xx.a(soc-rtc.o)
                              contiki-srf06-cc26xx.a(contiki-main.o) (soc_rtc_init)
contiki-srf06-cc26xx.a(contiki-watchdo)
                              contiki-srf06-cc26xx.a(contiki-main.o) (watchdog_init)
contiki-srf06-cc26xx.a(ieee-addr.o)
                              cc13xx-node.co (ieee_addr_cpy_to)
contiki-srf06-cc26xx.a(cc26xx-uart.o)
                              contiki-srf06-cc26xx.a(contiki-main.o) (cc26xx_uart_init)
contiki-srf06-cc26xx.a(lpm.o)
                              contiki-srf06-cc26xx.a(prop-mode.o) (lpm_sleep)
contiki-srf06-cc26xx.a(gpio-interrupt.)
                              contiki-srf06-cc26xx.a(button-sensor.o) (gpio_interrupt_register_handler)
contiki-srf06-cc26xx.a(oscillators.o)
                              contiki-srf06-cc26xx.a(contiki-main.o) (oscillators_select_lf_xosc)
contiki-srf06-cc26xx.a(rf-core.o)
                              contiki-srf06-cc26xx.a(prop-mode.o) (rf_core_is_accessible)
contiki-srf06-cc26xx.a(rf-ble.o)
                              contiki-srf06-cc26xx.a(prop-mode.o) (rf_ble_is_active)
contiki-srf06-cc26xx.a(random.o)
                              contiki-srf06-cc26xx.a(contiki-main.o) (random_init)
contiki-srf06-cc26xx.a(soc-trng.o)
                              contiki-srf06-cc26xx.a(random.o) (soc_trng_rand_synchronous)
contiki-srf06-cc26xx.a(autostart.o)
                              contiki-srf06-cc26xx.a(contiki-main.o) (autostart_start)
contiki-srf06-cc26xx.a(ctimer.o)
                              contiki-srf06-cc26xx.a(contiki-main.o) (ctimer_init)
contiki-srf06-cc26xx.a(energest.o)
                              contiki-srf06-cc26xx.a(contiki-main.o) (energest_init)
contiki-srf06-cc26xx.a(etimer.o)
                              contiki-srf06-cc26xx.a(clock.o) (etimer_request_poll)
contiki-srf06-cc26xx.a(process.o)
                              obj_srf06-cc26xx/apros-serial-line.o (process_alloc_event)
contiki-srf06-cc26xx.a(rtimer.o)
                              contiki-srf06-cc26xx.a(contiki-main.o) (rtimer_init)
contiki-srf06-cc26xx.a(stimer.o)
                              cc13xx-node.co (stimer_set)
contiki-srf06-cc26xx.a(timer.o)
                              contiki-srf06-cc26xx.a(button-sensor.o) (timer_set)
contiki-srf06-cc26xx.a(serial-line.o)
                              contiki-srf06-cc26xx.a(contiki-main.o) (serial_line_init)
contiki-srf06-cc26xx.a(crc16.o)
                              obj_srf06-cc26xx/apros-packet-control.o (crc16_data)
contiki-srf06-cc26xx.a(list.o)
                              contiki-srf06-cc26xx.a(lpm.o) (list_init)
contiki-srf06-cc26xx.a(ringbuf.o)
                              obj_srf06-cc26xx/apros-serial-line.o (ringbuf_init)
contiki-srf06-cc26xx.a(broadcast.o)
                              cc13xx-node.co (broadcast_open)
contiki-srf06-cc26xx.a(channel.o)
                              contiki-srf06-cc26xx.a(broadcast.o) (channel_set_attributes)
contiki-srf06-cc26xx.a(adi.o)
                              contiki-srf06-cc26xx.a(oscillators.o) (SafeHapiVoid)
contiki-srf06-cc26xx.a(aon_rtc.o)
                              contiki-srf06-cc26xx.a(rtimer-arch.o) (NOROM_AONRTCCurrentCompareValueGet)
contiki-srf06-cc26xx.a(chipinfo.o)
                              contiki-srf06-cc26xx.a(prop-mode.o) (NOROM_ChipInfo_GetChipFamily)
contiki-srf06-cc26xx.a(cpu.o)
                              contiki-srf06-cc26xx.a(contiki-main.o) (NOROM_CPUcpsid)
contiki-srf06-cc26xx.a(osc.o)
[...]
Memory Configuration

Name             Origin             Length             Attributes
FLASH            0x0000000000000000 0x000000000001ffa8 xr
FLASH_CCFG       0x000000000001ffa8 0x0000000000000058 xr
SRAM             0x0000000020000000 0x0000000000005000 xrw
GPRAM            0x0000000011000000 0x0000000000002000 xrw
*default*        0x0000000000000000 0xffffffffffffffff

Linker script and memory map

LOAD obj_srf06-cc26xx/fault-handlers.o
LOAD obj_srf06-cc26xx/ccfg.o
LOAD obj_srf06-cc26xx/startup_gcc.o
LOAD cc13xx-node.co
LOAD obj_srf06-cc26xx/apros-serial-line.o
LOAD obj_srf06-cc26xx/apros-gpio-control.o
LOAD obj_srf06-cc26xx/apros-packet-control.o
LOAD contiki-srf06-cc26xx.a
LOAD /usr/lib/gcc/arm-none-eabi/4.8.2/../../../arm-none-eabi/lib/armv7-m/libm.a
START GROUP
LOAD /usr/lib/gcc/arm-none-eabi/4.8.2/armv7-m/libgcc.a
LOAD /usr/lib/gcc/arm-none-eabi/4.8.2/../../../arm-none-eabi/lib/armv7-m/libc.a
END GROUP
                0x0000000020005000                _estack = (ORIGIN (SRAM) + 0x5000)
                0x0000000000000000                _Min_Heap_Size = 0x0
                0x0000000000000100                _Min_Stack_Size = 0x100

.text           0x0000000000000000     0x7a58
                0x0000000000000000                _text = .
 *(SORT(.vectors))
 .vectors       0x0000000000000000       0xc8 obj_srf06-cc26xx/startup_gcc.o
                0x0000000000000000                g_pfnVectors
 *(SORT(.text*))
 .text.FaultISR
                0x00000000000000c8       0x1c obj_srf06-cc26xx/fault-handlers.o
                0x00000000000000c8                FaultISR
 .text.NmiSRHandler
                0x00000000000000e4        0x4 obj_srf06-cc26xx/startup_gcc.o
                0x00000000000000e4                NmiSR
 .text.IntDefaultHandler
                0x00000000000000e8        0x4 obj_srf06-cc26xx/startup_gcc.o
                0x00000000000000e8                SSI0IntHandler
                0x00000000000000e8                SWEvent0IntHandler
                0x00000000000000e8                uDMAIntHandler
                0x00000000000000e8                WatchdogIntHandler
                0x00000000000000e8                RFCHardwareIntHandler
                0x00000000000000e8                Timer1BIntHandler
                0x00000000000000e8                I2SIntHandler
                0x00000000000000e8                Timer2BIntHandler
                0x00000000000000e8                Timer2AIntHandler
                0x00000000000000e8                Timer1AIntHandler
                0x00000000000000e8                AONIntHandler
                0x00000000000000e8                AUXSWEvent0IntHandler
                0x00000000000000e8                AUXADCIntHandler
                0x00000000000000e8                PendSVIntHandler
                0x00000000000000e8                AUXSWEvent1IntHandler
                0x00000000000000e8                SVCallIntHandler
                0x00000000000000e8                MPUFaultIntHandler
                0x00000000000000e8                SysTickIntHandler
                0x00000000000000e8                BusFaultIntHandler
                0x00000000000000e8                AONProgIntHandler
                0x00000000000000e8                AUXCompAIntHandler
                0x00000000000000e8                SSI1IntHandler
                0x00000000000000e8                FlashIntHandler
                0x00000000000000e8                uDMAErrIntHandler
                0x00000000000000e8                UsageFaultIntHandler
                0x00000000000000e8                RFCCmdAckIntHandler
                0x00000000000000e8                CryptoIntHandler
                0x00000000000000e8                Timer0AIntHandler
                0x00000000000000e8                I2CIntHandler
                0x00000000000000e8                DebugMonIntHandler
                0x00000000000000e8                Timer0BIntHandler
                0x00000000000000e8                AUXCombEventIntHandler
                0x00000000000000e8                Timer3AIntHandler
                0x00000000000000e8                DynProgIntHandler
                0x00000000000000e8                Timer3BIntHandler
 .text.ResetISR
                0x00000000000000ec       0x5c obj_srf06-cc26xx/startup_gcc.o
                0x00000000000000ec                ResetISR
 .text.process_thread_uart_rx_process
                0x0000000000000148      0x148 cc13xx-node.co
 .text.callback_ledoff
                0x0000000000000290        0x8 cc13xx-node.co
 .text.callback_device_reset
                0x0000000000000298        0x4 cc13xx-node.co
                0x0000000000000298                callback_device_reset
 .text.generate_wireless.isra.1.constprop.5
                0x000000000000029c       0x9c cc13xx-node.co
 .text.send_packet
                0x0000000000000338       0x28 cc13xx-node.co
                0x0000000000000338                send_packet
 .text.load_config
                0x0000000000000360       0x54 cc13xx-node.co
                0x0000000000000360                load_config
 .text.save_config
                0x00000000000003b4       0x48 cc13xx-node.co
                0x00000000000003b4                save_config
 .text.broadcast_recv
                0x00000000000003fc      0x184 cc13xx-node.co
 .text.read_send
                0x0000000000000580      0x114 cc13xx-node.co
                0x0000000000000580                read_send
 .text.co2_init
                0x0000000000000694       0x4c cc13xx-node.co
                0x0000000000000694                co2_init
 .text.process_thread_cc13xx_demo_process
                0x00000000000006e0       0xd8 cc13xx-node.co
 .text.process_thread_apros_serial_line_process
                0x00000000000007b8      0x160 obj_srf06-cc26xx/apros-serial-line.o
 .text.apros_serial_line_input_byte
                0x0000000000000918       0x54 obj_srf06-cc26xx/apros-serial-line.o
                0x0000000000000918                apros_serial_line_input_byte
 .text.apros_serial_line_init
                0x000000000000096c       0x2c obj_srf06-cc26xx/apros-serial-line.o
                0x000000000000096c                apros_serial_line_init
 .text.get_finalpkt_length
                0x0000000000000998        0x8 obj_srf06-cc26xx/apros-packet-control.o
                0x0000000000000998                get_finalpkt_length
 .text.add_TLV  0x00000000000009a0       0x50 obj_srf06-cc26xx/apros-packet-control.o
                0x00000000000009a0                add_TLV
 .text.make_final_packet
                0x00000000000009f0       0x40 obj_srf06-cc26xx/apros-packet-control.o
                0x00000000000009f0                make_final_packet
 .text.make_initial_packet
                0x0000000000000a30       0x24 obj_srf06-cc26xx/apros-packet-control.o
                0x0000000000000a30                make_initial_packet
 .text.make_packet
                0x0000000000000a54       0x34 obj_srf06-cc26xx/apros-packet-control.o
                0x0000000000000a54                make_packet
 .text.mems_packet_parser
                0x0000000000000a88       0x90 obj_srf06-cc26xx/apros-packet-control.o
                0x0000000000000a88                mems_packet_parser
 .text.fade     0x0000000000000b18       0x64 contiki-srf06-cc26xx.a(contiki-main.o)
 .text.startup.main
                0x0000000000000b7c      0x13c contiki-srf06-cc26xx.a(contiki-main.o)
                0x0000000000000b7c                main
 .text.process_thread_sensors_process
                0x0000000000000cb8      0x138 contiki-srf06-cc26xx.a(sensors.o)
 .text.sensors_changed
                0x0000000000000df0       0x54 contiki-srf06-cc26xx.a(sensors.o)
                0x0000000000000df0                sensors_changed
 .text.leds_init
                0x0000000000000e44       0x14 contiki-srf06-cc26xx.a(leds.o)
                0x0000000000000e44                leds_init
 .text.leds_on  0x0000000000000e58       0x14 contiki-srf06-cc26xx.a(leds.o)
                0x0000000000000e58                leds_on
 .text.leds_off
                0x0000000000000e6c       0x18 contiki-srf06-cc26xx.a(leds.o)
                0x0000000000000e6c                leds_off
 .text.value_user
                0x0000000000000e84       0x28 contiki-srf06-cc26xx.a(button-sensor.o)
 .text.status_user
                0x0000000000000eac       0x24 contiki-srf06-cc26xx.a(button-sensor.o)
 .text.button_press_handler
                0x0000000000000ed0       0x58 contiki-srf06-cc26xx.a(button-sensor.o)
 .text.config_user
                0x0000000000000f28       0xa0 contiki-srf06-cc26xx.a(button-sensor.o)
 .text.write_enable
                0x0000000000000fc8       0x30 contiki-srf06-cc26xx.a(ext-flash.o)
 .text.verify_part
                0x0000000000000ff8       0x8c contiki-srf06-cc26xx.a(ext-flash.o)
 .text.wait_ready
                0x0000000000001084       0x74 contiki-srf06-cc26xx.a(ext-flash.o)
 .text.power_down
                0x00000000000010f8       0x58 contiki-srf06-cc26xx.a(ext-flash.o)
 .text.ext_flash_open
                0x0000000000001150       0x6c contiki-srf06-cc26xx.a(ext-flash.o)
                0x0000000000001150                ext_flash_open
 .text.ext_flash_close
                0x00000000000011bc       0x10 contiki-srf06-cc26xx.a(ext-flash.o)
                0x00000000000011bc                ext_flash_close
 .text.ext_flash_read
                0x00000000000011cc       0x58 contiki-srf06-cc26xx.a(ext-flash.o)
                0x00000000000011cc                ext_flash_read
 .text.ext_flash_write
                0x0000000000001224       0xb4 contiki-srf06-cc26xx.a(ext-flash.o)
                0x0000000000001224                ext_flash_write
 .text.ext_flash_erase
                0x00000000000012d8       0x9c contiki-srf06-cc26xx.a(ext-flash.o)
                0x00000000000012d8                ext_flash_erase
 .text.ext_flash_init
                0x0000000000001374       0x14 contiki-srf06-cc26xx.a(ext-flash.o)
                0x0000000000001374                ext_flash_init
 .text.accessible
                0x0000000000001388       0x2c contiki-srf06-cc26xx.a(board-spi.o)
 .text.board_spi_write
                0x00000000000013b4       0x40 contiki-srf06-cc26xx.a(board-spi.o)
                0x00000000000013b4                board_spi_write
 .text.board_spi_read
                0x00000000000013f4       0x4c contiki-srf06-cc26xx.a(board-spi.o)
                0x00000000000013f4                board_spi_read
 .text.board_spi_flush
                0x0000000000001440       0x28 contiki-srf06-cc26xx.a(board-spi.o)
                0x0000000000001440                board_spi_flush
 .text.board_spi_open
                0x0000000000001468       0xcc contiki-srf06-cc26xx.a(board-spi.o)
                0x0000000000001468                board_spi_open
 .text.board_spi_close
                0x0000000000001534       0x74 contiki-srf06-cc26xx.a(board-spi.o)
                0x0000000000001534                board_spi_close
 .text.status   0x00000000000015a8       0x14 contiki-srf06-cc26xx.a(sht-sensor.o)
 .text.configure
                0x00000000000015bc       0xbc contiki-srf06-cc26xx.a(sht-sensor.o)
 .text.value    0x0000000000001678       0xc0 contiki-srf06-cc26xx.a(sht-sensor.o)
 .text.leds_arch_init
                0x0000000000001738       0x40 contiki-srf06-cc26xx.a(leds-arch.o)
                0x0000000000001738                leds_arch_init
 .text.leds_arch_set
                0x0000000000001778       0xa4 contiki-srf06-cc26xx.a(leds-arch.o)
                0x0000000000001778                leds_arch_set
 .text.wakeup_handler
                0x000000000000181c       0x20 contiki-srf06-cc26xx.a(board.o)
 .text.board_init
                0x000000000000183c       0x84 contiki-srf06-cc26xx.a(board.o)
                0x000000000000183c                board_init
 .text.get_object
                0x00000000000018c0        0x4 contiki-srf06-cc26xx.a(prop-mode.o)
 .text.set_object
                0x00000000000018c4        0x4 contiki-srf06-cc26xx.a(prop-mode.o)
 .text.request  0x00000000000018c8       0x20 contiki-srf06-cc26xx.a(prop-mode.o)
 .text.soft_off_prop
                0x00000000000018e8       0x3c contiki-srf06-cc26xx.a(prop-mode.o)
 .text.rx_on_prop
                0x0000000000001924       0x78 contiki-srf06-cc26xx.a(prop-mode.o)
 .text.prepare  0x000000000000199c       0x1c contiki-srf06-cc26xx.a(prop-mode.o)
 .text.pending_packet
                0x00000000000019b8       0x38 contiki-srf06-cc26xx.a(prop-mode.o)
 .text.read_frame
                0x00000000000019f0       0x54 contiki-srf06-cc26xx.a(prop-mode.o)
 .text.rx_off_prop
                0x0000000000001a44       0x50 contiki-srf06-cc26xx.a(prop-mode.o)
 .text.prop_div_radio_setup
                0x0000000000001a94       0x44 contiki-srf06-cc26xx.a(prop-mode.o)
 .text.prop_fs  0x0000000000001ad8       0x38 contiki-srf06-cc26xx.a(prop-mode.o)
 .text.soft_on_prop
                0x0000000000001b10       0x20 contiki-srf06-cc26xx.a(prop-mode.o)
 .text.off      0x0000000000001b30       0x3c contiki-srf06-cc26xx.a(prop-mode.o)
 .text.on       0x0000000000001b6c      0x108 contiki-srf06-cc26xx.a(prop-mode.o)
 .text.set_value
                0x0000000000001c74      0x164 contiki-srf06-cc26xx.a(prop-mode.o)
 .text.get_value
                0x0000000000001dd8      0x134 contiki-srf06-cc26xx.a(prop-mode.o)
 .text.transmit
                0x0000000000001f0c       0xb4 contiki-srf06-cc26xx.a(prop-mode.o)
 .text.send     0x0000000000001fc0       0x24 contiki-srf06-cc26xx.a(prop-mode.o)
 .text.channel_clear
                0x0000000000001fe4       0x7c contiki-srf06-cc26xx.a(prop-mode.o)
 .text.receiving_packet
                0x0000000000002060       0x28 contiki-srf06-cc26xx.a(prop-mode.o)
 .text.init     0x0000000000002088       0xe8 contiki-srf06-cc26xx.a(prop-mode.o)
 .text.power_domain_on
                0x0000000000002170       0x20 contiki-srf06-cc26xx.a(clock.o)
 .text.clock_init
                0x0000000000002190       0xac contiki-srf06-cc26xx.a(clock.o)
                0x0000000000002190                clock_init
 .text.clock_time
                0x000000000000223c       0x38 contiki-srf06-cc26xx.a(clock.o)
                0x000000000000223c                clock_time
 .text.clock_update
                0x0000000000002274       0x40 contiki-srf06-cc26xx.a(clock.o)
                0x0000000000002274                clock_update
 .text.clock_seconds
                0x00000000000022b4       0x1c contiki-srf06-cc26xx.a(clock.o)
                0x00000000000022b4                clock_seconds
 .text.clock_delay_usec
                0x00000000000022d0       0xa4 contiki-srf06-cc26xx.a(clock.o)
                0x00000000000022d0                clock_delay_usec
 .text.rtimer_arch_init
                0x0000000000002374        0x4 contiki-srf06-cc26xx.a(rtimer-arch.o)
                0x0000000000002374                rtimer_arch_init
 .text.rtimer_arch_schedule
                0x0000000000002378        0x8 contiki-srf06-cc26xx.a(rtimer-arch.o)
                0x0000000000002378                rtimer_arch_schedule
 .text.rtimer_arch_now
                0x0000000000002380        0x4 contiki-srf06-cc26xx.a(rtimer-arch.o)
                0x0000000000002380                rtimer_arch_now
 .text.soc_rtc_init
                0x0000000000002384       0xac contiki-srf06-cc26xx.a(soc-rtc.o)
                0x0000000000002384                soc_rtc_init
 .text.soc_rtc_schedule_one_shot
                0x0000000000002430       0x6c contiki-srf06-cc26xx.a(soc-rtc.o)
                0x0000000000002430                soc_rtc_schedule_one_shot
 .text.soc_rtc_last_isr_time
                0x000000000000249c        0xc contiki-srf06-cc26xx.a(soc-rtc.o)
                0x000000000000249c                soc_rtc_last_isr_time
 .text.AONRTCIntHandler
                0x00000000000024a8       0xa0 contiki-srf06-cc26xx.a(soc-rtc.o)
                0x00000000000024a8                AONRTCIntHandler
 .text.lock_config
                0x0000000000002548       0x1c contiki-srf06-cc26xx.a(contiki-watchdo)
 .text.unlock_config
                0x0000000000002564       0x30 contiki-srf06-cc26xx.a(contiki-watchdo)
 .text.watchdog_init
                0x0000000000002594       0x20 contiki-srf06-cc26xx.a(contiki-watchdo)
                0x0000000000002594                watchdog_init
 .text.watchdog_start
                0x00000000000025b4       0x34 contiki-srf06-cc26xx.a(contiki-watchdo)
                0x00000000000025b4                watchdog_start
 .text.watchdog_periodic
                0x00000000000025e8       0x1c contiki-srf06-cc26xx.a(contiki-watchdo)
                0x00000000000025e8                watchdog_periodic
 .text.watchdog_reboot
                0x0000000000002604        0x8 contiki-srf06-cc26xx.a(contiki-watchdo)
                0x0000000000002604                watchdog_reboot
 .text.ieee_addr_cpy_to
                0x000000000000260c       0x4c contiki-srf06-cc26xx.a(ieee-addr.o)
                0x000000000000260c                ieee_addr_cpy_to
 .text.power_and_clock
                0x0000000000002658       0x4c contiki-srf06-cc26xx.a(cc26xx-uart.o)
 .text.enable   0x00000000000026a4      0x108 contiki-srf06-cc26xx.a(cc26xx-uart.o)
 .text.accessible
                0x00000000000027ac       0x2c contiki-srf06-cc26xx.a(cc26xx-uart.o)
 .text.lpm_drop_handler
                0x00000000000027d8       0xe0 contiki-srf06-cc26xx.a(cc26xx-uart.o)
 .text.cc26xx_uart_init
                0x00000000000028b8       0x2c contiki-srf06-cc26xx.a(cc26xx-uart.o)
                0x00000000000028b8                cc26xx_uart_init
 .text.cc26xx_uart_write_byte
                0x00000000000028e4       0x28 contiki-srf06-cc26xx.a(cc26xx-uart.o)
                0x00000000000028e4                cc26xx_uart_write_byte
 .text.cc26xx_uart_set_input
                0x000000000000290c       0x78 contiki-srf06-cc26xx.a(cc26xx-uart.o)
                0x000000000000290c                cc26xx_uart_set_input
 .text.cc26xx_uart_busy
                0x0000000000002984       0x18 contiki-srf06-cc26xx.a(cc26xx-uart.o)
                0x0000000000002984                cc26xx_uart_busy
 .text.UART0IntHandler
                0x000000000000299c       0x60 contiki-srf06-cc26xx.a(cc26xx-uart.o)
                0x000000000000299c                UART0IntHandler
 .text.lpm_sleep
                0x00000000000029fc       0x14 contiki-srf06-cc26xx.a(lpm.o)
                0x00000000000029fc                lpm_sleep
 .text.lpm_drop
                0x0000000000002a10      0x2a4 contiki-srf06-cc26xx.a(lpm.o)
                0x0000000000002a10                lpm_drop
 .text.lpm_register_module
                0x0000000000002cb4       0x10 contiki-srf06-cc26xx.a(lpm.o)
                0x0000000000002cb4                lpm_register_module
 .text.lpm_unregister_module
                0x0000000000002cc4       0x10 contiki-srf06-cc26xx.a(lpm.o)
                0x0000000000002cc4                lpm_unregister_module
 .text.lpm_init
                0x0000000000002cd4       0x24 contiki-srf06-cc26xx.a(lpm.o)
                0x0000000000002cd4                lpm_init
 .text.lpm_pin_set_default_state
                0x0000000000002cf8       0x30 contiki-srf06-cc26xx.a(lpm.o)
                0x0000000000002cf8                lpm_pin_set_default_state
 .text.gpio_interrupt_register_handler
                0x0000000000002d28       0x30 contiki-srf06-cc26xx.a(gpio-interrupt.)
                0x0000000000002d28                gpio_interrupt_register_handler
 .text.gpio_interrupt_init
                0x0000000000002d58       0x28 contiki-srf06-cc26xx.a(gpio-interrupt.)
                0x0000000000002d58                gpio_interrupt_init
 .text.GPIOIntHandler
                0x0000000000002d80       0x34 contiki-srf06-cc26xx.a(gpio-interrupt.)
                0x0000000000002d80                GPIOIntHandler
 .text.oscillators_select_lf_xosc
                0x0000000000002db4       0x5c contiki-srf06-cc26xx.a(oscillators.o)
                0x0000000000002db4                oscillators_select_lf_xosc
 .text.oscillators_request_hf_xosc
                0x0000000000002e10       0x30 contiki-srf06-cc26xx.a(oscillators.o)
                0x0000000000002e10                oscillators_request_hf_xosc
 .text.oscillators_switch_to_hf_xosc
                0x0000000000002e40       0x34 contiki-srf06-cc26xx.a(oscillators.o)
                0x0000000000002e40                oscillators_switch_to_hf_xosc
 .text.oscillators_switch_to_hf_rc
                0x0000000000002e74       0x38 contiki-srf06-cc26xx.a(oscillators.o)
                0x0000000000002e74                oscillators_switch_to_hf_rc
 .text.process_thread_rf_core_process
                0x0000000000002eac       0x5c contiki-srf06-cc26xx.a(rf-core.o)
 .text.rf_core_is_accessible
                0x0000000000002f08       0x10 contiki-srf06-cc26xx.a(rf-core.o)
                0x0000000000002f08                rf_core_is_accessible
 .text.rf_core_send_cmd
                0x0000000000002f18       0xac contiki-srf06-cc26xx.a(rf-core.o)
                0x0000000000002f18                rf_core_send_cmd
 .text.rf_core_wait_cmd_done
                0x0000000000002fc4       0x34 contiki-srf06-cc26xx.a(rf-core.o)
                0x0000000000002fc4                rf_core_wait_cmd_done
 .text.rf_core_power_up
                0x0000000000002ff8       0xc8 contiki-srf06-cc26xx.a(rf-core.o)
                0x0000000000002ff8                rf_core_power_up
 .text.rf_core_start_rat
                0x00000000000030c0       0x6c contiki-srf06-cc26xx.a(rf-core.o)
                0x00000000000030c0                rf_core_start_rat
 .text.rf_core_stop_rat
                0x000000000000312c       0x80 contiki-srf06-cc26xx.a(rf-core.o)
                0x000000000000312c                rf_core_stop_rat
 .text.rf_core_power_down
                0x00000000000031ac      0x104 contiki-srf06-cc26xx.a(rf-core.o)
                0x00000000000031ac                rf_core_power_down
 .text.rf_core_set_modesel
                0x00000000000032b0       0x54 contiki-srf06-cc26xx.a(rf-core.o)
                0x00000000000032b0                rf_core_set_modesel
 .text.rf_core_setup_interrupts
                0x0000000000003304       0x80 contiki-srf06-cc26xx.a(rf-core.o)
                0x0000000000003304                rf_core_setup_interrupts
 .text.rf_core_cmd_done_en
                0x0000000000003384       0x2c contiki-srf06-cc26xx.a(rf-core.o)
                0x0000000000003384                rf_core_cmd_done_en
 .text.rf_core_cmd_done_dis
                0x00000000000033b0       0x18 contiki-srf06-cc26xx.a(rf-core.o)
                0x00000000000033b0                rf_core_cmd_done_dis
 .text.rf_core_get_last_radio_op
                0x00000000000033c8        0xc contiki-srf06-cc26xx.a(rf-core.o)
                0x00000000000033c8                rf_core_get_last_radio_op
 .text.rf_core_primary_mode_register
                0x00000000000033d4        0xc contiki-srf06-cc26xx.a(rf-core.o)
                0x00000000000033d4                rf_core_primary_mode_register
 .text.RFCCPE1IntHandler
                0x00000000000033e0       0x2c contiki-srf06-cc26xx.a(rf-core.o)
                0x00000000000033e0                RFCCPE1IntHandler
 .text.RFCCPE0IntHandler
                0x000000000000340c       0x6c contiki-srf06-cc26xx.a(rf-core.o)
                0x000000000000340c                RFCCPE0IntHandler
 .text.rf_ble_is_active
                0x0000000000003478        0xc contiki-srf06-cc26xx.a(rf-ble.o)
                0x0000000000003478                rf_ble_is_active
 .text.random_rand
                0x0000000000003484        0xc contiki-srf06-cc26xx.a(random.o)
                0x0000000000003484                random_rand
 .text.random_init
                0x0000000000003490        0x4 contiki-srf06-cc26xx.a(random.o)
                0x0000000000003490                random_init
 .text.power_up
                0x0000000000003494       0x4c contiki-srf06-cc26xx.a(soc-trng.o)
 .text.request  0x00000000000034e0       0x14 contiki-srf06-cc26xx.a(soc-trng.o)
 .text.process_thread_soc_trng_process
                0x00000000000034f4       0xb0 contiki-srf06-cc26xx.a(soc-trng.o)
 .text.accessible
                0x00000000000035a4       0x2c contiki-srf06-cc26xx.a(soc-trng.o)
 .text.soc_trng_rand_synchronous
                0x00000000000035d0       0xd8 contiki-srf06-cc26xx.a(soc-trng.o)
                0x00000000000035d0                soc_trng_rand_synchronous
 .text.TRNGIntHandler
                0x00000000000036a8       0x5c contiki-srf06-cc26xx.a(soc-trng.o)
                0x00000000000036a8                TRNGIntHandler
 .text.soc_trng_init
                0x0000000000003704       0x2c contiki-srf06-cc26xx.a(soc-trng.o)
                0x0000000000003704                soc_trng_init
 .text.autostart_start
                0x0000000000003730       0x18 contiki-srf06-cc26xx.a(autostart.o)
                0x0000000000003730                autostart_start
 .text.process_thread_ctimer_process
                0x0000000000003748       0xa4 contiki-srf06-cc26xx.a(ctimer.o)
 .text.ctimer_init
                0x00000000000037ec       0x2c contiki-srf06-cc26xx.a(ctimer.o)
                0x00000000000037ec                ctimer_init
 .text.ctimer_set_with_process
                0x0000000000003818       0x4c contiki-srf06-cc26xx.a(ctimer.o)
                0x0000000000003818                ctimer_set_with_process
 .text.ctimer_set
                0x0000000000003864       0x18 contiki-srf06-cc26xx.a(ctimer.o)
                0x0000000000003864                ctimer_set
 .text.ctimer_stop
                0x000000000000387c       0x30 contiki-srf06-cc26xx.a(ctimer.o)
                0x000000000000387c                ctimer_stop
 .text.energest_init
                0x00000000000038ac        0x4 contiki-srf06-cc26xx.a(energest.o)
                0x00000000000038ac                energest_init
 .text.update_time
                0x00000000000038b0       0x50 contiki-srf06-cc26xx.a(etimer.o)
 .text.process_thread_etimer_process
                0x0000000000003900       0xd8 contiki-srf06-cc26xx.a(etimer.o)
 .text.add_timer
                0x00000000000039d8       0x60 contiki-srf06-cc26xx.a(etimer.o)
 .text.etimer_request_poll
                0x0000000000003a38        0xc contiki-srf06-cc26xx.a(etimer.o)
                0x0000000000003a38                etimer_request_poll
 .text.etimer_set
                0x0000000000003a44       0x14 contiki-srf06-cc26xx.a(etimer.o)
                0x0000000000003a44                etimer_set
 .text.etimer_pending
                0x0000000000003a58       0x14 contiki-srf06-cc26xx.a(etimer.o)
                0x0000000000003a58                etimer_pending
 .text.etimer_next_expiration_time
                0x0000000000003a6c       0x18 contiki-srf06-cc26xx.a(etimer.o)
                0x0000000000003a6c                etimer_next_expiration_time
 .text.etimer_stop
                0x0000000000003a84       0x4c contiki-srf06-cc26xx.a(etimer.o)
                0x0000000000003a84                etimer_stop
 .text.exit_process
                0x0000000000003ad0       0xac contiki-srf06-cc26xx.a(process.o)
 .text.call_process.part.0
                0x0000000000003b7c       0x3c contiki-srf06-cc26xx.a(process.o)
 .text.do_poll  0x0000000000003bb8       0x40 contiki-srf06-cc26xx.a(process.o)
 .text.process_alloc_event
                0x0000000000003bf8       0x10 contiki-srf06-cc26xx.a(process.o)
                0x0000000000003bf8                process_alloc_event
 .text.process_init
                0x0000000000003c08       0x3c contiki-srf06-cc26xx.a(process.o)
                0x0000000000003c08                process_init
 .text.process_run
                0x0000000000003c44       0xbc contiki-srf06-cc26xx.a(process.o)
                0x0000000000003c44                process_run
 .text.process_nevents
                0x0000000000003d00       0x18 contiki-srf06-cc26xx.a(process.o)
                0x0000000000003d00                process_nevents
 .text.process_post
                0x0000000000003d18       0x48 contiki-srf06-cc26xx.a(process.o)
                0x0000000000003d18                process_post
 .text.process_post_synch
                0x0000000000003d60       0x1c contiki-srf06-cc26xx.a(process.o)
                0x0000000000003d60                process_post_synch
 .text.process_start
                0x0000000000003d7c       0x44 contiki-srf06-cc26xx.a(process.o)
                0x0000000000003d7c                process_start
 .text.process_poll
                0x0000000000003dc0       0x20 contiki-srf06-cc26xx.a(process.o)
                0x0000000000003dc0                process_poll
 .text.rtimer_init
                0x0000000000003de0        0x4 contiki-srf06-cc26xx.a(rtimer.o)
                0x0000000000003de0                rtimer_init
 .text.rtimer_run_next
                0x0000000000003de4       0x2c contiki-srf06-cc26xx.a(rtimer.o)
                0x0000000000003de4                rtimer_run_next
 .text.stimer_set
                0x0000000000003e10       0x10 contiki-srf06-cc26xx.a(stimer.o)
                0x0000000000003e10                stimer_set
 .text.stimer_expired
                0x0000000000003e20       0x24 contiki-srf06-cc26xx.a(stimer.o)
                0x0000000000003e20                stimer_expired
 .text.timer_set
                0x0000000000003e44       0x10 contiki-srf06-cc26xx.a(timer.o)
                0x0000000000003e44                timer_set
 .text.timer_expired
                0x0000000000003e54       0x1c contiki-srf06-cc26xx.a(timer.o)
                0x0000000000003e54                timer_expired
 .text.process_thread_serial_line_process
                0x0000000000003e70       0xd8 contiki-srf06-cc26xx.a(serial-line.o)
 .text.serial_line_init
                0x0000000000003f48       0x2c contiki-srf06-cc26xx.a(serial-line.o)
                0x0000000000003f48                serial_line_init
 .text.crc16_data
                0x0000000000003f74       0x30 contiki-srf06-cc26xx.a(crc16.o)
                0x0000000000003f74                crc16_data
 .text.list_init
                0x0000000000003fa4        0x8 contiki-srf06-cc26xx.a(list.o)
                0x0000000000003fa4                list_init
 .text.list_head
                0x0000000000003fac        0x4 contiki-srf06-cc26xx.a(list.o)
                0x0000000000003fac                list_head
 .text.list_add
                0x0000000000003fb0       0x60 contiki-srf06-cc26xx.a(list.o)
                0x0000000000003fb0                list_add
 .text.list_push
                0x0000000000004010       0x48 contiki-srf06-cc26xx.a(list.o)
                0x0000000000004010                list_push
 .text.list_remove
                0x0000000000004058       0x40 contiki-srf06-cc26xx.a(list.o)
                0x0000000000004058                list_remove
 .text.list_length
                0x0000000000004098       0x14 contiki-srf06-cc26xx.a(list.o)
                0x0000000000004098                list_length
 .text.list_item_next
                0x00000000000040ac        0x8 contiki-srf06-cc26xx.a(list.o)
                0x00000000000040ac                list_item_next
 .text.ringbuf_init
                0x00000000000040b4       0x10 contiki-srf06-cc26xx.a(ringbuf.o)
                0x00000000000040b4                ringbuf_init
 .text.ringbuf_put
                0x00000000000040c4       0x30 contiki-srf06-cc26xx.a(ringbuf.o)
                0x00000000000040c4                ringbuf_put
 .text.ringbuf_get
                0x00000000000040f4       0x28 contiki-srf06-cc26xx.a(ringbuf.o)
                0x00000000000040f4                ringbuf_get
 .text.sent_by_abc
                0x000000000000411c        0xc contiki-srf06-cc26xx.a(broadcast.o)
 .text.recv_from_abc
                0x0000000000004128       0x24 contiki-srf06-cc26xx.a(broadcast.o)
 .text.broadcast_open
                0x000000000000414c       0x28 contiki-srf06-cc26xx.a(broadcast.o)
                0x000000000000414c                broadcast_open
 .text.broadcast_close
                0x0000000000004174        0x4 contiki-srf06-cc26xx.a(broadcast.o)
                0x0000000000004174                broadcast_close
 .text.broadcast_send
                0x0000000000004178       0x1c contiki-srf06-cc26xx.a(broadcast.o)
                0x0000000000004178                broadcast_send
 .text.channel_init
                0x0000000000004194        0xc contiki-srf06-cc26xx.a(channel.o)
                0x0000000000004194                channel_init
 .text.channel_open
                0x00000000000041a0       0x14 contiki-srf06-cc26xx.a(channel.o)
                0x00000000000041a0                channel_open
 .text.channel_close
                0x00000000000041b4       0x10 contiki-srf06-cc26xx.a(channel.o)
                0x00000000000041b4                channel_close
 .text.channel_lookup
                0x00000000000041c4       0x30 contiki-srf06-cc26xx.a(channel.o)
                0x00000000000041c4                channel_lookup
 .text.channel_set_attributes
                0x00000000000041f4       0x18 contiki-srf06-cc26xx.a(channel.o)
                0x00000000000041f4                channel_set_attributes
 .text.SafeHapiVoid
                0x000000000000420c       0x34 contiki-srf06-cc26xx.a(adi.o)
                0x000000000000420c                SafeHapiVoid
 .text.NOROM_AONRTCCurrentCompareValueGet
                0x0000000000004240       0x28 contiki-srf06-cc26xx.a(aon_rtc.o)
                0x0000000000004240                NOROM_AONRTCCurrentCompareValueGet
 .text.NOROM_ChipInfo_GetChipFamily
                0x0000000000004268       0x50 contiki-srf06-cc26xx.a(chipinfo.o)
                0x0000000000004268                NOROM_ChipInfo_GetChipFamily
 .text.NOROM_ChipInfo_GetChipType
                0x00000000000042b8       0x30 contiki-srf06-cc26xx.a(chipinfo.o)
                0x00000000000042b8                NOROM_ChipInfo_GetChipType
 .text.NOROM_ChipInfo_GetHwRevision
                0x00000000000042e8       0x94 contiki-srf06-cc26xx.a(chipinfo.o)
                0x00000000000042e8                NOROM_ChipInfo_GetHwRevision
 .text.NOROM_ThisCodeIsBuiltForCC13xxHwRev20AndLater_HaltIfViolated
                0x000000000000437c       0x18 contiki-srf06-cc26xx.a(chipinfo.o)
                0x000000000000437c                NOROM_ThisCodeIsBuiltForCC13xxHwRev20AndLater_HaltIfViolated
 .text.NOROM_CPUcpsid
                0x0000000000004394        0x8 contiki-srf06-cc26xx.a(cpu.o)
                0x0000000000004394                NOROM_CPUcpsid
 .text.NOROM_CPUcpsie
                0x000000000000439c        0x8 contiki-srf06-cc26xx.a(cpu.o)
                0x000000000000439c                NOROM_CPUcpsie
 .text.NOROM_CPUdelay
                0x00000000000043a4        0x8 contiki-srf06-cc26xx.a(cpu.o)
                0x00000000000043a4                NOROM_CPUdelay
 .text.NOROM_OSCClockSourceSet
                0x00000000000043ac       0x7c contiki-srf06-cc26xx.a(osc.o)
                0x00000000000043ac                NOROM_OSCClockSourceSet
 .text.NOROM_OSCClockSourceGet
                0x0000000000004428       0x30 contiki-srf06-cc26xx.a(osc.o)
                0x0000000000004428                NOROM_OSCClockSourceGet
 .text.NOROM_PowerCtrlSourceSet
                0x0000000000004458       0x34 contiki-srf06-cc26xx.a(pwr_ctrl.o)
                0x0000000000004458                NOROM_PowerCtrlSourceSet
 .text.TrimAfterColdResetWakeupFromShutDown
                0x000000000000448c       0xf8 contiki-srf06-cc26xx.a(setup.o)
 .text.NOROM_SetupTrimDevice
                0x0000000000004584       0xb4 contiki-srf06-cc26xx.a(setup.o)
                0x0000000000004584                NOROM_SetupTrimDevice
 .text.NOROM_SetupSetVddrLevel
                0x0000000000004638       0x94 contiki-srf06-cc26xx.a(setup_rom.o)
                0x0000000000004638                NOROM_SetupSetVddrLevel
 .text.NOROM_SetupAfterColdResetWakeupFromShutDownCfg1
                0x00000000000046cc       0xc8 contiki-srf06-cc26xx.a(setup_rom.o)
                0x00000000000046cc                NOROM_SetupAfterColdResetWakeupFromShutDownCfg1
 .text.NOROM_SetupAfterColdResetWakeupFromShutDownCfg3
                0x0000000000004794      0x1f0 contiki-srf06-cc26xx.a(setup_rom.o)
                0x0000000000004794                NOROM_SetupAfterColdResetWakeupFromShutDownCfg3
 .text.NOROM_SetupGetTrimForAnabypassValue1
                0x0000000000004984       0x64 contiki-srf06-cc26xx.a(setup_rom.o)
                0x0000000000004984                NOROM_SetupGetTrimForAnabypassValue1
 .text.NOROM_SetupGetTrimForAmpcompCtrl
                0x00000000000049e8       0x78 contiki-srf06-cc26xx.a(setup_rom.o)
                0x00000000000049e8                NOROM_SetupGetTrimForAmpcompCtrl
 .text.NOROM_SetupAfterColdResetWakeupFromShutDownCfg2
                0x0000000000004a60      0x22c contiki-srf06-cc26xx.a(setup_rom.o)
                0x0000000000004a60                NOROM_SetupAfterColdResetWakeupFromShutDownCfg2
 .text.NOROM_SetupSetCacheModeAccordingToCcfgSetting
                0x0000000000004c8c       0x78 contiki-srf06-cc26xx.a(setup_rom.o)
                0x0000000000004c8c                NOROM_SetupSetCacheModeAccordingToCcfgSetting
 .text.NOROM_SysCtrlSetRechargeBeforePowerDown
                0x0000000000004d04      0x2fc contiki-srf06-cc26xx.a(sys_ctrl.o)
                0x0000000000004d04                NOROM_SysCtrlSetRechargeBeforePowerDown
 .text.NOROM_SysCtrlAdjustRechargeAfterPowerDown
                0x0000000000005000       0x80 contiki-srf06-cc26xx.a(sys_ctrl.o)
                0x0000000000005000                NOROM_SysCtrlAdjustRechargeAfterPowerDown
 .text.NOROM_SysCtrl_DCDC_VoltageConditionalControl
                0x0000000000005080       0x88 contiki-srf06-cc26xx.a(sys_ctrl.o)
                0x0000000000005080                NOROM_SysCtrl_DCDC_VoltageConditionalControl
 .text.NOROM_TRNGConfigure
                0x0000000000005108       0x3c contiki-srf06-cc26xx.a(trng.o)
                0x0000000000005108                NOROM_TRNGConfigure
 .text.linkaddr_copy
                0x0000000000005144        0x8 contiki-srf06-cc26xx.a(linkaddr.o)
                0x0000000000005144                linkaddr_copy
 .text.linkaddr_cmp
                0x000000000000514c       0x14 contiki-srf06-cc26xx.a(linkaddr.o)
                0x000000000000514c                linkaddr_cmp
 .text.netstack_init
                0x0000000000005160       0x40 contiki-srf06-cc26xx.a(netstack.o)
                0x0000000000005160                netstack_init
 .text.packetbuf_compact
                0x00000000000051a0       0x50 contiki-srf06-cc26xx.a(packetbuf.o)
                0x00000000000051a0                packetbuf_compact
 .text.packetbuf_copyto
                0x00000000000051f0       0x54 contiki-srf06-cc26xx.a(packetbuf.o)
                0x00000000000051f0                packetbuf_copyto
 .text.packetbuf_hdralloc
                0x0000000000005244       0x60 contiki-srf06-cc26xx.a(packetbuf.o)
                0x0000000000005244                packetbuf_hdralloc
 .text.packetbuf_hdrreduce
                0x00000000000052a4       0x34 contiki-srf06-cc26xx.a(packetbuf.o)
                0x00000000000052a4                packetbuf_hdrreduce
 .text.packetbuf_set_datalen
                0x00000000000052d8        0xc contiki-srf06-cc26xx.a(packetbuf.o)
                0x00000000000052d8                packetbuf_set_datalen
 .text.packetbuf_dataptr
                0x00000000000052e4       0x24 contiki-srf06-cc26xx.a(packetbuf.o)
                0x00000000000052e4                packetbuf_dataptr
 .text.packetbuf_hdrptr
                0x0000000000005308        0xc contiki-srf06-cc26xx.a(packetbuf.o)
                0x0000000000005308                packetbuf_hdrptr
 .text.packetbuf_datalen
                0x0000000000005314        0xc contiki-srf06-cc26xx.a(packetbuf.o)
                0x0000000000005314                packetbuf_datalen
 .text.packetbuf_totlen
                0x0000000000005320       0x28 contiki-srf06-cc26xx.a(packetbuf.o)
                0x0000000000005320                packetbuf_totlen
 .text.packetbuf_attr_clear
                0x0000000000005348       0x48 contiki-srf06-cc26xx.a(packetbuf.o)
                0x0000000000005348                packetbuf_attr_clear
 .text.packetbuf_clear
                0x0000000000005390       0x24 contiki-srf06-cc26xx.a(packetbuf.o)
                0x0000000000005390                packetbuf_clear
 .text.packetbuf_copyfrom
                0x00000000000053b4       0x48 contiki-srf06-cc26xx.a(packetbuf.o)
                0x00000000000053b4                packetbuf_copyfrom
 .text.packetbuf_attr_copyto
                0x00000000000053fc       0x44 contiki-srf06-cc26xx.a(packetbuf.o)
                0x00000000000053fc                packetbuf_attr_copyto
 .text.packetbuf_attr_copyfrom
                0x0000000000005440       0x40 contiki-srf06-cc26xx.a(packetbuf.o)
                0x0000000000005440                packetbuf_attr_copyfrom
 .text.packetbuf_set_attr
                0x0000000000005480       0x10 contiki-srf06-cc26xx.a(packetbuf.o)
                0x0000000000005480                packetbuf_set_attr
 .text.packetbuf_attr
                0x0000000000005490       0x10 contiki-srf06-cc26xx.a(packetbuf.o)
                0x0000000000005490                packetbuf_attr
 .text.packetbuf_set_addr
                0x00000000000054a0       0x18 contiki-srf06-cc26xx.a(packetbuf.o)
                0x00000000000054a0                packetbuf_set_addr
 .text.packetbuf_addr
                0x00000000000054b8       0x10 contiki-srf06-cc26xx.a(packetbuf.o)
                0x00000000000054b8                packetbuf_addr
 .text.packetbuf_holds_broadcast
                0x00000000000054c8       0x14 contiki-srf06-cc26xx.a(packetbuf.o)
                0x00000000000054c8                packetbuf_holds_broadcast
 .text.input_packet
                0x00000000000054dc       0x10 contiki-srf06-cc26xx.a(csma.o)
 .text.on       0x00000000000054ec       0x10 contiki-srf06-cc26xx.a(csma.o)
 .text.off      0x00000000000054fc       0x10 contiki-srf06-cc26xx.a(csma.o)
 .text.channel_check_interval
                0x000000000000550c       0x14 contiki-srf06-cc26xx.a(csma.o)
 .text.transmit_packet_list
                0x0000000000005520       0x28 contiki-srf06-cc26xx.a(csma.o)
 .text.schedule_transmission
                0x0000000000005548       0x54 contiki-srf06-cc26xx.a(csma.o)
 .text.send_packet
                0x000000000000559c      0x194 contiki-srf06-cc26xx.a(csma.o)
 .text.init     0x0000000000005730       0x2c contiki-srf06-cc26xx.a(csma.o)
 .text.tx_done  0x000000000000575c       0x8c contiki-srf06-cc26xx.a(csma.o)
 .text.packet_sent
                0x00000000000057e8       0xe8 contiki-srf06-cc26xx.a(csma.o)
 .text.frame802154_get_pan_id
                0x00000000000058d0        0xc contiki-srf06-cc26xx.a(frame802154.o)
                0x00000000000058d0                frame802154_get_pan_id
 .text.frame802154_has_panid
                0x00000000000058dc       0xac contiki-srf06-cc26xx.a(frame802154.o)
                0x00000000000058dc                frame802154_has_panid
 .text.field_len
                0x0000000000005988       0x9c contiki-srf06-cc26xx.a(frame802154.o)
 .text.frame802154_is_broadcast_addr
                0x0000000000005a24       0x24 contiki-srf06-cc26xx.a(frame802154.o)
                0x0000000000005a24                frame802154_is_broadcast_addr
 .text.frame802154_hdrlen
                0x0000000000005a48       0x34 contiki-srf06-cc26xx.a(frame802154.o)
                0x0000000000005a48                frame802154_hdrlen
 .text.frame802154_create
                0x0000000000005a7c      0x118 contiki-srf06-cc26xx.a(frame802154.o)
                0x0000000000005a7c                frame802154_create
 .text.frame802154_parse
                0x0000000000005b94      0x18c contiki-srf06-cc26xx.a(frame802154.o)
                0x0000000000005b94                frame802154_parse
 .text.mac_call_sent_callback
                0x0000000000005d20       0x10 contiki-srf06-cc26xx.a(mac.o)
                0x0000000000005d20                mac_call_sent_callback
 .text.on       0x0000000000005d30       0x10 contiki-srf06-cc26xx.a(nullrdc.o)
 .text.channel_check_interval
                0x0000000000005d40        0x4 contiki-srf06-cc26xx.a(nullrdc.o)
 .text.init     0x0000000000005d44       0x10 contiki-srf06-cc26xx.a(nullrdc.o)
 .text.packet_input
                0x0000000000005d54       0xc4 contiki-srf06-cc26xx.a(nullrdc.o)
 .text.send_one_packet
                0x0000000000005e18      0x124 contiki-srf06-cc26xx.a(nullrdc.o)
 .text.send_list
                0x0000000000005f3c       0x24 contiki-srf06-cc26xx.a(nullrdc.o)
 .text.send_packet
                0x0000000000005f60        0x4 contiki-srf06-cc26xx.a(nullrdc.o)
 .text.off      0x0000000000005f64       0x18 contiki-srf06-cc26xx.a(nullrdc.o)
 .text.init     0x0000000000005f7c        0x4 contiki-srf06-cc26xx.a(nullsec.o)
 .text.input    0x0000000000005f80       0x10 contiki-srf06-cc26xx.a(nullsec.o)
 .text.send     0x0000000000005f90       0x20 contiki-srf06-cc26xx.a(nullsec.o)
 .text.i2c_status
                0x0000000000005fb0       0x3c contiki-srf06-cc26xx.a(board-i2c.o)
 .text.accessible
                0x0000000000005fec       0x2c contiki-srf06-cc26xx.a(board-i2c.o)
 .text.board_i2c_wakeup
                0x0000000000006018       0x6c contiki-srf06-cc26xx.a(board-i2c.o)
                0x0000000000006018                board_i2c_wakeup
 .text.board_i2c_write
                0x0000000000006084       0xf4 contiki-srf06-cc26xx.a(board-i2c.o)
                0x0000000000006084                board_i2c_write
 .text.board_i2c_write_read
                0x0000000000006178      0x198 contiki-srf06-cc26xx.a(board-i2c.o)
                0x0000000000006178                board_i2c_write_read
 .text.board_i2c_select
                0x0000000000006310       0xfc contiki-srf06-cc26xx.a(board-i2c.o)
                0x0000000000006310                board_i2c_select
 .text.sensor_common_read_reg
                0x000000000000640c       0x1c contiki-srf06-cc26xx.a(sensor-common.o)
                0x000000000000640c                sensor_common_read_reg
 .text.sensor_common_write_reg
                0x0000000000006428       0x30 contiki-srf06-cc26xx.a(sensor-common.o)
                0x0000000000006428                sensor_common_write_reg
 .text.aux_ctrl_power_up
                0x0000000000006458       0x2c contiki-srf06-cc26xx.a(aux-ctrl.o)
                0x0000000000006458                aux_ctrl_power_up
 .text.aux_ctrl_register_consumer
                0x0000000000006484       0x44 contiki-srf06-cc26xx.a(aux-ctrl.o)
                0x0000000000006484                aux_ctrl_register_consumer
 .text.aux_ctrl_power_down
                0x00000000000064c8       0x80 contiki-srf06-cc26xx.a(aux-ctrl.o)
                0x00000000000064c8                aux_ctrl_power_down
 .text.aux_ctrl_unregister_consumer
                0x0000000000006548       0x2c contiki-srf06-cc26xx.a(aux-ctrl.o)
                0x0000000000006548                aux_ctrl_unregister_consumer
 .text.puts     0x0000000000006574       0x2c contiki-srf06-cc26xx.a(putchar.o)
                0x0000000000006574                puts
 .text.memb_init
                0x00000000000065a0       0x24 contiki-srf06-cc26xx.a(memb.o)
                0x00000000000065a0                memb_init
 .text.memb_alloc
                0x00000000000065c4       0x3c contiki-srf06-cc26xx.a(memb.o)
                0x00000000000065c4                memb_alloc
 .text.memb_free
                0x0000000000006600       0x44 contiki-srf06-cc26xx.a(memb.o)
                0x0000000000006600                memb_free
 .text.memb_inmemb
                0x0000000000006644       0x1c contiki-srf06-cc26xx.a(memb.o)
                0x0000000000006644                memb_inmemb
 .text.abc_open
                0x0000000000006660       0x20 contiki-srf06-cc26xx.a(abc.o)
                0x0000000000006660                abc_open
 .text.abc_close
                0x0000000000006680        0x4 contiki-srf06-cc26xx.a(abc.o)
                0x0000000000006680                abc_close
 .text.abc_send
                0x0000000000006684        0x4 contiki-srf06-cc26xx.a(abc.o)
                0x0000000000006684                abc_send
 .text.abc_input
                0x0000000000006688        0xc contiki-srf06-cc26xx.a(abc.o)
                0x0000000000006688                abc_input
 .text.abc_sent
                0x0000000000006694        0xc contiki-srf06-cc26xx.a(abc.o)
                0x0000000000006694                abc_sent
 .text.chameleon_init
                0x00000000000066a0        0x4 contiki-srf06-cc26xx.a(chameleon.o)
                0x00000000000066a0                chameleon_init
 .text.chameleon_parse
                0x00000000000066a4       0x20 contiki-srf06-cc26xx.a(chameleon.o)
                0x00000000000066a4                chameleon_parse
 .text.chameleon_create
                0x00000000000066c4       0x24 contiki-srf06-cc26xx.a(chameleon.o)
                0x00000000000066c4                chameleon_create
 .text.chameleon_hdrsize
                0x00000000000066e8       0x10 contiki-srf06-cc26xx.a(chameleon.o)
                0x00000000000066e8                chameleon_hdrsize
 .text.packet_sent
                0x00000000000066f8       0x3c contiki-srf06-cc26xx.a(rime.o)
 .text.input    0x0000000000006734       0x38 contiki-srf06-cc26xx.a(rime.o)
 .text.init     0x000000000000676c       0x28 contiki-srf06-cc26xx.a(rime.o)
 .text.rime_output
                0x0000000000006794       0x28 contiki-srf06-cc26xx.a(rime.o)
                0x0000000000006794                rime_output
 .text.NOROM_AONBatMonTemperatureGetDegC
                0x00000000000067bc       0x38 contiki-srf06-cc26xx.a(aon_batmon.o)
                0x00000000000067bc                NOROM_AONBatMonTemperatureGetDegC
 .text.NOROM_DDI32RegWrite
                0x00000000000067f4       0x3c contiki-srf06-cc26xx.a(ddi.o)
                0x00000000000067f4                NOROM_DDI32RegWrite
 .text.queuebuf_init
                0x0000000000006830       0x20 contiki-srf06-cc26xx.a(queuebuf.o)
                0x0000000000006830                queuebuf_init
 .text.queuebuf_new_from_packetbuf
                0x0000000000006850       0x50 contiki-srf06-cc26xx.a(queuebuf.o)
                0x0000000000006850                queuebuf_new_from_packetbuf
 .text.queuebuf_update_attr_from_packetbuf
                0x00000000000068a0        0xc contiki-srf06-cc26xx.a(queuebuf.o)
                0x00000000000068a0                queuebuf_update_attr_from_packetbuf
 .text.queuebuf_free
                0x00000000000068ac       0x38 contiki-srf06-cc26xx.a(queuebuf.o)
                0x00000000000068ac                queuebuf_free
 .text.queuebuf_to_packetbuf
                0x00000000000068e4       0x34 contiki-srf06-cc26xx.a(queuebuf.o)
                0x00000000000068e4                queuebuf_to_packetbuf
 .text.queuebuf_attr
                0x0000000000006918        0xc contiki-srf06-cc26xx.a(queuebuf.o)
                0x0000000000006918                queuebuf_attr
 .text.parse    0x0000000000006924       0xa4 contiki-srf06-cc26xx.a(framer-802154.o)
 .text.create_frame.isra.0
                0x00000000000069c8      0x14c contiki-srf06-cc26xx.a(framer-802154.o)
 .text.create   0x0000000000006b14        0x8 contiki-srf06-cc26xx.a(framer-802154.o)
 .text.hdr_length
                0x0000000000006b1c        0x8 contiki-srf06-cc26xx.a(framer-802154.o)
 .text.mac_sequence_is_duplicate
                0x0000000000006b24       0x54 contiki-srf06-cc26xx.a(mac-sequence.o)
                0x0000000000006b24                mac_sequence_is_duplicate
 .text.mac_sequence_register_seqno
                0x0000000000006b78       0x74 contiki-srf06-cc26xx.a(mac-sequence.o)
                0x0000000000006b78                mac_sequence_register_seqno
 .text.announcement_init
                0x0000000000006bec        0xc contiki-srf06-cc26xx.a(announcement.o)
                0x0000000000006bec                announcement_init
 .text.announcement_register_observer_callback
                0x0000000000006bf8        0xc contiki-srf06-cc26xx.a(announcement.o)
                0x0000000000006bf8                announcement_register_observer_callback
 .text.announcement_list
                0x0000000000006c04        0xc contiki-srf06-cc26xx.a(announcement.o)
                0x0000000000006c04                announcement_list
 .text.announcement_heard
                0x0000000000006c10       0x34 contiki-srf06-cc26xx.a(announcement.o)
                0x0000000000006c10                announcement_heard
 .text.adv_packet_sent
                0x0000000000006c44        0x4 contiki-srf06-cc26xx.a(broadcast-annou)
 .text.set_timers
                0x0000000000006c48       0x44 contiki-srf06-cc26xx.a(broadcast-annou)
 .text.send_timer
                0x0000000000006c8c       0x1c contiki-srf06-cc26xx.a(broadcast-annou)
 .text.send_adv
                0x0000000000006ca8       0x5c contiki-srf06-cc26xx.a(broadcast-annou)
 .text.adv_packet_received
                0x0000000000006d04       0x48 contiki-srf06-cc26xx.a(broadcast-annou)
 .text.new_announcement
                0x0000000000006d4c       0x1c contiki-srf06-cc26xx.a(broadcast-annou)
 .text.broadcast_announcement_init
                0x0000000000006d68       0x38 contiki-srf06-cc26xx.a(broadcast-annou)
                0x0000000000006d68                broadcast_announcement_init
 .text.header_size
                0x0000000000006da0       0x1c contiki-srf06-cc26xx.a(chameleon-bitop)
 .text.get_bits
                0x0000000000006dbc       0xc0 contiki-srf06-cc26xx.a(chameleon-bitop)
                0x0000000000006dbc                get_bits
 .text.unpack_header
                0x0000000000006e7c       0xbc contiki-srf06-cc26xx.a(chameleon-bitop)
 .text.set_bits
                0x0000000000006f38       0xd4 contiki-srf06-cc26xx.a(chameleon-bitop)
                0x0000000000006f38                set_bits
 .text.pack_header
                0x000000000000700c       0xb0 contiki-srf06-cc26xx.a(chameleon-bitop)
 .text.atoi     0x00000000000070bc        0x8 /usr/lib/gcc/arm-none-eabi/4.8.2/../../../arm-none-eabi/lib/armv7-m/libc.a(lib_a-atoi.o)
                0x00000000000070bc                atoi
 .text.memcmp   0x00000000000070c4       0x68 /usr/lib/gcc/arm-none-eabi/4.8.2/../../../arm-none-eabi/lib/armv7-m/libc.a(lib_a-memcmp.o)
                0x00000000000070c4                memcmp
 .text          0x000000000000712c       0xec /usr/lib/gcc/arm-none-eabi/4.8.2/../../../arm-none-eabi/lib/armv7-m/libc.a(lib_a-memcpy.o)
                0x000000000000712c                memcpy
 .text.memset   0x0000000000007218       0x94 /usr/lib/gcc/arm-none-eabi/4.8.2/../../../arm-none-eabi/lib/armv7-m/libc.a(lib_a-memset.o)
                0x0000000000007218                memset
 .text.strlen   0x00000000000072ac       0x60 /usr/lib/gcc/arm-none-eabi/4.8.2/../../../arm-none-eabi/lib/armv7-m/libc.a(lib_a-strlen.o)
                0x00000000000072ac                strlen
 .text._strtol_r
                0x000000000000730c      0x124 /usr/lib/gcc/arm-none-eabi/4.8.2/../../../arm-none-eabi/lib/armv7-m/libc.a(lib_a-strtol.o)
                0x000000000000730c                _strtol_r
 .text.strtol   0x0000000000007430       0x1c /usr/lib/gcc/arm-none-eabi/4.8.2/../../../arm-none-eabi/lib/armv7-m/libc.a(lib_a-strtol.o)
                0x0000000000007430                strtol
 *(SORT(.rodata*))
 .rodata.autostart_processes
                0x000000000000744c        0xc cc13xx-node.co
                0x000000000000744c                autostart_processes
 .rodata.broadcast_call
                0x0000000000007458        0x8 cc13xx-node.co
 .rodata.str1.4
                0x0000000000007460       0x24 cc13xx-node.co
 .rodata.str1.4
                0x0000000000007484        0xe obj_srf06-cc26xx/apros-serial-line.o
                                         0x10 (size before relaxing)
 *fill*         0x0000000000007492        0x2 00000000
 .rodata.str1.4
                0x0000000000007494        0x8 contiki-srf06-cc26xx.a(sensors.o)
 .rodata.button_user_sensor
                0x000000000000749c       0x10 contiki-srf06-cc26xx.a(button-sensor.o)
                0x000000000000749c                button_user_sensor
 .rodata.str1.4
                0x00000000000074ac        0x7 contiki-srf06-cc26xx.a(button-sensor.o)
                                          0x8 (size before relaxing)
 *fill*         0x00000000000074b3        0x1 00000000
 .rodata        0x00000000000074b4        0x4 contiki-srf06-cc26xx.a(ext-flash.o)
 .rodata.sht_sensor
                0x00000000000074b8       0x10 contiki-srf06-cc26xx.a(sht-sensor.o)
                0x00000000000074b8                sht_sensor
 .rodata.str1.4
                0x00000000000074c8        0x4 contiki-srf06-cc26xx.a(sht-sensor.o)
 .rodata.output_power
                0x00000000000074cc       0x80 contiki-srf06-cc26xx.a(prop-mode.o)
 .rodata.mode_prop
                0x000000000000754c        0x8 contiki-srf06-cc26xx.a(prop-mode.o)
 .rodata.prop_mode_driver
                0x0000000000007554       0x38 contiki-srf06-cc26xx.a(prop-mode.o)
                0x0000000000007554                prop_mode_driver
 .rodata.patchImageGenfsk
                0x000000000000758c      0x28c contiki-srf06-cc26xx.a(prop-mode.o)
 .rodata.str1.4
                0x0000000000007818       0x46 contiki-srf06-cc26xx.a(rf-core.o)
                                         0x48 (size before relaxing)
 *fill*         0x000000000000785e        0x2 00000000
 .rodata.str1.4
                0x0000000000007860       0x1b contiki-srf06-cc26xx.a(soc-trng.o)
                                         0x1c (size before relaxing)
 *fill*         0x000000000000787b        0x1 00000000
 .rodata.str1.4
                0x000000000000787c        0xf contiki-srf06-cc26xx.a(ctimer.o)
                                         0x10 (size before relaxing)
 *fill*         0x000000000000788b        0x1 00000000
 .rodata.str1.4
                0x000000000000788c        0xc contiki-srf06-cc26xx.a(etimer.o)
 .rodata.str1.4
                0x0000000000000000       0x10 contiki-srf06-cc26xx.a(serial-line.o)
 .rodata.attributes
                0x0000000000007898        0x4 contiki-srf06-cc26xx.a(broadcast.o)
 .rodata.broadcast
                0x000000000000789c        0x8 contiki-srf06-cc26xx.a(broadcast.o)
 .rodata.linkaddr_null
                0x00000000000078a4        0x4 contiki-srf06-cc26xx.a(linkaddr.o)
                0x00000000000078a4                linkaddr_null
 .rodata.str1.4
                0x00000000000078a8        0x5 contiki-srf06-cc26xx.a(csma.o)
                                          0x8 (size before relaxing)
 *fill*         0x00000000000078ad        0x3 00000000
 .rodata.csma_driver
                0x00000000000078b0       0x1c contiki-srf06-cc26xx.a(csma.o)
                0x00000000000078b0                csma_driver
 .rodata.str1.4
                0x00000000000078cc        0x8 contiki-srf06-cc26xx.a(nullrdc.o)
 .rodata.nullrdc_driver
                0x00000000000078d4       0x20 contiki-srf06-cc26xx.a(nullrdc.o)
                0x00000000000078d4                nullrdc_driver
 .rodata.str1.4
                0x00000000000078f4        0x8 contiki-srf06-cc26xx.a(nullsec.o)
 .rodata.nullsec_driver
                0x00000000000078fc       0x10 contiki-srf06-cc26xx.a(nullsec.o)
                0x00000000000078fc                nullsec_driver
 .rodata.attributes
                0x000000000000790c        0x4 contiki-srf06-cc26xx.a(abc.o)
 .rodata.str1.4
                0x0000000000007910        0x5 contiki-srf06-cc26xx.a(rime.o)
                                          0x8 (size before relaxing)
 *fill*         0x0000000000007915        0x3 00000000
 .rodata.rime_driver
                0x0000000000007918        0xc contiki-srf06-cc26xx.a(rime.o)
                0x0000000000007918                rime_driver
 .rodata.framer_802154
                0x0000000000007924        0xc contiki-srf06-cc26xx.a(framer-802154.o)
                0x0000000000007924                framer_802154
 .rodata.broadcast_callbacks
                0x0000000000007930        0x8 contiki-srf06-cc26xx.a(broadcast-annou)
 .rodata.chameleon_bitopt
                0x0000000000007938        0xc contiki-srf06-cc26xx.a(chameleon-bitop)
                0x0000000000007938                chameleon_bitopt
 .rodata.bitmask
                0x0000000000007944        0xc contiki-srf06-cc26xx.a(chameleon-bitop)
 .rodata._ctype_
                0x0000000000007950      0x104 /usr/lib/gcc/arm-none-eabi/4.8.2/../../../arm-none-eabi/lib/armv7-m/libc.a(lib_a-ctype_.o)
                0x0000000000007950                _ctype_
 .rodata.str1.4
                0x0000000000007a54        0x4 /usr/lib/gcc/arm-none-eabi/4.8.2/../../../arm-none-eabi/lib/armv7-m/libc.a(lib_a-impure.o)
                0x0000000000007a58                _etext = .

.glue_7         0x0000000000007a58        0x0
 .glue_7        0x0000000000000000        0x0 linker stubs

.glue_7t        0x0000000000007a58        0x0
 .glue_7t       0x0000000000000000        0x0 linker stubs

.vfp11_veneer   0x0000000000007a58        0x0
 .vfp11_veneer  0x0000000000000000        0x0 linker stubs

.v4_bx          0x0000000000007a58        0x0
 .v4_bx         0x0000000000000000        0x0 linker stubs

.iplt           0x0000000000007a58        0x0
 .iplt          0x0000000000000000        0x0 obj_srf06-cc26xx/startup_gcc.o

.data           0x0000000020000000      0x649 load address 0x0000000000007a58
                0x0000000020000000                _data = .
 *(SORT(vtable))
 *(SORT(.data*))
 .data.impure_data
                0x0000000020000000      0x428 /usr/lib/gcc/arm-none-eabi/4.8.2/../../../arm-none-eabi/lib/armv7-m/libc.a(lib_a-impure.o)
 .data.cc13xx_demo_process
                0x0000000020000428       0x10 cc13xx-node.co
                0x0000000020000428                cc13xx_demo_process
 .data.uart_rx_process
                0x0000000020000438       0x10 cc13xx-node.co
                0x0000000020000438                uart_rx_process
 .data.apros_serial_line_process
                0x0000000020000448       0x10 obj_srf06-cc26xx/apros-serial-line.o
                0x0000000020000448                apros_serial_line_process
 .data.sensors_process
                0x0000000020000458       0x10 contiki-srf06-cc26xx.a(sensors.o)
                0x0000000020000458                sensors_process
 .data.sensors  0x0000000020000468        0xc contiki-srf06-cc26xx.a(apros-sensors.o)
                0x0000000020000468                sensors
 .data.apros_module
                0x0000000020000474       0x14 contiki-srf06-cc26xx.a(board.o)
 .data.prop_lpm_module
                0x0000000020000488       0x14 contiki-srf06-cc26xx.a(prop-mode.o)
 .data.tx_power_current
                0x000000002000049c        0x4 contiki-srf06-cc26xx.a(prop-mode.o)
                0x000000002000049c                tx_power_current
 .data.uart_module
                0x00000000200004a0       0x14 contiki-srf06-cc26xx.a(cc26xx-uart.o)
 .data.rf_core_process
                0x00000000200004b4       0x10 contiki-srf06-cc26xx.a(rf-core.o)
                0x00000000200004b4                rf_core_process
 .data.rng_module
                0x00000000200004c4       0x14 contiki-srf06-cc26xx.a(soc-trng.o)
 .data.soc_trng_process
                0x00000000200004d8       0x10 contiki-srf06-cc26xx.a(soc-trng.o)
                0x00000000200004d8                soc_trng_process
 .data.ctimer_process
                0x00000000200004e8       0x10 contiki-srf06-cc26xx.a(ctimer.o)
                0x00000000200004e8                ctimer_process
 .data.etimer_process
                0x00000000200004f8       0x10 contiki-srf06-cc26xx.a(etimer.o)
                0x00000000200004f8                etimer_process
 .data.serial_line_process
                0x0000000020000508       0x10 contiki-srf06-cc26xx.a(serial-line.o)
                0x0000000020000508                serial_line_process
 .data.metadata_memb
                0x0000000020000518        0xc contiki-srf06-cc26xx.a(csma.o)
 .data.neighbor_memb
                0x0000000020000524        0xc contiki-srf06-cc26xx.a(csma.o)
 .data.packet_memb
                0x0000000020000530        0xc contiki-srf06-cc26xx.a(csma.o)
 .data.smartrf_settings_cmd_prop_rx_adv
                0x000000002000053c       0x30 contiki-srf06-cc26xx.a(smartrf-setting)
                0x000000002000053c                smartrf_settings_cmd_prop_rx_adv
 .data.smartrf_settings_cmd_fs
                0x000000002000056c       0x18 contiki-srf06-cc26xx.a(smartrf-setting)
                0x000000002000056c                smartrf_settings_cmd_fs
 .data.smartrf_settings_cmd_prop_radio_div_setup
                0x0000000020000584       0x28 contiki-srf06-cc26xx.a(smartrf-setting)
                0x0000000020000584                smartrf_settings_cmd_prop_radio_div_setup
 .data.smartrf_settings_cmd_prop_tx_adv
                0x00000000200005ac       0x20 contiki-srf06-cc26xx.a(smartrf-setting)
                0x00000000200005ac                smartrf_settings_cmd_prop_tx_adv
 .data.overrides
                0x00000000200005cc       0x58 contiki-srf06-cc26xx.a(smartrf-setting)
                0x00000000200005cc                overrides
 .data.bufmem   0x0000000020000624        0xc contiki-srf06-cc26xx.a(queuebuf.o)
 .data.buframmem
                0x0000000020000630        0xc contiki-srf06-cc26xx.a(queuebuf.o)
 .data.__ctype_ptr__
                0x000000002000063c        0x4 /usr/lib/gcc/arm-none-eabi/4.8.2/../../../arm-none-eabi/lib/armv7-m/libc.a(lib_a-ctype_.o)
                0x000000002000063c                __ctype_ptr__
 .data._impure_ptr
                0x0000000020000640        0x4 /usr/lib/gcc/arm-none-eabi/4.8.2/../../../arm-none-eabi/lib/armv7-m/libc.a(lib_a-impure.o)
                0x0000000020000640                _impure_ptr
 .data.mac_pan_id
                0x0000000020000644        0x2 contiki-srf06-cc26xx.a(frame802154.o)
 .data.rssi_threshold
                0x0000000020000646        0x1 contiki-srf06-cc26xx.a(prop-mode.o)
 .data.rng_ready_event
                0x0000000020000647        0x1 contiki-srf06-cc26xx.a(soc-trng.o)
 .data.interface
                0x0000000020000648        0x1 contiki-srf06-cc26xx.a(board-i2c.o)
                0x0000000020000649                _edata = .

.igot.plt       0x000000002000064c        0x0 load address 0x00000000000080a1
 .igot.plt      0x0000000000000000        0x0 obj_srf06-cc26xx/startup_gcc.o

.ARM.exidx
 *(SORT(.ARM.exidx*))

.bss            0x0000000020000650     0x12d3
                0x0000000020000650                _bss = .
 *(SORT(.bss*))
 .bss.count     0x0000000020000650        0x8 contiki-srf06-cc26xx.a(clock.o)
 .bss.rands_cache
                0x0000000020000658       0x20 contiki-srf06-cc26xx.a(soc-trng.o)
 .bss.st        0x0000000020000678        0x8 cc13xx-node.co
 .bss.ledoff_ct
                0x0000000020000680       0x20 cc13xx-node.co
 .bss.broadcast
                0x00000000200006a0       0x18 cc13xx-node.co
 .bss.et        0x00000000200006b8       0x10 cc13xx-node.co
 .bss.pkt.8407  0x00000000200006c8       0x34 cc13xx-node.co
 .bss.node_mac  0x00000000200006fc        0x8 cc13xx-node.co
                0x00000000200006fc                node_mac
 .bss.ovfl.4755
                0x0000000020000704        0x4 obj_srf06-cc26xx/apros-serial-line.o
 .bss.ptr.4754  0x0000000020000708        0x4 obj_srf06-cc26xx/apros-serial-line.o
 .bss.parcel.4756
                0x000000002000070c       0x84 obj_srf06-cc26xx/apros-serial-line.o
 .bss.rxbuf_data
                0x0000000020000790       0x80 obj_srf06-cc26xx/apros-serial-line.o
 .bss.rxbuf     0x0000000020000810        0x8 obj_srf06-cc26xx/apros-serial-line.o
 .bss.buf.4753  0x0000000020000818       0x80 obj_srf06-cc26xx/apros-serial-line.o
 .bss.i.4754    0x0000000020000898        0x4 contiki-srf06-cc26xx.a(sensors.o)
 .bss.events.4755
                0x000000002000089c        0x4 contiki-srf06-cc26xx.a(sensors.o)
 .bss.usr_timer
                0x00000000200008a0       0x10 contiki-srf06-cc26xx.a(button-sensor.o)
 .bss.enabled   0x00000000200008b0        0x4 contiki-srf06-cc26xx.a(sht-sensor.o)
 .bss.inited    0x00000000200008b4        0x4 contiki-srf06-cc26xx.a(leds-arch.o)
 .bss.rx_stats  0x00000000200008b8        0xc contiki-srf06-cc26xx.a(prop-mode.o)
 .bss.rx_data_queue
                0x00000000200008c4        0x8 contiki-srf06-cc26xx.a(prop-mode.o)
 .bss.rx_read_entry
                0x00000000200008cc        0x4 contiki-srf06-cc26xx.a(prop-mode.o)
 .bss.tx_buf    0x00000000200008d0       0xb8 contiki-srf06-cc26xx.a(prop-mode.o)
 .bss.rx_buf_0  0x0000000020000988       0x8c contiki-srf06-cc26xx.a(prop-mode.o)
 .bss.rx_buf_1  0x0000000020000a14       0x8c contiki-srf06-cc26xx.a(prop-mode.o)
 .bss.last_isr_time
                0x0000000020000aa0        0x4 contiki-srf06-cc26xx.a(soc-rtc.o)
 .bss.input_handler
                0x0000000020000aa4        0x4 contiki-srf06-cc26xx.a(cc26xx-uart.o)
 .bss.modules_list_list
                0x0000000020000aa8        0x4 contiki-srf06-cc26xx.a(lpm.o)
 .bss.handlers  0x0000000020000aac       0x80 contiki-srf06-cc26xx.a(gpio-interrupt.)
 .bss.last_radio_op
                0x0000000020000b2c        0x4 contiki-srf06-cc26xx.a(rf-core.o)
 .bss.primary_mode
                0x0000000020000b30        0x4 contiki-srf06-cc26xx.a(rf-core.o)
 .bss.rat_offset
                0x0000000020000b34        0x4 contiki-srf06-cc26xx.a(rf-core.o)
                0x0000000020000b34                rat_offset
 .bss.notify_cb
                0x0000000020000b38        0x4 contiki-srf06-cc26xx.a(soc-trng.o)
 .bss.rands_mask
                0x0000000020000b3c        0x4 contiki-srf06-cc26xx.a(soc-trng.o)
 .bss.ctimer_list_list
                0x0000000020000b40        0x4 contiki-srf06-cc26xx.a(ctimer.o)
 .bss.timerlist
                0x0000000020000b44        0x4 contiki-srf06-cc26xx.a(etimer.o)
 .bss.next_expiration
                0x0000000020000b48        0x4 contiki-srf06-cc26xx.a(etimer.o)
 .bss.process_current
                0x0000000020000b4c        0x4 contiki-srf06-cc26xx.a(process.o)
                0x0000000020000b4c                process_current
 .bss.process_list
                0x0000000020000b50        0x4 contiki-srf06-cc26xx.a(process.o)
                0x0000000020000b50                process_list
 .bss.events    0x0000000020000b54      0x180 contiki-srf06-cc26xx.a(process.o)
 .bss.next_rtimer
                0x0000000020000cd4        0x4 contiki-srf06-cc26xx.a(rtimer.o)
 .bss.rxbuf_data
                0x0000000020000cd8       0x80 contiki-srf06-cc26xx.a(serial-line.o)
 .bss.rxbuf     0x0000000020000d58        0x8 contiki-srf06-cc26xx.a(serial-line.o)
 .bss.buf.4738  0x0000000020000d60       0x80 contiki-srf06-cc26xx.a(serial-line.o)
 .bss.ptr.4739  0x0000000020000de0        0x4 contiki-srf06-cc26xx.a(serial-line.o)
 .bss.channel_list_list
                0x0000000020000de4        0x4 contiki-srf06-cc26xx.a(channel.o)
 .bss.powerQualGlobals
                0x0000000020000de8        0x8 contiki-srf06-cc26xx.a(sys_ctrl.o)
 .bss.packetbuf_aligned
                0x0000000020000df0       0x80 contiki-srf06-cc26xx.a(packetbuf.o)
 .bss.metadata_memb_memb_count
                0x0000000020000e70        0x8 contiki-srf06-cc26xx.a(csma.o)
 .bss.neighbor_memb_memb_count
                0x0000000020000e78        0x4 contiki-srf06-cc26xx.a(csma.o)
 .bss.packet_memb_memb_count
                0x0000000020000e7c        0x8 contiki-srf06-cc26xx.a(csma.o)
 .bss.metadata_memb_memb_mem
                0x0000000020000e84       0x60 contiki-srf06-cc26xx.a(csma.o)
 .bss.neighbor_list_list
                0x0000000020000ee4        0x4 contiki-srf06-cc26xx.a(csma.o)
 .bss.packet_memb_memb_mem
                0x0000000020000ee8       0x60 contiki-srf06-cc26xx.a(csma.o)
 .bss.neighbor_memb_memb_mem
                0x0000000020000f48       0x68 contiki-srf06-cc26xx.a(csma.o)
 .bss.buffer    0x0000000020000fb0       0x20 contiki-srf06-cc26xx.a(sensor-common.o)
 .bss.consumers_list_list
                0x0000000020000fd0        0x4 contiki-srf06-cc26xx.a(aux-ctrl.o)
 .bss.sniffers_list
                0x0000000020000fd4        0x4 contiki-srf06-cc26xx.a(rime.o)
 .bss.buframmem_memb_count
                0x0000000020000fd8        0x8 contiki-srf06-cc26xx.a(queuebuf.o)
 .bss.bufmem_memb_mem
                0x0000000020000fe0       0x20 contiki-srf06-cc26xx.a(queuebuf.o)
 .bss.buframmem_memb_mem
                0x0000000020001000      0x5f0 contiki-srf06-cc26xx.a(queuebuf.o)
 .bss.bufmem_memb_count
                0x00000000200015f0        0x8 contiki-srf06-cc26xx.a(queuebuf.o)
 .bss.received_seqnos
                0x00000000200015f8       0xc0 contiki-srf06-cc26xx.a(mac-sequence.o)
 .bss.announcements_list
                0x00000000200016b8        0x4 contiki-srf06-cc26xx.a(announcement.o)
 .bss.observer_callback
                0x00000000200016bc        0x4 contiki-srf06-cc26xx.a(announcement.o)
 .bss.c         0x00000000200016c0       0x6c contiki-srf06-cc26xx.a(broadcast-annou)
 .bss.buflen    0x000000002000172c        0x2 contiki-srf06-cc26xx.a(packetbuf.o)
 .bss.bufptr    0x000000002000172e        0x2 contiki-srf06-cc26xx.a(packetbuf.o)
 .bss.seqno.6147
                0x0000000020001730        0x2 contiki-srf06-cc26xx.a(csma.o)
 .bss.flag_mcdl_ing
                0x0000000020001732        0x1 cc13xx-node.co
                0x0000000020001732                flag_mcdl_ing
 .bss.flag_co2_led
                0x0000000020001733        0x1 cc13xx-node.co
                0x0000000020001733                flag_co2_led
 .bss.flag_errorled_on
                0x0000000020001734        0x1 cc13xx-node.co
                0x0000000020001734                flag_errorled_on
 .bss.flag_errorledco2_on
                0x0000000020001735        0x1 cc13xx-node.co
                0x0000000020001735                flag_errorledco2_on
 .bss.overflow.4747
                0x0000000020001736        0x1 obj_srf06-cc26xx/apros-serial-line.o
 .bss.num_sensors
                0x0000000020001737        0x1 contiki-srf06-cc26xx.a(sensors.o)
 .bss.leds      0x0000000020001738        0x1 contiki-srf06-cc26xx.a(leds.o)
 .bss.user_reg  0x0000000020001739        0x1 contiki-srf06-cc26xx.a(sht-sensor.o)
 .bss.c         0x000000002000173a        0x1 contiki-srf06-cc26xx.a(leds-arch.o)
 .bss.rat_offset_known
                0x000000002000173b        0x1 contiki-srf06-cc26xx.a(rf-core.o)
 .bss.ble_mode_on
                0x000000002000173c        0x1 contiki-srf06-cc26xx.a(rf-ble.o)
 .bss.initialized
                0x000000002000173d        0x1 contiki-srf06-cc26xx.a(ctimer.o)
 .bss.fevent    0x000000002000173e        0x1 contiki-srf06-cc26xx.a(process.o)
 .bss.nevents   0x000000002000173f        0x1 contiki-srf06-cc26xx.a(process.o)
 .bss.poll_requested
                0x0000000020001740        0x1 contiki-srf06-cc26xx.a(process.o)
 .bss.lastevent
                0x0000000020001741        0x1 contiki-srf06-cc26xx.a(process.o)
 .bss.hdrlen    0x0000000020001742        0x1 contiki-srf06-cc26xx.a(packetbuf.o)
 .bss.initialized.6146
                0x0000000020001743        0x1 contiki-srf06-cc26xx.a(csma.o)
 .bss.slave_addr
                0x0000000020001744        0x1 contiki-srf06-cc26xx.a(board-i2c.o)
 .bss.mac_dsn   0x0000000020001745        0x1 contiki-srf06-cc26xx.a(framer-802154.o)
 .bss.initialized
                0x0000000020001746        0x1 contiki-srf06-cc26xx.a(framer-802154.o)
 *(SORT(COMMON))
 *fill*         0x0000000020001747        0x1 
 COMMON         0x0000000020001748      0x194 cc13xx-node.co
                0x0000000020001748                c_boundary_set_timer
                0x0000000020001768                parsing_packet
                0x00000000200017e8                temperature
                0x00000000200017ec                frm_payload
                0x0000000020001820                humidity
                0x0000000020001824                co2_gas
                0x0000000020001828                addr
                0x000000002000182c                c_reset_timer
                0x000000002000184c                c_boundary_get_timer
                0x000000002000186c                c_change_timer
                0x000000002000188c                c_register_timer
                0x00000000200018ac                co2_led_config
                0x00000000200018b8                parsing_length
                0x00000000200018bc                c_mcdl_off
 COMMON         0x00000000200018dc        0x3 contiki-srf06-cc26xx.a(apros-sensors.o)
                0x00000000200018dc                sensors_flags
 *fill*         0x00000000200018df        0x1 
 COMMON         0x00000000200018e0        0x2 contiki-srf06-cc26xx.a(linkaddr.o)
                0x00000000200018e0                linkaddr_node_addr
 *fill*         0x00000000200018e2        0x2 
 COMMON         0x00000000200018e4       0x3c contiki-srf06-cc26xx.a(packetbuf.o)
                0x00000000200018e4                packetbuf_addrs
                0x00000000200018ec                packetbuf_attrs
 COMMON         0x0000000020001920        0x1 obj_srf06-cc26xx/apros-serial-line.o
                0x0000000020001920                apros_serial_line_event_message
 COMMON         0x0000000020001921        0x1 contiki-srf06-cc26xx.a(sensors.o)
                0x0000000020001921                sensors_event
 COMMON         0x0000000020001922        0x1 contiki-srf06-cc26xx.a(serial-line.o)
                0x0000000020001922                serial_line_event_message
                0x0000000020001923                _ebss = .

.ccfg           0x000000000001ffa8       0x58
 *(SORT(.ccfg))
 .ccfg          0x000000000001ffa8       0x58 obj_srf06-cc26xx/ccfg.o
                0x000000000001ffa8                __ccfg

.rel.dyn        0x0000000000020000        0x0
 .rel.iplt      0x0000000000000000        0x0 obj_srf06-cc26xx/startup_gcc.o

._user_heap_stack
                0x0000000020001923      0x101
                0x0000000020001924                . = ALIGN (0x4)
 *fill*         0x0000000020001923        0x1 
                0x0000000020001924                . = (. + _Min_Heap_Size)
                0x0000000020001a24                . = (. + _Min_Stack_Size)
 *fill*         0x0000000020001924      0x100 
                0x0000000020001a24                . = ALIGN (0x4)

.gpram
OUTPUT(cc13xx-node.elf elf32-littlearm)

.comment        0x0000000000000000       0x1f
 .comment       0x0000000000000000       0x1f obj_srf06-cc26xx/fault-handlers.o
                                         0x20 (size before relaxing)
 .comment       0x0000000000000000       0x20 obj_srf06-cc26xx/ccfg.o
 .comment       0x0000000000000000       0x20 obj_srf06-cc26xx/startup_gcc.o
 .comment       0x0000000000000000       0x20 cc13xx-node.co
 .comment       0x0000000000000000       0x20 obj_srf06-cc26xx/apros-serial-line.o
 .comment       0x0000000000000000       0x20 obj_srf06-cc26xx/apros-packet-control.o
 .comment       0x0000000000000000       0x20 contiki-srf06-cc26xx.a(contiki-main.o)
 .comment       0x0000000000000000       0x20 contiki-srf06-cc26xx.a(sensors.o)
 .comment       0x0000000000000000       0x20 contiki-srf06-cc26xx.a(leds.o)
 .comment       0x0000000000000000       0x20 contiki-srf06-cc26xx.a(apros-sensors.o)
 .comment       0x0000000000000000       0x20 contiki-srf06-cc26xx.a(button-sensor.o)
 .comment       0x0000000000000000       0x20 contiki-srf06-cc26xx.a(ext-flash.o)
 .comment       0x0000000000000000       0x20 contiki-srf06-cc26xx.a(board-spi.o)
 .comment       0x0000000000000000       0x20 contiki-srf06-cc26xx.a(sht-sensor.o)
 .comment       0x0000000000000000       0x20 contiki-srf06-cc26xx.a(leds-arch.o)
 .comment       0x0000000000000000       0x20 contiki-srf06-cc26xx.a(board.o)
 .comment       0x0000000000000000       0x20 contiki-srf06-cc26xx.a(prop-mode.o)
 .comment       0x0000000000000000       0x20 contiki-srf06-cc26xx.a(clock.o)
 .comment       0x0000000000000000       0x20 contiki-srf06-cc26xx.a(rtimer-arch.o)
 .comment       0x0000000000000000       0x20 contiki-srf06-cc26xx.a(soc-rtc.o)
 .comment       0x0000000000000000       0x20 contiki-srf06-cc26xx.a(contiki-watchdo)
 .comment       0x0000000000000000       0x20 contiki-srf06-cc26xx.a(ieee-addr.o)
 .comment       0x0000000000000000       0x20 contiki-srf06-cc26xx.a(cc26xx-uart.o)
 .comment       0x0000000000000000       0x20 contiki-srf06-cc26xx.a(lpm.o)
 .comment       0x0000000000000000       0x20 contiki-srf06-cc26xx.a(gpio-interrupt.)
 .comment       0x0000000000000000       0x20 contiki-srf06-cc26xx.a(oscillators.o)
 .comment       0x0000000000000000       0x20 contiki-srf06-cc26xx.a(rf-core.o)
 .comment       0x0000000000000000       0x20 contiki-srf06-cc26xx.a(rf-ble.o)
 .comment       0x0000000000000000       0x20 contiki-srf06-cc26xx.a(random.o)
 .comment       0x0000000000000000       0x20 contiki-srf06-cc26xx.a(soc-trng.o)
 .comment       0x0000000000000000       0x20 contiki-srf06-cc26xx.a(autostart.o)
 .comment       0x0000000000000000       0x20 contiki-srf06-cc26xx.a(ctimer.o)
 .comment       0x0000000000000000       0x20 contiki-srf06-cc26xx.a(energest.o)
 .comment       0x0000000000000000       0x20 contiki-srf06-cc26xx.a(etimer.o)
 .comment       0x0000000000000000       0x20 contiki-srf06-cc26xx.a(process.o)
 .comment       0x0000000000000000       0x20 contiki-srf06-cc26xx.a(rtimer.o)
 .comment       0x0000000000000000       0x20 contiki-srf06-cc26xx.a(stimer.o)
 .comment       0x0000000000000000       0x20 contiki-srf06-cc26xx.a(timer.o)
 .comment       0x0000000000000000       0x20 contiki-srf06-cc26xx.a(serial-line.o)
 .comment       0x0000000000000000       0x20 contiki-srf06-cc26xx.a(crc16.o)
 .comment       0x0000000000000000       0x20 contiki-srf06-cc26xx.a(list.o)
 .comment       0x0000000000000000       0x20 contiki-srf06-cc26xx.a(ringbuf.o)
 .comment       0x0000000000000000       0x20 contiki-srf06-cc26xx.a(broadcast.o)
 .comment       0x0000000000000000       0x20 contiki-srf06-cc26xx.a(channel.o)
 .comment       0x0000000000000000       0x20 contiki-srf06-cc26xx.a(adi.o)
 .comment       0x0000000000000000       0x20 contiki-srf06-cc26xx.a(aon_rtc.o)
 .comment       0x0000000000000000       0x20 contiki-srf06-cc26xx.a(chipinfo.o)
 .comment       0x0000000000000000       0x20 contiki-srf06-cc26xx.a(cpu.o)
 .comment       0x0000000000000000       0x20 contiki-srf06-cc26xx.a(osc.o)
 .comment       0x0000000000000000       0x20 contiki-srf06-cc26xx.a(pwr_ctrl.o)
 .comment       0x0000000000000000       0x20 contiki-srf06-cc26xx.a(setup.o)
 .comment       0x0000000000000000       0x20 contiki-srf06-cc26xx.a(setup_rom.o)
 .comment       0x0000000000000000       0x20 contiki-srf06-cc26xx.a(sys_ctrl.o)
 .comment       0x0000000000000000       0x20 contiki-srf06-cc26xx.a(trng.o)
 .comment       0x0000000000000000       0x20 contiki-srf06-cc26xx.a(linkaddr.o)
 .comment       0x0000000000000000       0x20 contiki-srf06-cc26xx.a(netstack.o)
 .comment       0x0000000000000000       0x20 contiki-srf06-cc26xx.a(packetbuf.o)
 .comment       0x0000000000000000       0x20 contiki-srf06-cc26xx.a(csma.o)
 .comment       0x0000000000000000       0x20 contiki-srf06-cc26xx.a(frame802154.o)
 .comment       0x0000000000000000       0x20 contiki-srf06-cc26xx.a(mac.o)
 .comment       0x0000000000000000       0x20 contiki-srf06-cc26xx.a(nullrdc.o)
 .comment       0x0000000000000000       0x20 contiki-srf06-cc26xx.a(nullsec.o)
 .comment       0x0000000000000000       0x20 contiki-srf06-cc26xx.a(board-i2c.o)
 .comment       0x0000000000000000       0x20 contiki-srf06-cc26xx.a(sensor-common.o)
 .comment       0x0000000000000000       0x20 contiki-srf06-cc26xx.a(smartrf-setting)
 .comment       0x0000000000000000       0x20 contiki-srf06-cc26xx.a(aux-ctrl.o)
 .comment       0x0000000000000000       0x20 contiki-srf06-cc26xx.a(putchar.o)
 .comment       0x0000000000000000       0x20 contiki-srf06-cc26xx.a(memb.o)
 .comment       0x0000000000000000       0x20 contiki-srf06-cc26xx.a(abc.o)
 .comment       0x0000000000000000       0x20 contiki-srf06-cc26xx.a(chameleon.o)
 .comment       0x0000000000000000       0x20 contiki-srf06-cc26xx.a(rime.o)
 .comment       0x0000000000000000       0x20 contiki-srf06-cc26xx.a(aon_batmon.o)
 .comment       0x0000000000000000       0x20 contiki-srf06-cc26xx.a(ddi.o)
 .comment       0x0000000000000000       0x20 contiki-srf06-cc26xx.a(queuebuf.o)
 .comment       0x0000000000000000       0x20 contiki-srf06-cc26xx.a(framer-802154.o)
 .comment       0x0000000000000000       0x20 contiki-srf06-cc26xx.a(mac-sequence.o)
 .comment       0x0000000000000000       0x20 contiki-srf06-cc26xx.a(announcement.o)
 .comment       0x0000000000000000       0x20 contiki-srf06-cc26xx.a(broadcast-annou)
 .comment       0x0000000000000000       0x20 contiki-srf06-cc26xx.a(chameleon-bitop)
 .comment       0x0000000000000000       0x20 /usr/lib/gcc/arm-none-eabi/4.8.2/../../../arm-none-eabi/lib/armv7-m/libc.a(lib_a-atoi.o)
 .comment       0x0000000000000000       0x20 /usr/lib/gcc/arm-none-eabi/4.8.2/../../../arm-none-eabi/lib/armv7-m/libc.a(lib_a-memcmp.o)
 .comment       0x0000000000000000       0x20 /usr/lib/gcc/arm-none-eabi/4.8.2/../../../arm-none-eabi/lib/armv7-m/libc.a(lib_a-memset.o)
 .comment       0x0000000000000000       0x20 /usr/lib/gcc/arm-none-eabi/4.8.2/../../../arm-none-eabi/lib/armv7-m/libc.a(lib_a-strlen.o)
 .comment       0x0000000000000000       0x20 /usr/lib/gcc/arm-none-eabi/4.8.2/../../../arm-none-eabi/lib/armv7-m/libc.a(lib_a-strtol.o)
 .comment       0x0000000000000000       0x20 /usr/lib/gcc/arm-none-eabi/4.8.2/../../../arm-none-eabi/lib/armv7-m/libc.a(lib_a-ctype_.o)
 .comment       0x0000000000000000       0x20 /usr/lib/gcc/arm-none-eabi/4.8.2/../../../arm-none-eabi/lib/armv7-m/libc.a(lib_a-impure.o)

.ARM.attributes
                0x0000000000000000       0x31
 .ARM.attributes
                0x0000000000000000       0x33 obj_srf06-cc26xx/fault-handlers.o
 .ARM.attributes
                0x0000000000000033       0x33 obj_srf06-cc26xx/ccfg.o
 .ARM.attributes
                0x0000000000000066       0x33 obj_srf06-cc26xx/startup_gcc.o
 .ARM.attributes
                0x0000000000000099       0x33 cc13xx-node.co
 .ARM.attributes
                0x00000000000000cc       0x33 obj_srf06-cc26xx/apros-serial-line.o
 .ARM.attributes
                0x00000000000000ff       0x33 obj_srf06-cc26xx/apros-packet-control.o
 .ARM.attributes
                0x0000000000000132       0x33 contiki-srf06-cc26xx.a(contiki-main.o)
 .ARM.attributes
                0x0000000000000165       0x33 contiki-srf06-cc26xx.a(sensors.o)
 .ARM.attributes
                0x0000000000000198       0x33 contiki-srf06-cc26xx.a(leds.o)
 .ARM.attributes
                0x00000000000001cb       0x33 contiki-srf06-cc26xx.a(apros-sensors.o)
 .ARM.attributes
                0x00000000000001fe       0x33 contiki-srf06-cc26xx.a(button-sensor.o)
 .ARM.attributes
                0x0000000000000231       0x33 contiki-srf06-cc26xx.a(ext-flash.o)
 .ARM.attributes
                0x0000000000000264       0x33 contiki-srf06-cc26xx.a(board-spi.o)
 .ARM.attributes
                0x0000000000000297       0x33 contiki-srf06-cc26xx.a(sht-sensor.o)
 .ARM.attributes
                0x00000000000002ca       0x33 contiki-srf06-cc26xx.a(leds-arch.o)
 .ARM.attributes
                0x00000000000002fd       0x33 contiki-srf06-cc26xx.a(board.o)
 .ARM.attributes
                0x0000000000000330       0x33 contiki-srf06-cc26xx.a(prop-mode.o)
 .ARM.attributes
                0x0000000000000363       0x33 contiki-srf06-cc26xx.a(clock.o)
 .ARM.attributes
                0x0000000000000396       0x33 contiki-srf06-cc26xx.a(rtimer-arch.o)
 .ARM.attributes
                0x00000000000003c9       0x33 contiki-srf06-cc26xx.a(soc-rtc.o)
 .ARM.attributes
                0x00000000000003fc       0x33 contiki-srf06-cc26xx.a(contiki-watchdo)
 .ARM.attributes
                0x000000000000042f       0x33 contiki-srf06-cc26xx.a(ieee-addr.o)
 .ARM.attributes
                0x0000000000000462       0x33 contiki-srf06-cc26xx.a(cc26xx-uart.o)
 .ARM.attributes
                0x0000000000000495       0x33 contiki-srf06-cc26xx.a(lpm.o)
 .ARM.attributes
                0x00000000000004c8       0x33 contiki-srf06-cc26xx.a(gpio-interrupt.)
 .ARM.attributes
                0x00000000000004fb       0x33 contiki-srf06-cc26xx.a(oscillators.o)
 .ARM.attributes
                0x000000000000052e       0x33 contiki-srf06-cc26xx.a(rf-core.o)
 .ARM.attributes
                0x0000000000000561       0x33 contiki-srf06-cc26xx.a(rf-ble.o)
 .ARM.attributes
                0x0000000000000594       0x33 contiki-srf06-cc26xx.a(random.o)
 .ARM.attributes
                0x00000000000005c7       0x33 contiki-srf06-cc26xx.a(soc-trng.o)
 .ARM.attributes
                0x00000000000005fa       0x33 contiki-srf06-cc26xx.a(autostart.o)
 .ARM.attributes
                0x000000000000062d       0x33 contiki-srf06-cc26xx.a(ctimer.o)
 .ARM.attributes
                0x0000000000000660       0x33 contiki-srf06-cc26xx.a(energest.o)
 .ARM.attributes
                0x0000000000000693       0x33 contiki-srf06-cc26xx.a(etimer.o)
 .ARM.attributes
                0x00000000000006c6       0x33 contiki-srf06-cc26xx.a(process.o)
 .ARM.attributes
                0x00000000000006f9       0x33 contiki-srf06-cc26xx.a(rtimer.o)
 .ARM.attributes
                0x000000000000072c       0x33 contiki-srf06-cc26xx.a(stimer.o)
 .ARM.attributes
                0x000000000000075f       0x33 contiki-srf06-cc26xx.a(timer.o)
 .ARM.attributes
                0x0000000000000792       0x33 contiki-srf06-cc26xx.a(serial-line.o)
 .ARM.attributes
                0x00000000000007c5       0x33 contiki-srf06-cc26xx.a(crc16.o)
 .ARM.attributes
                0x00000000000007f8       0x33 contiki-srf06-cc26xx.a(list.o)
 .ARM.attributes
                0x000000000000082b       0x33 contiki-srf06-cc26xx.a(ringbuf.o)
 .ARM.attributes
                0x000000000000085e       0x33 contiki-srf06-cc26xx.a(broadcast.o)
 .ARM.attributes
                0x0000000000000891       0x33 contiki-srf06-cc26xx.a(channel.o)
 .ARM.attributes
                0x00000000000008c4       0x33 contiki-srf06-cc26xx.a(adi.o)
 .ARM.attributes
                0x00000000000008f7       0x33 contiki-srf06-cc26xx.a(aon_rtc.o)
 .ARM.attributes
                0x000000000000092a       0x33 contiki-srf06-cc26xx.a(chipinfo.o)
 .ARM.attributes
                0x000000000000095d       0x33 contiki-srf06-cc26xx.a(cpu.o)
 .ARM.attributes
                0x0000000000000990       0x33 contiki-srf06-cc26xx.a(osc.o)
 .ARM.attributes
                0x00000000000009c3       0x33 contiki-srf06-cc26xx.a(pwr_ctrl.o)
 .ARM.attributes
                0x00000000000009f6       0x33 contiki-srf06-cc26xx.a(setup.o)
 .ARM.attributes
                0x0000000000000a29       0x33 contiki-srf06-cc26xx.a(setup_rom.o)
 .ARM.attributes
                0x0000000000000a5c       0x33 contiki-srf06-cc26xx.a(sys_ctrl.o)
 .ARM.attributes
                0x0000000000000a8f       0x33 contiki-srf06-cc26xx.a(trng.o)
 .ARM.attributes
                0x0000000000000ac2       0x33 contiki-srf06-cc26xx.a(linkaddr.o)
 .ARM.attributes
                0x0000000000000af5       0x33 contiki-srf06-cc26xx.a(netstack.o)
 .ARM.attributes
                0x0000000000000b28       0x33 contiki-srf06-cc26xx.a(packetbuf.o)
 .ARM.attributes
                0x0000000000000b5b       0x33 contiki-srf06-cc26xx.a(csma.o)
 .ARM.attributes
                0x0000000000000b8e       0x33 contiki-srf06-cc26xx.a(frame802154.o)
 .ARM.attributes
                0x0000000000000bc1       0x33 contiki-srf06-cc26xx.a(mac.o)
 .ARM.attributes
                0x0000000000000bf4       0x33 contiki-srf06-cc26xx.a(nullrdc.o)
 .ARM.attributes
                0x0000000000000c27       0x33 contiki-srf06-cc26xx.a(nullsec.o)
 .ARM.attributes
                0x0000000000000c5a       0x33 contiki-srf06-cc26xx.a(board-i2c.o)
 .ARM.attributes
                0x0000000000000c8d       0x33 contiki-srf06-cc26xx.a(sensor-common.o)
 .ARM.attributes
                0x0000000000000cc0       0x33 contiki-srf06-cc26xx.a(smartrf-setting)
 .ARM.attributes
                0x0000000000000cf3       0x33 contiki-srf06-cc26xx.a(aux-ctrl.o)
 .ARM.attributes
                0x0000000000000d26       0x33 contiki-srf06-cc26xx.a(putchar.o)
 .ARM.attributes
                0x0000000000000d59       0x33 contiki-srf06-cc26xx.a(memb.o)
 .ARM.attributes
                0x0000000000000d8c       0x33 contiki-srf06-cc26xx.a(abc.o)
 .ARM.attributes
                0x0000000000000dbf       0x33 contiki-srf06-cc26xx.a(chameleon.o)
 .ARM.attributes
                0x0000000000000df2       0x33 contiki-srf06-cc26xx.a(rime.o)
 .ARM.attributes
                0x0000000000000e25       0x33 contiki-srf06-cc26xx.a(aon_batmon.o)
 .ARM.attributes
                0x0000000000000e58       0x33 contiki-srf06-cc26xx.a(ddi.o)
 .ARM.attributes
                0x0000000000000e8b       0x33 contiki-srf06-cc26xx.a(queuebuf.o)
 .ARM.attributes
                0x0000000000000ebe       0x33 contiki-srf06-cc26xx.a(framer-802154.o)
 .ARM.attributes
                0x0000000000000ef1       0x33 contiki-srf06-cc26xx.a(mac-sequence.o)
 .ARM.attributes
                0x0000000000000f24       0x33 contiki-srf06-cc26xx.a(announcement.o)
 .ARM.attributes
                0x0000000000000f57       0x33 contiki-srf06-cc26xx.a(broadcast-annou)
 .ARM.attributes
                0x0000000000000f8a       0x33 contiki-srf06-cc26xx.a(chameleon-bitop)
 .ARM.attributes
                0x0000000000000fbd       0x2d /usr/lib/gcc/arm-none-eabi/4.8.2/../../../arm-none-eabi/lib/armv7-m/libc.a(lib_a-atoi.o)
 .ARM.attributes
                0x0000000000000fea       0x2d /usr/lib/gcc/arm-none-eabi/4.8.2/../../../arm-none-eabi/lib/armv7-m/libc.a(lib_a-memcmp.o)
 .ARM.attributes
                0x0000000000001017       0x1b /usr/lib/gcc/arm-none-eabi/4.8.2/../../../arm-none-eabi/lib/armv7-m/libc.a(lib_a-memcpy.o)
 .ARM.attributes
                0x0000000000001032       0x2d /usr/lib/gcc/arm-none-eabi/4.8.2/../../../arm-none-eabi/lib/armv7-m/libc.a(lib_a-memset.o)
 .ARM.attributes