Archive member included because of file (symbol)

contiki-srf06-cc26xx.a(contiki-main.o)
                              obj_srf06-cc26xx/startup_gcc.o (main)
contiki-srf06-cc26xx.a(sensors.o)
                              contiki-srf06-cc26xx.a(contiki-main.o) (sensors_process)
contiki-srf06-cc26xx.a(leds.o)
                              contiki-srf06-cc26xx.a(contiki-main.o) (leds_init)
contiki-srf06-cc26xx.a(apros-sensors.o)
                              contiki-srf06-cc26xx.a(sensors.o) (sensors_flags)
contiki-srf06-cc26xx.a(button-sensor.o)
                              contiki-srf06-cc26xx.a(apros-sensors.o) (button_user_sensor)
contiki-srf06-cc26xx.a(board.o)
                              contiki-srf06-cc26xx.a(contiki-main.o) (board_init)
contiki-srf06-cc26xx.a(ext-flash.o)
                              cc13xx-base.co (ext_flash_open)
contiki-srf06-cc26xx.a(board-spi.o)
                              contiki-srf06-cc26xx.a(ext-flash.o) (board_spi_write)
contiki-srf06-cc26xx.a(leds-arch.o)
                              contiki-srf06-cc26xx.a(leds.o) (leds_arch_init)
contiki-srf06-cc26xx.a(prop-mode.o)
                              cc13xx-base.co (prop_mode_driver)
contiki-srf06-cc26xx.a(clock.o)
                              contiki-srf06-cc26xx.a(contiki-main.o) (clock_init)
contiki-srf06-cc26xx.a(rtimer-arch.o)
                              contiki-srf06-cc26xx.a(prop-mode.o) (rtimer_arch_now)
contiki-srf06-cc26xx.a(soc-rtc.o)
                              contiki-srf06-cc26xx.a(contiki-main.o) (soc_rtc_init)
contiki-srf06-cc26xx.a(contiki-watchdo)
                              contiki-srf06-cc26xx.a(contiki-main.o) (watchdog_init)
contiki-srf06-cc26xx.a(ieee-addr.o)
                              cc13xx-base.co (ieee_addr_cpy_to)
contiki-srf06-cc26xx.a(cc26xx-uart.o)
                              contiki-srf06-cc26xx.a(contiki-main.o) (cc26xx_uart_init)
contiki-srf06-cc26xx.a(lpm.o)
                              contiki-srf06-cc26xx.a(prop-mode.o) (lpm_sleep)
contiki-srf06-cc26xx.a(gpio-interrupt.)
                              contiki-srf06-cc26xx.a(button-sensor.o) (gpio_interrupt_register_handler)
contiki-srf06-cc26xx.a(oscillators.o)
                              contiki-srf06-cc26xx.a(contiki-main.o) (oscillators_select_lf_xosc)
contiki-srf06-cc26xx.a(rf-core.o)
                              contiki-srf06-cc26xx.a(prop-mode.o) (rf_core_is_accessible)
contiki-srf06-cc26xx.a(rf-ble.o)
                              contiki-srf06-cc26xx.a(prop-mode.o) (rf_ble_is_active)
contiki-srf06-cc26xx.a(random.o)
                              contiki-srf06-cc26xx.a(contiki-main.o) (random_init)
contiki-srf06-cc26xx.a(soc-trng.o)
                              contiki-srf06-cc26xx.a(random.o) (soc_trng_rand_synchronous)
contiki-srf06-cc26xx.a(autostart.o)
                              contiki-srf06-cc26xx.a(contiki-main.o) (autostart_start)
contiki-srf06-cc26xx.a(ctimer.o)
                              contiki-srf06-cc26xx.a(contiki-main.o) (ctimer_init)
contiki-srf06-cc26xx.a(energest.o)
                              contiki-srf06-cc26xx.a(contiki-main.o) (energest_init)
contiki-srf06-cc26xx.a(etimer.o)
                              contiki-srf06-cc26xx.a(clock.o) (etimer_request_poll)
contiki-srf06-cc26xx.a(process.o)
                              obj_srf06-cc26xx/apros-serial-line.o (process_alloc_event)
contiki-srf06-cc26xx.a(rtimer.o)
                              contiki-srf06-cc26xx.a(contiki-main.o) (rtimer_init)
contiki-srf06-cc26xx.a(timer.o)
                              contiki-srf06-cc26xx.a(etimer.o) (timer_set)
contiki-srf06-cc26xx.a(serial-line.o)
                              contiki-srf06-cc26xx.a(contiki-main.o) (serial_line_init)
contiki-srf06-cc26xx.a(crc16.o)
                              obj_srf06-cc26xx/apros-packet-control.o (crc16_data)
contiki-srf06-cc26xx.a(list.o)
                              contiki-srf06-cc26xx.a(lpm.o) (list_init)
contiki-srf06-cc26xx.a(ringbuf.o)
                              obj_srf06-cc26xx/apros-serial-line.o (ringbuf_init)
contiki-srf06-cc26xx.a(broadcast.o)
                              cc13xx-base.co (broadcast_open)
contiki-srf06-cc26xx.a(channel.o)
                              contiki-srf06-cc26xx.a(broadcast.o) (channel_set_attributes)
contiki-srf06-cc26xx.a(unicast.o)
                              cc13xx-base.co (unicast_open)
contiki-srf06-cc26xx.a(adi.o)
                              contiki-srf06-cc26xx.a(oscillators.o) (SafeHapiVoid)
contiki-srf06-cc26xx.a(aon_rtc.o)
                              contiki-srf06-cc26xx.a(rtimer-arch.o) (NOROM_AONRTCCurrentCompareValueGet)
contiki-srf06-cc26xx.a(chipinfo.o)
                              contiki-srf06-cc26xx.a(prop-mode.o) (NOROM_ChipInfo_GetChipFamily)
contiki-srf06-cc26xx.a(cpu.o)
                              contiki-srf06-cc26xx.a(contiki-main.o) (NOROM_CPUcpsid)
contiki-srf06-cc26xx.a(osc.o)
                              contiki-srf06-cc26xx.a(oscillators.o) (NOROM_OSCClockSourceSet)
[...]
Memory Configuration

Name             Origin             Length             Attributes
FLASH            0x0000000000000000 0x000000000001ffa8 xr
FLASH_CCFG       0x000000000001ffa8 0x0000000000000058 xr
SRAM             0x0000000020000000 0x0000000000005000 xrw
GPRAM            0x0000000011000000 0x0000000000002000 xrw
*default*        0x0000000000000000 0xffffffffffffffff

Linker script and memory map

LOAD obj_srf06-cc26xx/fault-handlers.o
LOAD obj_srf06-cc26xx/ccfg.o
LOAD obj_srf06-cc26xx/startup_gcc.o
LOAD cc13xx-base.co
LOAD obj_srf06-cc26xx/apros-serial-line.o
LOAD obj_srf06-cc26xx/apros-gpio-control.o
LOAD obj_srf06-cc26xx/apros-packet-control.o
LOAD contiki-srf06-cc26xx.a
LOAD /usr/lib/gcc/arm-none-eabi/4.8.2/../../../arm-none-eabi/lib/armv7-m/libm.a
START GROUP
LOAD /usr/lib/gcc/arm-none-eabi/4.8.2/armv7-m/libgcc.a
LOAD /usr/lib/gcc/arm-none-eabi/4.8.2/../../../arm-none-eabi/lib/armv7-m/libc.a
END GROUP
                0x0000000020005000                _estack = (ORIGIN (SRAM) + 0x5000)
                0x0000000000000000                _Min_Heap_Size = 0x0
                0x0000000000000100                _Min_Stack_Size = 0x100

.text           0x0000000000000000     0x731c
                0x0000000000000000                _text = .
 *(SORT(.vectors))
 .vectors       0x0000000000000000       0xc8 obj_srf06-cc26xx/startup_gcc.o
                0x0000000000000000                g_pfnVectors
 *(SORT(.text*))
 .text.FaultISR
                0x00000000000000c8       0x1c obj_srf06-cc26xx/fault-handlers.o
                0x00000000000000c8                FaultISR
 .text.NmiSRHandler
                0x00000000000000e4        0x4 obj_srf06-cc26xx/startup_gcc.o
                0x00000000000000e4                NmiSR
 .text.IntDefaultHandler
                0x00000000000000e8        0x4 obj_srf06-cc26xx/startup_gcc.o
                0x00000000000000e8                SSI0IntHandler
                0x00000000000000e8                SWEvent0IntHandler
                0x00000000000000e8                uDMAIntHandler
                0x00000000000000e8                WatchdogIntHandler
                0x00000000000000e8                RFCHardwareIntHandler
                0x00000000000000e8                Timer1BIntHandler
                0x00000000000000e8                I2SIntHandler
                0x00000000000000e8                Timer2BIntHandler
                0x00000000000000e8                Timer2AIntHandler
                0x00000000000000e8                Timer1AIntHandler
                0x00000000000000e8                AONIntHandler
                0x00000000000000e8                AUXSWEvent0IntHandler
                0x00000000000000e8                AUXADCIntHandler
                0x00000000000000e8                PendSVIntHandler
                0x00000000000000e8                AUXSWEvent1IntHandler
                0x00000000000000e8                SVCallIntHandler
                0x00000000000000e8                MPUFaultIntHandler
                0x00000000000000e8                SysTickIntHandler
                0x00000000000000e8                BusFaultIntHandler
                0x00000000000000e8                AONProgIntHandler
                0x00000000000000e8                AUXCompAIntHandler
                0x00000000000000e8                SSI1IntHandler
                0x00000000000000e8                FlashIntHandler
                0x00000000000000e8                uDMAErrIntHandler
                0x00000000000000e8                UsageFaultIntHandler
                0x00000000000000e8                RFCCmdAckIntHandler
                0x00000000000000e8                CryptoIntHandler
                0x00000000000000e8                Timer0AIntHandler
                0x00000000000000e8                I2CIntHandler
                0x00000000000000e8                DebugMonIntHandler
                0x00000000000000e8                Timer0BIntHandler
                0x00000000000000e8                AUXCombEventIntHandler
                0x00000000000000e8                Timer3AIntHandler
                0x00000000000000e8                DynProgIntHandler
                0x00000000000000e8                Timer3BIntHandler
 .text.ResetISR
                0x00000000000000ec       0x5c obj_srf06-cc26xx/startup_gcc.o
                0x00000000000000ec                ResetISR
 .text.recv_broadcast
                0x0000000000000148        0x4 cc13xx-base.co
 .text.process_thread_cc13xx_demo_process
                0x000000000000014c       0x5c cc13xx-base.co
 .text.sent_uc  0x00000000000001a8       0x18 cc13xx-base.co
 .text.generate_wireless.constprop.5
                0x00000000000001c0       0xfc cc13xx-base.co
 .text.generate_serial.constprop.8
                0x00000000000002bc       0x7c cc13xx-base.co
 .text.send_err
                0x0000000000000338       0x20 cc13xx-base.co
                0x0000000000000338                send_err
 .text.recv_uc  0x0000000000000358      0x110 cc13xx-base.co
 .text.is_mine.isra.1.constprop.10
                0x0000000000000468       0x44 cc13xx-base.co
 .text.load_config
                0x00000000000004ac       0x54 cc13xx-base.co
                0x00000000000004ac                load_config
 .text.save_config
                0x0000000000000500       0x48 cc13xx-base.co
                0x0000000000000500                save_config
 .text.set_basech
                0x0000000000000548       0x4c cc13xx-base.co
                0x0000000000000548                set_basech
 .text.get_basech
                0x0000000000000594       0x34 cc13xx-base.co
                0x0000000000000594                get_basech
 .text.get_baseid
                0x00000000000005c8       0x2c cc13xx-base.co
                0x00000000000005c8                get_baseid
 .text.mems_init
                0x00000000000005f4       0x3c cc13xx-base.co
                0x00000000000005f4                mems_init
 .text.process_thread_uart_rx_process
                0x0000000000000630      0x3ac cc13xx-base.co
 .text.process_thread_apros_serial_line_process
                0x00000000000009dc      0x160 obj_srf06-cc26xx/apros-serial-line.o
 .text.apros_serial_line_input_byte
                0x0000000000000b3c       0x50 obj_srf06-cc26xx/apros-serial-line.o
                0x0000000000000b3c                apros_serial_line_input_byte
 .text.apros_serial_send
                0x0000000000000b8c       0x20 obj_srf06-cc26xx/apros-serial-line.o
                0x0000000000000b8c                apros_serial_send
 .text.apros_serial_line_init
                0x0000000000000bac       0x2c obj_srf06-cc26xx/apros-serial-line.o
                0x0000000000000bac                apros_serial_line_init
 .text.get_finalpkt_length
                0x0000000000000bd8        0x8 obj_srf06-cc26xx/apros-packet-control.o
                0x0000000000000bd8                get_finalpkt_length
 .text.add_TLV  0x0000000000000be0       0x50 obj_srf06-cc26xx/apros-packet-control.o
                0x0000000000000be0                add_TLV
 .text.make_final_packet
                0x0000000000000c30       0x40 obj_srf06-cc26xx/apros-packet-control.o
                0x0000000000000c30                make_final_packet
 .text.make_initial_packet
                0x0000000000000c70       0x24 obj_srf06-cc26xx/apros-packet-control.o
                0x0000000000000c70                make_initial_packet
 .text.mems_packet_parser
                0x0000000000000c94       0x90 obj_srf06-cc26xx/apros-packet-control.o
                0x0000000000000c94                mems_packet_parser
 .text.fade     0x0000000000000d24       0x64 contiki-srf06-cc26xx.a(contiki-main.o)
 .text.startup.main
                0x0000000000000d88      0x13c contiki-srf06-cc26xx.a(contiki-main.o)
                0x0000000000000d88                main
 .text.process_thread_sensors_process
                0x0000000000000ec4      0x138 contiki-srf06-cc26xx.a(sensors.o)
 .text.leds_init
                0x0000000000000ffc       0x14 contiki-srf06-cc26xx.a(leds.o)
                0x0000000000000ffc                leds_init
 .text.leds_on  0x0000000000001010       0x14 contiki-srf06-cc26xx.a(leds.o)
                0x0000000000001010                leds_on
 .text.leds_off
                0x0000000000001024       0x18 contiki-srf06-cc26xx.a(leds.o)
                0x0000000000001024                leds_off
 .text.leds_toggle
                0x000000000000103c       0x14 contiki-srf06-cc26xx.a(leds.o)
                0x000000000000103c                leds_toggle
 .text.button_press_handler
                0x0000000000001050        0x4 contiki-srf06-cc26xx.a(button-sensor.o)
 .text.value_user
                0x0000000000001054       0x14 contiki-srf06-cc26xx.a(button-sensor.o)
 .text.status_user
                0x0000000000001068       0x24 contiki-srf06-cc26xx.a(button-sensor.o)
 .text.config_user
                0x000000000000108c       0xa8 contiki-srf06-cc26xx.a(button-sensor.o)
 .text.wakeup_handler
                0x0000000000001134       0x20 contiki-srf06-cc26xx.a(board.o)
 .text.board_init
                0x0000000000001154       0xb4 contiki-srf06-cc26xx.a(board.o)
                0x0000000000001154                board_init
 .text.write_enable
                0x0000000000001208       0x30 contiki-srf06-cc26xx.a(ext-flash.o)
 .text.verify_part
                0x0000000000001238       0x8c contiki-srf06-cc26xx.a(ext-flash.o)
 .text.wait_ready
                0x00000000000012c4       0x74 contiki-srf06-cc26xx.a(ext-flash.o)
 .text.power_down
                0x0000000000001338       0x58 contiki-srf06-cc26xx.a(ext-flash.o)
 .text.ext_flash_open
                0x0000000000001390       0x6c contiki-srf06-cc26xx.a(ext-flash.o)
                0x0000000000001390                ext_flash_open
 .text.ext_flash_close
                0x00000000000013fc       0x10 contiki-srf06-cc26xx.a(ext-flash.o)
                0x00000000000013fc                ext_flash_close
 .text.ext_flash_read
                0x000000000000140c       0x58 contiki-srf06-cc26xx.a(ext-flash.o)
                0x000000000000140c                ext_flash_read
 .text.ext_flash_write
                0x0000000000001464       0xb4 contiki-srf06-cc26xx.a(ext-flash.o)
                0x0000000000001464                ext_flash_write
 .text.ext_flash_erase
                0x0000000000001518       0x9c contiki-srf06-cc26xx.a(ext-flash.o)
                0x0000000000001518                ext_flash_erase
 .text.ext_flash_init
                0x00000000000015b4       0x14 contiki-srf06-cc26xx.a(ext-flash.o)
                0x00000000000015b4                ext_flash_init
 .text.accessible
                0x00000000000015c8       0x2c contiki-srf06-cc26xx.a(board-spi.o)
 .text.board_spi_write
                0x00000000000015f4       0x40 contiki-srf06-cc26xx.a(board-spi.o)
                0x00000000000015f4                board_spi_write
 .text.board_spi_read
                0x0000000000001634       0x4c contiki-srf06-cc26xx.a(board-spi.o)
                0x0000000000001634                board_spi_read
 .text.board_spi_flush
                0x0000000000001680       0x28 contiki-srf06-cc26xx.a(board-spi.o)
                0x0000000000001680                board_spi_flush
 .text.board_spi_open
                0x00000000000016a8       0xcc contiki-srf06-cc26xx.a(board-spi.o)
                0x00000000000016a8                board_spi_open
 .text.board_spi_close
                0x0000000000001774       0x74 contiki-srf06-cc26xx.a(board-spi.o)
                0x0000000000001774                board_spi_close
 .text.leds_arch_init
                0x00000000000017e8       0x38 contiki-srf06-cc26xx.a(leds-arch.o)
                0x00000000000017e8                leds_arch_init
 .text.leds_arch_set
                0x0000000000001820       0x38 contiki-srf06-cc26xx.a(leds-arch.o)
                0x0000000000001820                leds_arch_set
 .text.get_object
                0x0000000000001858        0x4 contiki-srf06-cc26xx.a(prop-mode.o)
 .text.set_object
                0x000000000000185c        0x4 contiki-srf06-cc26xx.a(prop-mode.o)
 .text.request  0x0000000000001860       0x20 contiki-srf06-cc26xx.a(prop-mode.o)
 .text.soft_off_prop
                0x0000000000001880       0x3c contiki-srf06-cc26xx.a(prop-mode.o)
 .text.rx_on_prop
                0x00000000000018bc       0x78 contiki-srf06-cc26xx.a(prop-mode.o)
 .text.prepare  0x0000000000001934       0x1c contiki-srf06-cc26xx.a(prop-mode.o)
 .text.pending_packet
                0x0000000000001950       0x38 contiki-srf06-cc26xx.a(prop-mode.o)
 .text.read_frame
                0x0000000000001988       0x54 contiki-srf06-cc26xx.a(prop-mode.o)
 .text.rx_off_prop
                0x00000000000019dc       0x50 contiki-srf06-cc26xx.a(prop-mode.o)
 .text.prop_div_radio_setup
                0x0000000000001a2c       0x44 contiki-srf06-cc26xx.a(prop-mode.o)
 .text.prop_fs  0x0000000000001a70       0x38 contiki-srf06-cc26xx.a(prop-mode.o)
 .text.soft_on_prop
                0x0000000000001aa8       0x20 contiki-srf06-cc26xx.a(prop-mode.o)
 .text.off      0x0000000000001ac8       0x3c contiki-srf06-cc26xx.a(prop-mode.o)
 .text.on       0x0000000000001b04      0x108 contiki-srf06-cc26xx.a(prop-mode.o)
 .text.set_value
                0x0000000000001c0c      0x164 contiki-srf06-cc26xx.a(prop-mode.o)
 .text.get_value
                0x0000000000001d70      0x134 contiki-srf06-cc26xx.a(prop-mode.o)
 .text.transmit
                0x0000000000001ea4       0xb4 contiki-srf06-cc26xx.a(prop-mode.o)
 .text.send     0x0000000000001f58       0x24 contiki-srf06-cc26xx.a(prop-mode.o)
 .text.channel_clear
                0x0000000000001f7c       0x7c contiki-srf06-cc26xx.a(prop-mode.o)
 .text.receiving_packet
                0x0000000000001ff8       0x28 contiki-srf06-cc26xx.a(prop-mode.o)
 .text.init     0x0000000000002020       0xe8 contiki-srf06-cc26xx.a(prop-mode.o)
 .text.power_domain_on
                0x0000000000002108       0x20 contiki-srf06-cc26xx.a(clock.o)
 .text.clock_init
                0x0000000000002128       0xac contiki-srf06-cc26xx.a(clock.o)
                0x0000000000002128                clock_init
 .text.clock_time
                0x00000000000021d4       0x38 contiki-srf06-cc26xx.a(clock.o)
                0x00000000000021d4                clock_time
 .text.clock_update
                0x000000000000220c       0x40 contiki-srf06-cc26xx.a(clock.o)
                0x000000000000220c                clock_update
 .text.rtimer_arch_init
                0x000000000000224c        0x4 contiki-srf06-cc26xx.a(rtimer-arch.o)
                0x000000000000224c                rtimer_arch_init
 .text.rtimer_arch_schedule
                0x0000000000002250        0x8 contiki-srf06-cc26xx.a(rtimer-arch.o)
                0x0000000000002250                rtimer_arch_schedule
 .text.rtimer_arch_now
                0x0000000000002258        0x4 contiki-srf06-cc26xx.a(rtimer-arch.o)
                0x0000000000002258                rtimer_arch_now
 .text.soc_rtc_init
                0x000000000000225c       0xac contiki-srf06-cc26xx.a(soc-rtc.o)
                0x000000000000225c                soc_rtc_init
 .text.soc_rtc_schedule_one_shot
                0x0000000000002308       0x6c contiki-srf06-cc26xx.a(soc-rtc.o)
                0x0000000000002308                soc_rtc_schedule_one_shot
 .text.soc_rtc_last_isr_time
                0x0000000000002374        0xc contiki-srf06-cc26xx.a(soc-rtc.o)
                0x0000000000002374                soc_rtc_last_isr_time
 .text.AONRTCIntHandler
                0x0000000000002380       0xa0 contiki-srf06-cc26xx.a(soc-rtc.o)
                0x0000000000002380                AONRTCIntHandler
 .text.lock_config
                0x0000000000002420       0x1c contiki-srf06-cc26xx.a(contiki-watchdo)
 .text.unlock_config
                0x000000000000243c       0x30 contiki-srf06-cc26xx.a(contiki-watchdo)
 .text.watchdog_init
                0x000000000000246c       0x20 contiki-srf06-cc26xx.a(contiki-watchdo)
                0x000000000000246c                watchdog_init
 .text.watchdog_start
                0x000000000000248c       0x34 contiki-srf06-cc26xx.a(contiki-watchdo)
                0x000000000000248c                watchdog_start
 .text.watchdog_periodic
                0x00000000000024c0       0x1c contiki-srf06-cc26xx.a(contiki-watchdo)
                0x00000000000024c0                watchdog_periodic
 .text.ieee_addr_cpy_to
                0x00000000000024dc       0x4c contiki-srf06-cc26xx.a(ieee-addr.o)
                0x00000000000024dc                ieee_addr_cpy_to
 .text.power_and_clock
                0x0000000000002528       0x4c contiki-srf06-cc26xx.a(cc26xx-uart.o)
 .text.enable   0x0000000000002574      0x108 contiki-srf06-cc26xx.a(cc26xx-uart.o)
 .text.accessible
                0x000000000000267c       0x2c contiki-srf06-cc26xx.a(cc26xx-uart.o)
 .text.lpm_drop_handler
                0x00000000000026a8       0xe0 contiki-srf06-cc26xx.a(cc26xx-uart.o)
 .text.cc26xx_uart_init
                0x0000000000002788       0x2c contiki-srf06-cc26xx.a(cc26xx-uart.o)
                0x0000000000002788                cc26xx_uart_init
 .text.cc26xx_uart_write_byte
                0x00000000000027b4       0x28 contiki-srf06-cc26xx.a(cc26xx-uart.o)
                0x00000000000027b4                cc26xx_uart_write_byte
 .text.cc26xx_uart_set_input
                0x00000000000027dc       0x78 contiki-srf06-cc26xx.a(cc26xx-uart.o)
                0x00000000000027dc                cc26xx_uart_set_input
 .text.cc26xx_uart_busy
                0x0000000000002854       0x18 contiki-srf06-cc26xx.a(cc26xx-uart.o)
                0x0000000000002854                cc26xx_uart_busy
 .text.UART0IntHandler
                0x000000000000286c       0x60 contiki-srf06-cc26xx.a(cc26xx-uart.o)
                0x000000000000286c                UART0IntHandler
 .text.lpm_sleep
                0x00000000000028cc       0x14 contiki-srf06-cc26xx.a(lpm.o)
                0x00000000000028cc                lpm_sleep
 .text.lpm_drop
                0x00000000000028e0      0x2a4 contiki-srf06-cc26xx.a(lpm.o)
                0x00000000000028e0                lpm_drop
 .text.lpm_register_module
                0x0000000000002b84       0x10 contiki-srf06-cc26xx.a(lpm.o)
                0x0000000000002b84                lpm_register_module
 .text.lpm_unregister_module
                0x0000000000002b94       0x10 contiki-srf06-cc26xx.a(lpm.o)
                0x0000000000002b94                lpm_unregister_module
 .text.lpm_init
                0x0000000000002ba4       0x24 contiki-srf06-cc26xx.a(lpm.o)
                0x0000000000002ba4                lpm_init
 .text.lpm_pin_set_default_state
                0x0000000000002bc8       0x30 contiki-srf06-cc26xx.a(lpm.o)
                0x0000000000002bc8                lpm_pin_set_default_state
 .text.gpio_interrupt_register_handler
                0x0000000000002bf8       0x30 contiki-srf06-cc26xx.a(gpio-interrupt.)
                0x0000000000002bf8                gpio_interrupt_register_handler
 .text.gpio_interrupt_init
                0x0000000000002c28       0x28 contiki-srf06-cc26xx.a(gpio-interrupt.)
                0x0000000000002c28                gpio_interrupt_init
 .text.GPIOIntHandler
                0x0000000000002c50       0x34 contiki-srf06-cc26xx.a(gpio-interrupt.)
                0x0000000000002c50                GPIOIntHandler
 .text.oscillators_select_lf_xosc
                0x0000000000002c84       0x5c contiki-srf06-cc26xx.a(oscillators.o)
                0x0000000000002c84                oscillators_select_lf_xosc
 .text.oscillators_request_hf_xosc
                0x0000000000002ce0       0x30 contiki-srf06-cc26xx.a(oscillators.o)
                0x0000000000002ce0                oscillators_request_hf_xosc
 .text.oscillators_switch_to_hf_xosc
                0x0000000000002d10       0x34 contiki-srf06-cc26xx.a(oscillators.o)
                0x0000000000002d10                oscillators_switch_to_hf_xosc
 .text.oscillators_switch_to_hf_rc
                0x0000000000002d44       0x38 contiki-srf06-cc26xx.a(oscillators.o)
                0x0000000000002d44                oscillators_switch_to_hf_rc
 .text.process_thread_rf_core_process
                0x0000000000002d7c       0x5c contiki-srf06-cc26xx.a(rf-core.o)
 .text.rf_core_is_accessible
                0x0000000000002dd8       0x10 contiki-srf06-cc26xx.a(rf-core.o)
                0x0000000000002dd8                rf_core_is_accessible
 .text.rf_core_send_cmd
                0x0000000000002de8       0xac contiki-srf06-cc26xx.a(rf-core.o)
                0x0000000000002de8                rf_core_send_cmd
 .text.rf_core_wait_cmd_done
                0x0000000000002e94       0x34 contiki-srf06-cc26xx.a(rf-core.o)
                0x0000000000002e94                rf_core_wait_cmd_done
 .text.rf_core_power_up
                0x0000000000002ec8       0xc8 contiki-srf06-cc26xx.a(rf-core.o)
                0x0000000000002ec8                rf_core_power_up
 .text.rf_core_start_rat
                0x0000000000002f90       0x6c contiki-srf06-cc26xx.a(rf-core.o)
                0x0000000000002f90                rf_core_start_rat
 .text.rf_core_stop_rat
                0x0000000000002ffc       0x80 contiki-srf06-cc26xx.a(rf-core.o)
                0x0000000000002ffc                rf_core_stop_rat
 .text.rf_core_power_down
                0x000000000000307c      0x104 contiki-srf06-cc26xx.a(rf-core.o)
                0x000000000000307c                rf_core_power_down
 .text.rf_core_set_modesel
                0x0000000000003180       0x54 contiki-srf06-cc26xx.a(rf-core.o)
                0x0000000000003180                rf_core_set_modesel
 .text.rf_core_setup_interrupts
                0x00000000000031d4       0x80 contiki-srf06-cc26xx.a(rf-core.o)
                0x00000000000031d4                rf_core_setup_interrupts
 .text.rf_core_cmd_done_en
                0x0000000000003254       0x2c contiki-srf06-cc26xx.a(rf-core.o)
                0x0000000000003254                rf_core_cmd_done_en
 .text.rf_core_cmd_done_dis
                0x0000000000003280       0x18 contiki-srf06-cc26xx.a(rf-core.o)
                0x0000000000003280                rf_core_cmd_done_dis
 .text.rf_core_get_last_radio_op
                0x0000000000003298        0xc contiki-srf06-cc26xx.a(rf-core.o)
                0x0000000000003298                rf_core_get_last_radio_op
 .text.rf_core_primary_mode_register
                0x00000000000032a4        0xc contiki-srf06-cc26xx.a(rf-core.o)
                0x00000000000032a4                rf_core_primary_mode_register
 .text.RFCCPE1IntHandler
                0x00000000000032b0       0x2c contiki-srf06-cc26xx.a(rf-core.o)
                0x00000000000032b0                RFCCPE1IntHandler
 .text.RFCCPE0IntHandler
                0x00000000000032dc       0x6c contiki-srf06-cc26xx.a(rf-core.o)
                0x00000000000032dc                RFCCPE0IntHandler
 .text.rf_ble_is_active
                0x0000000000003348        0xc contiki-srf06-cc26xx.a(rf-ble.o)
                0x0000000000003348                rf_ble_is_active
 .text.random_rand
                0x0000000000003354        0xc contiki-srf06-cc26xx.a(random.o)
                0x0000000000003354                random_rand
 .text.random_init
                0x0000000000003360        0x4 contiki-srf06-cc26xx.a(random.o)
                0x0000000000003360                random_init
 .text.power_up
                0x0000000000003364       0x4c contiki-srf06-cc26xx.a(soc-trng.o)
 .text.request  0x00000000000033b0       0x14 contiki-srf06-cc26xx.a(soc-trng.o)
 .text.process_thread_soc_trng_process
                0x00000000000033c4       0xb0 contiki-srf06-cc26xx.a(soc-trng.o)
 .text.accessible
                0x0000000000003474       0x2c contiki-srf06-cc26xx.a(soc-trng.o)
 .text.soc_trng_rand_synchronous
                0x00000000000034a0       0xd8 contiki-srf06-cc26xx.a(soc-trng.o)
                0x00000000000034a0                soc_trng_rand_synchronous
 .text.TRNGIntHandler
                0x0000000000003578       0x5c contiki-srf06-cc26xx.a(soc-trng.o)
                0x0000000000003578                TRNGIntHandler
 .text.soc_trng_init
                0x00000000000035d4       0x2c contiki-srf06-cc26xx.a(soc-trng.o)
                0x00000000000035d4                soc_trng_init
 .text.autostart_start
                0x0000000000003600       0x18 contiki-srf06-cc26xx.a(autostart.o)
                0x0000000000003600                autostart_start
 .text.process_thread_ctimer_process
                0x0000000000003618       0xa4 contiki-srf06-cc26xx.a(ctimer.o)
 .text.ctimer_init
                0x00000000000036bc       0x2c contiki-srf06-cc26xx.a(ctimer.o)
                0x00000000000036bc                ctimer_init
 .text.ctimer_set_with_process
                0x00000000000036e8       0x4c contiki-srf06-cc26xx.a(ctimer.o)
                0x00000000000036e8                ctimer_set_with_process
 .text.ctimer_set
                0x0000000000003734       0x18 contiki-srf06-cc26xx.a(ctimer.o)
                0x0000000000003734                ctimer_set
 .text.ctimer_restart
                0x000000000000374c       0x40 contiki-srf06-cc26xx.a(ctimer.o)
                0x000000000000374c                ctimer_restart
 .text.ctimer_stop
                0x000000000000378c       0x30 contiki-srf06-cc26xx.a(ctimer.o)
                0x000000000000378c                ctimer_stop
 .text.energest_init
                0x00000000000037bc        0x4 contiki-srf06-cc26xx.a(energest.o)
                0x00000000000037bc                energest_init
 .text.update_time
                0x00000000000037c0       0x50 contiki-srf06-cc26xx.a(etimer.o)
 .text.process_thread_etimer_process
                0x0000000000003810       0xd8 contiki-srf06-cc26xx.a(etimer.o)
 .text.add_timer
                0x00000000000038e8       0x60 contiki-srf06-cc26xx.a(etimer.o)
 .text.etimer_request_poll
                0x0000000000003948        0xc contiki-srf06-cc26xx.a(etimer.o)
                0x0000000000003948                etimer_request_poll
 .text.etimer_set
                0x0000000000003954       0x14 contiki-srf06-cc26xx.a(etimer.o)
                0x0000000000003954                etimer_set
 .text.etimer_restart
                0x0000000000003968       0x14 contiki-srf06-cc26xx.a(etimer.o)
                0x0000000000003968                etimer_restart
 .text.etimer_pending
                0x000000000000397c       0x14 contiki-srf06-cc26xx.a(etimer.o)
                0x000000000000397c                etimer_pending
 .text.etimer_next_expiration_time
                0x0000000000003990       0x18 contiki-srf06-cc26xx.a(etimer.o)
                0x0000000000003990                etimer_next_expiration_time
 .text.etimer_stop
                0x00000000000039a8       0x4c contiki-srf06-cc26xx.a(etimer.o)
                0x00000000000039a8                etimer_stop
 .text.exit_process
                0x00000000000039f4       0xac contiki-srf06-cc26xx.a(process.o)
 .text.call_process.part.0
                0x0000000000003aa0       0x3c contiki-srf06-cc26xx.a(process.o)
 .text.do_poll  0x0000000000003adc       0x40 contiki-srf06-cc26xx.a(process.o)
 .text.process_alloc_event
                0x0000000000003b1c       0x10 contiki-srf06-cc26xx.a(process.o)
                0x0000000000003b1c                process_alloc_event
 .text.process_init
                0x0000000000003b2c       0x3c contiki-srf06-cc26xx.a(process.o)
                0x0000000000003b2c                process_init
 .text.process_run
                0x0000000000003b68       0xbc contiki-srf06-cc26xx.a(process.o)
                0x0000000000003b68                process_run
 .text.process_nevents
                0x0000000000003c24       0x18 contiki-srf06-cc26xx.a(process.o)
                0x0000000000003c24                process_nevents
 .text.process_post
                0x0000000000003c3c       0x48 contiki-srf06-cc26xx.a(process.o)
                0x0000000000003c3c                process_post
 .text.process_post_synch
                0x0000000000003c84       0x1c contiki-srf06-cc26xx.a(process.o)
                0x0000000000003c84                process_post_synch
 .text.process_start
                0x0000000000003ca0       0x44 contiki-srf06-cc26xx.a(process.o)
                0x0000000000003ca0                process_start
 .text.process_poll
                0x0000000000003ce4       0x20 contiki-srf06-cc26xx.a(process.o)
                0x0000000000003ce4                process_poll
 .text.rtimer_init
                0x0000000000003d04        0x4 contiki-srf06-cc26xx.a(rtimer.o)
                0x0000000000003d04                rtimer_init
 .text.rtimer_run_next
                0x0000000000003d08       0x2c contiki-srf06-cc26xx.a(rtimer.o)
                0x0000000000003d08                rtimer_run_next
 .text.timer_set
                0x0000000000003d34       0x10 contiki-srf06-cc26xx.a(timer.o)
                0x0000000000003d34                timer_set
 .text.timer_restart
                0x0000000000003d44        0xc contiki-srf06-cc26xx.a(timer.o)
                0x0000000000003d44                timer_restart
 .text.timer_expired
                0x0000000000003d50       0x1c contiki-srf06-cc26xx.a(timer.o)
                0x0000000000003d50                timer_expired
 .text.process_thread_serial_line_process
                0x0000000000003d6c       0xd8 contiki-srf06-cc26xx.a(serial-line.o)
 .text.serial_line_init
                0x0000000000003e44       0x2c contiki-srf06-cc26xx.a(serial-line.o)
                0x0000000000003e44                serial_line_init
 .text.crc16_data
                0x0000000000003e70       0x30 contiki-srf06-cc26xx.a(crc16.o)
                0x0000000000003e70                crc16_data
 .text.list_init
                0x0000000000003ea0        0x8 contiki-srf06-cc26xx.a(list.o)
                0x0000000000003ea0                list_init
 .text.list_head
                0x0000000000003ea8        0x4 contiki-srf06-cc26xx.a(list.o)
                0x0000000000003ea8                list_head
 .text.list_add
                0x0000000000003eac       0x60 contiki-srf06-cc26xx.a(list.o)
                0x0000000000003eac                list_add
 .text.list_push
                0x0000000000003f0c       0x48 contiki-srf06-cc26xx.a(list.o)
                0x0000000000003f0c                list_push
 .text.list_remove
                0x0000000000003f54       0x40 contiki-srf06-cc26xx.a(list.o)
                0x0000000000003f54                list_remove
 .text.list_length
                0x0000000000003f94       0x14 contiki-srf06-cc26xx.a(list.o)
                0x0000000000003f94                list_length
 .text.list_item_next
                0x0000000000003fa8        0x8 contiki-srf06-cc26xx.a(list.o)
                0x0000000000003fa8                list_item_next
 .text.ringbuf_init
                0x0000000000003fb0       0x10 contiki-srf06-cc26xx.a(ringbuf.o)
                0x0000000000003fb0                ringbuf_init
 .text.ringbuf_put
                0x0000000000003fc0       0x30 contiki-srf06-cc26xx.a(ringbuf.o)
                0x0000000000003fc0                ringbuf_put
 .text.ringbuf_get
                0x0000000000003ff0       0x28 contiki-srf06-cc26xx.a(ringbuf.o)
                0x0000000000003ff0                ringbuf_get
 .text.sent_by_abc
                0x0000000000004018        0xc contiki-srf06-cc26xx.a(broadcast.o)
 .text.recv_from_abc
                0x0000000000004024       0x24 contiki-srf06-cc26xx.a(broadcast.o)
 .text.broadcast_open
                0x0000000000004048       0x28 contiki-srf06-cc26xx.a(broadcast.o)
                0x0000000000004048                broadcast_open
 .text.broadcast_close
                0x0000000000004070        0x4 contiki-srf06-cc26xx.a(broadcast.o)
                0x0000000000004070                broadcast_close
 .text.broadcast_send
                0x0000000000004074       0x1c contiki-srf06-cc26xx.a(broadcast.o)
                0x0000000000004074                broadcast_send
 .text.channel_init
                0x0000000000004090        0xc contiki-srf06-cc26xx.a(channel.o)
                0x0000000000004090                channel_init
 .text.channel_open
                0x000000000000409c       0x14 contiki-srf06-cc26xx.a(channel.o)
                0x000000000000409c                channel_open
 .text.channel_close
                0x00000000000040b0       0x10 contiki-srf06-cc26xx.a(channel.o)
                0x00000000000040b0                channel_close
 .text.channel_lookup
                0x00000000000040c0       0x30 contiki-srf06-cc26xx.a(channel.o)
                0x00000000000040c0                channel_lookup
 .text.channel_set_attributes
                0x00000000000040f0       0x18 contiki-srf06-cc26xx.a(channel.o)
                0x00000000000040f0                channel_set_attributes
 .text.sent_by_broadcast
                0x0000000000004108        0xc contiki-srf06-cc26xx.a(unicast.o)
 .text.recv_from_broadcast
                0x0000000000004114       0x28 contiki-srf06-cc26xx.a(unicast.o)
 .text.unicast_open
                0x000000000000413c       0x28 contiki-srf06-cc26xx.a(unicast.o)
                0x000000000000413c                unicast_open
 .text.unicast_close
                0x0000000000004164        0x4 contiki-srf06-cc26xx.a(unicast.o)
                0x0000000000004164                unicast_close
 .text.unicast_send
                0x0000000000004168       0x14 contiki-srf06-cc26xx.a(unicast.o)
                0x0000000000004168                unicast_send
 .text.SafeHapiVoid
                0x000000000000417c       0x34 contiki-srf06-cc26xx.a(adi.o)
                0x000000000000417c                SafeHapiVoid
 .text.NOROM_AONRTCCurrentCompareValueGet
                0x00000000000041b0       0x28 contiki-srf06-cc26xx.a(aon_rtc.o)
                0x00000000000041b0                NOROM_AONRTCCurrentCompareValueGet
 .text.NOROM_ChipInfo_GetChipFamily
                0x00000000000041d8       0x50 contiki-srf06-cc26xx.a(chipinfo.o)
                0x00000000000041d8                NOROM_ChipInfo_GetChipFamily
 .text.NOROM_ChipInfo_GetChipType
                0x0000000000004228       0x30 contiki-srf06-cc26xx.a(chipinfo.o)
                0x0000000000004228                NOROM_ChipInfo_GetChipType
 .text.NOROM_ChipInfo_GetHwRevision
                0x0000000000004258       0x94 contiki-srf06-cc26xx.a(chipinfo.o)
                0x0000000000004258                NOROM_ChipInfo_GetHwRevision
 .text.NOROM_ThisCodeIsBuiltForCC13xxHwRev20AndLater_HaltIfViolated
                0x00000000000042ec       0x18 contiki-srf06-cc26xx.a(chipinfo.o)
                0x00000000000042ec                NOROM_ThisCodeIsBuiltForCC13xxHwRev20AndLater_HaltIfViolated
 .text.NOROM_CPUcpsid
                0x0000000000004304        0x8 contiki-srf06-cc26xx.a(cpu.o)
                0x0000000000004304                NOROM_CPUcpsid
 .text.NOROM_CPUcpsie
                0x000000000000430c        0x8 contiki-srf06-cc26xx.a(cpu.o)
                0x000000000000430c                NOROM_CPUcpsie
 .text.NOROM_OSCClockSourceSet
                0x0000000000004314       0x7c contiki-srf06-cc26xx.a(osc.o)
                0x0000000000004314                NOROM_OSCClockSourceSet
 .text.NOROM_OSCClockSourceGet
                0x0000000000004390       0x30 contiki-srf06-cc26xx.a(osc.o)
                0x0000000000004390                NOROM_OSCClockSourceGet
 .text.NOROM_PowerCtrlSourceSet
                0x00000000000043c0       0x34 contiki-srf06-cc26xx.a(pwr_ctrl.o)
                0x00000000000043c0                NOROM_PowerCtrlSourceSet
 .text.TrimAfterColdResetWakeupFromShutDown
                0x00000000000043f4       0xf8 contiki-srf06-cc26xx.a(setup.o)
 .text.NOROM_SetupTrimDevice
                0x00000000000044ec       0xb4 contiki-srf06-cc26xx.a(setup.o)
                0x00000000000044ec                NOROM_SetupTrimDevice
 .text.NOROM_SetupSetVddrLevel
                0x00000000000045a0       0x94 contiki-srf06-cc26xx.a(setup_rom.o)
                0x00000000000045a0                NOROM_SetupSetVddrLevel
 .text.NOROM_SetupAfterColdResetWakeupFromShutDownCfg1
                0x0000000000004634       0xc8 contiki-srf06-cc26xx.a(setup_rom.o)
                0x0000000000004634                NOROM_SetupAfterColdResetWakeupFromShutDownCfg1
 .text.NOROM_SetupAfterColdResetWakeupFromShutDownCfg3
                0x00000000000046fc      0x1f0 contiki-srf06-cc26xx.a(setup_rom.o)
                0x00000000000046fc                NOROM_SetupAfterColdResetWakeupFromShutDownCfg3
 .text.NOROM_SetupGetTrimForAnabypassValue1
                0x00000000000048ec       0x64 contiki-srf06-cc26xx.a(setup_rom.o)
                0x00000000000048ec                NOROM_SetupGetTrimForAnabypassValue1
 .text.NOROM_SetupGetTrimForAmpcompCtrl
                0x0000000000004950       0x78 contiki-srf06-cc26xx.a(setup_rom.o)
                0x0000000000004950                NOROM_SetupGetTrimForAmpcompCtrl
 .text.NOROM_SetupAfterColdResetWakeupFromShutDownCfg2
                0x00000000000049c8      0x22c contiki-srf06-cc26xx.a(setup_rom.o)
                0x00000000000049c8                NOROM_SetupAfterColdResetWakeupFromShutDownCfg2
 .text.NOROM_SetupSetCacheModeAccordingToCcfgSetting
                0x0000000000004bf4       0x78 contiki-srf06-cc26xx.a(setup_rom.o)
                0x0000000000004bf4                NOROM_SetupSetCacheModeAccordingToCcfgSetting
 .text.NOROM_SysCtrlSetRechargeBeforePowerDown
                0x0000000000004c6c      0x2fc contiki-srf06-cc26xx.a(sys_ctrl.o)
                0x0000000000004c6c                NOROM_SysCtrlSetRechargeBeforePowerDown
 .text.NOROM_SysCtrlAdjustRechargeAfterPowerDown
                0x0000000000004f68       0x80 contiki-srf06-cc26xx.a(sys_ctrl.o)
                0x0000000000004f68                NOROM_SysCtrlAdjustRechargeAfterPowerDown
 .text.NOROM_SysCtrl_DCDC_VoltageConditionalControl
                0x0000000000004fe8       0x88 contiki-srf06-cc26xx.a(sys_ctrl.o)
                0x0000000000004fe8                NOROM_SysCtrl_DCDC_VoltageConditionalControl
 .text.NOROM_TRNGConfigure
                0x0000000000005070       0x3c contiki-srf06-cc26xx.a(trng.o)
                0x0000000000005070                NOROM_TRNGConfigure
 .text.linkaddr_copy
                0x00000000000050ac        0x8 contiki-srf06-cc26xx.a(linkaddr.o)
                0x00000000000050ac                linkaddr_copy
 .text.linkaddr_cmp
                0x00000000000050b4       0x14 contiki-srf06-cc26xx.a(linkaddr.o)
                0x00000000000050b4                linkaddr_cmp
 .text.netstack_init
                0x00000000000050c8       0x40 contiki-srf06-cc26xx.a(netstack.o)
                0x00000000000050c8                netstack_init
 .text.packetbuf_compact
                0x0000000000005108       0x50 contiki-srf06-cc26xx.a(packetbuf.o)
                0x0000000000005108                packetbuf_compact
 .text.packetbuf_copyto
                0x0000000000005158       0x54 contiki-srf06-cc26xx.a(packetbuf.o)
                0x0000000000005158                packetbuf_copyto
 .text.packetbuf_hdralloc
                0x00000000000051ac       0x60 contiki-srf06-cc26xx.a(packetbuf.o)
                0x00000000000051ac                packetbuf_hdralloc
 .text.packetbuf_hdrreduce
                0x000000000000520c       0x34 contiki-srf06-cc26xx.a(packetbuf.o)
                0x000000000000520c                packetbuf_hdrreduce
 .text.packetbuf_set_datalen
                0x0000000000005240        0xc contiki-srf06-cc26xx.a(packetbuf.o)
                0x0000000000005240                packetbuf_set_datalen
 .text.packetbuf_dataptr
                0x000000000000524c       0x24 contiki-srf06-cc26xx.a(packetbuf.o)
                0x000000000000524c                packetbuf_dataptr
 .text.packetbuf_hdrptr
                0x0000000000005270        0xc contiki-srf06-cc26xx.a(packetbuf.o)
                0x0000000000005270                packetbuf_hdrptr
 .text.packetbuf_datalen
                0x000000000000527c        0xc contiki-srf06-cc26xx.a(packetbuf.o)
                0x000000000000527c                packetbuf_datalen
 .text.packetbuf_totlen
                0x0000000000005288       0x28 contiki-srf06-cc26xx.a(packetbuf.o)
                0x0000000000005288                packetbuf_totlen
 .text.packetbuf_attr_clear
                0x00000000000052b0       0x48 contiki-srf06-cc26xx.a(packetbuf.o)
                0x00000000000052b0                packetbuf_attr_clear
 .text.packetbuf_clear
                0x00000000000052f8       0x24 contiki-srf06-cc26xx.a(packetbuf.o)
                0x00000000000052f8                packetbuf_clear
 .text.packetbuf_copyfrom
                0x000000000000531c       0x48 contiki-srf06-cc26xx.a(packetbuf.o)
                0x000000000000531c                packetbuf_copyfrom
 .text.packetbuf_attr_copyto
                0x0000000000005364       0x44 contiki-srf06-cc26xx.a(packetbuf.o)
                0x0000000000005364                packetbuf_attr_copyto
 .text.packetbuf_attr_copyfrom
                0x00000000000053a8       0x40 contiki-srf06-cc26xx.a(packetbuf.o)
                0x00000000000053a8                packetbuf_attr_copyfrom
 .text.packetbuf_set_attr
                0x00000000000053e8       0x10 contiki-srf06-cc26xx.a(packetbuf.o)
                0x00000000000053e8                packetbuf_set_attr
 .text.packetbuf_attr
                0x00000000000053f8       0x10 contiki-srf06-cc26xx.a(packetbuf.o)
                0x00000000000053f8                packetbuf_attr
 .text.packetbuf_set_addr
                0x0000000000005408       0x18 contiki-srf06-cc26xx.a(packetbuf.o)
                0x0000000000005408                packetbuf_set_addr
 .text.packetbuf_addr
                0x0000000000005420       0x10 contiki-srf06-cc26xx.a(packetbuf.o)
                0x0000000000005420                packetbuf_addr
 .text.packetbuf_holds_broadcast
                0x0000000000005430       0x14 contiki-srf06-cc26xx.a(packetbuf.o)
                0x0000000000005430                packetbuf_holds_broadcast
 .text.input_packet
                0x0000000000005444       0x10 contiki-srf06-cc26xx.a(csma.o)
 .text.on       0x0000000000005454       0x10 contiki-srf06-cc26xx.a(csma.o)
 .text.off      0x0000000000005464       0x10 contiki-srf06-cc26xx.a(csma.o)
 .text.channel_check_interval
                0x0000000000005474       0x14 contiki-srf06-cc26xx.a(csma.o)
 .text.transmit_packet_list
                0x0000000000005488       0x28 contiki-srf06-cc26xx.a(csma.o)
 .text.schedule_transmission
                0x00000000000054b0       0x54 contiki-srf06-cc26xx.a(csma.o)
 .text.send_packet
                0x0000000000005504      0x194 contiki-srf06-cc26xx.a(csma.o)
 .text.init     0x0000000000005698       0x2c contiki-srf06-cc26xx.a(csma.o)
 .text.tx_done  0x00000000000056c4       0x8c contiki-srf06-cc26xx.a(csma.o)
 .text.packet_sent
                0x0000000000005750       0xe8 contiki-srf06-cc26xx.a(csma.o)
 .text.frame802154_get_pan_id
                0x0000000000005838        0xc contiki-srf06-cc26xx.a(frame802154.o)
                0x0000000000005838                frame802154_get_pan_id
 .text.frame802154_has_panid
                0x0000000000005844       0xac contiki-srf06-cc26xx.a(frame802154.o)
                0x0000000000005844                frame802154_has_panid
 .text.field_len
                0x00000000000058f0       0x9c contiki-srf06-cc26xx.a(frame802154.o)
 .text.frame802154_is_broadcast_addr
                0x000000000000598c       0x24 contiki-srf06-cc26xx.a(frame802154.o)
                0x000000000000598c                frame802154_is_broadcast_addr
 .text.frame802154_hdrlen
                0x00000000000059b0       0x34 contiki-srf06-cc26xx.a(frame802154.o)
                0x00000000000059b0                frame802154_hdrlen
 .text.frame802154_create
                0x00000000000059e4      0x118 contiki-srf06-cc26xx.a(frame802154.o)
                0x00000000000059e4                frame802154_create
 .text.frame802154_parse
                0x0000000000005afc      0x18c contiki-srf06-cc26xx.a(frame802154.o)
                0x0000000000005afc                frame802154_parse
 .text.mac_call_sent_callback
                0x0000000000005c88       0x10 contiki-srf06-cc26xx.a(mac.o)
                0x0000000000005c88                mac_call_sent_callback
 .text.on       0x0000000000005c98       0x10 contiki-srf06-cc26xx.a(nullrdc.o)
 .text.channel_check_interval
                0x0000000000005ca8        0x4 contiki-srf06-cc26xx.a(nullrdc.o)
 .text.init     0x0000000000005cac       0x10 contiki-srf06-cc26xx.a(nullrdc.o)
 .text.packet_input
                0x0000000000005cbc       0xc4 contiki-srf06-cc26xx.a(nullrdc.o)
 .text.send_one_packet
                0x0000000000005d80      0x124 contiki-srf06-cc26xx.a(nullrdc.o)
 .text.send_list
                0x0000000000005ea4       0x24 contiki-srf06-cc26xx.a(nullrdc.o)
 .text.send_packet
                0x0000000000005ec8        0x4 contiki-srf06-cc26xx.a(nullrdc.o)
 .text.off      0x0000000000005ecc       0x18 contiki-srf06-cc26xx.a(nullrdc.o)
 .text.init     0x0000000000005ee4        0x4 contiki-srf06-cc26xx.a(nullsec.o)
 .text.input    0x0000000000005ee8       0x10 contiki-srf06-cc26xx.a(nullsec.o)
 .text.send     0x0000000000005ef8       0x20 contiki-srf06-cc26xx.a(nullsec.o)
 .text.aux_ctrl_power_up
                0x0000000000005f18       0x2c contiki-srf06-cc26xx.a(aux-ctrl.o)
                0x0000000000005f18                aux_ctrl_power_up
 .text.aux_ctrl_register_consumer
                0x0000000000005f44       0x44 contiki-srf06-cc26xx.a(aux-ctrl.o)
                0x0000000000005f44                aux_ctrl_register_consumer
 .text.aux_ctrl_power_down
                0x0000000000005f88       0x80 contiki-srf06-cc26xx.a(aux-ctrl.o)
                0x0000000000005f88                aux_ctrl_power_down
 .text.aux_ctrl_unregister_consumer
                0x0000000000006008       0x2c contiki-srf06-cc26xx.a(aux-ctrl.o)
                0x0000000000006008                aux_ctrl_unregister_consumer
 .text.puts     0x0000000000006034       0x2c contiki-srf06-cc26xx.a(putchar.o)
                0x0000000000006034                puts
 .text.memb_init
                0x0000000000006060       0x24 contiki-srf06-cc26xx.a(memb.o)
                0x0000000000006060                memb_init
 .text.memb_alloc
                0x0000000000006084       0x3c contiki-srf06-cc26xx.a(memb.o)
                0x0000000000006084                memb_alloc
 .text.memb_free
                0x00000000000060c0       0x44 contiki-srf06-cc26xx.a(memb.o)
                0x00000000000060c0                memb_free
 .text.memb_inmemb
                0x0000000000006104       0x1c contiki-srf06-cc26xx.a(memb.o)
                0x0000000000006104                memb_inmemb
 .text.abc_open
                0x0000000000006120       0x20 contiki-srf06-cc26xx.a(abc.o)
                0x0000000000006120                abc_open
 .text.abc_close
                0x0000000000006140        0x4 contiki-srf06-cc26xx.a(abc.o)
                0x0000000000006140                abc_close
 .text.abc_send
                0x0000000000006144        0x4 contiki-srf06-cc26xx.a(abc.o)
                0x0000000000006144                abc_send
 .text.abc_input
                0x0000000000006148        0xc contiki-srf06-cc26xx.a(abc.o)
                0x0000000000006148                abc_input
 .text.abc_sent
                0x0000000000006154        0xc contiki-srf06-cc26xx.a(abc.o)
                0x0000000000006154                abc_sent
 .text.chameleon_init
                0x0000000000006160        0x4 contiki-srf06-cc26xx.a(chameleon.o)
                0x0000000000006160                chameleon_init
 .text.chameleon_parse
                0x0000000000006164       0x20 contiki-srf06-cc26xx.a(chameleon.o)
                0x0000000000006164                chameleon_parse
 .text.chameleon_create
                0x0000000000006184       0x24 contiki-srf06-cc26xx.a(chameleon.o)
                0x0000000000006184                chameleon_create
 .text.chameleon_hdrsize
                0x00000000000061a8       0x10 contiki-srf06-cc26xx.a(chameleon.o)
                0x00000000000061a8                chameleon_hdrsize
 .text.packet_sent
                0x00000000000061b8       0x3c contiki-srf06-cc26xx.a(rime.o)
 .text.input    0x00000000000061f4       0x38 contiki-srf06-cc26xx.a(rime.o)
 .text.init     0x000000000000622c       0x28 contiki-srf06-cc26xx.a(rime.o)
 .text.rime_output
                0x0000000000006254       0x28 contiki-srf06-cc26xx.a(rime.o)
                0x0000000000006254                rime_output
 .text.NOROM_AONBatMonTemperatureGetDegC
                0x000000000000627c       0x38 contiki-srf06-cc26xx.a(aon_batmon.o)
                0x000000000000627c                NOROM_AONBatMonTemperatureGetDegC
 .text.NOROM_DDI32RegWrite
                0x00000000000062b4       0x3c contiki-srf06-cc26xx.a(ddi.o)
                0x00000000000062b4                NOROM_DDI32RegWrite
 .text.queuebuf_init
                0x00000000000062f0       0x20 contiki-srf06-cc26xx.a(queuebuf.o)
                0x00000000000062f0                queuebuf_init
 .text.queuebuf_new_from_packetbuf
                0x0000000000006310       0x50 contiki-srf06-cc26xx.a(queuebuf.o)
                0x0000000000006310                queuebuf_new_from_packetbuf
 .text.queuebuf_update_attr_from_packetbuf
                0x0000000000006360        0xc contiki-srf06-cc26xx.a(queuebuf.o)
                0x0000000000006360                queuebuf_update_attr_from_packetbuf
 .text.queuebuf_free
                0x000000000000636c       0x38 contiki-srf06-cc26xx.a(queuebuf.o)
                0x000000000000636c                queuebuf_free
 .text.queuebuf_to_packetbuf
                0x00000000000063a4       0x34 contiki-srf06-cc26xx.a(queuebuf.o)
                0x00000000000063a4                queuebuf_to_packetbuf
 .text.queuebuf_attr
                0x00000000000063d8        0xc contiki-srf06-cc26xx.a(queuebuf.o)
                0x00000000000063d8                queuebuf_attr
 .text.parse    0x00000000000063e4       0xa4 contiki-srf06-cc26xx.a(framer-802154.o)
 .text.create_frame.isra.0
                0x0000000000006488      0x14c contiki-srf06-cc26xx.a(framer-802154.o)
 .text.create   0x00000000000065d4        0x8 contiki-srf06-cc26xx.a(framer-802154.o)
 .text.hdr_length
                0x00000000000065dc        0x8 contiki-srf06-cc26xx.a(framer-802154.o)
 .text.mac_sequence_is_duplicate
                0x00000000000065e4       0x54 contiki-srf06-cc26xx.a(mac-sequence.o)
                0x00000000000065e4                mac_sequence_is_duplicate
 .text.mac_sequence_register_seqno
                0x0000000000006638       0x74 contiki-srf06-cc26xx.a(mac-sequence.o)
                0x0000000000006638                mac_sequence_register_seqno
 .text.announcement_init
                0x00000000000066ac        0xc contiki-srf06-cc26xx.a(announcement.o)
                0x00000000000066ac                announcement_init
 .text.announcement_register_observer_callback
                0x00000000000066b8        0xc contiki-srf06-cc26xx.a(announcement.o)
                0x00000000000066b8                announcement_register_observer_callback
 .text.announcement_list
                0x00000000000066c4        0xc contiki-srf06-cc26xx.a(announcement.o)
                0x00000000000066c4                announcement_list
 .text.announcement_heard
                0x00000000000066d0       0x34 contiki-srf06-cc26xx.a(announcement.o)
                0x00000000000066d0                announcement_heard
 .text.adv_packet_sent
                0x0000000000006704        0x4 contiki-srf06-cc26xx.a(broadcast-annou)
 .text.set_timers
                0x0000000000006708       0x44 contiki-srf06-cc26xx.a(broadcast-annou)
 .text.send_timer
                0x000000000000674c       0x1c contiki-srf06-cc26xx.a(broadcast-annou)
 .text.send_adv
                0x0000000000006768       0x5c contiki-srf06-cc26xx.a(broadcast-annou)
 .text.adv_packet_received
                0x00000000000067c4       0x48 contiki-srf06-cc26xx.a(broadcast-annou)
 .text.new_announcement
                0x000000000000680c       0x1c contiki-srf06-cc26xx.a(broadcast-annou)
 .text.broadcast_announcement_init
                0x0000000000006828       0x38 contiki-srf06-cc26xx.a(broadcast-annou)
                0x0000000000006828                broadcast_announcement_init
 .text.header_size
                0x0000000000006860       0x1c contiki-srf06-cc26xx.a(chameleon-bitop)
 .text.get_bits
                0x000000000000687c       0xc0 contiki-srf06-cc26xx.a(chameleon-bitop)
                0x000000000000687c                get_bits
 .text.unpack_header
                0x000000000000693c       0xbc contiki-srf06-cc26xx.a(chameleon-bitop)
 .text.set_bits
                0x00000000000069f8       0xd4 contiki-srf06-cc26xx.a(chameleon-bitop)
                0x00000000000069f8                set_bits
 .text.pack_header
                0x0000000000006acc       0xb0 contiki-srf06-cc26xx.a(chameleon-bitop)
 .text.memcmp   0x0000000000006b7c       0x68 /usr/lib/gcc/arm-none-eabi/4.8.2/../../../arm-none-eabi/lib/armv7-m/libc.a(lib_a-memcmp.o)
                0x0000000000006b7c                memcmp
 .text          0x0000000000006be4       0xec /usr/lib/gcc/arm-none-eabi/4.8.2/../../../arm-none-eabi/lib/armv7-m/libc.a(lib_a-memcpy.o)
                0x0000000000006be4                memcpy
 .text.memset   0x0000000000006cd0       0x94 /usr/lib/gcc/arm-none-eabi/4.8.2/../../../arm-none-eabi/lib/armv7-m/libc.a(lib_a-memset.o)
                0x0000000000006cd0                memset
 .text.strlen   0x0000000000006d64       0x60 /usr/lib/gcc/arm-none-eabi/4.8.2/../../../arm-none-eabi/lib/armv7-m/libc.a(lib_a-strlen.o)
                0x0000000000006d64                strlen
 *(SORT(.rodata*))
 .rodata.unicast_callbacks
                0x0000000000006dc4        0x8 cc13xx-base.co
 .rodata.str1.4
                0x0000000000006dcc       0x24 cc13xx-base.co
 .rodata.broadcast_callbacks
                0x0000000000006df0        0x8 cc13xx-base.co
 .rodata.autostart_processes
                0x0000000000006df8        0xc cc13xx-base.co
                0x0000000000006df8                autostart_processes
 .rodata.str1.4
                0x0000000000006e04        0xe obj_srf06-cc26xx/apros-serial-line.o
                                         0x10 (size before relaxing)
 *fill*         0x0000000000006e12        0x2 00000000
 .rodata.str1.4
                0x0000000000006e14        0x8 contiki-srf06-cc26xx.a(sensors.o)
 .rodata.button_user_sensor
                0x0000000000006e1c       0x10 contiki-srf06-cc26xx.a(button-sensor.o)
                0x0000000000006e1c                button_user_sensor
 .rodata.str1.4
                0x0000000000006e2c        0x7 contiki-srf06-cc26xx.a(button-sensor.o)
                                          0x8 (size before relaxing)
 *fill*         0x0000000000006e33        0x1 00000000
 .rodata        0x0000000000006e34       0x50 contiki-srf06-cc26xx.a(board.o)
 .rodata        0x0000000000006e84        0x4 contiki-srf06-cc26xx.a(ext-flash.o)
 .rodata.output_power
                0x0000000000006e88       0x80 contiki-srf06-cc26xx.a(prop-mode.o)
 .rodata.mode_prop
                0x0000000000006f08        0x8 contiki-srf06-cc26xx.a(prop-mode.o)
 .rodata.prop_mode_driver
                0x0000000000006f10       0x38 contiki-srf06-cc26xx.a(prop-mode.o)
                0x0000000000006f10                prop_mode_driver
 .rodata.patchImageGenfsk
                0x0000000000006f48      0x28c contiki-srf06-cc26xx.a(prop-mode.o)
 .rodata.str1.4
                0x00000000000071d4       0x46 contiki-srf06-cc26xx.a(rf-core.o)
                                         0x48 (size before relaxing)
 *fill*         0x000000000000721a        0x2 00000000
 .rodata.str1.4
                0x000000000000721c       0x1b contiki-srf06-cc26xx.a(soc-trng.o)
                                         0x1c (size before relaxing)
 *fill*         0x0000000000007237        0x1 00000000
 .rodata.str1.4
                0x0000000000007238        0xf contiki-srf06-cc26xx.a(ctimer.o)
                                         0x10 (size before relaxing)
 *fill*         0x0000000000007247        0x1 00000000
 .rodata.str1.4
                0x0000000000007248        0xc contiki-srf06-cc26xx.a(etimer.o)
 .rodata.str1.4
                0x0000000000000000       0x10 contiki-srf06-cc26xx.a(serial-line.o)
 .rodata.attributes
                0x0000000000007254        0x4 contiki-srf06-cc26xx.a(broadcast.o)
 .rodata.broadcast
                0x0000000000007258        0x8 contiki-srf06-cc26xx.a(broadcast.o)
 .rodata.uc     0x0000000000007260        0x8 contiki-srf06-cc26xx.a(unicast.o)
 .rodata.attributes
                0x0000000000007268        0x8 contiki-srf06-cc26xx.a(unicast.o)
 .rodata.linkaddr_null
                0x0000000000007270        0x4 contiki-srf06-cc26xx.a(linkaddr.o)
                0x0000000000007270                linkaddr_null
 .rodata.str1.4
                0x0000000000007274        0x5 contiki-srf06-cc26xx.a(csma.o)
                                          0x8 (size before relaxing)
 *fill*         0x0000000000007279        0x3 00000000
 .rodata.csma_driver
                0x000000000000727c       0x1c contiki-srf06-cc26xx.a(csma.o)
                0x000000000000727c                csma_driver
 .rodata.str1.4
                0x0000000000007298        0x8 contiki-srf06-cc26xx.a(nullrdc.o)
 .rodata.nullrdc_driver
                0x00000000000072a0       0x20 contiki-srf06-cc26xx.a(nullrdc.o)
                0x00000000000072a0                nullrdc_driver
 .rodata.str1.4
                0x00000000000072c0        0x8 contiki-srf06-cc26xx.a(nullsec.o)
 .rodata.nullsec_driver
                0x00000000000072c8       0x10 contiki-srf06-cc26xx.a(nullsec.o)
                0x00000000000072c8                nullsec_driver
 .rodata.attributes
                0x00000000000072d8        0x4 contiki-srf06-cc26xx.a(abc.o)
 .rodata.str1.4
                0x00000000000072dc        0x8 contiki-srf06-cc26xx.a(rime.o)
 .rodata.rime_driver
                0x00000000000072e4        0xc contiki-srf06-cc26xx.a(rime.o)
                0x00000000000072e4                rime_driver
 .rodata.framer_802154
                0x00000000000072f0        0xc contiki-srf06-cc26xx.a(framer-802154.o)
                0x00000000000072f0                framer_802154
 .rodata.broadcast_callbacks
                0x00000000000072fc        0x8 contiki-srf06-cc26xx.a(broadcast-annou)
 .rodata.chameleon_bitopt
                0x0000000000007304        0xc contiki-srf06-cc26xx.a(chameleon-bitop)
                0x0000000000007304                chameleon_bitopt
 .rodata.bitmask
                0x0000000000007310        0xc contiki-srf06-cc26xx.a(chameleon-bitop)
                0x000000000000731c                _etext = .

.glue_7         0x000000000000731c        0x0
 .glue_7        0x0000000000000000        0x0 linker stubs

.glue_7t        0x000000000000731c        0x0
 .glue_7t       0x0000000000000000        0x0 linker stubs

.vfp11_veneer   0x000000000000731c        0x0
 .vfp11_veneer  0x0000000000000000        0x0 linker stubs

.v4_bx          0x000000000000731c        0x0
 .v4_bx         0x0000000000000000        0x0 linker stubs

.iplt           0x000000000000731c        0x0
 .iplt          0x0000000000000000        0x0 obj_srf06-cc26xx/startup_gcc.o

.data           0x0000000020000000      0x218 load address 0x000000000000731c
                0x0000000020000000                _data = .
 *(SORT(vtable))
 *(SORT(.data*))
 .data.uart_rx_process
                0x0000000020000000       0x10 cc13xx-base.co
                0x0000000020000000                uart_rx_process
 .data.cc13xx_demo_process
                0x0000000020000010       0x10 cc13xx-base.co
                0x0000000020000010                cc13xx_demo_process
 .data.apros_serial_line_process
                0x0000000020000020       0x10 obj_srf06-cc26xx/apros-serial-line.o
                0x0000000020000020                apros_serial_line_process
 .data.sensors_process
                0x0000000020000030       0x10 contiki-srf06-cc26xx.a(sensors.o)
                0x0000000020000030                sensors_process
 .data.sensors  0x0000000020000040        0x8 contiki-srf06-cc26xx.a(apros-sensors.o)
                0x0000000020000040                sensors
 .data.apros_module
                0x0000000020000048       0x14 contiki-srf06-cc26xx.a(board.o)
 .data.prop_lpm_module
                0x000000002000005c       0x14 contiki-srf06-cc26xx.a(prop-mode.o)
 .data.tx_power_current
                0x0000000020000070        0x4 contiki-srf06-cc26xx.a(prop-mode.o)
                0x0000000020000070                tx_power_current
 .data.uart_module
                0x0000000020000074       0x14 contiki-srf06-cc26xx.a(cc26xx-uart.o)
 .data.rf_core_process
                0x0000000020000088       0x10 contiki-srf06-cc26xx.a(rf-core.o)
                0x0000000020000088                rf_core_process
 .data.rng_module
                0x0000000020000098       0x14 contiki-srf06-cc26xx.a(soc-trng.o)
 .data.soc_trng_process
                0x00000000200000ac       0x10 contiki-srf06-cc26xx.a(soc-trng.o)
                0x00000000200000ac                soc_trng_process
 .data.ctimer_process
                0x00000000200000bc       0x10 contiki-srf06-cc26xx.a(ctimer.o)
                0x00000000200000bc                ctimer_process
 .data.etimer_process
                0x00000000200000cc       0x10 contiki-srf06-cc26xx.a(etimer.o)
                0x00000000200000cc                etimer_process
 .data.serial_line_process
                0x00000000200000dc       0x10 contiki-srf06-cc26xx.a(serial-line.o)
                0x00000000200000dc                serial_line_process
 .data.metadata_memb
                0x00000000200000ec        0xc contiki-srf06-cc26xx.a(csma.o)
 .data.neighbor_memb
                0x00000000200000f8        0xc contiki-srf06-cc26xx.a(csma.o)
 .data.packet_memb
                0x0000000020000104        0xc contiki-srf06-cc26xx.a(csma.o)
 .data.smartrf_settings_cmd_prop_rx_adv
                0x0000000020000110       0x30 contiki-srf06-cc26xx.a(smartrf-setting)
                0x0000000020000110                smartrf_settings_cmd_prop_rx_adv
 .data.smartrf_settings_cmd_fs
                0x0000000020000140       0x18 contiki-srf06-cc26xx.a(smartrf-setting)
                0x0000000020000140                smartrf_settings_cmd_fs
 .data.smartrf_settings_cmd_prop_radio_div_setup
                0x0000000020000158       0x28 contiki-srf06-cc26xx.a(smartrf-setting)
                0x0000000020000158                smartrf_settings_cmd_prop_radio_div_setup
 .data.smartrf_settings_cmd_prop_tx_adv
                0x0000000020000180       0x20 contiki-srf06-cc26xx.a(smartrf-setting)
                0x0000000020000180                smartrf_settings_cmd_prop_tx_adv
 .data.overrides
                0x00000000200001a0       0x54 contiki-srf06-cc26xx.a(smartrf-setting)
                0x00000000200001a0                overrides
 .data.bufmem   0x00000000200001f4        0xc contiki-srf06-cc26xx.a(queuebuf.o)
 .data.buframmem
                0x0000000020000200        0xc contiki-srf06-cc26xx.a(queuebuf.o)
 .data.mac_pan_id
                0x000000002000020c        0x2 contiki-srf06-cc26xx.a(frame802154.o)
 .data.er_type.8544
                0x000000002000020e        0x1 cc13xx-base.co
 .data.er_type.8517
                0x000000002000020f        0x1 cc13xx-base.co
 .data.er_type.8511
                0x0000000020000210        0x1 cc13xx-base.co
 .data.er_type.8502
                0x0000000020000211        0x1 cc13xx-base.co
 .data.er_type.8504
                0x0000000020000212        0x1 cc13xx-base.co
 .data.er_type.8507
                0x0000000020000213        0x1 cc13xx-base.co
 .data.er_type.8521
                0x0000000020000214        0x1 cc13xx-base.co
 .data.er_type.8519
                0x0000000020000215        0x1 cc13xx-base.co
 .data.rssi_threshold
                0x0000000020000216        0x1 contiki-srf06-cc26xx.a(prop-mode.o)
 .data.rng_ready_event
                0x0000000020000217        0x1 contiki-srf06-cc26xx.a(soc-trng.o)
                0x0000000020000218                _edata = .

.igot.plt       0x0000000020000218        0x0 load address 0x0000000000007534
 .igot.plt      0x0000000000000000        0x0 obj_srf06-cc26xx/startup_gcc.o

.ARM.exidx
 *(SORT(.ARM.exidx*))

.bss            0x0000000020000218     0x12bb
                0x0000000020000218                _bss = .
 *(SORT(.bss*))
 .bss.count     0x0000000020000218        0x8 contiki-srf06-cc26xx.a(clock.o)
 .bss.rands_cache
                0x0000000020000220       0x20 contiki-srf06-cc26xx.a(soc-trng.o)
 .bss.uc        0x0000000020000240       0x1c cc13xx-base.co
 .bss.ct_err_id
                0x000000002000025c       0x20 cc13xx-base.co
 .bss.ct_err_malform
                0x000000002000027c       0x20 cc13xx-base.co
 .bss.broadcast
                0x000000002000029c       0x18 cc13xx-base.co
 .bss.packetbuf_pntr.8415
                0x00000000200002b4        0x4 cc13xx-base.co
 .bss.value.8499
                0x00000000200002b8        0x4 cc13xx-base.co
 .bss.pkt.8446  0x00000000200002bc       0x34 cc13xx-base.co
 .bss.dest_mac.8501
                0x00000000200002f0        0x8 cc13xx-base.co
 .bss.pkt.8460  0x00000000200002f8       0x34 cc13xx-base.co
 .bss.ct_err_timeout
                0x000000002000032c       0x20 cc13xx-base.co
 .bss.et_live   0x000000002000034c       0x10 cc13xx-base.co
 .bss.ovfl.4755
                0x000000002000035c        0x4 obj_srf06-cc26xx/apros-serial-line.o
 .bss.ptr.4754  0x0000000020000360        0x4 obj_srf06-cc26xx/apros-serial-line.o
 .bss.parcel.4756
                0x0000000020000364       0x84 obj_srf06-cc26xx/apros-serial-line.o
 .bss.rxbuf_data
                0x00000000200003e8       0x80 obj_srf06-cc26xx/apros-serial-line.o
 .bss.rxbuf     0x0000000020000468        0x8 obj_srf06-cc26xx/apros-serial-line.o
 .bss.buf.4753  0x0000000020000470       0x80 obj_srf06-cc26xx/apros-serial-line.o
 .bss.i.4754    0x00000000200004f0        0x4 contiki-srf06-cc26xx.a(sensors.o)
 .bss.events.4755
                0x00000000200004f4        0x4 contiki-srf06-cc26xx.a(sensors.o)
 .bss.inited    0x00000000200004f8        0x4 contiki-srf06-cc26xx.a(leds-arch.o)
 .bss.rx_stats  0x00000000200004fc        0xc contiki-srf06-cc26xx.a(prop-mode.o)
 .bss.rx_data_queue
                0x0000000020000508        0x8 contiki-srf06-cc26xx.a(prop-mode.o)
 .bss.rx_read_entry
                0x0000000020000510        0x4 contiki-srf06-cc26xx.a(prop-mode.o)
 .bss.tx_buf    0x0000000020000514       0xb8 contiki-srf06-cc26xx.a(prop-mode.o)
 .bss.rx_buf_0  0x00000000200005cc       0x8c contiki-srf06-cc26xx.a(prop-mode.o)
 .bss.rx_buf_1  0x0000000020000658       0x8c contiki-srf06-cc26xx.a(prop-mode.o)
 .bss.last_isr_time
                0x00000000200006e4        0x4 contiki-srf06-cc26xx.a(soc-rtc.o)
 .bss.input_handler
                0x00000000200006e8        0x4 contiki-srf06-cc26xx.a(cc26xx-uart.o)
 .bss.modules_list_list
                0x00000000200006ec        0x4 contiki-srf06-cc26xx.a(lpm.o)
 .bss.handlers  0x00000000200006f0       0x80 contiki-srf06-cc26xx.a(gpio-interrupt.)
 .bss.last_radio_op
                0x0000000020000770        0x4 contiki-srf06-cc26xx.a(rf-core.o)
 .bss.primary_mode
                0x0000000020000774        0x4 contiki-srf06-cc26xx.a(rf-core.o)
 .bss.rat_offset
                0x0000000020000778        0x4 contiki-srf06-cc26xx.a(rf-core.o)
                0x0000000020000778                rat_offset
 .bss.notify_cb
                0x000000002000077c        0x4 contiki-srf06-cc26xx.a(soc-trng.o)
 .bss.rands_mask
                0x0000000020000780        0x4 contiki-srf06-cc26xx.a(soc-trng.o)
 .bss.ctimer_list_list
                0x0000000020000784        0x4 contiki-srf06-cc26xx.a(ctimer.o)
 .bss.timerlist
                0x0000000020000788        0x4 contiki-srf06-cc26xx.a(etimer.o)
 .bss.next_expiration
                0x000000002000078c        0x4 contiki-srf06-cc26xx.a(etimer.o)
 .bss.process_current
                0x0000000020000790        0x4 contiki-srf06-cc26xx.a(process.o)
                0x0000000020000790                process_current
 .bss.process_list
                0x0000000020000794        0x4 contiki-srf06-cc26xx.a(process.o)
                0x0000000020000794                process_list
 .bss.events    0x0000000020000798      0x180 contiki-srf06-cc26xx.a(process.o)
 .bss.next_rtimer
                0x0000000020000918        0x4 contiki-srf06-cc26xx.a(rtimer.o)
 .bss.rxbuf_data
                0x000000002000091c       0x80 contiki-srf06-cc26xx.a(serial-line.o)
 .bss.rxbuf     0x000000002000099c        0x8 contiki-srf06-cc26xx.a(serial-line.o)
 .bss.buf.4738  0x00000000200009a4       0x80 contiki-srf06-cc26xx.a(serial-line.o)
 .bss.ptr.4739  0x0000000020000a24        0x4 contiki-srf06-cc26xx.a(serial-line.o)
 .bss.channel_list_list
                0x0000000020000a28        0x4 contiki-srf06-cc26xx.a(channel.o)
 .bss.powerQualGlobals
                0x0000000020000a2c        0x8 contiki-srf06-cc26xx.a(sys_ctrl.o)
 .bss.packetbuf_aligned
                0x0000000020000a34       0x80 contiki-srf06-cc26xx.a(packetbuf.o)
 .bss.metadata_memb_memb_count
                0x0000000020000ab4        0x8 contiki-srf06-cc26xx.a(csma.o)
 .bss.neighbor_memb_memb_count
                0x0000000020000abc        0x4 contiki-srf06-cc26xx.a(csma.o)
 .bss.packet_memb_memb_count
                0x0000000020000ac0        0x8 contiki-srf06-cc26xx.a(csma.o)
 .bss.metadata_memb_memb_mem
                0x0000000020000ac8       0x60 contiki-srf06-cc26xx.a(csma.o)
 .bss.neighbor_list_list
                0x0000000020000b28        0x4 contiki-srf06-cc26xx.a(csma.o)
 .bss.packet_memb_memb_mem
                0x0000000020000b2c       0x60 contiki-srf06-cc26xx.a(csma.o)
 .bss.neighbor_memb_memb_mem
                0x0000000020000b8c       0x68 contiki-srf06-cc26xx.a(csma.o)
 .bss.consumers_list_list
                0x0000000020000bf4        0x4 contiki-srf06-cc26xx.a(aux-ctrl.o)
 .bss.sniffers_list
                0x0000000020000bf8        0x4 contiki-srf06-cc26xx.a(rime.o)
 .bss.buframmem_memb_count
                0x0000000020000bfc        0x8 contiki-srf06-cc26xx.a(queuebuf.o)
 .bss.bufmem_memb_mem
                0x0000000020000c04       0x20 contiki-srf06-cc26xx.a(queuebuf.o)
 .bss.buframmem_memb_mem
                0x0000000020000c24      0x5f0 contiki-srf06-cc26xx.a(queuebuf.o)
 .bss.bufmem_memb_count
                0x0000000020001214        0x8 contiki-srf06-cc26xx.a(queuebuf.o)
 .bss.received_seqnos
                0x000000002000121c       0xc0 contiki-srf06-cc26xx.a(mac-sequence.o)
 .bss.announcements_list
                0x00000000200012dc        0x4 contiki-srf06-cc26xx.a(announcement.o)
 .bss.observer_callback
                0x00000000200012e0        0x4 contiki-srf06-cc26xx.a(announcement.o)
 .bss.c         0x00000000200012e4       0x6c contiki-srf06-cc26xx.a(broadcast-annou)
 .bss.packetlength.8414
                0x0000000020001350        0x2 cc13xx-base.co
 .bss.buflen    0x0000000020001352        0x2 contiki-srf06-cc26xx.a(packetbuf.o)
 .bss.bufptr    0x0000000020001354        0x2 contiki-srf06-cc26xx.a(packetbuf.o)
 .bss.seqno.6147
                0x0000000020001356        0x2 contiki-srf06-cc26xx.a(csma.o)
 .bss.signal_type.8500
                0x0000000020001358        0x1 cc13xx-base.co
 .bss.i.8486    0x0000000020001359        0x1 cc13xx-base.co
 .bss.i.8496    0x000000002000135a        0x1 cc13xx-base.co
 .bss.length.8488
                0x000000002000135b        0x1 cc13xx-base.co
 .bss.length.8498
                0x000000002000135c        0x1 cc13xx-base.co
 .bss.type.8487
                0x000000002000135d        0x1 cc13xx-base.co
 .bss.type.8497
                0x000000002000135e        0x1 cc13xx-base.co
 .bss.overflow.4747
                0x000000002000135f        0x1 obj_srf06-cc26xx/apros-serial-line.o
 .bss.num_sensors
                0x0000000020001360        0x1 contiki-srf06-cc26xx.a(sensors.o)
 .bss.leds      0x0000000020001361        0x1 contiki-srf06-cc26xx.a(leds.o)
 .bss.c         0x0000000020001362        0x1 contiki-srf06-cc26xx.a(leds-arch.o)
 .bss.rat_offset_known
                0x0000000020001363        0x1 contiki-srf06-cc26xx.a(rf-core.o)
 .bss.ble_mode_on
                0x0000000020001364        0x1 contiki-srf06-cc26xx.a(rf-ble.o)
 .bss.initialized
                0x0000000020001365        0x1 contiki-srf06-cc26xx.a(ctimer.o)
 .bss.fevent    0x0000000020001366        0x1 contiki-srf06-cc26xx.a(process.o)
 .bss.nevents   0x0000000020001367        0x1 contiki-srf06-cc26xx.a(process.o)
 .bss.poll_requested
                0x0000000020001368        0x1 contiki-srf06-cc26xx.a(process.o)
 .bss.lastevent
                0x0000000020001369        0x1 contiki-srf06-cc26xx.a(process.o)
 .bss.hdrlen    0x000000002000136a        0x1 contiki-srf06-cc26xx.a(packetbuf.o)
 .bss.initialized.6146
                0x000000002000136b        0x1 contiki-srf06-cc26xx.a(csma.o)
 .bss.mac_dsn   0x000000002000136c        0x1 contiki-srf06-cc26xx.a(framer-802154.o)
 .bss.initialized
                0x000000002000136d        0x1 contiki-srf06-cc26xx.a(framer-802154.o)
 *(SORT(COMMON))
 *fill*         0x000000002000136e        0x2 
 COMMON         0x0000000020001370      0x11c cc13xx-base.co
                0x0000000020001370                sent_f_type
                0x0000000020001374                mems_base_config
                0x000000002000137c                parsing_length_serial
                0x000000002000137d                flag_can_send
                0x0000000020001380                parsing_packet_sun
                0x0000000020001400                parsing_packet_serial
                0x0000000020001480                parsing_length_sun
                0x0000000020001484                node_mac
 COMMON         0x000000002000148c        0x2 contiki-srf06-cc26xx.a(apros-sensors.o)
                0x000000002000148c                sensors_flags
 *fill*         0x000000002000148e        0x2 
 COMMON         0x0000000020001490        0x2 contiki-srf06-cc26xx.a(linkaddr.o)
                0x0000000020001490                linkaddr_node_addr
 *fill*         0x0000000020001492        0x2 
 COMMON         0x0000000020001494       0x3c contiki-srf06-cc26xx.a(packetbuf.o)
                0x0000000020001494                packetbuf_addrs
                0x000000002000149c                packetbuf_attrs
 COMMON         0x00000000200014d0        0x1 obj_srf06-cc26xx/apros-serial-line.o
                0x00000000200014d0                apros_serial_line_event_message
 COMMON         0x00000000200014d1        0x1 contiki-srf06-cc26xx.a(sensors.o)
                0x00000000200014d1                sensors_event
 COMMON         0x00000000200014d2        0x1 contiki-srf06-cc26xx.a(serial-line.o)
                0x00000000200014d2                serial_line_event_message
                0x00000000200014d3                _ebss = .

.ccfg           0x000000000001ffa8       0x58
 *(SORT(.ccfg))
 .ccfg          0x000000000001ffa8       0x58 obj_srf06-cc26xx/ccfg.o
                0x000000000001ffa8                __ccfg

.rel.dyn        0x0000000000020000        0x0
 .rel.iplt      0x0000000000000000        0x0 obj_srf06-cc26xx/startup_gcc.o

._user_heap_stack
                0x00000000200014d3      0x101
                0x00000000200014d4                . = ALIGN (0x4)
 *fill*         0x00000000200014d3        0x1 
                0x00000000200014d4                . = (. + _Min_Heap_Size)
                0x00000000200015d4                . = (. + _Min_Stack_Size)
 *fill*         0x00000000200014d4      0x100 
                0x00000000200015d4                . = ALIGN (0x4)

.gpram
OUTPUT(cc13xx-base.elf elf32-littlearm)

.comment        0x0000000000000000       0x1f
 .comment       0x0000000000000000       0x1f obj_srf06-cc26xx/fault-handlers.o
                                         0x20 (size before relaxing)
 .comment       0x0000000000000000       0x20 obj_srf06-cc26xx/ccfg.o
 .comment       0x0000000000000000       0x20 obj_srf06-cc26xx/startup_gcc.o
 .comment       0x0000000000000000       0x20 cc13xx-base.co
 .comment       0x0000000000000000       0x20 obj_srf06-cc26xx/apros-serial-line.o
 .comment       0x0000000000000000       0x20 obj_srf06-cc26xx/apros-packet-control.o
 .comment       0x0000000000000000       0x20 contiki-srf06-cc26xx.a(contiki-main.o)
 .comment       0x0000000000000000       0x20 contiki-srf06-cc26xx.a(sensors.o)
 .comment       0x0000000000000000       0x20 contiki-srf06-cc26xx.a(leds.o)
 .comment       0x0000000000000000       0x20 contiki-srf06-cc26xx.a(apros-sensors.o)
 .comment       0x0000000000000000       0x20 contiki-srf06-cc26xx.a(button-sensor.o)
 .comment       0x0000000000000000       0x20 contiki-srf06-cc26xx.a(board.o)
 .comment       0x0000000000000000       0x20 contiki-srf06-cc26xx.a(ext-flash.o)
 .comment       0x0000000000000000       0x20 contiki-srf06-cc26xx.a(board-spi.o)
 .comment       0x0000000000000000       0x20 contiki-srf06-cc26xx.a(leds-arch.o)
 .comment       0x0000000000000000       0x20 contiki-srf06-cc26xx.a(prop-mode.o)
 .comment       0x0000000000000000       0x20 contiki-srf06-cc26xx.a(clock.o)
 .comment       0x0000000000000000       0x20 contiki-srf06-cc26xx.a(rtimer-arch.o)
 .comment       0x0000000000000000       0x20 contiki-srf06-cc26xx.a(soc-rtc.o)
 .comment       0x0000000000000000       0x20 contiki-srf06-cc26xx.a(contiki-watchdo)
 .comment       0x0000000000000000       0x20 contiki-srf06-cc26xx.a(ieee-addr.o)
 .comment       0x0000000000000000       0x20 contiki-srf06-cc26xx.a(cc26xx-uart.o)
 .comment       0x0000000000000000       0x20 contiki-srf06-cc26xx.a(lpm.o)
 .comment       0x0000000000000000       0x20 contiki-srf06-cc26xx.a(gpio-interrupt.)
 .comment       0x0000000000000000       0x20 contiki-srf06-cc26xx.a(oscillators.o)
 .comment       0x0000000000000000       0x20 contiki-srf06-cc26xx.a(rf-core.o)
 .comment       0x0000000000000000       0x20 contiki-srf06-cc26xx.a(rf-ble.o)
 .comment       0x0000000000000000       0x20 contiki-srf06-cc26xx.a(random.o)
 .comment       0x0000000000000000       0x20 contiki-srf06-cc26xx.a(soc-trng.o)
 .comment       0x0000000000000000       0x20 contiki-srf06-cc26xx.a(autostart.o)
 .comment       0x0000000000000000       0x20 contiki-srf06-cc26xx.a(ctimer.o)
 .comment       0x0000000000000000       0x20 contiki-srf06-cc26xx.a(energest.o)
 .comment       0x0000000000000000       0x20 contiki-srf06-cc26xx.a(etimer.o)
 .comment       0x0000000000000000       0x20 contiki-srf06-cc26xx.a(process.o)
 .comment       0x0000000000000000       0x20 contiki-srf06-cc26xx.a(rtimer.o)
 .comment       0x0000000000000000       0x20 contiki-srf06-cc26xx.a(timer.o)
 .comment       0x0000000000000000       0x20 contiki-srf06-cc26xx.a(serial-line.o)
 .comment       0x0000000000000000       0x20 contiki-srf06-cc26xx.a(crc16.o)
 .comment       0x0000000000000000       0x20 contiki-srf06-cc26xx.a(list.o)
 .comment       0x0000000000000000       0x20 contiki-srf06-cc26xx.a(ringbuf.o)
 .comment       0x0000000000000000       0x20 contiki-srf06-cc26xx.a(broadcast.o)
 .comment       0x0000000000000000       0x20 contiki-srf06-cc26xx.a(channel.o)
 .comment       0x0000000000000000       0x20 contiki-srf06-cc26xx.a(unicast.o)
 .comment       0x0000000000000000       0x20 contiki-srf06-cc26xx.a(adi.o)
 .comment       0x0000000000000000       0x20 contiki-srf06-cc26xx.a(aon_rtc.o)
 .comment       0x0000000000000000       0x20 contiki-srf06-cc26xx.a(chipinfo.o)
 .comment       0x0000000000000000       0x20 contiki-srf06-cc26xx.a(cpu.o)
 .comment       0x0000000000000000       0x20 contiki-srf06-cc26xx.a(osc.o)
 .comment       0x0000000000000000       0x20 contiki-srf06-cc26xx.a(pwr_ctrl.o)
 .comment       0x0000000000000000       0x20 contiki-srf06-cc26xx.a(setup.o)
 .comment       0x0000000000000000       0x20 contiki-srf06-cc26xx.a(setup_rom.o)
 .comment       0x0000000000000000       0x20 contiki-srf06-cc26xx.a(sys_ctrl.o)
 .comment       0x0000000000000000       0x20 contiki-srf06-cc26xx.a(trng.o)
 .comment       0x0000000000000000       0x20 contiki-srf06-cc26xx.a(linkaddr.o)
 .comment       0x0000000000000000       0x20 contiki-srf06-cc26xx.a(netstack.o)
 .comment       0x0000000000000000       0x20 contiki-srf06-cc26xx.a(packetbuf.o)
 .comment       0x0000000000000000       0x20 contiki-srf06-cc26xx.a(csma.o)
 .comment       0x0000000000000000       0x20 contiki-srf06-cc26xx.a(frame802154.o)
 .comment       0x0000000000000000       0x20 contiki-srf06-cc26xx.a(mac.o)
 .comment       0x0000000000000000       0x20 contiki-srf06-cc26xx.a(nullrdc.o)
 .comment       0x0000000000000000       0x20 contiki-srf06-cc26xx.a(nullsec.o)
 .comment       0x0000000000000000       0x20 contiki-srf06-cc26xx.a(smartrf-setting)
 .comment       0x0000000000000000       0x20 contiki-srf06-cc26xx.a(aux-ctrl.o)
 .comment       0x0000000000000000       0x20 contiki-srf06-cc26xx.a(putchar.o)
 .comment       0x0000000000000000       0x20 contiki-srf06-cc26xx.a(memb.o)
 .comment       0x0000000000000000       0x20 contiki-srf06-cc26xx.a(abc.o)
 .comment       0x0000000000000000       0x20 contiki-srf06-cc26xx.a(chameleon.o)
 .comment       0x0000000000000000       0x20 contiki-srf06-cc26xx.a(rime.o)
 .comment       0x0000000000000000       0x20 contiki-srf06-cc26xx.a(aon_batmon.o)
 .comment       0x0000000000000000       0x20 contiki-srf06-cc26xx.a(ddi.o)
 .comment       0x0000000000000000       0x20 contiki-srf06-cc26xx.a(queuebuf.o)
 .comment       0x0000000000000000       0x20 contiki-srf06-cc26xx.a(framer-802154.o)
 .comment       0x0000000000000000       0x20 contiki-srf06-cc26xx.a(mac-sequence.o)
 .comment       0x0000000000000000       0x20 contiki-srf06-cc26xx.a(announcement.o)
 .comment       0x0000000000000000       0x20 contiki-srf06-cc26xx.a(broadcast-annou)
 .comment       0x0000000000000000       0x20 contiki-srf06-cc26xx.a(chameleon-bitop)
 .comment       0x0000000000000000       0x20 /usr/lib/gcc/arm-none-eabi/4.8.2/../../../arm-none-eabi/lib/armv7-m/libc.a(lib_a-memcmp.o)
 .comment       0x0000000000000000       0x20 /usr/lib/gcc/arm-none-eabi/4.8.2/../../../arm-none-eabi/lib/armv7-m/libc.a(lib_a-memset.o)
 .comment       0x0000000000000000       0x20 /usr/lib/gcc/arm-none-eabi/4.8.2/../../../arm-none-eabi/lib/armv7-m/libc.a(lib_a-strlen.o)

.ARM.attributes
                0x0000000000000000       0x31
 .ARM.attributes
                0x0000000000000000       0x33 obj_srf06-cc26xx/fault-handlers.o
 .ARM.attributes
                0x0000000000000033       0x33 obj_srf06-cc26xx/ccfg.o
 .ARM.attributes
                0x0000000000000066       0x33 obj_srf06-cc26xx/startup_gcc.o
 .ARM.attributes
                0x0000000000000099       0x33 cc13xx-base.co
 .ARM.attributes
                0x00000000000000cc       0x33 obj_srf06-cc26xx/apros-serial-line.o
 .ARM.attributes
                0x00000000000000ff       0x33 obj_srf06-cc26xx/apros-packet-control.o
 .ARM.attributes
                0x0000000000000132       0x33 contiki-srf06-cc26xx.a(contiki-main.o)
 .ARM.attributes
                0x0000000000000165       0x33 contiki-srf06-cc26xx.a(sensors.o)
 .ARM.attributes
                0x0000000000000198       0x33 contiki-srf06-cc26xx.a(leds.o)
 .ARM.attributes
                0x00000000000001cb       0x33 contiki-srf06-cc26xx.a(apros-sensors.o)
 .ARM.attributes
                0x00000000000001fe       0x33 contiki-srf06-cc26xx.a(button-sensor.o)
 .ARM.attributes
                0x0000000000000231       0x33 contiki-srf06-cc26xx.a(board.o)
 .ARM.attributes
                0x0000000000000264       0x33 contiki-srf06-cc26xx.a(ext-flash.o)
 .ARM.attributes
                0x0000000000000297       0x33 contiki-srf06-cc26xx.a(board-spi.o)
 .ARM.attributes
                0x00000000000002ca       0x33 contiki-srf06-cc26xx.a(leds-arch.o)
 .ARM.attributes
                0x00000000000002fd       0x33 contiki-srf06-cc26xx.a(prop-mode.o)
 .ARM.attributes
                0x0000000000000330       0x33 contiki-srf06-cc26xx.a(clock.o)
 .ARM.attributes
                0x0000000000000363       0x33 contiki-srf06-cc26xx.a(rtimer-arch.o)
 .ARM.attributes
                0x0000000000000396       0x33 contiki-srf06-cc26xx.a(soc-rtc.o)
 .ARM.attributes
                0x00000000000003c9       0x33 contiki-srf06-cc26xx.a(contiki-watchdo)
 .ARM.attributes
                0x00000000000003fc       0x33 contiki-srf06-cc26xx.a(ieee-addr.o)
 .ARM.attributes
                0x000000000000042f       0x33 contiki-srf06-cc26xx.a(cc26xx-uart.o)
 .ARM.attributes
                0x0000000000000462       0x33 contiki-srf06-cc26xx.a(lpm.o)
 .ARM.attributes
                0x0000000000000495       0x33 contiki-srf06-cc26xx.a(gpio-interrupt.)
 .ARM.attributes
                0x00000000000004c8       0x33 contiki-srf06-cc26xx.a(oscillators.o)
 .ARM.attributes
                0x00000000000004fb       0x33 contiki-srf06-cc26xx.a(rf-core.o)
 .ARM.attributes
                0x000000000000052e       0x33 contiki-srf06-cc26xx.a(rf-ble.o)
 .ARM.attributes
                0x0000000000000561       0x33 contiki-srf06-cc26xx.a(random.o)
 .ARM.attributes
                0x0000000000000594       0x33 contiki-srf06-cc26xx.a(soc-trng.o)
 .ARM.attributes
                0x00000000000005c7       0x33 contiki-srf06-cc26xx.a(autostart.o)
 .ARM.attributes
                0x00000000000005fa       0x33 contiki-srf06-cc26xx.a(ctimer.o)
 .ARM.attributes
                0x000000000000062d       0x33 contiki-srf06-cc26xx.a(energest.o)
 .ARM.attributes
                0x0000000000000660       0x33 contiki-srf06-cc26xx.a(etimer.o)
 .ARM.attributes
                0x0000000000000693       0x33 contiki-srf06-cc26xx.a(process.o)
 .ARM.attributes
                0x00000000000006c6       0x33 contiki-srf06-cc26xx.a(rtimer.o)
 .ARM.attributes
                0x00000000000006f9       0x33 contiki-srf06-cc26xx.a(timer.o)
 .ARM.attributes
                0x000000000000072c       0x33 contiki-srf06-cc26xx.a(serial-line.o)
 .ARM.attributes
                0x000000000000075f       0x33 contiki-srf06-cc26xx.a(crc16.o)
 .ARM.attributes
                0x0000000000000792       0x33 contiki-srf06-cc26xx.a(list.o)
 .ARM.attributes
                0x00000000000007c5       0x33 contiki-srf06-cc26xx.a(ringbuf.o)
 .ARM.attributes
                0x00000000000007f8       0x33 contiki-srf06-cc26xx.a(broadcast.o)
 .ARM.attributes
                0x000000000000082b       0x33 contiki-srf06-cc26xx.a(channel.o)
 .ARM.attributes
                0x000000000000085e       0x33 contiki-srf06-cc26xx.a(unicast.o)
 .ARM.attributes
                0x0000000000000891       0x33 contiki-srf06-cc26xx.a(adi.o)
 .ARM.attributes
                0x00000000000008c4       0x33 contiki-srf06-cc26xx.a(aon_rtc.o)
 .ARM.attributes
                0x00000000000008f7       0x33 contiki-srf06-cc26xx.a(chipinfo.o)
 .ARM.attributes
                0x000000000000092a       0x33 contiki-srf06-cc26xx.a(cpu.o)
 .ARM.attributes
                0x000000000000095d       0x33 contiki-srf06-cc26xx.a(osc.o)
 .ARM.attributes
                0x0000000000000990       0x33 contiki-srf06-cc26xx.a(pwr_ctrl.o)
 .ARM.attributes
                0x00000000000009c3       0x33 contiki-srf06-cc26xx.a(setup.o)
 .ARM.attributes
                0x00000000000009f6       0x33 contiki-srf06-cc26xx.a(setup_rom.o)
 .ARM.attributes
                0x0000000000000a29       0x33 contiki-srf06-cc26xx.a(sys_ctrl.o)
 .ARM.attributes
                0x0000000000000a5c       0x33 contiki-srf06-cc26xx.a(trng.o)
 .ARM.attributes
                0x0000000000000a8f       0x33 contiki-srf06-cc26xx.a(linkaddr.o)
 .ARM.attributes
                0x0000000000000ac2       0x33 contiki-srf06-cc26xx.a(netstack.o)
 .ARM.attributes
                0x0000000000000af5       0x33 contiki-srf06-cc26xx.a(packetbuf.o)
 .ARM.attributes
                0x0000000000000b28       0x33 contiki-srf06-cc26xx.a(csma.o)
 .ARM.attributes
                0x0000000000000b5b       0x33 contiki-srf06-cc26xx.a(frame802154.o)
 .ARM.attributes
                0x0000000000000b8e       0x33 contiki-srf06-cc26xx.a(mac.o)
 .ARM.attributes
                0x0000000000000bc1       0x33 contiki-srf06-cc26xx.a(nullrdc.o)
 .ARM.attributes
                0x0000000000000bf4       0x33 contiki-srf06-cc26xx.a(nullsec.o)
 .ARM.attributes
                0x0000000000000c27       0x33 contiki-srf06-cc26xx.a(smartrf-setting)
 .ARM.attributes
                0x0000000000000c5a       0x33 contiki-srf06-cc26xx.a(aux-ctrl.o)
 .ARM.attributes
                0x0000000000000c8d       0x33 contiki-srf06-cc26xx.a(putchar.o)
 .ARM.attributes
                0x0000000000000cc0       0x33 contiki-srf06-cc26xx.a(memb.o)
 .ARM.attributes
                0x0000000000000cf3       0x33 contiki-srf06-cc26xx.a(abc.o)
 .ARM.attributes
                0x0000000000000d26       0x33 contiki-srf06-cc26xx.a(chameleon.o)
 .ARM.attributes
                0x0000000000000d59       0x33 contiki-srf06-cc26xx.a(rime.o)
 .ARM.attributes
                0x0000000000000d8c       0x33 contiki-srf06-cc26xx.a(aon_batmon.o)
 .ARM.attributes
                0x0000000000000dbf       0x33 contiki-srf06-cc26xx.a(ddi.o)
 .ARM.attributes
                0x0000000000000df2       0x33 contiki-srf06-cc26xx.a(queuebuf.o)
 .ARM.attributes
                0x0000000000000e25       0x33 contiki-srf06-cc26xx.a(framer-802154.o)
 .ARM.attributes
                0x0000000000000e58       0x33 contiki-srf06-cc26xx.a(mac-sequence.o)
 .ARM.attributes
                0x0000000000000e8b       0x33 contiki-srf06-cc26xx.a(announcement.o)
 .ARM.attributes
                0x0000000000000ebe       0x33 contiki-srf06-cc26xx.a(broadcast-annou)
 .ARM.attributes
                0x0000000000000ef1       0x33 contiki-srf06-cc26xx.a(chameleon-bitop)
 .ARM.attributes
                0x0000000000000f24       0x2d /usr/lib/gcc/arm-none-eabi/4.8.2/../../../arm-none-eabi/lib/armv7-m/libc.a(lib_a-memcmp.o)
 .ARM.attributes
                0x0000000000000f51       0x1b /usr/lib/gcc/arm-none-eabi/4.8.2/../../../arm-none-eabi/lib/armv7-m/libc.a(lib_a-memcpy.o)
 .ARM.attributes
                0x0000000000000f6c       0x2d /usr/lib/gcc/arm-none-eabi/4.8.2/../../../arm-none-eabi/lib/armv7-m/libc.a(lib_a-memset.o)
 .ARM.attributes
                0x0000000000000f99       0x2d /usr/lib/gcc/arm-none-eabi/4.8.2/../../../arm-none-eabi/lib/armv7-m/libc.a(lib_a-strlen.o)

.debug_info     0x0000000000000000      0x391
 .debug_info    0x0000000000000000      0x113 /usr/lib/gcc/arm-none-eabi/4.8.2/../../../arm-none-eabi/lib/armv7-m/libc.a(lib_a-memcmp.o)
 .debug_info    0x0000000000000113       0xb2 /usr/lib/gcc/arm-none-eabi/4.8.2/../../../arm-none-eabi/lib/armv7-m/libc.a(lib_a-memcpy.o)
 .debug_info    0x00000000000001c5      0x117 /usr/lib/gcc/arm-none-eabi/4.8.2/../../../arm-none-eabi/lib/armv7-m/libc.a(lib_a-memset.o)
 .debug_info    0x00000000000002dc       0xb5 /usr/lib/gcc/arm-none-eabi/4.8.2/../../../arm-none-eabi/lib/armv7-m/libc.a(lib_a-strlen.o)

.debug_abbrev   0x0000000000000000      0x1a2
 .debug_abbrev  0x0000000000000000       0x7f /usr/lib/gcc/arm-none-eabi/4.8.2/../../../arm-none-eabi/lib/armv7-m/libc.a(lib_a-memcmp.o)
 .debug_abbrev  0x000000000000007f       0x14 /usr/lib/gcc/arm-none-eabi/4.8.2/../../../arm-none-eabi/lib/armv7-m/libc.a(lib_a-memcpy.o)
 .debug_abbrev  0x0000000000000093       0x9f /usr/lib/gcc/arm-none-eabi/4.8.2/../../../arm-none-eabi/lib/armv7-m/libc.a(lib_a-memset.o)
 .debug_abbrev  0x0000000000000132       0x70 /usr/lib/gcc/arm-none-eabi/4.8.2/../../../arm-none-eabi/lib/armv7-m/libc.a(lib_a-strlen.o)

.debug_loc      0x0000000000000000      0x28f
 .debug_loc     0x0000000000000000       0xe3 /usr/lib/gcc/arm-none-eabi/4.8.2/../../../arm-none-eabi/lib/armv7-m/libc.a(lib_a-memcmp.o)
 .debug_loc     0x00000000000000e3      0x18b /usr/lib/gcc/arm-none-eabi/4.8.2/../../../arm-none-eabi/lib/armv7-m/libc.a(lib_a-memset.o)
 .debug_loc     0x000000000000026e       0x21 /usr/lib/gcc/arm-none-eabi/4.8.2/../../../arm-none-eabi/lib/armv7-m/libc.a(lib_a-strlen.o)

.debug_aranges  0x0000000000000000       0x80
 .debug_aranges
                0x0000000000000000       0x20 /usr/lib/gcc/arm-none-eabi/4.8.2/../../../arm-none-eabi/lib/armv7-m/libc.a(lib_a-memcmp.o)
 .debug_aranges
                0x0000000000000020       0x20 /usr/lib/gcc/arm-none-eabi/4.8.2/../../../arm-none-eabi/lib/armv7-m/libc.a(lib_a-memcpy.o)
 .debug_aranges
                0x0000000000000040       0x20 /usr/lib/gcc/arm-none-eabi/4.8.2/../../../arm-none-eabi/lib/armv7-m/libc.a(lib_a-memset.o)
 .debug_aranges
                0x0000000000000060       0x20 /usr/lib/gcc/arm-none-eabi/4.8.2/../../../arm-none-eabi/lib/armv7-m/libc.a(lib_a-strlen.o)

.debug_ranges   0x0000000000000000       0x30
 .debug_ranges  0x0000000000000000       0x10 /usr/lib/gcc/arm-none-eabi/4.8.2/../../../arm-none-eabi/lib/armv7-m/libc.a(lib_a-memcmp.o)
 .debug_ranges  0x0000000000000010       0x10 /usr/lib/gcc/arm-none-eabi/4.8.2/../../../arm-none-eabi/lib/armv7-m/libc.a(lib_a-memset.o)
 .debug_ranges  0x0000000000000020       0x10 /usr/lib/gcc/arm-none-eabi/4.8.2/../../../arm-none-eabi/lib/armv7-m/libc.a(lib_a-strlen.o)

.debug_line     0x0000000000000000      0x387
 .debug_line    0x0000000000000000       0xf6 /usr/lib/gcc/arm-none-eabi/4.8.2/../../../arm-none-eabi/lib/armv7-m/libc.a(lib_a-memcmp.o)
 .debug_line    0x00000000000000f6       0xbb /usr/lib/gcc/arm-none-eabi/4.8.2/../../../arm-none-eabi/lib/armv7-m/libc.a(lib_a-memcpy.o)
 .debug_line    0x00000000000001b1       0xff /usr/lib/gcc/arm-none-eabi/4.8.2/../../../arm-none-eabi/lib/armv7-m/libc.a(lib_a-memset.o)
 .debug_line    0x00000000000002b0       0xd7 /usr/lib/gcc/arm-none-eabi/4.8.2/../../../arm-none-eabi/lib/armv7-m/libc.a(lib_a-strlen.o)

.debug_str      0x0000000000000000      0x238
 .debug_str     0x0000000000000000      0x163 /usr/lib/gcc/arm-none-eabi/4.8.2/../../../arm-none-eabi/lib/armv7-m/libc.a(lib_a-memcmp.o)
                                        0x19c (size before relaxing)