Archive member included because of file (symbol)

contiki-srf06-cc26xx.a(contiki-main.o)
                              obj_srf06-cc26xx/startup_gcc.o (main)
contiki-srf06-cc26xx.a(sensors.o)
                              cc13xx-node.co (sensors_event)
contiki-srf06-cc26xx.a(leds.o)
                              contiki-srf06-cc26xx.a(contiki-main.o) (leds_init)
contiki-srf06-cc26xx.a(apros-wireless-)
                              cc13xx-node.co (apros_wireless_line_init)
contiki-srf06-cc26xx.a(apros-command-s)
                              cc13xx-node.co (apros_command)
contiki-srf06-cc26xx.a(apros-flash-con)
                              cc13xx-node.co (apros_node_config_load)
contiki-srf06-cc26xx.a(ext-flash.o)
                              contiki-srf06-cc26xx.a(apros-flash-con) (ext_flash_open)
contiki-srf06-cc26xx.a(leds-arch.o)
                              contiki-srf06-cc26xx.a(leds.o) (leds_arch_init)
contiki-srf06-cc26xx.a(board.o)
                              contiki-srf06-cc26xx.a(contiki-main.o) (board_init)
contiki-srf06-cc26xx.a(hdc-1010-sensor)
                              cc13xx-node.co (hdc_1010_sensor)
contiki-srf06-cc26xx.a(apros-sensors.o)
                              contiki-srf06-cc26xx.a(sensors.o) (sensors_flags)
contiki-srf06-cc26xx.a(battery_adc_rea)
                              cc13xx-node.co (read_bat_voltage)
contiki-srf06-cc26xx.a(ekmc-1603113-se)
                              cc13xx-node.co (ekmc_1603113_sensor)
contiki-srf06-cc26xx.a(prop-mode.o)
                              cc13xx-node.co (prop_mode_driver)
contiki-srf06-cc26xx.a(prop-mode-tx-po)
                              contiki-srf06-cc26xx.a(prop-mode.o) (prop_mode_tx_power_779_930)
contiki-srf06-cc26xx.a(clock.o)
                              contiki-srf06-cc26xx.a(contiki-main.o) (clock_init)
contiki-srf06-cc26xx.a(rtimer-arch.o)
                              contiki-srf06-cc26xx.a(prop-mode.o) (rtimer_arch_now)
contiki-srf06-cc26xx.a(soc-rtc.o)
                              contiki-srf06-cc26xx.a(contiki-main.o) (soc_rtc_init)
contiki-srf06-cc26xx.a(contiki-watchdo)
                              contiki-srf06-cc26xx.a(contiki-main.o) (watchdog_init)
contiki-srf06-cc26xx.a(putchar.o)
                              contiki-srf06-cc26xx.a(contiki-main.o) (putchar)
contiki-srf06-cc26xx.a(ieee-addr.o)
                              cc13xx-node.co (ieee_addr_cpy_to)
contiki-srf06-cc26xx.a(cc26xx-uart.o)
                              contiki-srf06-cc26xx.a(contiki-main.o) (cc26xx_uart_init)
contiki-srf06-cc26xx.a(lpm.o)
                              contiki-srf06-cc26xx.a(prop-mode.o) (lpm_sleep)
contiki-srf06-cc26xx.a(gpio-interrupt.)
                              contiki-srf06-cc26xx.a(ekmc-1603113-se) (gpio_interrupt_register_handler)
contiki-srf06-cc26xx.a(oscillators.o)
                              contiki-srf06-cc26xx.a(contiki-main.o) (oscillators_select_lf_xosc)
contiki-srf06-cc26xx.a(rf-core.o)
                              contiki-srf06-cc26xx.a(prop-mode.o) (rf_core_is_accessible)
contiki-srf06-cc26xx.a(rf-ble.o)
                              contiki-srf06-cc26xx.a(prop-mode.o) (rf_ble_is_active)
contiki-srf06-cc26xx.a(random.o)
                              cc13xx-node.co (random_rand)
contiki-srf06-cc26xx.a(soc-trng.o)
                              contiki-srf06-cc26xx.a(random.o) (soc_trng_rand_synchronous)
contiki-srf06-cc26xx.a(dbg-printf.o)
                              contiki-srf06-cc26xx.a(contiki-main.o) (printf)
contiki-srf06-cc26xx.a(strformat.o)
                              contiki-srf06-cc26xx.a(dbg-printf.o) (format_str_v)
contiki-srf06-cc26xx.a(autostart.o)
                              contiki-srf06-cc26xx.a(contiki-main.o) (autostart_start)
contiki-srf06-cc26xx.a(ctimer.o)
                              contiki-srf06-cc26xx.a(contiki-main.o) (ctimer_init)
contiki-srf06-cc26xx.a(energest.o)
                              contiki-srf06-cc26xx.a(contiki-main.o) (energest_init)
contiki-srf06-cc26xx.a(etimer.o)
                              contiki-srf06-cc26xx.a(clock.o) (etimer_request_poll)
contiki-srf06-cc26xx.a(process.o)
                              obj_srf06-cc26xx/apros-serial-line.o (process_alloc_event)
contiki-srf06-cc26xx.a(rtimer.o)
                              contiki-srf06-cc26xx.a(contiki-main.o) (rtimer_init)
contiki-srf06-cc26xx.a(stimer.o)
                              cc13xx-node.co (stimer_set)
contiki-srf06-cc26xx.a(timer.o)
                              contiki-srf06-cc26xx.a(ekmc-1603113-se) (timer_set)
contiki-srf06-cc26xx.a(serial-line.o)
                              contiki-srf06-cc26xx.a(contiki-main.o) (serial_line_init)
contiki-srf06-cc26xx.a(crc16.o)
                              obj_srf06-cc26xx/apros-packet-control.o (crc16_data)
contiki-srf06-cc26xx.a(list.o)
                              contiki-srf06-cc26xx.a(lpm.o) (list_init)
contiki-srf06-cc26xx.a(ringbuf.o)
                              obj_srf06-cc26xx/apros-serial-line.o (ringbuf_init)
[...]
Memory Configuration

Name             Origin             Length             Attributes
FLASH            0x0000000000000000 0x000000000001ffa8 xr
FLASH_CCFG       0x000000000001ffa8 0x0000000000000058 xr
SRAM             0x0000000020000000 0x0000000000005000 xrw
GPRAM            0x0000000011000000 0x0000000000002000 xrw
*default*        0x0000000000000000 0xffffffffffffffff

Linker script and memory map

LOAD obj_srf06-cc26xx/fault-handlers.o
LOAD obj_srf06-cc26xx/ccfg.o
LOAD obj_srf06-cc26xx/startup_gcc.o
LOAD cc13xx-node.co
LOAD obj_srf06-cc26xx/apros-serial-line.o
LOAD obj_srf06-cc26xx/apros-gpio-control.o
LOAD obj_srf06-cc26xx/apros-packet-control.o
LOAD contiki-srf06-cc26xx.a
LOAD /usr/lib/gcc/arm-none-eabi/4.8.2/../../../arm-none-eabi/lib/armv7-m/libm.a
START GROUP
LOAD /usr/lib/gcc/arm-none-eabi/4.8.2/armv7-m/libgcc.a
LOAD /usr/lib/gcc/arm-none-eabi/4.8.2/../../../arm-none-eabi/lib/armv7-m/libc.a
END GROUP
                0x0000000020005000                _estack = (ORIGIN (SRAM) + 0x5000)
                0x0000000000000000                _Min_Heap_Size = 0x0
                0x0000000000000100                _Min_Stack_Size = 0x100

.text           0x0000000000000000     0xb4e8
                0x0000000000000000                _text = .
 *(SORT(.vectors))
 .vectors       0x0000000000000000       0xc8 obj_srf06-cc26xx/startup_gcc.o
                0x0000000000000000                g_pfnVectors
 *(SORT(.text*))
 .text.value    0x00000000000000c8       0x98 contiki-srf06-cc26xx.a(hdc-1010-sensor)
 .text.FaultISR
                0x0000000000000160       0x1c obj_srf06-cc26xx/fault-handlers.o
                0x0000000000000160                FaultISR
 .text.NmiSRHandler
                0x000000000000017c        0x4 obj_srf06-cc26xx/startup_gcc.o
                0x000000000000017c                NmiSR
 .text.IntDefaultHandler
                0x0000000000000180        0x4 obj_srf06-cc26xx/startup_gcc.o
                0x0000000000000180                SSI0IntHandler
                0x0000000000000180                SWEvent0IntHandler
                0x0000000000000180                uDMAIntHandler
                0x0000000000000180                WatchdogIntHandler
                0x0000000000000180                RFCHardwareIntHandler
                0x0000000000000180                Timer1BIntHandler
                0x0000000000000180                I2SIntHandler
                0x0000000000000180                Timer2BIntHandler
                0x0000000000000180                Timer2AIntHandler
                0x0000000000000180                Timer1AIntHandler
                0x0000000000000180                AONIntHandler
                0x0000000000000180                AUXSWEvent0IntHandler
                0x0000000000000180                AUXADCIntHandler
                0x0000000000000180                PendSVIntHandler
                0x0000000000000180                AUXSWEvent1IntHandler
                0x0000000000000180                SVCallIntHandler
                0x0000000000000180                MPUFaultIntHandler
                0x0000000000000180                SysTickIntHandler
                0x0000000000000180                BusFaultIntHandler
                0x0000000000000180                AONProgIntHandler
                0x0000000000000180                AUXCompAIntHandler
                0x0000000000000180                SSI1IntHandler
                0x0000000000000180                FlashIntHandler
                0x0000000000000180                uDMAErrIntHandler
                0x0000000000000180                UsageFaultIntHandler
                0x0000000000000180                RFCCmdAckIntHandler
                0x0000000000000180                CryptoIntHandler
                0x0000000000000180                Timer0AIntHandler
                0x0000000000000180                I2CIntHandler
                0x0000000000000180                DebugMonIntHandler
                0x0000000000000180                Timer0BIntHandler
                0x0000000000000180                AUXCombEventIntHandler
                0x0000000000000180                Timer3AIntHandler
                0x0000000000000180                DynProgIntHandler
                0x0000000000000180                Timer3BIntHandler
 .text.ResetISR
                0x0000000000000184       0x5c obj_srf06-cc26xx/startup_gcc.o
                0x0000000000000184                ResetISR
 .text.subfunc_apply_ch
                0x00000000000001e0       0x1c cc13xx-node.co
 .text.init_hdc_reading
                0x00000000000001fc       0x14 cc13xx-node.co
 .text.subfunc_get_vendor
                0x0000000000000210       0x70 cc13xx-node.co
 .text.subfunc_set_vendor
                0x0000000000000280       0xbc cc13xx-node.co
 .text.subfunc_get_nodech
                0x000000000000033c       0x80 cc13xx-node.co
 .text.subfunc_set_nodech
                0x00000000000003bc       0xe4 cc13xx-node.co
 .text.subfunc_get_cca
                0x00000000000004a0       0x7c cc13xx-node.co
 .text.subfunc_register_node
                0x000000000000051c       0xc8 cc13xx-node.co
 .text.generate_pkt_wireless
                0x00000000000005e4       0xa0 cc13xx-node.co
 .text.subfunc_response_wireless
                0x0000000000000684       0x10 cc13xx-node.co
 .text.subfunc_report_period
                0x0000000000000694       0xd8 cc13xx-node.co
 .text.subfunc_dev_reset
                0x000000000000076c       0x80 cc13xx-node.co
 .text.dev_reset
                0x00000000000007ec        0x4 cc13xx-node.co
 .text.subfunc_prompt_report
                0x00000000000007f0       0x90 cc13xx-node.co
 .text.cc1310_config_init
                0x0000000000000880       0x44 cc13xx-node.co
 .text.subfunc_factory_reset
                0x00000000000008c4       0x98 cc13xx-node.co
 .text.packet_send_periodic
                0x000000000000095c      0x100 cc13xx-node.co
 .text.packet_recv
                0x0000000000000a5c      0x3b4 cc13xx-node.co
 .text.apply_cca
                0x0000000000000e10       0x28 cc13xx-node.co
                0x0000000000000e10                apply_cca
 .text.process_thread_cc13xx_process
                0x0000000000000e38      0x230 cc13xx-node.co
 .text.subfunc_set_cca
                0x0000000000001068       0xc8 cc13xx-node.co
 .text.process_thread_apros_serial_line_process
                0x0000000000001130      0x160 obj_srf06-cc26xx/apros-serial-line.o
 .text.apros_serial_line_init
                0x0000000000001290       0x2c obj_srf06-cc26xx/apros-serial-line.o
                0x0000000000001290                apros_serial_line_init
 .text.add_all_block_info
                0x00000000000012bc      0x8e0 obj_srf06-cc26xx/apros-packet-control.o
                0x00000000000012bc                add_all_block_info
 .text.find_cont_block_info
                0x0000000000001b9c       0x50 obj_srf06-cc26xx/apros-packet-control.o
                0x0000000000001b9c                find_cont_block_info
 .text.get_pkt_length
                0x0000000000001bec        0x8 obj_srf06-cc26xx/apros-packet-control.o
                0x0000000000001bec                get_pkt_length
 .text.apros_insert_tlv
                0x0000000000001bf4       0x50 obj_srf06-cc26xx/apros-packet-control.o
                0x0000000000001bf4                apros_insert_tlv
 .text.apros_complete_pkt
                0x0000000000001c44       0x40 obj_srf06-cc26xx/apros-packet-control.o
                0x0000000000001c44                apros_complete_pkt
 .text.apros_init_pkt
                0x0000000000001c84       0x24 obj_srf06-cc26xx/apros-packet-control.o
                0x0000000000001c84                apros_init_pkt
 .text.apros_node_pkt_parser
                0x0000000000001ca8       0x90 obj_srf06-cc26xx/apros-packet-control.o
                0x0000000000001ca8                apros_node_pkt_parser
 .text.fade     0x0000000000001d38       0x64 contiki-srf06-cc26xx.a(contiki-main.o)
 .text.startup.main
                0x0000000000001d9c      0x214 contiki-srf06-cc26xx.a(contiki-main.o)
                0x0000000000001d9c                main
 .text.process_thread_sensors_process
                0x0000000000001fb0      0x138 contiki-srf06-cc26xx.a(sensors.o)
 .text.sensors_changed
                0x00000000000020e8       0x54 contiki-srf06-cc26xx.a(sensors.o)
                0x00000000000020e8                sensors_changed
 .text.leds_init
                0x000000000000213c       0x14 contiki-srf06-cc26xx.a(leds.o)
                0x000000000000213c                leds_init
 .text.leds_on  0x0000000000002150       0x14 contiki-srf06-cc26xx.a(leds.o)
                0x0000000000002150                leds_on
 .text.leds_off
                0x0000000000002164       0x18 contiki-srf06-cc26xx.a(leds.o)
                0x0000000000002164                leds_off
 .text.null_uc_recv
                0x000000000000217c        0x4 contiki-srf06-cc26xx.a(apros-wireless-)
 .text.null_bc_recv
                0x0000000000002180        0x4 contiki-srf06-cc26xx.a(apros-wireless-)
 .text.sent_bc  0x0000000000002184        0x4 contiki-srf06-cc26xx.a(apros-wireless-)
 .text.recv_bc  0x0000000000002188       0x20 contiki-srf06-cc26xx.a(apros-wireless-)
 .text.recv_uc  0x00000000000021a8       0x20 contiki-srf06-cc26xx.a(apros-wireless-)
 .text.sent_uc  0x00000000000021c8       0x18 contiki-srf06-cc26xx.a(apros-wireless-)
 .text.apros_wireless_line_init
                0x00000000000021e0       0x64 contiki-srf06-cc26xx.a(apros-wireless-)
                0x00000000000021e0                apros_wireless_line_init
 .text.apros_send_unicast
                0x0000000000002244       0x34 contiki-srf06-cc26xx.a(apros-wireless-)
                0x0000000000002244                apros_send_unicast
 .text.apros_send_broadcast
                0x0000000000002278       0x18 contiki-srf06-cc26xx.a(apros-wireless-)
                0x0000000000002278                apros_send_broadcast
 .text.apros_command
                0x0000000000002290       0x98 contiki-srf06-cc26xx.a(apros-command-s)
                0x0000000000002290                apros_command
 .text.apros_read_flash
                0x0000000000002328       0x24 contiki-srf06-cc26xx.a(apros-flash-con)
                0x0000000000002328                apros_read_flash
 .text.apros_write_flash
                0x000000000000234c       0x34 contiki-srf06-cc26xx.a(apros-flash-con)
                0x000000000000234c                apros_write_flash
 .text.apros_node_config_load
                0x0000000000002380        0xc contiki-srf06-cc26xx.a(apros-flash-con)
                0x0000000000002380                apros_node_config_load
 .text.apros_node_config_save
                0x000000000000238c        0xc contiki-srf06-cc26xx.a(apros-flash-con)
                0x000000000000238c                apros_node_config_save
 .text.write_enable
                0x0000000000002398       0x30 contiki-srf06-cc26xx.a(ext-flash.o)
 .text.verify_part
                0x00000000000023c8       0x8c contiki-srf06-cc26xx.a(ext-flash.o)
 .text.wait_ready
                0x0000000000002454       0x74 contiki-srf06-cc26xx.a(ext-flash.o)
 .text.power_down
                0x00000000000024c8       0x58 contiki-srf06-cc26xx.a(ext-flash.o)
 .text.ext_flash_open
                0x0000000000002520       0x6c contiki-srf06-cc26xx.a(ext-flash.o)
                0x0000000000002520                ext_flash_open
 .text.ext_flash_close
                0x000000000000258c       0x10 contiki-srf06-cc26xx.a(ext-flash.o)
                0x000000000000258c                ext_flash_close
 .text.ext_flash_read
                0x000000000000259c       0x58 contiki-srf06-cc26xx.a(ext-flash.o)
                0x000000000000259c                ext_flash_read
 .text.ext_flash_write
                0x00000000000025f4       0xb4 contiki-srf06-cc26xx.a(ext-flash.o)
                0x00000000000025f4                ext_flash_write
 .text.ext_flash_erase
                0x00000000000026a8       0x9c contiki-srf06-cc26xx.a(ext-flash.o)
                0x00000000000026a8                ext_flash_erase
 .text.ext_flash_init
                0x0000000000002744       0x14 contiki-srf06-cc26xx.a(ext-flash.o)
                0x0000000000002744                ext_flash_init
 .text.leds_arch_init
                0x0000000000002758       0x40 contiki-srf06-cc26xx.a(leds-arch.o)
                0x0000000000002758                leds_arch_init
 .text.leds_arch_set
                0x0000000000002798       0xa4 contiki-srf06-cc26xx.a(leds-arch.o)
                0x0000000000002798                leds_arch_set
 .text.wakeup_handler
                0x000000000000283c       0x20 contiki-srf06-cc26xx.a(board.o)
 .text.shutdown_handler
                0x000000000000285c       0x1c contiki-srf06-cc26xx.a(board.o)
 .text.board_init
                0x0000000000002878      0x110 contiki-srf06-cc26xx.a(board.o)
                0x0000000000002878                board_init
 .text.status   0x0000000000002988       0x14 contiki-srf06-cc26xx.a(hdc-1010-sensor)
 .text.notify_ready
                0x000000000000299c       0x6c contiki-srf06-cc26xx.a(hdc-1010-sensor)
 .text.configure
                0x0000000000002a08       0xdc contiki-srf06-cc26xx.a(hdc-1010-sensor)
 .text.read_bat_voltage
                0x0000000000002ae4       0x6c contiki-srf06-cc26xx.a(battery_adc_rea)
                0x0000000000002ae4                read_bat_voltage
 .text.status   0x0000000000002b50       0x24 contiki-srf06-cc26xx.a(ekmc-1603113-se)
 .text.value    0x0000000000002b74       0x28 contiki-srf06-cc26xx.a(ekmc-1603113-se)
 .text.pir_event_handler
                0x0000000000002b9c       0x58 contiki-srf06-cc26xx.a(ekmc-1603113-se)
 .text.config   0x0000000000002bf4       0xa0 contiki-srf06-cc26xx.a(ekmc-1603113-se)
 .text.get_object
                0x0000000000002c94        0x4 contiki-srf06-cc26xx.a(prop-mode.o)
 .text.set_object
                0x0000000000002c98        0x4 contiki-srf06-cc26xx.a(prop-mode.o)
 .text.request  0x0000000000002c9c       0x20 contiki-srf06-cc26xx.a(prop-mode.o)
 .text.soft_off_prop
                0x0000000000002cbc       0x3c contiki-srf06-cc26xx.a(prop-mode.o)
 .text.rx_on_prop
                0x0000000000002cf8       0x78 contiki-srf06-cc26xx.a(prop-mode.o)
 .text.prepare  0x0000000000002d70       0x1c contiki-srf06-cc26xx.a(prop-mode.o)
 .text.pending_packet
                0x0000000000002d8c       0x38 contiki-srf06-cc26xx.a(prop-mode.o)
 .text.read_frame
                0x0000000000002dc4       0x54 contiki-srf06-cc26xx.a(prop-mode.o)
 .text.rx_off_prop
                0x0000000000002e18       0x50 contiki-srf06-cc26xx.a(prop-mode.o)
 .text.prop_div_radio_setup
                0x0000000000002e68       0x50 contiki-srf06-cc26xx.a(prop-mode.o)
 .text.prop_fs  0x0000000000002eb8       0x38 contiki-srf06-cc26xx.a(prop-mode.o)
 .text.soft_on_prop
                0x0000000000002ef0       0x20 contiki-srf06-cc26xx.a(prop-mode.o)
 .text.off      0x0000000000002f10       0x28 contiki-srf06-cc26xx.a(prop-mode.o)
 .text.on       0x0000000000002f38      0x258 contiki-srf06-cc26xx.a(prop-mode.o)
 .text.set_value
                0x0000000000003190      0x1b4 contiki-srf06-cc26xx.a(prop-mode.o)
 .text.get_value
                0x0000000000003344      0x180 contiki-srf06-cc26xx.a(prop-mode.o)
 .text.transmit
                0x00000000000034c4       0xb4 contiki-srf06-cc26xx.a(prop-mode.o)
 .text.send     0x0000000000003578       0x24 contiki-srf06-cc26xx.a(prop-mode.o)
 .text.channel_clear
                0x000000000000359c       0x7c contiki-srf06-cc26xx.a(prop-mode.o)
 .text.receiving_packet
                0x0000000000003618       0x28 contiki-srf06-cc26xx.a(prop-mode.o)
 .text.init     0x0000000000003640       0xa8 contiki-srf06-cc26xx.a(prop-mode.o)
 .text.power_domain_on
                0x00000000000036e8       0x20 contiki-srf06-cc26xx.a(clock.o)
 .text.clock_init
                0x0000000000003708       0xac contiki-srf06-cc26xx.a(clock.o)
                0x0000000000003708                clock_init
 .text.clock_time
                0x00000000000037b4       0x38 contiki-srf06-cc26xx.a(clock.o)
                0x00000000000037b4                clock_time
 .text.clock_update
                0x00000000000037ec       0x40 contiki-srf06-cc26xx.a(clock.o)
                0x00000000000037ec                clock_update
 .text.clock_seconds
                0x000000000000382c       0x1c contiki-srf06-cc26xx.a(clock.o)
                0x000000000000382c                clock_seconds
 .text.rtimer_arch_init
                0x0000000000003848        0x4 contiki-srf06-cc26xx.a(rtimer-arch.o)
                0x0000000000003848                rtimer_arch_init
 .text.rtimer_arch_schedule
                0x000000000000384c        0x8 contiki-srf06-cc26xx.a(rtimer-arch.o)
                0x000000000000384c                rtimer_arch_schedule
 .text.rtimer_arch_now
                0x0000000000003854        0x4 contiki-srf06-cc26xx.a(rtimer-arch.o)
                0x0000000000003854                rtimer_arch_now
 .text.soc_rtc_init
                0x0000000000003858       0xac contiki-srf06-cc26xx.a(soc-rtc.o)
                0x0000000000003858                soc_rtc_init
 .text.soc_rtc_schedule_one_shot
                0x0000000000003904       0x6c contiki-srf06-cc26xx.a(soc-rtc.o)
                0x0000000000003904                soc_rtc_schedule_one_shot
 .text.soc_rtc_last_isr_time
                0x0000000000003970        0xc contiki-srf06-cc26xx.a(soc-rtc.o)
                0x0000000000003970                soc_rtc_last_isr_time
 .text.AONRTCIntHandler
                0x000000000000397c       0xa0 contiki-srf06-cc26xx.a(soc-rtc.o)
                0x000000000000397c                AONRTCIntHandler
 .text.lock_config
                0x0000000000003a1c       0x1c contiki-srf06-cc26xx.a(contiki-watchdo)
 .text.unlock_config
                0x0000000000003a38       0x30 contiki-srf06-cc26xx.a(contiki-watchdo)
 .text.watchdog_init
                0x0000000000003a68       0x20 contiki-srf06-cc26xx.a(contiki-watchdo)
                0x0000000000003a68                watchdog_init
 .text.watchdog_start
                0x0000000000003a88       0x34 contiki-srf06-cc26xx.a(contiki-watchdo)
                0x0000000000003a88                watchdog_start
 .text.watchdog_periodic
                0x0000000000003abc       0x1c contiki-srf06-cc26xx.a(contiki-watchdo)
                0x0000000000003abc                watchdog_periodic
 .text.watchdog_reboot
                0x0000000000003ad8        0x8 contiki-srf06-cc26xx.a(contiki-watchdo)
                0x0000000000003ad8                watchdog_reboot
 .text.putchar  0x0000000000003ae0       0x10 contiki-srf06-cc26xx.a(putchar.o)
                0x0000000000003ae0                putchar
 .text.puts     0x0000000000003af0       0x2c contiki-srf06-cc26xx.a(putchar.o)
                0x0000000000003af0                puts
 .text.dbg_send_bytes
                0x0000000000003b1c       0x40 contiki-srf06-cc26xx.a(putchar.o)
                0x0000000000003b1c                dbg_send_bytes
 .text.ieee_addr_cpy_to
                0x0000000000003b5c       0x4c contiki-srf06-cc26xx.a(ieee-addr.o)
                0x0000000000003b5c                ieee_addr_cpy_to
 .text.power_and_clock
                0x0000000000003ba8       0x4c contiki-srf06-cc26xx.a(cc26xx-uart.o)
 .text.enable   0x0000000000003bf4      0x108 contiki-srf06-cc26xx.a(cc26xx-uart.o)
 .text.accessible
                0x0000000000003cfc       0x2c contiki-srf06-cc26xx.a(cc26xx-uart.o)
 .text.lpm_drop_handler
                0x0000000000003d28       0xe0 contiki-srf06-cc26xx.a(cc26xx-uart.o)
 .text.cc26xx_uart_init
                0x0000000000003e08       0x2c contiki-srf06-cc26xx.a(cc26xx-uart.o)
                0x0000000000003e08                cc26xx_uart_init
 .text.cc26xx_uart_write_byte
                0x0000000000003e34       0x28 contiki-srf06-cc26xx.a(cc26xx-uart.o)
                0x0000000000003e34                cc26xx_uart_write_byte
 .text.cc26xx_uart_busy
                0x0000000000003e5c       0x18 contiki-srf06-cc26xx.a(cc26xx-uart.o)
                0x0000000000003e5c                cc26xx_uart_busy
 .text.UART0IntHandler
                0x0000000000003e74       0x60 contiki-srf06-cc26xx.a(cc26xx-uart.o)
                0x0000000000003e74                UART0IntHandler
 .text.lpm_sleep
                0x0000000000003ed4       0x14 contiki-srf06-cc26xx.a(lpm.o)
                0x0000000000003ed4                lpm_sleep
 .text.lpm_drop
                0x0000000000003ee8      0x2a4 contiki-srf06-cc26xx.a(lpm.o)
                0x0000000000003ee8                lpm_drop
 .text.lpm_register_module
                0x000000000000418c       0x10 contiki-srf06-cc26xx.a(lpm.o)
                0x000000000000418c                lpm_register_module
 .text.lpm_unregister_module
                0x000000000000419c       0x10 contiki-srf06-cc26xx.a(lpm.o)
                0x000000000000419c                lpm_unregister_module
 .text.lpm_init
                0x00000000000041ac       0x24 contiki-srf06-cc26xx.a(lpm.o)
                0x00000000000041ac                lpm_init
 .text.lpm_pin_set_default_state
                0x00000000000041d0       0x30 contiki-srf06-cc26xx.a(lpm.o)
                0x00000000000041d0                lpm_pin_set_default_state
 .text.gpio_interrupt_register_handler
                0x0000000000004200       0x30 contiki-srf06-cc26xx.a(gpio-interrupt.)
                0x0000000000004200                gpio_interrupt_register_handler
 .text.gpio_interrupt_init
                0x0000000000004230       0x28 contiki-srf06-cc26xx.a(gpio-interrupt.)
                0x0000000000004230                gpio_interrupt_init
 .text.GPIOIntHandler
                0x0000000000004258       0x34 contiki-srf06-cc26xx.a(gpio-interrupt.)
                0x0000000000004258                GPIOIntHandler
 .text.oscillators_select_lf_xosc
                0x000000000000428c       0x5c contiki-srf06-cc26xx.a(oscillators.o)
                0x000000000000428c                oscillators_select_lf_xosc
 .text.oscillators_request_hf_xosc
                0x00000000000042e8       0x30 contiki-srf06-cc26xx.a(oscillators.o)
                0x00000000000042e8                oscillators_request_hf_xosc
 .text.oscillators_switch_to_hf_xosc
                0x0000000000004318       0x34 contiki-srf06-cc26xx.a(oscillators.o)
                0x0000000000004318                oscillators_switch_to_hf_xosc
 .text.oscillators_switch_to_hf_rc
                0x000000000000434c       0x38 contiki-srf06-cc26xx.a(oscillators.o)
                0x000000000000434c                oscillators_switch_to_hf_rc
 .text.process_thread_rf_core_process
                0x0000000000004384       0x5c contiki-srf06-cc26xx.a(rf-core.o)
 .text.rf_core_is_accessible
                0x00000000000043e0       0x10 contiki-srf06-cc26xx.a(rf-core.o)
                0x00000000000043e0                rf_core_is_accessible
 .text.rf_core_send_cmd
                0x00000000000043f0       0xac contiki-srf06-cc26xx.a(rf-core.o)
                0x00000000000043f0                rf_core_send_cmd
 .text.rf_core_wait_cmd_done
                0x000000000000449c       0x34 contiki-srf06-cc26xx.a(rf-core.o)
                0x000000000000449c                rf_core_wait_cmd_done
 .text.rf_core_power_up
                0x00000000000044d0       0xe4 contiki-srf06-cc26xx.a(rf-core.o)
                0x00000000000044d0                rf_core_power_up
 .text.rf_core_start_rat
                0x00000000000045b4       0x6c contiki-srf06-cc26xx.a(rf-core.o)
                0x00000000000045b4                rf_core_start_rat
 .text.rf_core_stop_rat
                0x0000000000004620       0x80 contiki-srf06-cc26xx.a(rf-core.o)
                0x0000000000004620                rf_core_stop_rat
 .text.rf_core_power_down
                0x00000000000046a0      0x104 contiki-srf06-cc26xx.a(rf-core.o)
                0x00000000000046a0                rf_core_power_down
 .text.rf_core_set_modesel
                0x00000000000047a4       0x54 contiki-srf06-cc26xx.a(rf-core.o)
                0x00000000000047a4                rf_core_set_modesel
 .text.rf_core_setup_interrupts
                0x00000000000047f8       0x80 contiki-srf06-cc26xx.a(rf-core.o)
                0x00000000000047f8                rf_core_setup_interrupts
 .text.rf_core_cmd_done_en
                0x0000000000004878       0x2c contiki-srf06-cc26xx.a(rf-core.o)
                0x0000000000004878                rf_core_cmd_done_en
 .text.rf_core_cmd_done_dis
                0x00000000000048a4       0x18 contiki-srf06-cc26xx.a(rf-core.o)
                0x00000000000048a4                rf_core_cmd_done_dis
 .text.rf_core_get_last_radio_op
                0x00000000000048bc        0xc contiki-srf06-cc26xx.a(rf-core.o)
                0x00000000000048bc                rf_core_get_last_radio_op
 .text.rf_core_primary_mode_register
                0x00000000000048c8        0xc contiki-srf06-cc26xx.a(rf-core.o)
                0x00000000000048c8                rf_core_primary_mode_register
 .text.RFCCPE1IntHandler
                0x00000000000048d4       0x2c contiki-srf06-cc26xx.a(rf-core.o)
                0x00000000000048d4                RFCCPE1IntHandler
 .text.RFCCPE0IntHandler
                0x0000000000004900       0x6c contiki-srf06-cc26xx.a(rf-core.o)
                0x0000000000004900                RFCCPE0IntHandler
 .text.rf_ble_is_active
                0x000000000000496c        0xc contiki-srf06-cc26xx.a(rf-ble.o)
                0x000000000000496c                rf_ble_is_active
 .text.random_rand
                0x0000000000004978        0xc contiki-srf06-cc26xx.a(random.o)
                0x0000000000004978                random_rand
 .text.random_init
                0x0000000000004984        0x4 contiki-srf06-cc26xx.a(random.o)
                0x0000000000004984                random_init
 .text.power_up
                0x0000000000004988       0x4c contiki-srf06-cc26xx.a(soc-trng.o)
 .text.request  0x00000000000049d4       0x14 contiki-srf06-cc26xx.a(soc-trng.o)
 .text.process_thread_soc_trng_process
                0x00000000000049e8       0xb0 contiki-srf06-cc26xx.a(soc-trng.o)
 .text.accessible
                0x0000000000004a98       0x2c contiki-srf06-cc26xx.a(soc-trng.o)
 .text.soc_trng_rand_synchronous
                0x0000000000004ac4       0xd8 contiki-srf06-cc26xx.a(soc-trng.o)
                0x0000000000004ac4                soc_trng_rand_synchronous
 .text.TRNGIntHandler
                0x0000000000004b9c       0x5c contiki-srf06-cc26xx.a(soc-trng.o)
                0x0000000000004b9c                TRNGIntHandler
 .text.soc_trng_init
                0x0000000000004bf8       0x2c contiki-srf06-cc26xx.a(soc-trng.o)
                0x0000000000004bf8                soc_trng_init
 .text.write_str
                0x0000000000004c24       0x10 contiki-srf06-cc26xx.a(dbg-printf.o)
 .text.printf   0x0000000000004c34       0x28 contiki-srf06-cc26xx.a(dbg-printf.o)
                0x0000000000004c34                printf
 .text.fill_space
                0x0000000000004c5c       0x38 contiki-srf06-cc26xx.a(strformat.o)
 .text.format_str_v
                0x0000000000004c94      0x904 contiki-srf06-cc26xx.a(strformat.o)
                0x0000000000004c94                format_str_v
 .text.autostart_start
                0x0000000000005598       0x18 contiki-srf06-cc26xx.a(autostart.o)
                0x0000000000005598                autostart_start
 .text.process_thread_ctimer_process
                0x00000000000055b0       0xa4 contiki-srf06-cc26xx.a(ctimer.o)
 .text.ctimer_init
                0x0000000000005654       0x2c contiki-srf06-cc26xx.a(ctimer.o)
                0x0000000000005654                ctimer_init
 .text.ctimer_set_with_process
                0x0000000000005680       0x4c contiki-srf06-cc26xx.a(ctimer.o)
                0x0000000000005680                ctimer_set_with_process
 .text.ctimer_set
                0x00000000000056cc       0x18 contiki-srf06-cc26xx.a(ctimer.o)
                0x00000000000056cc                ctimer_set
 .text.ctimer_stop
                0x00000000000056e4       0x30 contiki-srf06-cc26xx.a(ctimer.o)
                0x00000000000056e4                ctimer_stop
 .text.ctimer_expired
                0x0000000000005714       0x3c contiki-srf06-cc26xx.a(ctimer.o)
                0x0000000000005714                ctimer_expired
 .text.energest_init
                0x0000000000005750        0x4 contiki-srf06-cc26xx.a(energest.o)
                0x0000000000005750                energest_init
 .text.update_time
                0x0000000000005754       0x50 contiki-srf06-cc26xx.a(etimer.o)
 .text.process_thread_etimer_process
                0x00000000000057a4       0xd8 contiki-srf06-cc26xx.a(etimer.o)
 .text.add_timer
                0x000000000000587c       0x60 contiki-srf06-cc26xx.a(etimer.o)
 .text.etimer_request_poll
                0x00000000000058dc        0xc contiki-srf06-cc26xx.a(etimer.o)
                0x00000000000058dc                etimer_request_poll
 .text.etimer_set
                0x00000000000058e8       0x14 contiki-srf06-cc26xx.a(etimer.o)
                0x00000000000058e8                etimer_set
 .text.etimer_expired
                0x00000000000058fc        0xc contiki-srf06-cc26xx.a(etimer.o)
                0x00000000000058fc                etimer_expired
 .text.etimer_pending
                0x0000000000005908       0x14 contiki-srf06-cc26xx.a(etimer.o)
                0x0000000000005908                etimer_pending
 .text.etimer_next_expiration_time
                0x000000000000591c       0x18 contiki-srf06-cc26xx.a(etimer.o)
                0x000000000000591c                etimer_next_expiration_time
 .text.etimer_stop
                0x0000000000005934       0x4c contiki-srf06-cc26xx.a(etimer.o)
                0x0000000000005934                etimer_stop
 .text.exit_process
                0x0000000000005980       0xac contiki-srf06-cc26xx.a(process.o)
 .text.call_process.part.0
                0x0000000000005a2c       0x3c contiki-srf06-cc26xx.a(process.o)
 .text.do_poll  0x0000000000005a68       0x40 contiki-srf06-cc26xx.a(process.o)
 .text.process_alloc_event
                0x0000000000005aa8       0x10 contiki-srf06-cc26xx.a(process.o)
                0x0000000000005aa8                process_alloc_event
 .text.process_init
                0x0000000000005ab8       0x3c contiki-srf06-cc26xx.a(process.o)
                0x0000000000005ab8                process_init
 .text.process_run
                0x0000000000005af4       0xbc contiki-srf06-cc26xx.a(process.o)
                0x0000000000005af4                process_run
 .text.process_nevents
                0x0000000000005bb0       0x18 contiki-srf06-cc26xx.a(process.o)
                0x0000000000005bb0                process_nevents
 .text.process_post
                0x0000000000005bc8       0x48 contiki-srf06-cc26xx.a(process.o)
                0x0000000000005bc8                process_post
 .text.process_post_synch
                0x0000000000005c10       0x1c contiki-srf06-cc26xx.a(process.o)
                0x0000000000005c10                process_post_synch
 .text.process_start
                0x0000000000005c2c       0x44 contiki-srf06-cc26xx.a(process.o)
                0x0000000000005c2c                process_start
 .text.process_poll
                0x0000000000005c70       0x20 contiki-srf06-cc26xx.a(process.o)
                0x0000000000005c70                process_poll
 .text.rtimer_init
                0x0000000000005c90        0x4 contiki-srf06-cc26xx.a(rtimer.o)
                0x0000000000005c90                rtimer_init
 .text.rtimer_run_next
                0x0000000000005c94       0x2c contiki-srf06-cc26xx.a(rtimer.o)
                0x0000000000005c94                rtimer_run_next
 .text.stimer_set
                0x0000000000005cc0       0x10 contiki-srf06-cc26xx.a(stimer.o)
                0x0000000000005cc0                stimer_set
 .text.stimer_expired
                0x0000000000005cd0       0x24 contiki-srf06-cc26xx.a(stimer.o)
                0x0000000000005cd0                stimer_expired
 .text.timer_set
                0x0000000000005cf4       0x10 contiki-srf06-cc26xx.a(timer.o)
                0x0000000000005cf4                timer_set
 .text.timer_expired
                0x0000000000005d04       0x1c contiki-srf06-cc26xx.a(timer.o)
                0x0000000000005d04                timer_expired
 .text.process_thread_serial_line_process
                0x0000000000005d20       0xd8 contiki-srf06-cc26xx.a(serial-line.o)
 .text.serial_line_init
                0x0000000000005df8       0x2c contiki-srf06-cc26xx.a(serial-line.o)
                0x0000000000005df8                serial_line_init
 .text.crc16_data
                0x0000000000005e24       0x30 contiki-srf06-cc26xx.a(crc16.o)
                0x0000000000005e24                crc16_data
 .text.list_init
                0x0000000000005e54        0x8 contiki-srf06-cc26xx.a(list.o)
                0x0000000000005e54                list_init
 .text.list_head
                0x0000000000005e5c        0x4 contiki-srf06-cc26xx.a(list.o)
                0x0000000000005e5c                list_head
 .text.list_add
                0x0000000000005e60       0x60 contiki-srf06-cc26xx.a(list.o)
                0x0000000000005e60                list_add
 .text.list_push
                0x0000000000005ec0       0x48 contiki-srf06-cc26xx.a(list.o)
                0x0000000000005ec0                list_push
 .text.list_remove
                0x0000000000005f08       0x40 contiki-srf06-cc26xx.a(list.o)
                0x0000000000005f08                list_remove
 .text.list_length
                0x0000000000005f48       0x14 contiki-srf06-cc26xx.a(list.o)
                0x0000000000005f48                list_length
 .text.list_item_next
                0x0000000000005f5c        0x8 contiki-srf06-cc26xx.a(list.o)
                0x0000000000005f5c                list_item_next
 .text.ringbuf_init
                0x0000000000005f64       0x10 contiki-srf06-cc26xx.a(ringbuf.o)
                0x0000000000005f64                ringbuf_init
 .text.ringbuf_get
                0x0000000000005f74       0x28 contiki-srf06-cc26xx.a(ringbuf.o)
                0x0000000000005f74                ringbuf_get
 .text.sent_by_abc
                0x0000000000005f9c        0xc contiki-srf06-cc26xx.a(broadcast.o)
 .text.recv_from_abc
                0x0000000000005fa8       0x24 contiki-srf06-cc26xx.a(broadcast.o)
 .text.broadcast_open
                0x0000000000005fcc       0x28 contiki-srf06-cc26xx.a(broadcast.o)
                0x0000000000005fcc                broadcast_open
 .text.broadcast_send
                0x0000000000005ff4       0x1c contiki-srf06-cc26xx.a(broadcast.o)
                0x0000000000005ff4                broadcast_send
 .text.channel_init
                0x0000000000006010        0xc contiki-srf06-cc26xx.a(channel.o)
                0x0000000000006010                channel_init
 .text.channel_open
                0x000000000000601c       0x14 contiki-srf06-cc26xx.a(channel.o)
                0x000000000000601c                channel_open
 .text.channel_lookup
                0x0000000000006030       0x30 contiki-srf06-cc26xx.a(channel.o)
                0x0000000000006030                channel_lookup
 .text.channel_set_attributes
                0x0000000000006060       0x18 contiki-srf06-cc26xx.a(channel.o)
                0x0000000000006060                channel_set_attributes
 .text.packet_sent
                0x0000000000006078       0x3c contiki-srf06-cc26xx.a(rime.o)
 .text.input    0x00000000000060b4       0x38 contiki-srf06-cc26xx.a(rime.o)
 .text.init     0x00000000000060ec       0x28 contiki-srf06-cc26xx.a(rime.o)
 .text.rime_output
                0x0000000000006114       0x28 contiki-srf06-cc26xx.a(rime.o)
                0x0000000000006114                rime_output
 .text.sent_by_broadcast
                0x000000000000613c        0xc contiki-srf06-cc26xx.a(unicast.o)
 .text.recv_from_broadcast
                0x0000000000006148       0x28 contiki-srf06-cc26xx.a(unicast.o)
 .text.unicast_open
                0x0000000000006170       0x28 contiki-srf06-cc26xx.a(unicast.o)
                0x0000000000006170                unicast_open
 .text.unicast_send
                0x0000000000006198       0x14 contiki-srf06-cc26xx.a(unicast.o)
                0x0000000000006198                unicast_send
 .text.SafeHapiVoid
                0x00000000000061ac       0x34 contiki-srf06-cc26xx.a(adi.o)
                0x00000000000061ac                SafeHapiVoid
 .text.SafeHapiAuxAdiSelect
                0x00000000000061e0       0x38 contiki-srf06-cc26xx.a(adi.o)
                0x00000000000061e0                SafeHapiAuxAdiSelect
 .text.NOROM_AONRTCCurrentCompareValueGet
                0x0000000000006218       0x28 contiki-srf06-cc26xx.a(aon_rtc.o)
                0x0000000000006218                NOROM_AONRTCCurrentCompareValueGet
 .text.NOROM_AUXADCDisable
                0x0000000000006240       0xa8 contiki-srf06-cc26xx.a(aux_adc.o)
                0x0000000000006240                NOROM_AUXADCDisable
 .text.NOROM_AUXADCEnableSync
                0x00000000000062e8       0xf4 contiki-srf06-cc26xx.a(aux_adc.o)
                0x00000000000062e8                NOROM_AUXADCEnableSync
 .text.NOROM_AUXADCReadFifo
                0x00000000000063dc       0x1c contiki-srf06-cc26xx.a(aux_adc.o)
                0x00000000000063dc                NOROM_AUXADCReadFifo
 .text.NOROM_ChipInfo_GetSupportedProtocol_BV
                0x00000000000063f8       0x10 contiki-srf06-cc26xx.a(chipinfo.o)
                0x00000000000063f8                NOROM_ChipInfo_GetSupportedProtocol_BV
 .text.NOROM_ChipInfo_GetChipFamily
                0x0000000000006408       0x50 contiki-srf06-cc26xx.a(chipinfo.o)
                0x0000000000006408                NOROM_ChipInfo_GetChipFamily
 .text.NOROM_ChipInfo_GetChipType
                0x0000000000006458       0x30 contiki-srf06-cc26xx.a(chipinfo.o)
                0x0000000000006458                NOROM_ChipInfo_GetChipType
 .text.NOROM_ChipInfo_GetHwRevision
                0x0000000000006488       0x94 contiki-srf06-cc26xx.a(chipinfo.o)
                0x0000000000006488                NOROM_ChipInfo_GetHwRevision
 .text.NOROM_ThisCodeIsBuiltForCC13xxHwRev20AndLater_HaltIfViolated
                0x000000000000651c       0x18 contiki-srf06-cc26xx.a(chipinfo.o)
                0x000000000000651c                NOROM_ThisCodeIsBuiltForCC13xxHwRev20AndLater_HaltIfViolated
 .text.NOROM_CPUcpsid
                0x0000000000006534        0x8 contiki-srf06-cc26xx.a(cpu.o)
                0x0000000000006534                NOROM_CPUcpsid
 .text.NOROM_CPUcpsie
                0x000000000000653c        0x8 contiki-srf06-cc26xx.a(cpu.o)
                0x000000000000653c                NOROM_CPUcpsie
 .text.NOROM_CPUdelay
                0x0000000000006544        0x8 contiki-srf06-cc26xx.a(cpu.o)
                0x0000000000006544                NOROM_CPUdelay
 .text.NOROM_OSCClockSourceSet
                0x000000000000654c       0x7c contiki-srf06-cc26xx.a(osc.o)
                0x000000000000654c                NOROM_OSCClockSourceSet
 .text.NOROM_OSCClockSourceGet
                0x00000000000065c8       0x30 contiki-srf06-cc26xx.a(osc.o)
                0x00000000000065c8                NOROM_OSCClockSourceGet
 .text.NOROM_PowerCtrlSourceSet
                0x00000000000065f8       0x34 contiki-srf06-cc26xx.a(pwr_ctrl.o)
                0x00000000000065f8                NOROM_PowerCtrlSourceSet
 .text.NOROM_RFCRTrim
                0x000000000000662c      0x134 contiki-srf06-cc26xx.a(rfc.o)
                0x000000000000662c                NOROM_RFCRTrim
 .text.NOROM_RFCAdi3VcoLdoVoltageMode
                0x0000000000006760       0x28 contiki-srf06-cc26xx.a(rfc.o)
                0x0000000000006760                NOROM_RFCAdi3VcoLdoVoltageMode
 .text.TrimAfterColdResetWakeupFromShutDown
                0x0000000000006788       0xf8 contiki-srf06-cc26xx.a(setup.o)
 .text.NOROM_SetupTrimDevice
                0x0000000000006880       0xb4 contiki-srf06-cc26xx.a(setup.o)
                0x0000000000006880                NOROM_SetupTrimDevice
 .text.NOROM_SetupSetVddrLevel
                0x0000000000006934       0x94 contiki-srf06-cc26xx.a(setup_rom.o)
                0x0000000000006934                NOROM_SetupSetVddrLevel
 .text.NOROM_SetupAfterColdResetWakeupFromShutDownCfg1
                0x00000000000069c8       0xc8 contiki-srf06-cc26xx.a(setup_rom.o)
                0x00000000000069c8                NOROM_SetupAfterColdResetWakeupFromShutDownCfg1
 .text.NOROM_SetupAfterColdResetWakeupFromShutDownCfg3
                0x0000000000006a90      0x1f0 contiki-srf06-cc26xx.a(setup_rom.o)
                0x0000000000006a90                NOROM_SetupAfterColdResetWakeupFromShutDownCfg3
 .text.NOROM_SetupGetTrimForAnabypassValue1
                0x0000000000006c80       0x64 contiki-srf06-cc26xx.a(setup_rom.o)
                0x0000000000006c80                NOROM_SetupGetTrimForAnabypassValue1
 .text.NOROM_SetupGetTrimForAmpcompCtrl
                0x0000000000006ce4       0x78 contiki-srf06-cc26xx.a(setup_rom.o)
                0x0000000000006ce4                NOROM_SetupGetTrimForAmpcompCtrl
 .text.NOROM_SetupAfterColdResetWakeupFromShutDownCfg2
                0x0000000000006d5c      0x22c contiki-srf06-cc26xx.a(setup_rom.o)
                0x0000000000006d5c                NOROM_SetupAfterColdResetWakeupFromShutDownCfg2
 .text.NOROM_SetupSetCacheModeAccordingToCcfgSetting
                0x0000000000006f88       0x78 contiki-srf06-cc26xx.a(setup_rom.o)
                0x0000000000006f88                NOROM_SetupSetCacheModeAccordingToCcfgSetting
 .text.NOROM_SysCtrlSetRechargeBeforePowerDown
                0x0000000000007000      0x2fc contiki-srf06-cc26xx.a(sys_ctrl.o)
                0x0000000000007000                NOROM_SysCtrlSetRechargeBeforePowerDown
 .text.NOROM_SysCtrlAdjustRechargeAfterPowerDown
                0x00000000000072fc       0x80 contiki-srf06-cc26xx.a(sys_ctrl.o)
                0x00000000000072fc                NOROM_SysCtrlAdjustRechargeAfterPowerDown
 .text.NOROM_SysCtrl_DCDC_VoltageConditionalControl
                0x000000000000737c       0x88 contiki-srf06-cc26xx.a(sys_ctrl.o)
                0x000000000000737c                NOROM_SysCtrl_DCDC_VoltageConditionalControl
 .text.NOROM_TRNGConfigure
                0x0000000000007404       0x3c contiki-srf06-cc26xx.a(trng.o)
                0x0000000000007404                NOROM_TRNGConfigure
 .text.linkaddr_copy
                0x0000000000007440        0x8 contiki-srf06-cc26xx.a(linkaddr.o)
                0x0000000000007440                linkaddr_copy
 .text.linkaddr_cmp
                0x0000000000007448       0x14 contiki-srf06-cc26xx.a(linkaddr.o)
                0x0000000000007448                linkaddr_cmp
 .text.netstack_init
                0x000000000000745c       0x40 contiki-srf06-cc26xx.a(netstack.o)
                0x000000000000745c                netstack_init
 .text.packetbuf_compact
                0x000000000000749c       0x50 contiki-srf06-cc26xx.a(packetbuf.o)
                0x000000000000749c                packetbuf_compact
 .text.packetbuf_copyto
                0x00000000000074ec       0x54 contiki-srf06-cc26xx.a(packetbuf.o)
                0x00000000000074ec                packetbuf_copyto
 .text.packetbuf_hdralloc
                0x0000000000007540       0x60 contiki-srf06-cc26xx.a(packetbuf.o)
                0x0000000000007540                packetbuf_hdralloc
 .text.packetbuf_hdrreduce
                0x00000000000075a0       0x34 contiki-srf06-cc26xx.a(packetbuf.o)
                0x00000000000075a0                packetbuf_hdrreduce
 .text.packetbuf_set_datalen
                0x00000000000075d4        0xc contiki-srf06-cc26xx.a(packetbuf.o)
                0x00000000000075d4                packetbuf_set_datalen
 .text.packetbuf_dataptr
                0x00000000000075e0       0x24 contiki-srf06-cc26xx.a(packetbuf.o)
                0x00000000000075e0                packetbuf_dataptr
 .text.packetbuf_hdrptr
                0x0000000000007604        0xc contiki-srf06-cc26xx.a(packetbuf.o)
                0x0000000000007604                packetbuf_hdrptr
 .text.packetbuf_datalen
                0x0000000000007610        0xc contiki-srf06-cc26xx.a(packetbuf.o)
                0x0000000000007610                packetbuf_datalen
 .text.packetbuf_totlen
                0x000000000000761c       0x28 contiki-srf06-cc26xx.a(packetbuf.o)
                0x000000000000761c                packetbuf_totlen
 .text.packetbuf_attr_clear
                0x0000000000007644       0x48 contiki-srf06-cc26xx.a(packetbuf.o)
                0x0000000000007644                packetbuf_attr_clear
 .text.packetbuf_clear
                0x000000000000768c       0x24 contiki-srf06-cc26xx.a(packetbuf.o)
                0x000000000000768c                packetbuf_clear
 .text.packetbuf_copyfrom
                0x00000000000076b0       0x48 contiki-srf06-cc26xx.a(packetbuf.o)
                0x00000000000076b0                packetbuf_copyfrom
 .text.packetbuf_attr_copyto
                0x00000000000076f8       0x44 contiki-srf06-cc26xx.a(packetbuf.o)
                0x00000000000076f8                packetbuf_attr_copyto
 .text.packetbuf_attr_copyfrom
                0x000000000000773c       0x40 contiki-srf06-cc26xx.a(packetbuf.o)
                0x000000000000773c                packetbuf_attr_copyfrom
 .text.packetbuf_set_attr
                0x000000000000777c       0x10 contiki-srf06-cc26xx.a(packetbuf.o)
                0x000000000000777c                packetbuf_set_attr
 .text.packetbuf_attr
                0x000000000000778c       0x10 contiki-srf06-cc26xx.a(packetbuf.o)
                0x000000000000778c                packetbuf_attr
 .text.packetbuf_set_addr
                0x000000000000779c       0x18 contiki-srf06-cc26xx.a(packetbuf.o)
                0x000000000000779c                packetbuf_set_addr
 .text.packetbuf_addr
                0x00000000000077b4       0x10 contiki-srf06-cc26xx.a(packetbuf.o)
                0x00000000000077b4                packetbuf_addr
 .text.packetbuf_holds_broadcast
                0x00000000000077c4       0x14 contiki-srf06-cc26xx.a(packetbuf.o)
                0x00000000000077c4                packetbuf_holds_broadcast
 .text.queuebuf_init
                0x00000000000077d8       0x20 contiki-srf06-cc26xx.a(queuebuf.o)
                0x00000000000077d8                queuebuf_init
 .text.queuebuf_new_from_packetbuf
                0x00000000000077f8       0x50 contiki-srf06-cc26xx.a(queuebuf.o)
                0x00000000000077f8                queuebuf_new_from_packetbuf
 .text.queuebuf_update_attr_from_packetbuf
                0x0000000000007848        0xc contiki-srf06-cc26xx.a(queuebuf.o)
                0x0000000000007848                queuebuf_update_attr_from_packetbuf
 .text.queuebuf_free
                0x0000000000007854       0x38 contiki-srf06-cc26xx.a(queuebuf.o)
                0x0000000000007854                queuebuf_free
 .text.queuebuf_to_packetbuf
                0x000000000000788c       0x34 contiki-srf06-cc26xx.a(queuebuf.o)
                0x000000000000788c                queuebuf_to_packetbuf
 .text.queuebuf_attr
                0x00000000000078c0        0xc contiki-srf06-cc26xx.a(queuebuf.o)
                0x00000000000078c0                queuebuf_attr
 .text.input_packet
                0x00000000000078cc       0x10 contiki-srf06-cc26xx.a(csma.o)
 .text.on       0x00000000000078dc       0x10 contiki-srf06-cc26xx.a(csma.o)
 .text.off      0x00000000000078ec       0x10 contiki-srf06-cc26xx.a(csma.o)
 .text.channel_check_interval
                0x00000000000078fc       0x14 contiki-srf06-cc26xx.a(csma.o)
 .text.transmit_packet_list
                0x0000000000007910       0x28 contiki-srf06-cc26xx.a(csma.o)
 .text.schedule_transmission
                0x0000000000007938       0x54 contiki-srf06-cc26xx.a(csma.o)
 .text.send_packet
                0x000000000000798c      0x194 contiki-srf06-cc26xx.a(csma.o)
 .text.init     0x0000000000007b20       0x2c contiki-srf06-cc26xx.a(csma.o)
 .text.tx_done  0x0000000000007b4c       0x90 contiki-srf06-cc26xx.a(csma.o)
 .text.packet_sent
                0x0000000000007bdc       0xe8 contiki-srf06-cc26xx.a(csma.o)
 .text.frame802154_get_pan_id
                0x0000000000007cc4        0xc contiki-srf06-cc26xx.a(frame802154.o)
                0x0000000000007cc4                frame802154_get_pan_id
 .text.frame802154_has_panid
                0x0000000000007cd0       0xac contiki-srf06-cc26xx.a(frame802154.o)
                0x0000000000007cd0                frame802154_has_panid
 .text.field_len
                0x0000000000007d7c       0x9c contiki-srf06-cc26xx.a(frame802154.o)
 .text.frame802154_is_broadcast_addr
                0x0000000000007e18       0x24 contiki-srf06-cc26xx.a(frame802154.o)
                0x0000000000007e18                frame802154_is_broadcast_addr
 .text.frame802154_hdrlen
                0x0000000000007e3c       0x34 contiki-srf06-cc26xx.a(frame802154.o)
                0x0000000000007e3c                frame802154_hdrlen
 .text.frame802154_create_fcf
                0x0000000000007e70       0x64 contiki-srf06-cc26xx.a(frame802154.o)
                0x0000000000007e70                frame802154_create_fcf
 .text.frame802154_create
                0x0000000000007ed4       0xc8 contiki-srf06-cc26xx.a(frame802154.o)
                0x0000000000007ed4                frame802154_create
 .text.frame802154_parse_fcf
                0x0000000000007f9c       0x50 contiki-srf06-cc26xx.a(frame802154.o)
                0x0000000000007f9c                frame802154_parse_fcf
 .text.frame802154_parse
                0x0000000000007fec      0x14c contiki-srf06-cc26xx.a(frame802154.o)
                0x0000000000007fec                frame802154_parse
 .text.mac_call_sent_callback
                0x0000000000008138       0x10 contiki-srf06-cc26xx.a(mac.o)
                0x0000000000008138                mac_call_sent_callback
 .text.on       0x0000000000008148       0x10 contiki-srf06-cc26xx.a(nullrdc.o)
 .text.channel_check_interval
                0x0000000000008158        0x4 contiki-srf06-cc26xx.a(nullrdc.o)
 .text.init     0x000000000000815c       0x10 contiki-srf06-cc26xx.a(nullrdc.o)
 .text.packet_input
                0x000000000000816c       0xc4 contiki-srf06-cc26xx.a(nullrdc.o)
 .text.send_one_packet
                0x0000000000008230      0x124 contiki-srf06-cc26xx.a(nullrdc.o)
 .text.send_list
                0x0000000000008354       0x24 contiki-srf06-cc26xx.a(nullrdc.o)
 .text.send_packet
                0x0000000000008378        0x4 contiki-srf06-cc26xx.a(nullrdc.o)
 .text.off      0x000000000000837c       0x18 contiki-srf06-cc26xx.a(nullrdc.o)
 .text.init     0x0000000000008394        0x4 contiki-srf06-cc26xx.a(nullsec.o)
 .text.input    0x0000000000008398       0x10 contiki-srf06-cc26xx.a(nullsec.o)
 .text.send     0x00000000000083a8       0x20 contiki-srf06-cc26xx.a(nullsec.o)
 .text.accessible
                0x00000000000083c8       0x2c contiki-srf06-cc26xx.a(board-spi.o)
 .text.board_spi_write
                0x00000000000083f4       0x40 contiki-srf06-cc26xx.a(board-spi.o)
                0x00000000000083f4                board_spi_write
 .text.board_spi_read
                0x0000000000008434       0x4c contiki-srf06-cc26xx.a(board-spi.o)
                0x0000000000008434                board_spi_read
 .text.board_spi_flush
                0x0000000000008480       0x28 contiki-srf06-cc26xx.a(board-spi.o)
                0x0000000000008480                board_spi_flush
 .text.board_spi_open
                0x00000000000084a8       0xcc contiki-srf06-cc26xx.a(board-spi.o)
                0x00000000000084a8                board_spi_open
 .text.board_spi_close
                0x0000000000008574       0x74 contiki-srf06-cc26xx.a(board-spi.o)
                0x0000000000008574                board_spi_close
 .text.sensor_common_write_reg
                0x00000000000085e8       0x30 contiki-srf06-cc26xx.a(sensor-common.o)
                0x00000000000085e8                sensor_common_write_reg
 .text.i2c_status
                0x0000000000008618       0x3c contiki-srf06-cc26xx.a(board-i2c.o)
 .text.accessible
                0x0000000000008654       0x2c contiki-srf06-cc26xx.a(board-i2c.o)
 .text.board_i2c_wakeup
                0x0000000000008680       0x6c contiki-srf06-cc26xx.a(board-i2c.o)
                0x0000000000008680                board_i2c_wakeup
 .text.board_i2c_write
                0x00000000000086ec       0xf4 contiki-srf06-cc26xx.a(board-i2c.o)
                0x00000000000086ec                board_i2c_write
 .text.board_i2c_write_single
                0x00000000000087e0       0x50 contiki-srf06-cc26xx.a(board-i2c.o)
                0x00000000000087e0                board_i2c_write_single
 .text.board_i2c_read
                0x0000000000008830       0xdc contiki-srf06-cc26xx.a(board-i2c.o)
                0x0000000000008830                board_i2c_read
 .text.board_i2c_select
                0x000000000000890c       0xfc contiki-srf06-cc26xx.a(board-i2c.o)
                0x000000000000890c                board_i2c_select
 .text.aux_ctrl_power_up
                0x0000000000008a08       0x2c contiki-srf06-cc26xx.a(aux-ctrl.o)
                0x0000000000008a08                aux_ctrl_power_up
 .text.aux_ctrl_register_consumer
                0x0000000000008a34       0x44 contiki-srf06-cc26xx.a(aux-ctrl.o)
                0x0000000000008a34                aux_ctrl_register_consumer
 .text.aux_ctrl_power_down
                0x0000000000008a78       0x80 contiki-srf06-cc26xx.a(aux-ctrl.o)
                0x0000000000008a78                aux_ctrl_power_down
 .text.aux_ctrl_unregister_consumer
                0x0000000000008af8       0x2c contiki-srf06-cc26xx.a(aux-ctrl.o)
                0x0000000000008af8                aux_ctrl_unregister_consumer
 .text.memb_init
                0x0000000000008b24       0x24 contiki-srf06-cc26xx.a(memb.o)
                0x0000000000008b24                memb_init
 .text.memb_alloc
                0x0000000000008b48       0x3c contiki-srf06-cc26xx.a(memb.o)
                0x0000000000008b48                memb_alloc
 .text.memb_free
                0x0000000000008b84       0x44 contiki-srf06-cc26xx.a(memb.o)
                0x0000000000008b84                memb_free
 .text.memb_inmemb
                0x0000000000008bc8       0x1c contiki-srf06-cc26xx.a(memb.o)
                0x0000000000008bc8                memb_inmemb
 .text.abc_open
                0x0000000000008be4       0x20 contiki-srf06-cc26xx.a(abc.o)
                0x0000000000008be4                abc_open
 .text.abc_send
                0x0000000000008c04        0x4 contiki-srf06-cc26xx.a(abc.o)
                0x0000000000008c04                abc_send
 .text.abc_input
                0x0000000000008c08        0xc contiki-srf06-cc26xx.a(abc.o)
                0x0000000000008c08                abc_input
 .text.abc_sent
                0x0000000000008c14        0xc contiki-srf06-cc26xx.a(abc.o)
                0x0000000000008c14                abc_sent
 .text.announcement_init
                0x0000000000008c20        0xc contiki-srf06-cc26xx.a(announcement.o)
                0x0000000000008c20                announcement_init
 .text.announcement_register_observer_callback
                0x0000000000008c2c        0xc contiki-srf06-cc26xx.a(announcement.o)
                0x0000000000008c2c                announcement_register_observer_callback
 .text.announcement_list
                0x0000000000008c38        0xc contiki-srf06-cc26xx.a(announcement.o)
                0x0000000000008c38                announcement_list
 .text.announcement_heard
                0x0000000000008c44       0x34 contiki-srf06-cc26xx.a(announcement.o)
                0x0000000000008c44                announcement_heard
 .text.adv_packet_sent
                0x0000000000008c78        0x4 contiki-srf06-cc26xx.a(broadcast-annou)
 .text.set_timers
                0x0000000000008c7c       0x44 contiki-srf06-cc26xx.a(broadcast-annou)
 .text.send_timer
                0x0000000000008cc0       0x1c contiki-srf06-cc26xx.a(broadcast-annou)
 .text.send_adv
                0x0000000000008cdc       0x5c contiki-srf06-cc26xx.a(broadcast-annou)
 .text.adv_packet_received
                0x0000000000008d38       0x48 contiki-srf06-cc26xx.a(broadcast-annou)
 .text.new_announcement
                0x0000000000008d80       0x1c contiki-srf06-cc26xx.a(broadcast-annou)
 .text.broadcast_announcement_init
                0x0000000000008d9c       0x38 contiki-srf06-cc26xx.a(broadcast-annou)
                0x0000000000008d9c                broadcast_announcement_init
 .text.chameleon_init
                0x0000000000008dd4        0x4 contiki-srf06-cc26xx.a(chameleon.o)
                0x0000000000008dd4                chameleon_init
 .text.chameleon_parse
                0x0000000000008dd8       0x20 contiki-srf06-cc26xx.a(chameleon.o)
                0x0000000000008dd8                chameleon_parse
 .text.chameleon_create
                0x0000000000008df8       0x24 contiki-srf06-cc26xx.a(chameleon.o)
                0x0000000000008df8                chameleon_create
 .text.chameleon_hdrsize
                0x0000000000008e1c       0x10 contiki-srf06-cc26xx.a(chameleon.o)
                0x0000000000008e1c                chameleon_hdrsize
 .text.NOROM_AONBatMonTemperatureGetDegC
                0x0000000000008e2c       0x38 contiki-srf06-cc26xx.a(aon_batmon.o)
                0x0000000000008e2c                NOROM_AONBatMonTemperatureGetDegC
 .text.NOROM_DDI32RegWrite
                0x0000000000008e64       0x3c contiki-srf06-cc26xx.a(ddi.o)
                0x0000000000008e64                NOROM_DDI32RegWrite
 .text.parse    0x0000000000008ea0       0xa4 contiki-srf06-cc26xx.a(framer-802154.o)
 .text.create_frame.isra.0
                0x0000000000008f44      0x14c contiki-srf06-cc26xx.a(framer-802154.o)
 .text.create   0x0000000000009090        0x8 contiki-srf06-cc26xx.a(framer-802154.o)
 .text.hdr_length
                0x0000000000009098        0x8 contiki-srf06-cc26xx.a(framer-802154.o)
 .text.mac_sequence_is_duplicate
                0x00000000000090a0       0x54 contiki-srf06-cc26xx.a(mac-sequence.o)
                0x00000000000090a0                mac_sequence_is_duplicate
 .text.mac_sequence_register_seqno
                0x00000000000090f4       0x74 contiki-srf06-cc26xx.a(mac-sequence.o)
                0x00000000000090f4                mac_sequence_register_seqno
 .text.header_size
                0x0000000000009168       0x1c contiki-srf06-cc26xx.a(chameleon-bitop)
 .text.get_bits
                0x0000000000009184       0xc0 contiki-srf06-cc26xx.a(chameleon-bitop)
                0x0000000000009184                get_bits
 .text.unpack_header
                0x0000000000009244       0xbc contiki-srf06-cc26xx.a(chameleon-bitop)
 .text.set_bits
                0x0000000000009300       0xd4 contiki-srf06-cc26xx.a(chameleon-bitop)
                0x0000000000009300                set_bits
 .text.pack_header
                0x00000000000093d4       0xb0 contiki-srf06-cc26xx.a(chameleon-bitop)
 .text          0x0000000000009484      0x370 /usr/lib/gcc/arm-none-eabi/4.8.2/armv7-m/libgcc.a(_arm_addsubdf3.o)
                0x0000000000009484                __aeabi_drsub
                0x000000000000948c                __aeabi_dsub
                0x000000000000948c                __subdf3
                0x0000000000009490                __adddf3
                0x0000000000009490                __aeabi_dadd
                0x0000000000009708                __aeabi_ui2d
                0x0000000000009708                __floatunsidf
                0x0000000000009728                __floatsidf
                0x0000000000009728                __aeabi_i2d
                0x000000000000974c                __extendsfdf2
                0x000000000000974c                __aeabi_f2d
                0x0000000000009788                __aeabi_ul2d
                0x0000000000009788                __floatundidf
                0x0000000000009798                __floatdidf
                0x0000000000009798                __aeabi_l2d
 .text          0x00000000000097f4      0x424 /usr/lib/gcc/arm-none-eabi/4.8.2/armv7-m/libgcc.a(_arm_muldivdf3.o)
                0x00000000000097f4                __aeabi_dmul
                0x00000000000097f4                __muldf3
                0x0000000000009a48                __aeabi_ddiv
                0x0000000000009a48                __divdf3
 .text          0x0000000000009c18       0xa0 /usr/lib/gcc/arm-none-eabi/4.8.2/armv7-m/libgcc.a(_arm_truncdfsf2.o)
                0x0000000000009c18                __aeabi_d2f
                0x0000000000009c18                __truncdfsf2
 .text          0x0000000000009cb8      0x2a0 /usr/lib/gcc/arm-none-eabi/4.8.2/armv7-m/libgcc.a(_arm_muldivsf3.o)
                0x0000000000009cb8                __mulsf3
                0x0000000000009cb8                __aeabi_fmul
                0x0000000000009e20                __divsf3
                0x0000000000009e20                __aeabi_fdiv
 .text          0x0000000000009f58       0x4c /usr/lib/gcc/arm-none-eabi/4.8.2/armv7-m/libgcc.a(_arm_fixsfsi.o)
                0x0000000000009f58                __fixsfsi
                0x0000000000009f58                __aeabi_f2iz
 .text          0x0000000000009fa4       0x2c /usr/lib/gcc/arm-none-eabi/4.8.2/armv7-m/libgcc.a(_aeabi_uldivmod.o)
                0x0000000000009fa4                __aeabi_uldivmod
 .text          0x0000000000009fd0       0x60 /usr/lib/gcc/arm-none-eabi/4.8.2/armv7-m/libgcc.a(bpabi.o)
                0x0000000000009fd0                __gnu_ldivmod_helper
                0x000000000000a000                __gnu_uldivmod_helper
 .text          0x000000000000a030        0x4 /usr/lib/gcc/arm-none-eabi/4.8.2/armv7-m/libgcc.a(_dvmd_tls.o)
                0x000000000000a030                __aeabi_ldiv0
                0x000000000000a030                __aeabi_idiv0
 .text          0x000000000000a034      0x2bc /usr/lib/gcc/arm-none-eabi/4.8.2/armv7-m/libgcc.a(_divdi3.o)
                0x000000000000a034                __divdi3
 .text          0x000000000000a2f0      0x284 /usr/lib/gcc/arm-none-eabi/4.8.2/armv7-m/libgcc.a(_udivdi3.o)
                0x000000000000a2f0                __udivdi3
 .text.memcmp   0x000000000000a574       0x68 /usr/lib/gcc/arm-none-eabi/4.8.2/../../../arm-none-eabi/lib/armv7-m/libc.a(lib_a-memcmp.o)
                0x000000000000a574                memcmp
 .text          0x000000000000a5dc       0xec /usr/lib/gcc/arm-none-eabi/4.8.2/../../../arm-none-eabi/lib/armv7-m/libc.a(lib_a-memcpy.o)
                0x000000000000a5dc                memcpy
 .text.memset   0x000000000000a6c8       0x94 /usr/lib/gcc/arm-none-eabi/4.8.2/../../../arm-none-eabi/lib/armv7-m/libc.a(lib_a-memset.o)
                0x000000000000a6c8                memset
 .text.strlen   0x000000000000a75c       0x60 /usr/lib/gcc/arm-none-eabi/4.8.2/../../../arm-none-eabi/lib/armv7-m/libc.a(lib_a-strlen.o)
                0x000000000000a75c                strlen
 *(SORT(.rodata*))
 .rodata.autostart_processes
                0x000000000000a7bc        0x8 cc13xx-node.co
                0x000000000000a7bc                autostart_processes
 .rodata.str1.4
                0x000000000000a7c4       0x1b cc13xx-node.co
                                         0x1c (size before relaxing)
 *fill*         0x000000000000a7df        0x1 00000000
 .rodata.str1.4
                0x000000000000a7e0        0xe obj_srf06-cc26xx/apros-serial-line.o
                                         0x10 (size before relaxing)
 *fill*         0x000000000000a7ee        0x2 00000000
 .rodata.str1.4
                0x000000000000a7f0       0x93 contiki-srf06-cc26xx.a(contiki-main.o)
                                         0x94 (size before relaxing)
 *fill*         0x000000000000a883        0x1 00000000
 .rodata.str1.4
                0x000000000000a884        0x8 contiki-srf06-cc26xx.a(sensors.o)
 .rodata.unicast_callbacks
                0x000000000000a88c        0x8 contiki-srf06-cc26xx.a(apros-wireless-)
 .rodata.broadcast_callbacks
                0x000000000000a894        0x8 contiki-srf06-cc26xx.a(apros-wireless-)
 .rodata        0x000000000000a89c        0x4 contiki-srf06-cc26xx.a(ext-flash.o)
 .rodata        0x000000000000a8a0       0x34 contiki-srf06-cc26xx.a(board.o)
 .rodata.hdc_1010_sensor
                0x000000000000a8d4       0x10 contiki-srf06-cc26xx.a(hdc-1010-sensor)
                0x000000000000a8d4                hdc_1010_sensor
 .rodata.str1.4
                0x000000000000a8e4        0x8 contiki-srf06-cc26xx.a(hdc-1010-sensor)
 .rodata.ekmc_1603113_sensor
                0x000000000000a8ec       0x10 contiki-srf06-cc26xx.a(ekmc-1603113-se)
                0x000000000000a8ec                ekmc_1603113_sensor
 .rodata.str1.4
                0x000000000000a8fc        0xd contiki-srf06-cc26xx.a(ekmc-1603113-se)
                                         0x10 (size before relaxing)
 *fill*         0x000000000000a909        0x3 00000000
 .rodata.mode_prop
                0x000000000000a90c        0x8 contiki-srf06-cc26xx.a(prop-mode.o)
 .rodata.prop_mode_driver
                0x000000000000a914       0x38 contiki-srf06-cc26xx.a(prop-mode.o)
                0x000000000000a914                prop_mode_driver
 .rodata.patchGenfskRfe
                0x000000000000a94c      0x6b4 contiki-srf06-cc26xx.a(prop-mode.o)
 .rodata.patchImageGenfsk
                0x000000000000b000      0x2b0 contiki-srf06-cc26xx.a(prop-mode.o)
 .rodata.prop_mode_tx_power_779_930
                0x000000000000b2b0       0x88 contiki-srf06-cc26xx.a(prop-mode-tx-po)
                0x000000000000b2b0                prop_mode_tx_power_779_930
 .rodata.str1.4
                0x000000000000b338       0x46 contiki-srf06-cc26xx.a(rf-core.o)
                                         0x48 (size before relaxing)
 *fill*         0x000000000000b37e        0x2 00000000
 .rodata.str1.4
                0x000000000000b380       0x1b contiki-srf06-cc26xx.a(soc-trng.o)
                                         0x1c (size before relaxing)
 *fill*         0x000000000000b39b        0x1 00000000
 .rodata.buffer.4002
                0x000000000000b39c       0x10 contiki-srf06-cc26xx.a(strformat.o)
 .rodata.buffer.4011
                0x000000000000b3ac       0x10 contiki-srf06-cc26xx.a(strformat.o)
 .rodata.str1.4
                0x000000000000b3bc       0x46 contiki-srf06-cc26xx.a(strformat.o)
                                         0x48 (size before relaxing)
 *fill*         0x000000000000b402        0x2 00000000
 .rodata.str1.4
                0x000000000000b404        0xf contiki-srf06-cc26xx.a(ctimer.o)
                                         0x10 (size before relaxing)
 *fill*         0x000000000000b413        0x1 00000000
 .rodata.str1.4
                0x000000000000b414        0xc contiki-srf06-cc26xx.a(etimer.o)
 .rodata.str1.4
                0x0000000000000000       0x10 contiki-srf06-cc26xx.a(serial-line.o)
 .rodata.attributes
                0x000000000000b420        0x4 contiki-srf06-cc26xx.a(broadcast.o)
 .rodata.broadcast
                0x000000000000b424        0x8 contiki-srf06-cc26xx.a(broadcast.o)
 .rodata.str1.4
                0x000000000000b42c        0x5 contiki-srf06-cc26xx.a(rime.o)
                                          0x8 (size before relaxing)
 *fill*         0x000000000000b431        0x3 00000000
 .rodata.rime_driver
                0x000000000000b434        0xc contiki-srf06-cc26xx.a(rime.o)
                0x000000000000b434                rime_driver
 .rodata.uc     0x000000000000b440        0x8 contiki-srf06-cc26xx.a(unicast.o)
 .rodata.attributes
                0x000000000000b448        0x8 contiki-srf06-cc26xx.a(unicast.o)
 .rodata.linkaddr_null
                0x000000000000b450        0x4 contiki-srf06-cc26xx.a(linkaddr.o)
                0x000000000000b450                linkaddr_null
 .rodata.str1.4
                0x000000000000b454        0x5 contiki-srf06-cc26xx.a(csma.o)
                                          0x8 (size before relaxing)
 *fill*         0x000000000000b459        0x3 00000000
 .rodata.csma_driver
                0x000000000000b45c       0x1c contiki-srf06-cc26xx.a(csma.o)
                0x000000000000b45c                csma_driver
 .rodata.str1.4
                0x000000000000b478        0x8 contiki-srf06-cc26xx.a(nullrdc.o)
 .rodata.nullrdc_driver
                0x000000000000b480       0x20 contiki-srf06-cc26xx.a(nullrdc.o)
                0x000000000000b480                nullrdc_driver
 .rodata.str1.4
                0x000000000000b4a0        0x8 contiki-srf06-cc26xx.a(nullsec.o)
 .rodata.nullsec_driver
                0x000000000000b4a8       0x10 contiki-srf06-cc26xx.a(nullsec.o)
                0x000000000000b4a8                nullsec_driver
 .rodata.attributes
                0x000000000000b4b8        0x4 contiki-srf06-cc26xx.a(abc.o)
 .rodata.broadcast_callbacks
                0x000000000000b4bc        0x8 contiki-srf06-cc26xx.a(broadcast-annou)
 .rodata.framer_802154
                0x000000000000b4c4        0xc contiki-srf06-cc26xx.a(framer-802154.o)
                0x000000000000b4c4                framer_802154
 .rodata.chameleon_bitopt
                0x000000000000b4d0        0xc contiki-srf06-cc26xx.a(chameleon-bitop)
                0x000000000000b4d0                chameleon_bitopt
 .rodata.bitmask
                0x000000000000b4dc        0xc contiki-srf06-cc26xx.a(chameleon-bitop)
                0x000000000000b4e8                _etext = .

.glue_7         0x000000000000b4e8        0x0
 .glue_7        0x0000000000000000        0x0 linker stubs

.glue_7t        0x000000000000b4e8        0x0
 .glue_7t       0x0000000000000000        0x0 linker stubs

.vfp11_veneer   0x000000000000b4e8        0x0
 .vfp11_veneer  0x0000000000000000        0x0 linker stubs

.v4_bx          0x000000000000b4e8        0x0
 .v4_bx         0x0000000000000000        0x0 linker stubs

.iplt           0x000000000000b4e8        0x0
 .iplt          0x0000000000000000        0x0 obj_srf06-cc26xx/startup_gcc.o

.data           0x0000000020000000      0x225 load address 0x000000000000b4e8
                0x0000000020000000                _data = .
 *(SORT(vtable))
 *(SORT(.data*))
 .data.cc13xx_process
                0x0000000020000000       0x10 cc13xx-node.co
                0x0000000020000000                cc13xx_process
 .data.br_addr.9659
                0x0000000020000010        0x4 cc13xx-node.co
 .data.apros_serial_line_process
                0x0000000020000014       0x10 obj_srf06-cc26xx/apros-serial-line.o
                0x0000000020000014                apros_serial_line_process
 .data.sensors_process
                0x0000000020000024       0x10 contiki-srf06-cc26xx.a(sensors.o)
                0x0000000020000024                sensors_process
 .data.subfunc_set
                0x0000000020000034        0x8 contiki-srf06-cc26xx.a(apros-wireless-)
 .data.apros_module
                0x000000002000003c       0x14 contiki-srf06-cc26xx.a(board.o)
 .data.sensors  0x0000000020000050        0xc contiki-srf06-cc26xx.a(apros-sensors.o)
                0x0000000020000050                sensors
 .data.prop_lpm_module
                0x000000002000005c       0x14 contiki-srf06-cc26xx.a(prop-mode.o)
 .data.tx_power_current
                0x0000000020000070        0x4 contiki-srf06-cc26xx.a(prop-mode.o)
                0x0000000020000070                tx_power_current
 .data.uart_module
                0x0000000020000074       0x14 contiki-srf06-cc26xx.a(cc26xx-uart.o)
 .data.rf_core_process
                0x0000000020000088       0x10 contiki-srf06-cc26xx.a(rf-core.o)
                0x0000000020000088                rf_core_process
 .data.rng_module
                0x0000000020000098       0x14 contiki-srf06-cc26xx.a(soc-trng.o)
 .data.soc_trng_process
                0x00000000200000ac       0x10 contiki-srf06-cc26xx.a(soc-trng.o)
                0x00000000200000ac                soc_trng_process
 .data.ctxt     0x00000000200000bc        0x8 contiki-srf06-cc26xx.a(dbg-printf.o)
 .data.ctimer_process
                0x00000000200000c4       0x10 contiki-srf06-cc26xx.a(ctimer.o)
                0x00000000200000c4                ctimer_process
 .data.etimer_process
                0x00000000200000d4       0x10 contiki-srf06-cc26xx.a(etimer.o)
                0x00000000200000d4                etimer_process
 .data.serial_line_process
                0x00000000200000e4       0x10 contiki-srf06-cc26xx.a(serial-line.o)
                0x00000000200000e4                serial_line_process
 .data.bufmem   0x00000000200000f4        0xc contiki-srf06-cc26xx.a(queuebuf.o)
 .data.buframmem
                0x0000000020000100        0xc contiki-srf06-cc26xx.a(queuebuf.o)
 .data.metadata_memb
                0x000000002000010c        0xc contiki-srf06-cc26xx.a(csma.o)
 .data.neighbor_memb
                0x0000000020000118        0xc contiki-srf06-cc26xx.a(csma.o)
 .data.packet_memb
                0x0000000020000124        0xc contiki-srf06-cc26xx.a(csma.o)
 .data.smartrf_settings_cmd_prop_rx_adv
                0x0000000020000130       0x30 contiki-srf06-cc26xx.a(smartrf-setting)
                0x0000000020000130                smartrf_settings_cmd_prop_rx_adv
 .data.smartrf_settings_cmd_fs
                0x0000000020000160       0x18 contiki-srf06-cc26xx.a(smartrf-setting)
                0x0000000020000160                smartrf_settings_cmd_fs
 .data.smartrf_settings_cmd_prop_radio_div_setup
                0x0000000020000178       0x28 contiki-srf06-cc26xx.a(smartrf-setting)
                0x0000000020000178                smartrf_settings_cmd_prop_radio_div_setup
 .data.smartrf_settings_cmd_prop_tx_adv
                0x00000000200001a0       0x20 contiki-srf06-cc26xx.a(smartrf-setting)
                0x00000000200001a0                smartrf_settings_cmd_prop_tx_adv
 .data.overrides
                0x00000000200001c0       0x60 contiki-srf06-cc26xx.a(smartrf-setting)
 .data.mac_pan_id
                0x0000000020000220        0x2 contiki-srf06-cc26xx.a(frame802154.o)
 .data.rssi_threshold
                0x0000000020000222        0x1 contiki-srf06-cc26xx.a(prop-mode.o)
 .data.rng_ready_event
                0x0000000020000223        0x1 contiki-srf06-cc26xx.a(soc-trng.o)
 .data.interface
                0x0000000020000224        0x1 contiki-srf06-cc26xx.a(board-i2c.o)
                0x0000000020000225                _edata = .

.igot.plt       0x0000000020000228        0x0 load address 0x000000000000b70d
 .igot.plt      0x0000000000000000        0x0 obj_srf06-cc26xx/startup_gcc.o

.ARM.exidx      0x000000000000b710        0x8
 *(SORT(.ARM.exidx*))
 .ARM.exidx     0x000000000000b710        0x8 /usr/lib/gcc/arm-none-eabi/4.8.2/armv7-m/libgcc.a(_divdi3.o)
 .ARM.exidx     0x000000000000b718        0x0 /usr/lib/gcc/arm-none-eabi/4.8.2/armv7-m/libgcc.a(_udivdi3.o)
                                          0x8 (size before relaxing)

.bss            0x0000000020000228     0x19cf
                0x0000000020000228                _bss = .
 *(SORT(.bss*))
 .bss.count     0x0000000020000228        0x8 contiki-srf06-cc26xx.a(clock.o)
 .bss.rands_cache
                0x0000000020000230       0x20 contiki-srf06-cc26xx.a(soc-trng.o)
 .bss.tlv_set.9719
                0x0000000020000250       0x10 cc13xx-node.co
 .bss.battery_8.9656
                0x0000000020000260        0x4 cc13xx-node.co
 .bss.rsp.9677  0x0000000020000264       0x14 cc13xx-node.co
 .bss.er_node_busy.9787
                0x0000000020000278        0x8 cc13xx-node.co
 .bss.node_mac  0x0000000020000280        0x8 cc13xx-node.co
 .bss.my_msg_info
                0x0000000020000288        0x8 cc13xx-node.co
 .bss.tlv_set.9775
                0x0000000020000290       0x10 cc13xx-node.co
 .bss.val_bat_read
                0x00000000200002a0        0x4 cc13xx-node.co
 .bss.humid_8.9655
                0x00000000200002a4        0x4 cc13xx-node.co
 .bss.val_humid
                0x00000000200002a8        0x4 cc13xx-node.co
 .bss.temp_8.9654
                0x00000000200002ac        0x4 cc13xx-node.co
 .bss.val_temp  0x00000000200002b0        0x4 cc13xx-node.co
 .bss.st        0x00000000200002b4        0x8 cc13xx-node.co
 .bss.tlv_hdr.9710
                0x00000000200002bc        0x8 cc13xx-node.co
 .bss.tlv_set.9686
                0x00000000200002c4       0x10 cc13xx-node.co
 .bss.node_config
                0x00000000200002d4       0x20 cc13xx-node.co
 .bss.my_node_info
                0x00000000200002f4       0x10 cc13xx-node.co
 .bss.tlv_hdr.9718
                0x0000000020000304        0x8 cc13xx-node.co
 .bss.tlv_set.9732
                0x000000002000030c       0x10 cc13xx-node.co
 .bss.tlv_set.9704
                0x000000002000031c       0x10 cc13xx-node.co
 .bss.tlv_hdr.9757
                0x000000002000032c        0x8 cc13xx-node.co
 .bss.tlv_set.9653
                0x0000000020000334       0x38 cc13xx-node.co
 .bss.tlv_hdr.9774
                0x000000002000036c        0x8 cc13xx-node.co
 .bss.tlv_set.9741
                0x0000000020000374       0x10 cc13xx-node.co
 .bss.tlv_set.9749
                0x0000000020000384       0x10 cc13xx-node.co
 .bss.tlv_set.9766
                0x0000000020000394       0x10 cc13xx-node.co
 .bss.tlv_hdr.9731
                0x00000000200003a4        0x8 cc13xx-node.co
 .bss.tlv_hdr.9685
                0x00000000200003ac        0x8 cc13xx-node.co
 .bss.pl.9807   0x00000000200003b4       0x60 cc13xx-node.co
 .bss.tlv.9783  0x0000000020000414        0x8 cc13xx-node.co
 .bss.tlv_hdr.9703
                0x000000002000041c        0x8 cc13xx-node.co
 .bss.tlv_hdr.9693
                0x0000000020000424        0x8 cc13xx-node.co
 .bss.br_ack_backoff_time
                0x000000002000042c        0x4 cc13xx-node.co
 .bss.tlv_set.9758
                0x0000000020000430       0x10 cc13xx-node.co
 .bss.ct        0x0000000020000440       0x20 cc13xx-node.co
 .bss.tlv_set.9694
                0x0000000020000460       0x10 cc13xx-node.co
 .bss.hdc_timer
                0x0000000020000470       0x20 cc13xx-node.co
 .bss.tlv_hdr.9740
                0x0000000020000490        0x8 cc13xx-node.co
 .bss.et        0x0000000020000498       0x10 cc13xx-node.co
 .bss.comm.9784
                0x00000000200004a8        0xc cc13xx-node.co
 .bss.tlv_hdr.9748
                0x00000000200004b4        0x8 cc13xx-node.co
 .bss.tlv_set.9711
                0x00000000200004bc       0x10 cc13xx-node.co
 .bss.tlv_hdr.9765
                0x00000000200004cc        0x8 cc13xx-node.co
 .bss.pkt.9638  0x00000000200004d4       0x64 cc13xx-node.co
 .bss.ovfl.4755
                0x0000000020000538        0x4 obj_srf06-cc26xx/apros-serial-line.o
 .bss.ptr.4754  0x000000002000053c        0x4 obj_srf06-cc26xx/apros-serial-line.o
 .bss.parcel.4756
                0x0000000020000540       0x84 obj_srf06-cc26xx/apros-serial-line.o
 .bss.rxbuf_data
                0x00000000200005c4       0x80 obj_srf06-cc26xx/apros-serial-line.o
 .bss.rxbuf     0x0000000020000644        0x8 obj_srf06-cc26xx/apros-serial-line.o
 .bss.buf.4753  0x000000002000064c       0x80 obj_srf06-cc26xx/apros-serial-line.o
 .bss.i.4754    0x00000000200006cc        0x4 contiki-srf06-cc26xx.a(sensors.o)
 .bss.events.4755
                0x00000000200006d0        0x4 contiki-srf06-cc26xx.a(sensors.o)
 .bss.uc        0x00000000200006d4       0x1c contiki-srf06-cc26xx.a(apros-wireless-)
 .bss.bc        0x00000000200006f0       0x18 contiki-srf06-cc26xx.a(apros-wireless-)
 .bss.ct_comm_buffer
                0x0000000020000708      0x1e0 contiki-srf06-cc26xx.a(apros-command-s)
 .bss.param_cp  0x00000000200008e8      0x258 contiki-srf06-cc26xx.a(apros-command-s)
 .bss.inited    0x0000000020000b40        0x4 contiki-srf06-cc26xx.a(leds-arch.o)
 .bss.startup_timer
                0x0000000020000b44       0x20 contiki-srf06-cc26xx.a(hdc-1010-sensor)
 .bss.enabled   0x0000000020000b64        0x4 contiki-srf06-cc26xx.a(hdc-1010-sensor)
 .bss.data      0x0000000020000b68        0x4 contiki-srf06-cc26xx.a(hdc-1010-sensor)
 .bss.ekmc_timer
                0x0000000020000b6c       0x10 contiki-srf06-cc26xx.a(ekmc-1603113-se)
 .bss.rx_stats  0x0000000020000b7c        0xc contiki-srf06-cc26xx.a(prop-mode.o)
 .bss.rx_data_queue
                0x0000000020000b88        0x8 contiki-srf06-cc26xx.a(prop-mode.o)
 .bss.rx_read_entry
                0x0000000020000b90        0x4 contiki-srf06-cc26xx.a(prop-mode.o)
 .bss.tx_buf    0x0000000020000b94       0xb8 contiki-srf06-cc26xx.a(prop-mode.o)
 .bss.rx_buf    0x0000000020000c4c      0x230 contiki-srf06-cc26xx.a(prop-mode.o)
 .bss.last_isr_time
                0x0000000020000e7c        0x4 contiki-srf06-cc26xx.a(soc-rtc.o)
 .bss.input_handler
                0x0000000020000e80        0x4 contiki-srf06-cc26xx.a(cc26xx-uart.o)
 .bss.modules_list_list
                0x0000000020000e84        0x4 contiki-srf06-cc26xx.a(lpm.o)
 .bss.handlers  0x0000000020000e88       0x80 contiki-srf06-cc26xx.a(gpio-interrupt.)
 .bss.last_radio_op
                0x0000000020000f08        0x4 contiki-srf06-cc26xx.a(rf-core.o)
 .bss.primary_mode
                0x0000000020000f0c        0x4 contiki-srf06-cc26xx.a(rf-core.o)
 .bss.rat_offset
                0x0000000020000f10        0x4 contiki-srf06-cc26xx.a(rf-core.o)
                0x0000000020000f10                rat_offset
 .bss.notify_cb
                0x0000000020000f14        0x4 contiki-srf06-cc26xx.a(soc-trng.o)
 .bss.rands_mask
                0x0000000020000f18        0x4 contiki-srf06-cc26xx.a(soc-trng.o)
 .bss.ctimer_list_list
                0x0000000020000f1c        0x4 contiki-srf06-cc26xx.a(ctimer.o)
 .bss.timerlist
                0x0000000020000f20        0x4 contiki-srf06-cc26xx.a(etimer.o)
 .bss.next_expiration
                0x0000000020000f24        0x4 contiki-srf06-cc26xx.a(etimer.o)
 .bss.process_current
                0x0000000020000f28        0x4 contiki-srf06-cc26xx.a(process.o)
                0x0000000020000f28                process_current
 .bss.process_list
                0x0000000020000f2c        0x4 contiki-srf06-cc26xx.a(process.o)
                0x0000000020000f2c                process_list
 .bss.events    0x0000000020000f30      0x180 contiki-srf06-cc26xx.a(process.o)
 .bss.next_rtimer
                0x00000000200010b0        0x4 contiki-srf06-cc26xx.a(rtimer.o)
 .bss.rxbuf_data
                0x00000000200010b4       0x80 contiki-srf06-cc26xx.a(serial-line.o)
 .bss.rxbuf     0x0000000020001134        0x8 contiki-srf06-cc26xx.a(serial-line.o)
 .bss.buf.4738  0x000000002000113c       0x80 contiki-srf06-cc26xx.a(serial-line.o)
 .bss.ptr.4739  0x00000000200011bc        0x4 contiki-srf06-cc26xx.a(serial-line.o)
 .bss.channel_list_list
                0x00000000200011c0        0x4 contiki-srf06-cc26xx.a(channel.o)
 .bss.sniffers_list
                0x00000000200011c4        0x4 contiki-srf06-cc26xx.a(rime.o)
 .bss.powerQualGlobals
                0x00000000200011c8        0x8 contiki-srf06-cc26xx.a(sys_ctrl.o)
 .bss.packetbuf_aligned
                0x00000000200011d0       0x80 contiki-srf06-cc26xx.a(packetbuf.o)
 .bss.buframmem_memb_count
                0x0000000020001250        0x8 contiki-srf06-cc26xx.a(queuebuf.o)
 .bss.bufmem_memb_mem
                0x0000000020001258       0x20 contiki-srf06-cc26xx.a(queuebuf.o)
 .bss.buframmem_memb_mem
                0x0000000020001278      0x5f0 contiki-srf06-cc26xx.a(queuebuf.o)
 .bss.bufmem_memb_count
                0x0000000020001868        0x8 contiki-srf06-cc26xx.a(queuebuf.o)
 .bss.metadata_memb_memb_count
                0x0000000020001870        0x8 contiki-srf06-cc26xx.a(csma.o)
 .bss.packet_memb_memb_count
                0x0000000020001878        0x8 contiki-srf06-cc26xx.a(csma.o)
 .bss.metadata_memb_memb_mem
                0x0000000020001880       0x60 contiki-srf06-cc26xx.a(csma.o)
 .bss.neighbor_list_list
                0x00000000200018e0        0x4 contiki-srf06-cc26xx.a(csma.o)
 .bss.packet_memb_memb_mem
                0x00000000200018e4       0x60 contiki-srf06-cc26xx.a(csma.o)
 .bss.neighbor_memb_memb_count
                0x0000000020001944        0x4 contiki-srf06-cc26xx.a(csma.o)
 .bss.neighbor_memb_memb_mem
                0x0000000020001948       0x68 contiki-srf06-cc26xx.a(csma.o)
 .bss.buffer    0x00000000200019b0       0x20 contiki-srf06-cc26xx.a(sensor-common.o)
 .bss.consumers_list_list
                0x00000000200019d0        0x4 contiki-srf06-cc26xx.a(aux-ctrl.o)
 .bss.announcements_list
                0x00000000200019d4        0x4 contiki-srf06-cc26xx.a(announcement.o)
 .bss.observer_callback
                0x00000000200019d8        0x4 contiki-srf06-cc26xx.a(announcement.o)
 .bss.c         0x00000000200019dc       0x6c contiki-srf06-cc26xx.a(broadcast-annou)
 .bss.received_seqnos
                0x0000000020001a48       0xc0 contiki-srf06-cc26xx.a(mac-sequence.o)
 .bss.raw_temp  0x0000000020001b08        0x2 contiki-srf06-cc26xx.a(hdc-1010-sensor)
 .bss.raw_hum   0x0000000020001b0a        0x2 contiki-srf06-cc26xx.a(hdc-1010-sensor)
 .bss.buflen    0x0000000020001b0c        0x2 contiki-srf06-cc26xx.a(packetbuf.o)
 .bss.bufptr    0x0000000020001b0e        0x2 contiki-srf06-cc26xx.a(packetbuf.o)
 .bss.seqno.6154
                0x0000000020001b10        0x2 contiki-srf06-cc26xx.a(csma.o)
 .bss.pl_length.9808
                0x0000000020001b12        0x1 cc13xx-node.co
 .bss.node_ch.9759
                0x0000000020001b13        0x1 cc13xx-node.co
 .bss.rsp.9695  0x0000000020001b14        0x1 cc13xx-node.co
 .bss.pir.9657  0x0000000020001b15        0x1 cc13xx-node.co
 .bss.cca_val.9742
                0x0000000020001b16        0x1 cc13xx-node.co
 .bss.rsp.9733  0x0000000020001b17        0x1 cc13xx-node.co
 .bss.rsp.9750  0x0000000020001b18        0x1 cc13xx-node.co
 .bss.flag_processing_msg
                0x0000000020001b19        0x1 cc13xx-node.co
 .bss.flag_registered
                0x0000000020001b1a        0x1 cc13xx-node.co
 .bss.addr_type.9781
                0x0000000020001b1b        0x1 cc13xx-node.co
 .bss.flag_processing_reboot
                0x0000000020001b1c        0x1 cc13xx-node.co
 .bss.rsp.9687  0x0000000020001b1d        0x1 cc13xx-node.co
 .bss.rsp.9705  0x0000000020001b1e        0x1 cc13xx-node.co
 .bss.flag_processing_flash
                0x0000000020001b1f        0x1 cc13xx-node.co
 .bss.rsp.9712  0x0000000020001b20        0x1 cc13xx-node.co
 .bss.rsp.9720  0x0000000020001b21        0x1 cc13xx-node.co
 .bss.val_pir   0x0000000020001b22        0x1 cc13xx-node.co
 .bss.rsp.9767  0x0000000020001b23        0x1 cc13xx-node.co
 .bss.num_sensors
                0x0000000020001b24        0x1 contiki-srf06-cc26xx.a(sensors.o)
 .bss.leds      0x0000000020001b25        0x1 contiki-srf06-cc26xx.a(leds.o)
 .bss.c         0x0000000020001b26        0x1 contiki-srf06-cc26xx.a(leds-arch.o)
 .bss.success   0x0000000020001b27        0x1 contiki-srf06-cc26xx.a(hdc-1010-sensor)
 .bss.rat_offset_known
                0x0000000020001b28        0x1 contiki-srf06-cc26xx.a(rf-core.o)
 .bss.ble_mode_on
                0x0000000020001b29        0x1 contiki-srf06-cc26xx.a(rf-ble.o)
 .bss.initialized
                0x0000000020001b2a        0x1 contiki-srf06-cc26xx.a(ctimer.o)
 .bss.fevent    0x0000000020001b2b        0x1 contiki-srf06-cc26xx.a(process.o)
 .bss.nevents   0x0000000020001b2c        0x1 contiki-srf06-cc26xx.a(process.o)
 .bss.poll_requested
                0x0000000020001b2d        0x1 contiki-srf06-cc26xx.a(process.o)
 .bss.lastevent
                0x0000000020001b2e        0x1 contiki-srf06-cc26xx.a(process.o)
 .bss.hdrlen    0x0000000020001b2f        0x1 contiki-srf06-cc26xx.a(packetbuf.o)
 .bss.initialized.6153
                0x0000000020001b30        0x1 contiki-srf06-cc26xx.a(csma.o)
 .bss.slave_addr
                0x0000000020001b31        0x1 contiki-srf06-cc26xx.a(board-i2c.o)
 .bss.mac_dsn   0x0000000020001b32        0x1 contiki-srf06-cc26xx.a(framer-802154.o)
 .bss.initialized
                0x0000000020001b33        0x1 contiki-srf06-cc26xx.a(framer-802154.o)
 *(SORT(COMMON))
 COMMON         0x0000000020001b34       0x79 obj_srf06-cc26xx/apros-packet-control.o
                0x0000000020001b34                block_info
                0x0000000020001bac                block_info_index
 *fill*         0x0000000020001bad        0x3 
 COMMON         0x0000000020001bb0        0x3 contiki-srf06-cc26xx.a(apros-sensors.o)
                0x0000000020001bb0                sensors_flags
 *fill*         0x0000000020001bb3        0x1 
 COMMON         0x0000000020001bb4        0x2 contiki-srf06-cc26xx.a(linkaddr.o)
                0x0000000020001bb4                linkaddr_node_addr
 *fill*         0x0000000020001bb6        0x2 
 COMMON         0x0000000020001bb8       0x3c contiki-srf06-cc26xx.a(packetbuf.o)
                0x0000000020001bb8                packetbuf_addrs
                0x0000000020001bc0                packetbuf_attrs
 COMMON         0x0000000020001bf4        0x1 obj_srf06-cc26xx/apros-serial-line.o
                0x0000000020001bf4                apros_serial_line_event_message
 COMMON         0x0000000020001bf5        0x1 contiki-srf06-cc26xx.a(sensors.o)
                0x0000000020001bf5                sensors_event
 COMMON         0x0000000020001bf6        0x1 contiki-srf06-cc26xx.a(serial-line.o)
                0x0000000020001bf6                serial_line_event_message
                0x0000000020001bf7                _ebss = .

.ccfg           0x000000000001ffa8       0x58
 *(SORT(.ccfg))
 .ccfg          0x000000000001ffa8       0x58 obj_srf06-cc26xx/ccfg.o
                0x000000000001ffa8                __ccfg

.rel.dyn        0x0000000000020000        0x0
 .rel.iplt      0x0000000000000000        0x0 obj_srf06-cc26xx/startup_gcc.o

._user_heap_stack
                0x0000000020001bf7      0x101
                0x0000000020001bf8                . = ALIGN (0x4)
 *fill*         0x0000000020001bf7        0x1 
                0x0000000020001bf8                . = (. + _Min_Heap_Size)
                0x0000000020001cf8                . = (. + _Min_Stack_Size)
 *fill*         0x0000000020001bf8      0x100 
                0x0000000020001cf8                . = ALIGN (0x4)

.gpram
OUTPUT(cc13xx-node.elf elf32-littlearm)

.comment        0x0000000000000000       0x1f
 .comment       0x0000000000000000       0x1f obj_srf06-cc26xx/fault-handlers.o
                                         0x20 (size before relaxing)
 .comment       0x0000000000000000       0x20 obj_srf06-cc26xx/ccfg.o
 .comment       0x0000000000000000       0x20 obj_srf06-cc26xx/startup_gcc.o
 .comment       0x0000000000000000       0x20 cc13xx-node.co
 .comment       0x0000000000000000       0x20 obj_srf06-cc26xx/apros-serial-line.o
 .comment       0x0000000000000000       0x20 obj_srf06-cc26xx/apros-packet-control.o
 .comment       0x0000000000000000       0x20 contiki-srf06-cc26xx.a(contiki-main.o)
 .comment       0x0000000000000000       0x20 contiki-srf06-cc26xx.a(sensors.o)
 .comment       0x0000000000000000       0x20 contiki-srf06-cc26xx.a(leds.o)
 .comment       0x0000000000000000       0x20 contiki-srf06-cc26xx.a(apros-wireless-)
 .comment       0x0000000000000000       0x20 contiki-srf06-cc26xx.a(apros-command-s)
 .comment       0x0000000000000000       0x20 contiki-srf06-cc26xx.a(apros-flash-con)
 .comment       0x0000000000000000       0x20 contiki-srf06-cc26xx.a(ext-flash.o)
 .comment       0x0000000000000000       0x20 contiki-srf06-cc26xx.a(leds-arch.o)
 .comment       0x0000000000000000       0x20 contiki-srf06-cc26xx.a(board.o)
 .comment       0x0000000000000000       0x20 contiki-srf06-cc26xx.a(hdc-1010-sensor)
 .comment       0x0000000000000000       0x20 contiki-srf06-cc26xx.a(apros-sensors.o)
 .comment       0x0000000000000000       0x20 contiki-srf06-cc26xx.a(battery_adc_rea)
 .comment       0x0000000000000000       0x20 contiki-srf06-cc26xx.a(ekmc-1603113-se)
 .comment       0x0000000000000000       0x20 contiki-srf06-cc26xx.a(prop-mode.o)
 .comment       0x0000000000000000       0x20 contiki-srf06-cc26xx.a(prop-mode-tx-po)
 .comment       0x0000000000000000       0x20 contiki-srf06-cc26xx.a(clock.o)
 .comment       0x0000000000000000       0x20 contiki-srf06-cc26xx.a(rtimer-arch.o)
 .comment       0x0000000000000000       0x20 contiki-srf06-cc26xx.a(soc-rtc.o)
 .comment       0x0000000000000000       0x20 contiki-srf06-cc26xx.a(contiki-watchdo)
 .comment       0x0000000000000000       0x20 contiki-srf06-cc26xx.a(putchar.o)
 .comment       0x0000000000000000       0x20 contiki-srf06-cc26xx.a(ieee-addr.o)
 .comment       0x0000000000000000       0x20 contiki-srf06-cc26xx.a(cc26xx-uart.o)
 .comment       0x0000000000000000       0x20 contiki-srf06-cc26xx.a(lpm.o)
 .comment       0x0000000000000000       0x20 contiki-srf06-cc26xx.a(gpio-interrupt.)
 .comment       0x0000000000000000       0x20 contiki-srf06-cc26xx.a(oscillators.o)
 .comment       0x0000000000000000       0x20 contiki-srf06-cc26xx.a(rf-core.o)
 .comment       0x0000000000000000       0x20 contiki-srf06-cc26xx.a(rf-ble.o)
 .comment       0x0000000000000000       0x20 contiki-srf06-cc26xx.a(random.o)
 .comment       0x0000000000000000       0x20 contiki-srf06-cc26xx.a(soc-trng.o)
 .comment       0x0000000000000000       0x20 contiki-srf06-cc26xx.a(dbg-printf.o)
 .comment       0x0000000000000000       0x20 contiki-srf06-cc26xx.a(strformat.o)
 .comment       0x0000000000000000       0x20 contiki-srf06-cc26xx.a(autostart.o)
 .comment       0x0000000000000000       0x20 contiki-srf06-cc26xx.a(ctimer.o)
 .comment       0x0000000000000000       0x20 contiki-srf06-cc26xx.a(energest.o)
 .comment       0x0000000000000000       0x20 contiki-srf06-cc26xx.a(etimer.o)
 .comment       0x0000000000000000       0x20 contiki-srf06-cc26xx.a(process.o)
 .comment       0x0000000000000000       0x20 contiki-srf06-cc26xx.a(rtimer.o)
 .comment       0x0000000000000000       0x20 contiki-srf06-cc26xx.a(stimer.o)
 .comment       0x0000000000000000       0x20 contiki-srf06-cc26xx.a(timer.o)