Archive member included because of file (symbol)

contiki-srf06-cc26xx.a(contiki-main.o)
                              obj_srf06-cc26xx/startup_gcc.o (main)
contiki-srf06-cc26xx.a(sensors.o)
                              contiki-srf06-cc26xx.a(contiki-main.o) (sensors_process)
contiki-srf06-cc26xx.a(leds.o)
                              contiki-srf06-cc26xx.a(contiki-main.o) (leds_init)
contiki-srf06-cc26xx.a(apros-packet-co)
                              cc13xx-node.co (add_all_block_info)
contiki-srf06-cc26xx.a(apros-serial-li)
                              cc13xx-node.co (apros_serial_line_init)
contiki-srf06-cc26xx.a(apros-wireless-)
                              cc13xx-node.co (apros_wireless_line_init)
contiki-srf06-cc26xx.a(apros-command-s)
                              cc13xx-node.co (apros_command)
contiki-srf06-cc26xx.a(apros-flash-con)
                              cc13xx-node.co (apros_node_config_load)
contiki-srf06-cc26xx.a(ext-flash.o)
                              contiki-srf06-cc26xx.a(apros-flash-con) (ext_flash_open)
contiki-srf06-cc26xx.a(ads127l01-senso)
                              cc13xx-node.co (ads127l01_enable)
contiki-srf06-cc26xx.a(ads127l01-spi-c)
                              contiki-srf06-cc26xx.a(ads127l01-senso) (ads127l01_spi_open)
contiki-srf06-cc26xx.a(sts3x.o)
                              cc13xx-node.co (sts3x_single_shot)
contiki-srf06-cc26xx.a(battery_adc_rea)
                              cc13xx-node.co (read_bat_voltage)
contiki-srf06-cc26xx.a(apros-sensors.o)
                              contiki-srf06-cc26xx.a(sensors.o) (sensors_flags)
contiki-srf06-cc26xx.a(board.o)
                              contiki-srf06-cc26xx.a(contiki-main.o) (board_init)
contiki-srf06-cc26xx.a(board-i2c.o)
                              contiki-srf06-cc26xx.a(sts3x.o) (board_i2c_write)
contiki-srf06-cc26xx.a(leds-arch.o)
                              contiki-srf06-cc26xx.a(leds.o) (leds_arch_init)
contiki-srf06-cc26xx.a(null-sensor.o)
                              contiki-srf06-cc26xx.a(apros-sensors.o) (null_sensor)
contiki-srf06-cc26xx.a(prop-mode.o)
                              cc13xx-node.co (prop_mode_driver)
contiki-srf06-cc26xx.a(prop-mode-tx-po)
                              contiki-srf06-cc26xx.a(prop-mode.o) (prop_mode_tx_power_779_930)
contiki-srf06-cc26xx.a(clock.o)
                              contiki-srf06-cc26xx.a(contiki-main.o) (clock_init)
contiki-srf06-cc26xx.a(rtimer-arch.o)
                              cc13xx-node.co (rtimer_arch_now)
contiki-srf06-cc26xx.a(soc-rtc.o)
                              contiki-srf06-cc26xx.a(contiki-main.o) (soc_rtc_init)
contiki-srf06-cc26xx.a(contiki-watchdo)
                              contiki-srf06-cc26xx.a(contiki-main.o) (watchdog_init)
contiki-srf06-cc26xx.a(putchar.o)
                              contiki-srf06-cc26xx.a(contiki-main.o) (putchar)
contiki-srf06-cc26xx.a(ieee-addr.o)
                              cc13xx-node.co (ieee_addr_cpy_to)
contiki-srf06-cc26xx.a(cc26xx-uart.o)
                              contiki-srf06-cc26xx.a(contiki-main.o) (cc26xx_uart_init)
contiki-srf06-cc26xx.a(lpm.o)
                              contiki-srf06-cc26xx.a(prop-mode.o) (lpm_sleep)
contiki-srf06-cc26xx.a(gpio-interrupt.)
                              contiki-srf06-cc26xx.a(contiki-main.o) (gpio_interrupt_init)
contiki-srf06-cc26xx.a(oscillators.o)
                              contiki-srf06-cc26xx.a(contiki-main.o) (oscillators_select_lf_xosc)
contiki-srf06-cc26xx.a(rf-core.o)
                              contiki-srf06-cc26xx.a(prop-mode.o) (rf_core_is_accessible)
contiki-srf06-cc26xx.a(rf-ble.o)
                              contiki-srf06-cc26xx.a(prop-mode.o) (rf_ble_is_active)
contiki-srf06-cc26xx.a(random.o)
                              contiki-srf06-cc26xx.a(contiki-main.o) (random_init)
contiki-srf06-cc26xx.a(soc-trng.o)
                              contiki-srf06-cc26xx.a(random.o) (soc_trng_rand_synchronous)
contiki-srf06-cc26xx.a(dbg-printf.o)
                              contiki-srf06-cc26xx.a(contiki-main.o) (printf)
contiki-srf06-cc26xx.a(strformat.o)
                              contiki-srf06-cc26xx.a(dbg-printf.o) (format_str_v)
contiki-srf06-cc26xx.a(autostart.o)
                              contiki-srf06-cc26xx.a(contiki-main.o) (autostart_start)
contiki-srf06-cc26xx.a(ctimer.o)
                              contiki-srf06-cc26xx.a(contiki-main.o) (ctimer_init)
contiki-srf06-cc26xx.a(energest.o)
                              contiki-srf06-cc26xx.a(contiki-main.o) (energest_init)
contiki-srf06-cc26xx.a(etimer.o)
                              contiki-srf06-cc26xx.a(clock.o) (etimer_request_poll)
contiki-srf06-cc26xx.a(process.o)
                              contiki-srf06-cc26xx.a(sensors.o) (process_alloc_event)
contiki-srf06-cc26xx.a(rtimer.o)
                              contiki-srf06-cc26xx.a(contiki-main.o) (rtimer_init)
contiki-srf06-cc26xx.a(timer.o)
[...]
Memory Configuration

Name             Origin             Length             Attributes
FLASH            0x0000000000000000 0x000000000001ffa8 xr
FLASH_CCFG       0x000000000001ffa8 0x0000000000000058 xr
SRAM             0x0000000020000000 0x0000000000005000 xrw
GPRAM            0x0000000011000000 0x0000000000002000 xrw
*default*        0x0000000000000000 0xffffffffffffffff

Linker script and memory map

LOAD obj_srf06-cc26xx/fault-handlers.o
LOAD obj_srf06-cc26xx/ccfg.o
LOAD obj_srf06-cc26xx/startup_gcc.o
LOAD cc13xx-node.co
LOAD contiki-srf06-cc26xx.a
LOAD /usr/lib/gcc/arm-none-eabi/4.8.2/../../../arm-none-eabi/lib/armv7-m/libm.a
START GROUP
LOAD /usr/lib/gcc/arm-none-eabi/4.8.2/armv7-m/libgcc.a
LOAD /usr/lib/gcc/arm-none-eabi/4.8.2/../../../arm-none-eabi/lib/armv7-m/libc.a
END GROUP
                0x0000000020005000                _estack = (ORIGIN (SRAM) + 0x5000)
                0x0000000000000000                _Min_Heap_Size = 0x0
                0x0000000000000100                _Min_Stack_Size = 0x100

.text           0x0000000000000000     0xb580
                0x0000000000000000                _text = .
 *(SORT(.vectors))
 .vectors       0x0000000000000000       0xc8 obj_srf06-cc26xx/startup_gcc.o
                0x0000000000000000                g_pfnVectors
 *(SORT(.text*))
 .text.FaultISR
                0x00000000000000c8       0x1c obj_srf06-cc26xx/fault-handlers.o
                0x00000000000000c8                FaultISR
 .text.NmiSRHandler
                0x00000000000000e4        0x4 obj_srf06-cc26xx/startup_gcc.o
                0x00000000000000e4                NmiSR
 .text.IntDefaultHandler
                0x00000000000000e8        0x4 obj_srf06-cc26xx/startup_gcc.o
                0x00000000000000e8                SSI0IntHandler
                0x00000000000000e8                SWEvent0IntHandler
                0x00000000000000e8                uDMAIntHandler
                0x00000000000000e8                WatchdogIntHandler
                0x00000000000000e8                RFCHardwareIntHandler
                0x00000000000000e8                Timer1BIntHandler
                0x00000000000000e8                I2SIntHandler
                0x00000000000000e8                Timer2BIntHandler
                0x00000000000000e8                Timer2AIntHandler
                0x00000000000000e8                Timer1AIntHandler
                0x00000000000000e8                AONIntHandler
                0x00000000000000e8                AUXSWEvent0IntHandler
                0x00000000000000e8                AUXADCIntHandler
                0x00000000000000e8                PendSVIntHandler
                0x00000000000000e8                AUXSWEvent1IntHandler
                0x00000000000000e8                SVCallIntHandler
                0x00000000000000e8                MPUFaultIntHandler
                0x00000000000000e8                SysTickIntHandler
                0x00000000000000e8                BusFaultIntHandler
                0x00000000000000e8                AONProgIntHandler
                0x00000000000000e8                AUXCompAIntHandler
                0x00000000000000e8                SSI1IntHandler
                0x00000000000000e8                FlashIntHandler
                0x00000000000000e8                uDMAErrIntHandler
                0x00000000000000e8                UsageFaultIntHandler
                0x00000000000000e8                RFCCmdAckIntHandler
                0x00000000000000e8                CryptoIntHandler
                0x00000000000000e8                Timer0AIntHandler
                0x00000000000000e8                I2CIntHandler
                0x00000000000000e8                DebugMonIntHandler
                0x00000000000000e8                Timer0BIntHandler
                0x00000000000000e8                AUXCombEventIntHandler
                0x00000000000000e8                Timer3AIntHandler
                0x00000000000000e8                DynProgIntHandler
                0x00000000000000e8                Timer3BIntHandler
 .text.ResetISR
                0x00000000000000ec       0x5c obj_srf06-cc26xx/startup_gcc.o
                0x00000000000000ec                ResetISR
 .text.subfunc_apply_ch
                0x0000000000000148       0x1c cc13xx-node.co
 .text.subfunc_get_offset
                0x0000000000000164       0x90 cc13xx-node.co
 .text.subfunc_get_nodeinfo
                0x00000000000001f4      0x1a4 cc13xx-node.co
 .text.subfunc_get_vendor
                0x0000000000000398       0x70 cc13xx-node.co
 .text.subfunc_get_sampling
                0x0000000000000408       0x80 cc13xx-node.co
 .text.subfunc_get_nodech
                0x0000000000000488       0x80 cc13xx-node.co
 .text.subfunc_get_cca
                0x0000000000000508       0x7c cc13xx-node.co
 .text.subfunc_write_offset
                0x0000000000000584       0x58 cc13xx-node.co
 .text.subfunc_auto_offset_calibration
                0x00000000000005dc      0x10c cc13xx-node.co
 .text.subfunc_set_offset
                0x00000000000006e8       0x84 cc13xx-node.co
 .text.subfunc_set_vendor
                0x000000000000076c       0xe0 cc13xx-node.co
 .text.subfunc_set_sampling
                0x000000000000084c       0xf0 cc13xx-node.co
 .text.subfunc_set_nodech
                0x000000000000093c       0xe4 cc13xx-node.co
 .text.subfunc_register_node
                0x0000000000000a20       0xc8 cc13xx-node.co
 .text.dev_reset
                0x0000000000000ae8        0x4 cc13xx-node.co
 .text.cc1310_config_init
                0x0000000000000aec       0x5c cc13xx-node.co
 .text.generate_pkt_wireless.constprop.6
                0x0000000000000b48       0xa4 cc13xx-node.co
 .text.packet_recv
                0x0000000000000bec      0x63c cc13xx-node.co
 .text.subfunc_factory_reset
                0x0000000000001228       0x84 cc13xx-node.co
 .text.subfunc_retrans_req
                0x00000000000012ac      0x1c0 cc13xx-node.co
 .text.subfunc_data_fetch_start
                0x000000000000146c      0x28c cc13xx-node.co
 .text.subfunc_capture_req
                0x00000000000016f8      0x360 cc13xx-node.co
 .text.loop_capture_fetch
                0x0000000000001a58       0x28 cc13xx-node.co
                0x0000000000001a58                loop_capture_fetch
 .text.subfunc_dev_reset
                0x0000000000001a80       0x74 cc13xx-node.co
 .text.subfunc_response_wireless
                0x0000000000001af4        0xc cc13xx-node.co
 .text.apply_cca
                0x0000000000001b00       0x28 cc13xx-node.co
                0x0000000000001b00                apply_cca
 .text.process_thread_cc1310_process
                0x0000000000001b28      0x148 cc13xx-node.co
 .text.subfunc_set_cca
                0x0000000000001c70       0xc8 cc13xx-node.co
 .text.fade     0x0000000000001d38       0x64 contiki-srf06-cc26xx.a(contiki-main.o)
 .text.startup.main
                0x0000000000001d9c      0x214 contiki-srf06-cc26xx.a(contiki-main.o)
                0x0000000000001d9c                main
 .text.process_thread_sensors_process
                0x0000000000001fb0      0x138 contiki-srf06-cc26xx.a(sensors.o)
 .text.leds_init
                0x00000000000020e8       0x14 contiki-srf06-cc26xx.a(leds.o)
                0x00000000000020e8                leds_init
 .text.leds_on  0x00000000000020fc       0x14 contiki-srf06-cc26xx.a(leds.o)
                0x00000000000020fc                leds_on
 .text.leds_off
                0x0000000000002110       0x18 contiki-srf06-cc26xx.a(leds.o)
                0x0000000000002110                leds_off
 .text.add_all_block_info
                0x0000000000002128      0x8e0 contiki-srf06-cc26xx.a(apros-packet-co)
                0x0000000000002128                add_all_block_info
 .text.find_cont_block_info
                0x0000000000002a08       0x50 contiki-srf06-cc26xx.a(apros-packet-co)
                0x0000000000002a08                find_cont_block_info
 .text.get_pkt_length
                0x0000000000002a58        0x8 contiki-srf06-cc26xx.a(apros-packet-co)
                0x0000000000002a58                get_pkt_length
 .text.apros_insert_tlv
                0x0000000000002a60       0x50 contiki-srf06-cc26xx.a(apros-packet-co)
                0x0000000000002a60                apros_insert_tlv
 .text.apros_complete_pkt
                0x0000000000002ab0       0x40 contiki-srf06-cc26xx.a(apros-packet-co)
                0x0000000000002ab0                apros_complete_pkt
 .text.apros_init_pkt
                0x0000000000002af0       0x24 contiki-srf06-cc26xx.a(apros-packet-co)
                0x0000000000002af0                apros_init_pkt
 .text.apros_node_pkt_parser
                0x0000000000002b14       0x90 contiki-srf06-cc26xx.a(apros-packet-co)
                0x0000000000002b14                apros_node_pkt_parser
 .text.process_thread_apros_serial_line_process
                0x0000000000002ba4      0x160 contiki-srf06-cc26xx.a(apros-serial-li)
 .text.apros_serial_line_init
                0x0000000000002d04       0x2c contiki-srf06-cc26xx.a(apros-serial-li)
                0x0000000000002d04                apros_serial_line_init
 .text.null_uc_recv
                0x0000000000002d30        0x4 contiki-srf06-cc26xx.a(apros-wireless-)
 .text.null_bc_recv
                0x0000000000002d34        0x4 contiki-srf06-cc26xx.a(apros-wireless-)
 .text.sent_bc  0x0000000000002d38        0x4 contiki-srf06-cc26xx.a(apros-wireless-)
 .text.recv_bc  0x0000000000002d3c       0x20 contiki-srf06-cc26xx.a(apros-wireless-)
 .text.recv_uc  0x0000000000002d5c       0x20 contiki-srf06-cc26xx.a(apros-wireless-)
 .text.sent_uc  0x0000000000002d7c       0x18 contiki-srf06-cc26xx.a(apros-wireless-)
 .text.apros_wireless_line_init
                0x0000000000002d94       0x64 contiki-srf06-cc26xx.a(apros-wireless-)
                0x0000000000002d94                apros_wireless_line_init
 .text.apros_wireless_line_close
                0x0000000000002df8       0x20 contiki-srf06-cc26xx.a(apros-wireless-)
                0x0000000000002df8                apros_wireless_line_close
 .text.apros_send_unicast
                0x0000000000002e18       0x34 contiki-srf06-cc26xx.a(apros-wireless-)
                0x0000000000002e18                apros_send_unicast
 .text.apros_send_broadcast
                0x0000000000002e4c       0x18 contiki-srf06-cc26xx.a(apros-wireless-)
                0x0000000000002e4c                apros_send_broadcast
 .text.apros_command
                0x0000000000002e64       0x98 contiki-srf06-cc26xx.a(apros-command-s)
                0x0000000000002e64                apros_command
 .text.apros_read_flash
                0x0000000000002efc       0x24 contiki-srf06-cc26xx.a(apros-flash-con)
                0x0000000000002efc                apros_read_flash
 .text.apros_write_flash
                0x0000000000002f20       0x34 contiki-srf06-cc26xx.a(apros-flash-con)
                0x0000000000002f20                apros_write_flash
 .text.apros_node_config_load
                0x0000000000002f54        0xc contiki-srf06-cc26xx.a(apros-flash-con)
                0x0000000000002f54                apros_node_config_load
 .text.apros_node_config_save
                0x0000000000002f60        0xc contiki-srf06-cc26xx.a(apros-flash-con)
                0x0000000000002f60                apros_node_config_save
 .text.write_enable
                0x0000000000002f6c       0x30 contiki-srf06-cc26xx.a(ext-flash.o)
 .text.verify_part
                0x0000000000002f9c       0x8c contiki-srf06-cc26xx.a(ext-flash.o)
 .text.wait_ready
                0x0000000000003028       0x74 contiki-srf06-cc26xx.a(ext-flash.o)
 .text.power_down
                0x000000000000309c       0x58 contiki-srf06-cc26xx.a(ext-flash.o)
 .text.ext_flash_open
                0x00000000000030f4       0x6c contiki-srf06-cc26xx.a(ext-flash.o)
                0x00000000000030f4                ext_flash_open
 .text.ext_flash_close
                0x0000000000003160       0x10 contiki-srf06-cc26xx.a(ext-flash.o)
                0x0000000000003160                ext_flash_close
 .text.ext_flash_read
                0x0000000000003170       0x58 contiki-srf06-cc26xx.a(ext-flash.o)
                0x0000000000003170                ext_flash_read
 .text.ext_flash_write
                0x00000000000031c8       0xb4 contiki-srf06-cc26xx.a(ext-flash.o)
                0x00000000000031c8                ext_flash_write
 .text.ext_flash_erase
                0x000000000000327c       0x9c contiki-srf06-cc26xx.a(ext-flash.o)
                0x000000000000327c                ext_flash_erase
 .text.ext_flash_init
                0x0000000000003318       0x14 contiki-srf06-cc26xx.a(ext-flash.o)
                0x0000000000003318                ext_flash_init
 .text.ads127l01_enable
                0x000000000000332c       0x68 contiki-srf06-cc26xx.a(ads127l01-senso)
                0x000000000000332c                ads127l01_enable
 .text.ads127l01_disable
                0x0000000000003394       0x64 contiki-srf06-cc26xx.a(ads127l01-senso)
                0x0000000000003394                ads127l01_disable
 .text.ads127l01_register_write_8
                0x00000000000033f8       0x24 contiki-srf06-cc26xx.a(ads127l01-senso)
                0x00000000000033f8                ads127l01_register_write_8
 .text.ads127l01_read_data
                0x000000000000341c       0x1c contiki-srf06-cc26xx.a(ads127l01-senso)
                0x000000000000341c                ads127l01_read_data
 .text.ads127l01_start
                0x0000000000003438        0xc contiki-srf06-cc26xx.a(ads127l01-senso)
                0x0000000000003438                ads127l01_start
 .text.ads127l01_stop
                0x0000000000003444        0xc contiki-srf06-cc26xx.a(ads127l01-senso)
                0x0000000000003444                ads127l01_stop
 .text.ads127l01_set_filter
                0x0000000000003450      0x170 contiki-srf06-cc26xx.a(ads127l01-senso)
                0x0000000000003450                ads127l01_set_filter
 .text.ads127l01_spi_open
                0x00000000000035c0       0x5c contiki-srf06-cc26xx.a(ads127l01-spi-c)
                0x00000000000035c0                ads127l01_spi_open
 .text.ads127l01_spi_close
                0x000000000000361c        0x4 contiki-srf06-cc26xx.a(ads127l01-spi-c)
                0x000000000000361c                ads127l01_spi_close
 .text.ads127l01_spi_read
                0x0000000000003620       0x64 contiki-srf06-cc26xx.a(ads127l01-spi-c)
                0x0000000000003620                ads127l01_spi_read
 .text.ads127l01_spi_write
                0x0000000000003684       0x6c contiki-srf06-cc26xx.a(ads127l01-spi-c)
                0x0000000000003684                ads127l01_spi_write
 .text.ads127l01_spi_init
                0x00000000000036f0       0x10 contiki-srf06-cc26xx.a(ads127l01-spi-c)
                0x00000000000036f0                ads127l01_spi_init
 .text.sts3x_single_shot
                0x0000000000003700       0x74 contiki-srf06-cc26xx.a(sts3x.o)
                0x0000000000003700                sts3x_single_shot
 .text.read_bat_voltage
                0x0000000000003774       0x6c contiki-srf06-cc26xx.a(battery_adc_rea)
                0x0000000000003774                read_bat_voltage
 .text.wakeup_handler
                0x00000000000037e0       0x20 contiki-srf06-cc26xx.a(board.o)
 .text.board_init
                0x0000000000003800       0xc0 contiki-srf06-cc26xx.a(board.o)
                0x0000000000003800                board_init
 .text.i2c_status
                0x00000000000038c0       0x3c contiki-srf06-cc26xx.a(board-i2c.o)
 .text.accessible
                0x00000000000038fc       0x2c contiki-srf06-cc26xx.a(board-i2c.o)
 .text.board_i2c_wakeup
                0x0000000000003928       0x6c contiki-srf06-cc26xx.a(board-i2c.o)
                0x0000000000003928                board_i2c_wakeup
 .text.board_i2c_write
                0x0000000000003994       0xf4 contiki-srf06-cc26xx.a(board-i2c.o)
                0x0000000000003994                board_i2c_write
 .text.board_i2c_read
                0x0000000000003a88       0xdc contiki-srf06-cc26xx.a(board-i2c.o)
                0x0000000000003a88                board_i2c_read
 .text.board_i2c_select
                0x0000000000003b64       0xfc contiki-srf06-cc26xx.a(board-i2c.o)
                0x0000000000003b64                board_i2c_select
 .text.leds_arch_init
                0x0000000000003c60       0x40 contiki-srf06-cc26xx.a(leds-arch.o)
                0x0000000000003c60                leds_arch_init
 .text.leds_arch_set
                0x0000000000003ca0       0xa4 contiki-srf06-cc26xx.a(leds-arch.o)
                0x0000000000003ca0                leds_arch_set
 .text.value    0x0000000000003d44        0x4 contiki-srf06-cc26xx.a(null-sensor.o)
 .text.configure
                0x0000000000003d48        0xc contiki-srf06-cc26xx.a(null-sensor.o)
 .text.status   0x0000000000003d54        0xc contiki-srf06-cc26xx.a(null-sensor.o)
 .text.get_object
                0x0000000000003d60        0x4 contiki-srf06-cc26xx.a(prop-mode.o)
 .text.set_object
                0x0000000000003d64        0x4 contiki-srf06-cc26xx.a(prop-mode.o)
 .text.request  0x0000000000003d68       0x20 contiki-srf06-cc26xx.a(prop-mode.o)
 .text.soft_off_prop
                0x0000000000003d88       0x3c contiki-srf06-cc26xx.a(prop-mode.o)
 .text.rx_on_prop
                0x0000000000003dc4       0x78 contiki-srf06-cc26xx.a(prop-mode.o)
 .text.prepare  0x0000000000003e3c       0x1c contiki-srf06-cc26xx.a(prop-mode.o)
 .text.pending_packet
                0x0000000000003e58       0x38 contiki-srf06-cc26xx.a(prop-mode.o)
 .text.read_frame
                0x0000000000003e90       0x54 contiki-srf06-cc26xx.a(prop-mode.o)
 .text.rx_off_prop
                0x0000000000003ee4       0x50 contiki-srf06-cc26xx.a(prop-mode.o)
 .text.prop_div_radio_setup
                0x0000000000003f34       0x50 contiki-srf06-cc26xx.a(prop-mode.o)
 .text.prop_fs  0x0000000000003f84       0x38 contiki-srf06-cc26xx.a(prop-mode.o)
 .text.soft_on_prop
                0x0000000000003fbc       0x20 contiki-srf06-cc26xx.a(prop-mode.o)
 .text.off      0x0000000000003fdc       0x28 contiki-srf06-cc26xx.a(prop-mode.o)
 .text.on       0x0000000000004004      0x258 contiki-srf06-cc26xx.a(prop-mode.o)
 .text.set_value
                0x000000000000425c      0x1b4 contiki-srf06-cc26xx.a(prop-mode.o)
 .text.get_value
                0x0000000000004410      0x180 contiki-srf06-cc26xx.a(prop-mode.o)
 .text.transmit
                0x0000000000004590       0xb4 contiki-srf06-cc26xx.a(prop-mode.o)
 .text.send     0x0000000000004644       0x24 contiki-srf06-cc26xx.a(prop-mode.o)
 .text.channel_clear
                0x0000000000004668       0x7c contiki-srf06-cc26xx.a(prop-mode.o)
 .text.receiving_packet
                0x00000000000046e4       0x28 contiki-srf06-cc26xx.a(prop-mode.o)
 .text.init     0x000000000000470c       0xa8 contiki-srf06-cc26xx.a(prop-mode.o)
 .text.power_domain_on
                0x00000000000047b4       0x20 contiki-srf06-cc26xx.a(clock.o)
 .text.clock_init
                0x00000000000047d4       0xac contiki-srf06-cc26xx.a(clock.o)
                0x00000000000047d4                clock_init
 .text.clock_time
                0x0000000000004880       0x38 contiki-srf06-cc26xx.a(clock.o)
                0x0000000000004880                clock_time
 .text.clock_update
                0x00000000000048b8       0x40 contiki-srf06-cc26xx.a(clock.o)
                0x00000000000048b8                clock_update
 .text.rtimer_arch_init
                0x00000000000048f8        0x4 contiki-srf06-cc26xx.a(rtimer-arch.o)
                0x00000000000048f8                rtimer_arch_init
 .text.rtimer_arch_schedule
                0x00000000000048fc        0x8 contiki-srf06-cc26xx.a(rtimer-arch.o)
                0x00000000000048fc                rtimer_arch_schedule
 .text.rtimer_arch_now
                0x0000000000004904        0x4 contiki-srf06-cc26xx.a(rtimer-arch.o)
                0x0000000000004904                rtimer_arch_now
 .text.soc_rtc_init
                0x0000000000004908       0xac contiki-srf06-cc26xx.a(soc-rtc.o)
                0x0000000000004908                soc_rtc_init
 .text.soc_rtc_schedule_one_shot
                0x00000000000049b4       0x6c contiki-srf06-cc26xx.a(soc-rtc.o)
                0x00000000000049b4                soc_rtc_schedule_one_shot
 .text.soc_rtc_last_isr_time
                0x0000000000004a20        0xc contiki-srf06-cc26xx.a(soc-rtc.o)
                0x0000000000004a20                soc_rtc_last_isr_time
 .text.AONRTCIntHandler
                0x0000000000004a2c       0xa0 contiki-srf06-cc26xx.a(soc-rtc.o)
                0x0000000000004a2c                AONRTCIntHandler
 .text.lock_config
                0x0000000000004acc       0x1c contiki-srf06-cc26xx.a(contiki-watchdo)
 .text.unlock_config
                0x0000000000004ae8       0x30 contiki-srf06-cc26xx.a(contiki-watchdo)
 .text.watchdog_init
                0x0000000000004b18       0x20 contiki-srf06-cc26xx.a(contiki-watchdo)
                0x0000000000004b18                watchdog_init
 .text.watchdog_start
                0x0000000000004b38       0x34 contiki-srf06-cc26xx.a(contiki-watchdo)
                0x0000000000004b38                watchdog_start
 .text.watchdog_periodic
                0x0000000000004b6c       0x1c contiki-srf06-cc26xx.a(contiki-watchdo)
                0x0000000000004b6c                watchdog_periodic
 .text.watchdog_reboot
                0x0000000000004b88        0x8 contiki-srf06-cc26xx.a(contiki-watchdo)
                0x0000000000004b88                watchdog_reboot
 .text.putchar  0x0000000000004b90       0x10 contiki-srf06-cc26xx.a(putchar.o)
                0x0000000000004b90                putchar
 .text.puts     0x0000000000004ba0       0x2c contiki-srf06-cc26xx.a(putchar.o)
                0x0000000000004ba0                puts
 .text.dbg_send_bytes
                0x0000000000004bcc       0x40 contiki-srf06-cc26xx.a(putchar.o)
                0x0000000000004bcc                dbg_send_bytes
 .text.ieee_addr_cpy_to
                0x0000000000004c0c       0x4c contiki-srf06-cc26xx.a(ieee-addr.o)
                0x0000000000004c0c                ieee_addr_cpy_to
 .text.cc26xx_uart_init
                0x0000000000004c58        0x4 contiki-srf06-cc26xx.a(cc26xx-uart.o)
                0x0000000000004c58                cc26xx_uart_init
 .text.cc26xx_uart_write_byte
                0x0000000000004c5c        0x4 contiki-srf06-cc26xx.a(cc26xx-uart.o)
                0x0000000000004c5c                cc26xx_uart_write_byte
 .text.cc26xx_uart_busy
                0x0000000000004c60        0x4 contiki-srf06-cc26xx.a(cc26xx-uart.o)
                0x0000000000004c60                cc26xx_uart_busy
 .text.UART0IntHandler
                0x0000000000004c64       0xa4 contiki-srf06-cc26xx.a(cc26xx-uart.o)
                0x0000000000004c64                UART0IntHandler
 .text.lpm_sleep
                0x0000000000004d08       0x14 contiki-srf06-cc26xx.a(lpm.o)
                0x0000000000004d08                lpm_sleep
 .text.lpm_drop
                0x0000000000004d1c      0x2a4 contiki-srf06-cc26xx.a(lpm.o)
                0x0000000000004d1c                lpm_drop
 .text.lpm_register_module
                0x0000000000004fc0       0x10 contiki-srf06-cc26xx.a(lpm.o)
                0x0000000000004fc0                lpm_register_module
 .text.lpm_unregister_module
                0x0000000000004fd0       0x10 contiki-srf06-cc26xx.a(lpm.o)
                0x0000000000004fd0                lpm_unregister_module
 .text.lpm_init
                0x0000000000004fe0       0x24 contiki-srf06-cc26xx.a(lpm.o)
                0x0000000000004fe0                lpm_init
 .text.gpio_interrupt_init
                0x0000000000005004       0x28 contiki-srf06-cc26xx.a(gpio-interrupt.)
                0x0000000000005004                gpio_interrupt_init
 .text.GPIOIntHandler
                0x000000000000502c       0x34 contiki-srf06-cc26xx.a(gpio-interrupt.)
                0x000000000000502c                GPIOIntHandler
 .text.oscillators_select_lf_xosc
                0x0000000000005060       0x5c contiki-srf06-cc26xx.a(oscillators.o)
                0x0000000000005060                oscillators_select_lf_xosc
 .text.oscillators_request_hf_xosc
                0x00000000000050bc       0x30 contiki-srf06-cc26xx.a(oscillators.o)
                0x00000000000050bc                oscillators_request_hf_xosc
 .text.oscillators_switch_to_hf_xosc
                0x00000000000050ec       0x34 contiki-srf06-cc26xx.a(oscillators.o)
                0x00000000000050ec                oscillators_switch_to_hf_xosc
 .text.oscillators_switch_to_hf_rc
                0x0000000000005120       0x38 contiki-srf06-cc26xx.a(oscillators.o)
                0x0000000000005120                oscillators_switch_to_hf_rc
 .text.process_thread_rf_core_process
                0x0000000000005158       0x5c contiki-srf06-cc26xx.a(rf-core.o)
 .text.rf_core_is_accessible
                0x00000000000051b4       0x10 contiki-srf06-cc26xx.a(rf-core.o)
                0x00000000000051b4                rf_core_is_accessible
 .text.rf_core_send_cmd
                0x00000000000051c4       0xac contiki-srf06-cc26xx.a(rf-core.o)
                0x00000000000051c4                rf_core_send_cmd
 .text.rf_core_wait_cmd_done
                0x0000000000005270       0x34 contiki-srf06-cc26xx.a(rf-core.o)
                0x0000000000005270                rf_core_wait_cmd_done
 .text.rf_core_power_up
                0x00000000000052a4       0xe4 contiki-srf06-cc26xx.a(rf-core.o)
                0x00000000000052a4                rf_core_power_up
 .text.rf_core_start_rat
                0x0000000000005388       0x6c contiki-srf06-cc26xx.a(rf-core.o)
                0x0000000000005388                rf_core_start_rat
 .text.rf_core_stop_rat
                0x00000000000053f4       0x80 contiki-srf06-cc26xx.a(rf-core.o)
                0x00000000000053f4                rf_core_stop_rat
 .text.rf_core_power_down
                0x0000000000005474      0x104 contiki-srf06-cc26xx.a(rf-core.o)
                0x0000000000005474                rf_core_power_down
 .text.rf_core_set_modesel
                0x0000000000005578       0x54 contiki-srf06-cc26xx.a(rf-core.o)
                0x0000000000005578                rf_core_set_modesel
 .text.rf_core_setup_interrupts
                0x00000000000055cc       0x80 contiki-srf06-cc26xx.a(rf-core.o)
                0x00000000000055cc                rf_core_setup_interrupts
 .text.rf_core_cmd_done_en
                0x000000000000564c       0x2c contiki-srf06-cc26xx.a(rf-core.o)
                0x000000000000564c                rf_core_cmd_done_en
 .text.rf_core_cmd_done_dis
                0x0000000000005678       0x18 contiki-srf06-cc26xx.a(rf-core.o)
                0x0000000000005678                rf_core_cmd_done_dis
 .text.rf_core_get_last_radio_op
                0x0000000000005690        0xc contiki-srf06-cc26xx.a(rf-core.o)
                0x0000000000005690                rf_core_get_last_radio_op
 .text.rf_core_primary_mode_register
                0x000000000000569c        0xc contiki-srf06-cc26xx.a(rf-core.o)
                0x000000000000569c                rf_core_primary_mode_register
 .text.RFCCPE1IntHandler
                0x00000000000056a8       0x2c contiki-srf06-cc26xx.a(rf-core.o)
                0x00000000000056a8                RFCCPE1IntHandler
 .text.RFCCPE0IntHandler
                0x00000000000056d4       0x6c contiki-srf06-cc26xx.a(rf-core.o)
                0x00000000000056d4                RFCCPE0IntHandler
 .text.rf_ble_is_active
                0x0000000000005740        0xc contiki-srf06-cc26xx.a(rf-ble.o)
                0x0000000000005740                rf_ble_is_active
 .text.random_rand
                0x000000000000574c        0xc contiki-srf06-cc26xx.a(random.o)
                0x000000000000574c                random_rand
 .text.random_init
                0x0000000000005758        0x4 contiki-srf06-cc26xx.a(random.o)
                0x0000000000005758                random_init
 .text.power_up
                0x000000000000575c       0x4c contiki-srf06-cc26xx.a(soc-trng.o)
 .text.request  0x00000000000057a8       0x14 contiki-srf06-cc26xx.a(soc-trng.o)
 .text.process_thread_soc_trng_process
                0x00000000000057bc       0xb0 contiki-srf06-cc26xx.a(soc-trng.o)
 .text.accessible
                0x000000000000586c       0x2c contiki-srf06-cc26xx.a(soc-trng.o)
 .text.soc_trng_rand_synchronous
                0x0000000000005898       0xd8 contiki-srf06-cc26xx.a(soc-trng.o)
                0x0000000000005898                soc_trng_rand_synchronous
 .text.TRNGIntHandler
                0x0000000000005970       0x5c contiki-srf06-cc26xx.a(soc-trng.o)
                0x0000000000005970                TRNGIntHandler
 .text.soc_trng_init
                0x00000000000059cc       0x2c contiki-srf06-cc26xx.a(soc-trng.o)
                0x00000000000059cc                soc_trng_init
 .text.write_str
                0x00000000000059f8       0x10 contiki-srf06-cc26xx.a(dbg-printf.o)
 .text.printf   0x0000000000005a08       0x28 contiki-srf06-cc26xx.a(dbg-printf.o)
                0x0000000000005a08                printf
 .text.fill_space
                0x0000000000005a30       0x38 contiki-srf06-cc26xx.a(strformat.o)
 .text.format_str_v
                0x0000000000005a68      0x904 contiki-srf06-cc26xx.a(strformat.o)
                0x0000000000005a68                format_str_v
 .text.autostart_start
                0x000000000000636c       0x18 contiki-srf06-cc26xx.a(autostart.o)
                0x000000000000636c                autostart_start
 .text.process_thread_ctimer_process
                0x0000000000006384       0xa4 contiki-srf06-cc26xx.a(ctimer.o)
 .text.ctimer_init
                0x0000000000006428       0x2c contiki-srf06-cc26xx.a(ctimer.o)
                0x0000000000006428                ctimer_init
 .text.ctimer_set_with_process
                0x0000000000006454       0x4c contiki-srf06-cc26xx.a(ctimer.o)
                0x0000000000006454                ctimer_set_with_process
 .text.ctimer_set
                0x00000000000064a0       0x18 contiki-srf06-cc26xx.a(ctimer.o)
                0x00000000000064a0                ctimer_set
 .text.ctimer_stop
                0x00000000000064b8       0x30 contiki-srf06-cc26xx.a(ctimer.o)
                0x00000000000064b8                ctimer_stop
 .text.ctimer_expired
                0x00000000000064e8       0x3c contiki-srf06-cc26xx.a(ctimer.o)
                0x00000000000064e8                ctimer_expired
 .text.energest_init
                0x0000000000006524        0x4 contiki-srf06-cc26xx.a(energest.o)
                0x0000000000006524                energest_init
 .text.update_time
                0x0000000000006528       0x50 contiki-srf06-cc26xx.a(etimer.o)
 .text.process_thread_etimer_process
                0x0000000000006578       0xd8 contiki-srf06-cc26xx.a(etimer.o)
 .text.add_timer
                0x0000000000006650       0x60 contiki-srf06-cc26xx.a(etimer.o)
 .text.etimer_request_poll
                0x00000000000066b0        0xc contiki-srf06-cc26xx.a(etimer.o)
                0x00000000000066b0                etimer_request_poll
 .text.etimer_set
                0x00000000000066bc       0x14 contiki-srf06-cc26xx.a(etimer.o)
                0x00000000000066bc                etimer_set
 .text.etimer_expired
                0x00000000000066d0        0xc contiki-srf06-cc26xx.a(etimer.o)
                0x00000000000066d0                etimer_expired
 .text.etimer_pending
                0x00000000000066dc       0x14 contiki-srf06-cc26xx.a(etimer.o)
                0x00000000000066dc                etimer_pending
 .text.etimer_next_expiration_time
                0x00000000000066f0       0x18 contiki-srf06-cc26xx.a(etimer.o)
                0x00000000000066f0                etimer_next_expiration_time
 .text.etimer_stop
                0x0000000000006708       0x4c contiki-srf06-cc26xx.a(etimer.o)
                0x0000000000006708                etimer_stop
 .text.exit_process
                0x0000000000006754       0xac contiki-srf06-cc26xx.a(process.o)
 .text.call_process.part.0
                0x0000000000006800       0x3c contiki-srf06-cc26xx.a(process.o)
 .text.do_poll  0x000000000000683c       0x40 contiki-srf06-cc26xx.a(process.o)
 .text.process_alloc_event
                0x000000000000687c       0x10 contiki-srf06-cc26xx.a(process.o)
                0x000000000000687c                process_alloc_event
 .text.process_init
                0x000000000000688c       0x3c contiki-srf06-cc26xx.a(process.o)
                0x000000000000688c                process_init
 .text.process_run
                0x00000000000068c8       0xbc contiki-srf06-cc26xx.a(process.o)
                0x00000000000068c8                process_run
 .text.process_nevents
                0x0000000000006984       0x18 contiki-srf06-cc26xx.a(process.o)
                0x0000000000006984                process_nevents
 .text.process_post
                0x000000000000699c       0x48 contiki-srf06-cc26xx.a(process.o)
                0x000000000000699c                process_post
 .text.process_post_synch
                0x00000000000069e4       0x1c contiki-srf06-cc26xx.a(process.o)
                0x00000000000069e4                process_post_synch
 .text.process_start
                0x0000000000006a00       0x44 contiki-srf06-cc26xx.a(process.o)
                0x0000000000006a00                process_start
 .text.process_poll
                0x0000000000006a44       0x20 contiki-srf06-cc26xx.a(process.o)
                0x0000000000006a44                process_poll
 .text.rtimer_init
                0x0000000000006a64        0x4 contiki-srf06-cc26xx.a(rtimer.o)
                0x0000000000006a64                rtimer_init
 .text.rtimer_set
                0x0000000000006a68       0x2c contiki-srf06-cc26xx.a(rtimer.o)
                0x0000000000006a68                rtimer_set
 .text.rtimer_run_next
                0x0000000000006a94       0x2c contiki-srf06-cc26xx.a(rtimer.o)
                0x0000000000006a94                rtimer_run_next
 .text.timer_set
                0x0000000000006ac0       0x10 contiki-srf06-cc26xx.a(timer.o)
                0x0000000000006ac0                timer_set
 .text.timer_expired
                0x0000000000006ad0       0x1c contiki-srf06-cc26xx.a(timer.o)
                0x0000000000006ad0                timer_expired
 .text.process_thread_serial_line_process
                0x0000000000006aec       0xd8 contiki-srf06-cc26xx.a(serial-line.o)
 .text.serial_line_init
                0x0000000000006bc4       0x2c contiki-srf06-cc26xx.a(serial-line.o)
                0x0000000000006bc4                serial_line_init
 .text.crc16_data
                0x0000000000006bf0       0x30 contiki-srf06-cc26xx.a(crc16.o)
                0x0000000000006bf0                crc16_data
 .text.list_init
                0x0000000000006c20        0x8 contiki-srf06-cc26xx.a(list.o)
                0x0000000000006c20                list_init
 .text.list_head
                0x0000000000006c28        0x4 contiki-srf06-cc26xx.a(list.o)
                0x0000000000006c28                list_head
 .text.list_add
                0x0000000000006c2c       0x60 contiki-srf06-cc26xx.a(list.o)
                0x0000000000006c2c                list_add
 .text.list_push
                0x0000000000006c8c       0x48 contiki-srf06-cc26xx.a(list.o)
                0x0000000000006c8c                list_push
 .text.list_remove
                0x0000000000006cd4       0x40 contiki-srf06-cc26xx.a(list.o)
                0x0000000000006cd4                list_remove
 .text.list_length
                0x0000000000006d14       0x14 contiki-srf06-cc26xx.a(list.o)
                0x0000000000006d14                list_length
 .text.list_item_next
                0x0000000000006d28        0x8 contiki-srf06-cc26xx.a(list.o)
                0x0000000000006d28                list_item_next
 .text.ringbuf_init
                0x0000000000006d30       0x10 contiki-srf06-cc26xx.a(ringbuf.o)
                0x0000000000006d30                ringbuf_init
 .text.ringbuf_get
                0x0000000000006d40       0x28 contiki-srf06-cc26xx.a(ringbuf.o)
                0x0000000000006d40                ringbuf_get
 .text.sent_by_abc
                0x0000000000006d68        0xc contiki-srf06-cc26xx.a(broadcast.o)
 .text.recv_from_abc
                0x0000000000006d74       0x24 contiki-srf06-cc26xx.a(broadcast.o)
 .text.broadcast_open
                0x0000000000006d98       0x28 contiki-srf06-cc26xx.a(broadcast.o)
                0x0000000000006d98                broadcast_open
 .text.broadcast_close
                0x0000000000006dc0        0x4 contiki-srf06-cc26xx.a(broadcast.o)
                0x0000000000006dc0                broadcast_close
 .text.broadcast_send
                0x0000000000006dc4       0x1c contiki-srf06-cc26xx.a(broadcast.o)
                0x0000000000006dc4                broadcast_send
 .text.channel_init
                0x0000000000006de0        0xc contiki-srf06-cc26xx.a(channel.o)
                0x0000000000006de0                channel_init
 .text.channel_open
                0x0000000000006dec       0x14 contiki-srf06-cc26xx.a(channel.o)
                0x0000000000006dec                channel_open
 .text.channel_close
                0x0000000000006e00       0x10 contiki-srf06-cc26xx.a(channel.o)
                0x0000000000006e00                channel_close
 .text.channel_lookup
                0x0000000000006e10       0x30 contiki-srf06-cc26xx.a(channel.o)
                0x0000000000006e10                channel_lookup
 .text.channel_set_attributes
                0x0000000000006e40       0x18 contiki-srf06-cc26xx.a(channel.o)
                0x0000000000006e40                channel_set_attributes
 .text.packet_sent
                0x0000000000006e58       0x3c contiki-srf06-cc26xx.a(rime.o)
 .text.input    0x0000000000006e94       0x38 contiki-srf06-cc26xx.a(rime.o)
 .text.init     0x0000000000006ecc       0x28 contiki-srf06-cc26xx.a(rime.o)
 .text.rime_output
                0x0000000000006ef4       0x28 contiki-srf06-cc26xx.a(rime.o)
                0x0000000000006ef4                rime_output
 .text.sent_by_broadcast
                0x0000000000006f1c        0xc contiki-srf06-cc26xx.a(unicast.o)
 .text.recv_from_broadcast
                0x0000000000006f28       0x28 contiki-srf06-cc26xx.a(unicast.o)
 .text.unicast_open
                0x0000000000006f50       0x28 contiki-srf06-cc26xx.a(unicast.o)
                0x0000000000006f50                unicast_open
 .text.unicast_close
                0x0000000000006f78        0x4 contiki-srf06-cc26xx.a(unicast.o)
                0x0000000000006f78                unicast_close
 .text.unicast_send
                0x0000000000006f7c       0x14 contiki-srf06-cc26xx.a(unicast.o)
                0x0000000000006f7c                unicast_send
 .text.SafeHapiVoid
                0x0000000000006f90       0x34 contiki-srf06-cc26xx.a(adi.o)
                0x0000000000006f90                SafeHapiVoid
 .text.SafeHapiAuxAdiSelect
                0x0000000000006fc4       0x38 contiki-srf06-cc26xx.a(adi.o)
                0x0000000000006fc4                SafeHapiAuxAdiSelect
 .text.NOROM_AONRTCCurrentCompareValueGet
                0x0000000000006ffc       0x28 contiki-srf06-cc26xx.a(aon_rtc.o)
                0x0000000000006ffc                NOROM_AONRTCCurrentCompareValueGet
 .text.NOROM_AUXADCDisable
                0x0000000000007024       0xa8 contiki-srf06-cc26xx.a(aux_adc.o)
                0x0000000000007024                NOROM_AUXADCDisable
 .text.NOROM_AUXADCEnableSync
                0x00000000000070cc       0xf4 contiki-srf06-cc26xx.a(aux_adc.o)
                0x00000000000070cc                NOROM_AUXADCEnableSync
 .text.NOROM_AUXADCReadFifo
                0x00000000000071c0       0x1c contiki-srf06-cc26xx.a(aux_adc.o)
                0x00000000000071c0                NOROM_AUXADCReadFifo
 .text.NOROM_ChipInfo_GetSupportedProtocol_BV
                0x00000000000071dc       0x10 contiki-srf06-cc26xx.a(chipinfo.o)
                0x00000000000071dc                NOROM_ChipInfo_GetSupportedProtocol_BV
 .text.NOROM_ChipInfo_GetChipFamily
                0x00000000000071ec       0x50 contiki-srf06-cc26xx.a(chipinfo.o)
                0x00000000000071ec                NOROM_ChipInfo_GetChipFamily
 .text.NOROM_ChipInfo_GetChipType
                0x000000000000723c       0x30 contiki-srf06-cc26xx.a(chipinfo.o)
                0x000000000000723c                NOROM_ChipInfo_GetChipType
 .text.NOROM_ChipInfo_GetHwRevision
                0x000000000000726c       0x94 contiki-srf06-cc26xx.a(chipinfo.o)
                0x000000000000726c                NOROM_ChipInfo_GetHwRevision
 .text.NOROM_ThisCodeIsBuiltForCC13xxHwRev20AndLater_HaltIfViolated
                0x0000000000007300       0x18 contiki-srf06-cc26xx.a(chipinfo.o)
                0x0000000000007300                NOROM_ThisCodeIsBuiltForCC13xxHwRev20AndLater_HaltIfViolated
 .text.NOROM_CPUcpsid
                0x0000000000007318        0x8 contiki-srf06-cc26xx.a(cpu.o)
                0x0000000000007318                NOROM_CPUcpsid
 .text.NOROM_CPUcpsie
                0x0000000000007320        0x8 contiki-srf06-cc26xx.a(cpu.o)
                0x0000000000007320                NOROM_CPUcpsie
 .text.NOROM_CPUdelay
                0x0000000000007328        0x8 contiki-srf06-cc26xx.a(cpu.o)
                0x0000000000007328                NOROM_CPUdelay
 .text.NOROM_OSCClockSourceSet
                0x0000000000007330       0x7c contiki-srf06-cc26xx.a(osc.o)
                0x0000000000007330                NOROM_OSCClockSourceSet
 .text.NOROM_OSCClockSourceGet
                0x00000000000073ac       0x30 contiki-srf06-cc26xx.a(osc.o)
                0x00000000000073ac                NOROM_OSCClockSourceGet
 .text.NOROM_PowerCtrlSourceSet
                0x00000000000073dc       0x34 contiki-srf06-cc26xx.a(pwr_ctrl.o)
                0x00000000000073dc                NOROM_PowerCtrlSourceSet
 .text.NOROM_RFCRTrim
                0x0000000000007410      0x134 contiki-srf06-cc26xx.a(rfc.o)
                0x0000000000007410                NOROM_RFCRTrim
 .text.NOROM_RFCAdi3VcoLdoVoltageMode
                0x0000000000007544       0x28 contiki-srf06-cc26xx.a(rfc.o)
                0x0000000000007544                NOROM_RFCAdi3VcoLdoVoltageMode
 .text.TrimAfterColdResetWakeupFromShutDown
                0x000000000000756c       0xf8 contiki-srf06-cc26xx.a(setup.o)
 .text.NOROM_SetupTrimDevice
                0x0000000000007664       0xb4 contiki-srf06-cc26xx.a(setup.o)
                0x0000000000007664                NOROM_SetupTrimDevice
 .text.NOROM_SetupSetVddrLevel
                0x0000000000007718       0x94 contiki-srf06-cc26xx.a(setup_rom.o)
                0x0000000000007718                NOROM_SetupSetVddrLevel
 .text.NOROM_SetupAfterColdResetWakeupFromShutDownCfg1
                0x00000000000077ac       0xc8 contiki-srf06-cc26xx.a(setup_rom.o)
                0x00000000000077ac                NOROM_SetupAfterColdResetWakeupFromShutDownCfg1
 .text.NOROM_SetupAfterColdResetWakeupFromShutDownCfg3
                0x0000000000007874      0x1f0 contiki-srf06-cc26xx.a(setup_rom.o)
                0x0000000000007874                NOROM_SetupAfterColdResetWakeupFromShutDownCfg3
 .text.NOROM_SetupGetTrimForAnabypassValue1
                0x0000000000007a64       0x64 contiki-srf06-cc26xx.a(setup_rom.o)
                0x0000000000007a64                NOROM_SetupGetTrimForAnabypassValue1
 .text.NOROM_SetupGetTrimForAmpcompCtrl
                0x0000000000007ac8       0x78 contiki-srf06-cc26xx.a(setup_rom.o)
                0x0000000000007ac8                NOROM_SetupGetTrimForAmpcompCtrl
 .text.NOROM_SetupAfterColdResetWakeupFromShutDownCfg2
                0x0000000000007b40      0x22c contiki-srf06-cc26xx.a(setup_rom.o)
                0x0000000000007b40                NOROM_SetupAfterColdResetWakeupFromShutDownCfg2
 .text.NOROM_SetupSetCacheModeAccordingToCcfgSetting
                0x0000000000007d6c       0x78 contiki-srf06-cc26xx.a(setup_rom.o)
                0x0000000000007d6c                NOROM_SetupSetCacheModeAccordingToCcfgSetting
 .text.NOROM_SysCtrlSetRechargeBeforePowerDown
                0x0000000000007de4      0x2fc contiki-srf06-cc26xx.a(sys_ctrl.o)
                0x0000000000007de4                NOROM_SysCtrlSetRechargeBeforePowerDown
 .text.NOROM_SysCtrlAdjustRechargeAfterPowerDown
                0x00000000000080e0       0x80 contiki-srf06-cc26xx.a(sys_ctrl.o)
                0x00000000000080e0                NOROM_SysCtrlAdjustRechargeAfterPowerDown
 .text.NOROM_SysCtrl_DCDC_VoltageConditionalControl
                0x0000000000008160       0x88 contiki-srf06-cc26xx.a(sys_ctrl.o)
                0x0000000000008160                NOROM_SysCtrl_DCDC_VoltageConditionalControl
 .text.NOROM_TRNGConfigure
                0x00000000000081e8       0x3c contiki-srf06-cc26xx.a(trng.o)
                0x00000000000081e8                NOROM_TRNGConfigure
 .text.linkaddr_copy
                0x0000000000008224        0x8 contiki-srf06-cc26xx.a(linkaddr.o)
                0x0000000000008224                linkaddr_copy
 .text.linkaddr_cmp
                0x000000000000822c       0x14 contiki-srf06-cc26xx.a(linkaddr.o)
                0x000000000000822c                linkaddr_cmp
 .text.netstack_init
                0x0000000000008240       0x40 contiki-srf06-cc26xx.a(netstack.o)
                0x0000000000008240                netstack_init
 .text.packetbuf_compact
                0x0000000000008280       0x50 contiki-srf06-cc26xx.a(packetbuf.o)
                0x0000000000008280                packetbuf_compact
 .text.packetbuf_copyto
                0x00000000000082d0       0x54 contiki-srf06-cc26xx.a(packetbuf.o)
                0x00000000000082d0                packetbuf_copyto
 .text.packetbuf_hdralloc
                0x0000000000008324       0x60 contiki-srf06-cc26xx.a(packetbuf.o)
                0x0000000000008324                packetbuf_hdralloc
 .text.packetbuf_hdrreduce
                0x0000000000008384       0x34 contiki-srf06-cc26xx.a(packetbuf.o)
                0x0000000000008384                packetbuf_hdrreduce
 .text.packetbuf_set_datalen
                0x00000000000083b8        0xc contiki-srf06-cc26xx.a(packetbuf.o)
                0x00000000000083b8                packetbuf_set_datalen
 .text.packetbuf_dataptr
                0x00000000000083c4       0x24 contiki-srf06-cc26xx.a(packetbuf.o)
                0x00000000000083c4                packetbuf_dataptr
 .text.packetbuf_hdrptr
                0x00000000000083e8        0xc contiki-srf06-cc26xx.a(packetbuf.o)
                0x00000000000083e8                packetbuf_hdrptr
 .text.packetbuf_datalen
                0x00000000000083f4        0xc contiki-srf06-cc26xx.a(packetbuf.o)
                0x00000000000083f4                packetbuf_datalen
 .text.packetbuf_totlen
                0x0000000000008400       0x28 contiki-srf06-cc26xx.a(packetbuf.o)
                0x0000000000008400                packetbuf_totlen
 .text.packetbuf_attr_clear
                0x0000000000008428       0x48 contiki-srf06-cc26xx.a(packetbuf.o)
                0x0000000000008428                packetbuf_attr_clear
 .text.packetbuf_clear
                0x0000000000008470       0x24 contiki-srf06-cc26xx.a(packetbuf.o)
                0x0000000000008470                packetbuf_clear
 .text.packetbuf_copyfrom
                0x0000000000008494       0x48 contiki-srf06-cc26xx.a(packetbuf.o)
                0x0000000000008494                packetbuf_copyfrom
 .text.packetbuf_attr_copyto
                0x00000000000084dc       0x44 contiki-srf06-cc26xx.a(packetbuf.o)
                0x00000000000084dc                packetbuf_attr_copyto
 .text.packetbuf_attr_copyfrom
                0x0000000000008520       0x40 contiki-srf06-cc26xx.a(packetbuf.o)
                0x0000000000008520                packetbuf_attr_copyfrom
 .text.packetbuf_set_attr
                0x0000000000008560       0x10 contiki-srf06-cc26xx.a(packetbuf.o)
                0x0000000000008560                packetbuf_set_attr
 .text.packetbuf_attr
                0x0000000000008570       0x10 contiki-srf06-cc26xx.a(packetbuf.o)
                0x0000000000008570                packetbuf_attr
 .text.packetbuf_set_addr
                0x0000000000008580       0x18 contiki-srf06-cc26xx.a(packetbuf.o)
                0x0000000000008580                packetbuf_set_addr
 .text.packetbuf_addr
                0x0000000000008598       0x10 contiki-srf06-cc26xx.a(packetbuf.o)
                0x0000000000008598                packetbuf_addr
 .text.packetbuf_holds_broadcast
                0x00000000000085a8       0x14 contiki-srf06-cc26xx.a(packetbuf.o)
                0x00000000000085a8                packetbuf_holds_broadcast
 .text.queuebuf_init
                0x00000000000085bc       0x20 contiki-srf06-cc26xx.a(queuebuf.o)
                0x00000000000085bc                queuebuf_init
 .text.queuebuf_new_from_packetbuf
                0x00000000000085dc       0x50 contiki-srf06-cc26xx.a(queuebuf.o)
                0x00000000000085dc                queuebuf_new_from_packetbuf
 .text.queuebuf_update_attr_from_packetbuf
                0x000000000000862c        0xc contiki-srf06-cc26xx.a(queuebuf.o)
                0x000000000000862c                queuebuf_update_attr_from_packetbuf
 .text.queuebuf_free
                0x0000000000008638       0x38 contiki-srf06-cc26xx.a(queuebuf.o)
                0x0000000000008638                queuebuf_free
 .text.queuebuf_to_packetbuf
                0x0000000000008670       0x34 contiki-srf06-cc26xx.a(queuebuf.o)
                0x0000000000008670                queuebuf_to_packetbuf
 .text.queuebuf_attr
                0x00000000000086a4        0xc contiki-srf06-cc26xx.a(queuebuf.o)
                0x00000000000086a4                queuebuf_attr
 .text.input_packet
                0x00000000000086b0       0x10 contiki-srf06-cc26xx.a(csma.o)
 .text.on       0x00000000000086c0       0x10 contiki-srf06-cc26xx.a(csma.o)
 .text.off      0x00000000000086d0       0x10 contiki-srf06-cc26xx.a(csma.o)
 .text.channel_check_interval
                0x00000000000086e0       0x14 contiki-srf06-cc26xx.a(csma.o)
 .text.transmit_packet_list
                0x00000000000086f4       0x28 contiki-srf06-cc26xx.a(csma.o)
 .text.schedule_transmission
                0x000000000000871c       0x54 contiki-srf06-cc26xx.a(csma.o)
 .text.send_packet
                0x0000000000008770      0x194 contiki-srf06-cc26xx.a(csma.o)
 .text.init     0x0000000000008904       0x2c contiki-srf06-cc26xx.a(csma.o)
 .text.tx_done  0x0000000000008930       0x90 contiki-srf06-cc26xx.a(csma.o)
 .text.packet_sent
                0x00000000000089c0       0xe8 contiki-srf06-cc26xx.a(csma.o)
 .text.frame802154_get_pan_id
                0x0000000000008aa8        0xc contiki-srf06-cc26xx.a(frame802154.o)
                0x0000000000008aa8                frame802154_get_pan_id
 .text.frame802154_has_panid
                0x0000000000008ab4       0xac contiki-srf06-cc26xx.a(frame802154.o)
                0x0000000000008ab4                frame802154_has_panid
 .text.field_len
                0x0000000000008b60       0x9c contiki-srf06-cc26xx.a(frame802154.o)
 .text.frame802154_is_broadcast_addr
                0x0000000000008bfc       0x24 contiki-srf06-cc26xx.a(frame802154.o)
                0x0000000000008bfc                frame802154_is_broadcast_addr
 .text.frame802154_hdrlen
                0x0000000000008c20       0x34 contiki-srf06-cc26xx.a(frame802154.o)
                0x0000000000008c20                frame802154_hdrlen
 .text.frame802154_create_fcf
                0x0000000000008c54       0x64 contiki-srf06-cc26xx.a(frame802154.o)
                0x0000000000008c54                frame802154_create_fcf
 .text.frame802154_create
                0x0000000000008cb8       0xc8 contiki-srf06-cc26xx.a(frame802154.o)
                0x0000000000008cb8                frame802154_create
 .text.frame802154_parse_fcf
                0x0000000000008d80       0x50 contiki-srf06-cc26xx.a(frame802154.o)
                0x0000000000008d80                frame802154_parse_fcf
 .text.frame802154_parse
                0x0000000000008dd0      0x14c contiki-srf06-cc26xx.a(frame802154.o)
                0x0000000000008dd0                frame802154_parse
 .text.mac_call_sent_callback
                0x0000000000008f1c       0x10 contiki-srf06-cc26xx.a(mac.o)
                0x0000000000008f1c                mac_call_sent_callback
 .text.on       0x0000000000008f2c       0x10 contiki-srf06-cc26xx.a(nullrdc.o)
 .text.channel_check_interval
                0x0000000000008f3c        0x4 contiki-srf06-cc26xx.a(nullrdc.o)
 .text.init     0x0000000000008f40       0x10 contiki-srf06-cc26xx.a(nullrdc.o)
 .text.packet_input
                0x0000000000008f50       0xc4 contiki-srf06-cc26xx.a(nullrdc.o)
 .text.send_one_packet
                0x0000000000009014      0x124 contiki-srf06-cc26xx.a(nullrdc.o)
 .text.send_list
                0x0000000000009138       0x24 contiki-srf06-cc26xx.a(nullrdc.o)
 .text.send_packet
                0x000000000000915c        0x4 contiki-srf06-cc26xx.a(nullrdc.o)
 .text.off      0x0000000000009160       0x18 contiki-srf06-cc26xx.a(nullrdc.o)
 .text.init     0x0000000000009178        0x4 contiki-srf06-cc26xx.a(nullsec.o)
 .text.input    0x000000000000917c       0x10 contiki-srf06-cc26xx.a(nullsec.o)
 .text.send     0x000000000000918c       0x20 contiki-srf06-cc26xx.a(nullsec.o)
 .text.accessible
                0x00000000000091ac       0x2c contiki-srf06-cc26xx.a(board-spi.o)
 .text.board_spi_write
                0x00000000000091d8       0x40 contiki-srf06-cc26xx.a(board-spi.o)
                0x00000000000091d8                board_spi_write
 .text.board_spi_read
                0x0000000000009218       0x4c contiki-srf06-cc26xx.a(board-spi.o)
                0x0000000000009218                board_spi_read
 .text.board_spi_flush
                0x0000000000009264       0x28 contiki-srf06-cc26xx.a(board-spi.o)
                0x0000000000009264                board_spi_flush
 .text.board_spi_open
                0x000000000000928c       0xcc contiki-srf06-cc26xx.a(board-spi.o)
                0x000000000000928c                board_spi_open
 .text.board_spi_close
                0x0000000000009358       0x74 contiki-srf06-cc26xx.a(board-spi.o)
                0x0000000000009358                board_spi_close
 .text.ads127l01_accessible
                0x00000000000093cc       0x2c contiki-srf06-cc26xx.a(ads127l01-board)
 .text.ads127l01_board_spi_write
                0x00000000000093f8       0x48 contiki-srf06-cc26xx.a(ads127l01-board)
                0x00000000000093f8                ads127l01_board_spi_write
 .text.ads127l01_board_spi_read
                0x0000000000009440       0x54 contiki-srf06-cc26xx.a(ads127l01-board)
                0x0000000000009440                ads127l01_board_spi_read
 .text.ads127l01_board_spi_open
                0x0000000000009494       0xdc contiki-srf06-cc26xx.a(ads127l01-board)
                0x0000000000009494                ads127l01_board_spi_open
 .text.ads127l01_board_spi_close
                0x0000000000009570       0x88 contiki-srf06-cc26xx.a(ads127l01-board)
                0x0000000000009570                ads127l01_board_spi_close
 .text.aux_ctrl_power_up
                0x00000000000095f8       0x2c contiki-srf06-cc26xx.a(aux-ctrl.o)
                0x00000000000095f8                aux_ctrl_power_up
 .text.aux_ctrl_register_consumer
                0x0000000000009624       0x44 contiki-srf06-cc26xx.a(aux-ctrl.o)
                0x0000000000009624                aux_ctrl_register_consumer
 .text.aux_ctrl_power_down
                0x0000000000009668       0x80 contiki-srf06-cc26xx.a(aux-ctrl.o)
                0x0000000000009668                aux_ctrl_power_down
 .text.aux_ctrl_unregister_consumer
                0x00000000000096e8       0x2c contiki-srf06-cc26xx.a(aux-ctrl.o)
                0x00000000000096e8                aux_ctrl_unregister_consumer
 .text.memb_init
                0x0000000000009714       0x24 contiki-srf06-cc26xx.a(memb.o)
                0x0000000000009714                memb_init
 .text.memb_alloc
                0x0000000000009738       0x3c contiki-srf06-cc26xx.a(memb.o)
                0x0000000000009738                memb_alloc
 .text.memb_free
                0x0000000000009774       0x44 contiki-srf06-cc26xx.a(memb.o)
                0x0000000000009774                memb_free
 .text.memb_inmemb
                0x00000000000097b8       0x1c contiki-srf06-cc26xx.a(memb.o)
                0x00000000000097b8                memb_inmemb
 .text.abc_open
                0x00000000000097d4       0x20 contiki-srf06-cc26xx.a(abc.o)
                0x00000000000097d4                abc_open
 .text.abc_close
                0x00000000000097f4        0x4 contiki-srf06-cc26xx.a(abc.o)
                0x00000000000097f4                abc_close
 .text.abc_send
                0x00000000000097f8        0x4 contiki-srf06-cc26xx.a(abc.o)
                0x00000000000097f8                abc_send
 .text.abc_input
                0x00000000000097fc        0xc contiki-srf06-cc26xx.a(abc.o)
                0x00000000000097fc                abc_input
 .text.abc_sent
                0x0000000000009808        0xc contiki-srf06-cc26xx.a(abc.o)
                0x0000000000009808                abc_sent
 .text.announcement_init
                0x0000000000009814        0xc contiki-srf06-cc26xx.a(announcement.o)
                0x0000000000009814                announcement_init
 .text.announcement_register_observer_callback
                0x0000000000009820        0xc contiki-srf06-cc26xx.a(announcement.o)
                0x0000000000009820                announcement_register_observer_callback
 .text.announcement_list
                0x000000000000982c        0xc contiki-srf06-cc26xx.a(announcement.o)
                0x000000000000982c                announcement_list
 .text.announcement_heard
                0x0000000000009838       0x34 contiki-srf06-cc26xx.a(announcement.o)
                0x0000000000009838                announcement_heard
 .text.adv_packet_sent
                0x000000000000986c        0x4 contiki-srf06-cc26xx.a(broadcast-annou)
 .text.set_timers
                0x0000000000009870       0x44 contiki-srf06-cc26xx.a(broadcast-annou)
 .text.send_timer
                0x00000000000098b4       0x1c contiki-srf06-cc26xx.a(broadcast-annou)
 .text.send_adv
                0x00000000000098d0       0x5c contiki-srf06-cc26xx.a(broadcast-annou)
 .text.adv_packet_received
                0x000000000000992c       0x48 contiki-srf06-cc26xx.a(broadcast-annou)
 .text.new_announcement
                0x0000000000009974       0x1c contiki-srf06-cc26xx.a(broadcast-annou)
 .text.broadcast_announcement_init
                0x0000000000009990       0x38 contiki-srf06-cc26xx.a(broadcast-annou)
                0x0000000000009990                broadcast_announcement_init
 .text.chameleon_init
                0x00000000000099c8        0x4 contiki-srf06-cc26xx.a(chameleon.o)
                0x00000000000099c8                chameleon_init
 .text.chameleon_parse
                0x00000000000099cc       0x20 contiki-srf06-cc26xx.a(chameleon.o)
                0x00000000000099cc                chameleon_parse
 .text.chameleon_create
                0x00000000000099ec       0x24 contiki-srf06-cc26xx.a(chameleon.o)
                0x00000000000099ec                chameleon_create
 .text.chameleon_hdrsize
                0x0000000000009a10       0x10 contiki-srf06-cc26xx.a(chameleon.o)
                0x0000000000009a10                chameleon_hdrsize
 .text.NOROM_AONBatMonTemperatureGetDegC
                0x0000000000009a20       0x38 contiki-srf06-cc26xx.a(aon_batmon.o)
                0x0000000000009a20                NOROM_AONBatMonTemperatureGetDegC
 .text.NOROM_DDI32RegWrite
                0x0000000000009a58       0x3c contiki-srf06-cc26xx.a(ddi.o)
                0x0000000000009a58                NOROM_DDI32RegWrite
 .text.parse    0x0000000000009a94       0xa4 contiki-srf06-cc26xx.a(framer-802154.o)
 .text.create_frame.isra.0
                0x0000000000009b38      0x14c contiki-srf06-cc26xx.a(framer-802154.o)
 .text.create   0x0000000000009c84        0x8 contiki-srf06-cc26xx.a(framer-802154.o)
 .text.hdr_length
                0x0000000000009c8c        0x8 contiki-srf06-cc26xx.a(framer-802154.o)
 .text.mac_sequence_is_duplicate
                0x0000000000009c94       0x54 contiki-srf06-cc26xx.a(mac-sequence.o)
                0x0000000000009c94                mac_sequence_is_duplicate
 .text.mac_sequence_register_seqno
                0x0000000000009ce8       0x74 contiki-srf06-cc26xx.a(mac-sequence.o)
                0x0000000000009ce8                mac_sequence_register_seqno
 .text.header_size
                0x0000000000009d5c       0x1c contiki-srf06-cc26xx.a(chameleon-bitop)
 .text.get_bits
                0x0000000000009d78       0xc0 contiki-srf06-cc26xx.a(chameleon-bitop)
                0x0000000000009d78                get_bits
 .text.unpack_header
                0x0000000000009e38       0xbc contiki-srf06-cc26xx.a(chameleon-bitop)
 .text.set_bits
                0x0000000000009ef4       0xd4 contiki-srf06-cc26xx.a(chameleon-bitop)
                0x0000000000009ef4                set_bits
 .text.pack_header
                0x0000000000009fc8       0xb0 contiki-srf06-cc26xx.a(chameleon-bitop)
 .text          0x000000000000a078       0x2c /usr/lib/gcc/arm-none-eabi/4.8.2/armv7-m/libgcc.a(_aeabi_uldivmod.o)
                0x000000000000a078                __aeabi_uldivmod
 .text          0x000000000000a0a4       0x60 /usr/lib/gcc/arm-none-eabi/4.8.2/armv7-m/libgcc.a(bpabi.o)
                0x000000000000a0a4                __gnu_ldivmod_helper
                0x000000000000a0d4                __gnu_uldivmod_helper
 .text          0x000000000000a104        0x4 /usr/lib/gcc/arm-none-eabi/4.8.2/armv7-m/libgcc.a(_dvmd_tls.o)
                0x000000000000a104                __aeabi_ldiv0
                0x000000000000a104                __aeabi_idiv0
 .text          0x000000000000a108      0x2bc /usr/lib/gcc/arm-none-eabi/4.8.2/armv7-m/libgcc.a(_divdi3.o)
                0x000000000000a108                __divdi3
 .text          0x000000000000a3c4      0x284 /usr/lib/gcc/arm-none-eabi/4.8.2/armv7-m/libgcc.a(_udivdi3.o)
                0x000000000000a3c4                __udivdi3
 .text.memcmp   0x000000000000a648       0x68 /usr/lib/gcc/arm-none-eabi/4.8.2/../../../arm-none-eabi/lib/armv7-m/libc.a(lib_a-memcmp.o)
                0x000000000000a648                memcmp
 .text          0x000000000000a6b0       0xec /usr/lib/gcc/arm-none-eabi/4.8.2/../../../arm-none-eabi/lib/armv7-m/libc.a(lib_a-memcpy.o)
                0x000000000000a6b0                memcpy
 .text.memset   0x000000000000a79c       0x94 /usr/lib/gcc/arm-none-eabi/4.8.2/../../../arm-none-eabi/lib/armv7-m/libc.a(lib_a-memset.o)
                0x000000000000a79c                memset
 .text.strlen   0x000000000000a830       0x60 /usr/lib/gcc/arm-none-eabi/4.8.2/../../../arm-none-eabi/lib/armv7-m/libc.a(lib_a-strlen.o)
                0x000000000000a830                strlen
 *(SORT(.rodata*))
 .rodata.autostart_processes
                0x000000000000a890        0x8 cc13xx-node.co
                0x000000000000a890                autostart_processes
 .rodata.str1.4
                0x000000000000a898       0x1b cc13xx-node.co
                                         0x1c (size before relaxing)
 *fill*         0x000000000000a8b3        0x1 00000000
 .rodata.str1.4
                0x000000000000a8b4       0x8f contiki-srf06-cc26xx.a(contiki-main.o)
                                         0x90 (size before relaxing)
 *fill*         0x000000000000a943        0x1 00000000
 .rodata.str1.4
                0x000000000000a944        0x8 contiki-srf06-cc26xx.a(sensors.o)
 .rodata.str1.4
                0x000000000000a94c        0xe contiki-srf06-cc26xx.a(apros-serial-li)
                                         0x10 (size before relaxing)
 *fill*         0x000000000000a95a        0x2 00000000
 .rodata.unicast_callbacks
                0x000000000000a95c        0x8 contiki-srf06-cc26xx.a(apros-wireless-)
 .rodata.broadcast_callbacks
                0x000000000000a964        0x8 contiki-srf06-cc26xx.a(apros-wireless-)
 .rodata        0x000000000000a96c        0x4 contiki-srf06-cc26xx.a(ext-flash.o)
 .rodata        0x000000000000a970       0x1c contiki-srf06-cc26xx.a(board.o)
 .rodata.str1.4
                0x000000000000a98c        0x5 contiki-srf06-cc26xx.a(null-sensor.o)
                                          0x8 (size before relaxing)
 *fill*         0x000000000000a991        0x3 00000000
 .rodata.null_sensor
                0x000000000000a994       0x10 contiki-srf06-cc26xx.a(null-sensor.o)
                0x000000000000a994                null_sensor
 .rodata.mode_prop
                0x000000000000a9a4        0x8 contiki-srf06-cc26xx.a(prop-mode.o)
 .rodata.prop_mode_driver
                0x000000000000a9ac       0x38 contiki-srf06-cc26xx.a(prop-mode.o)
                0x000000000000a9ac                prop_mode_driver
 .rodata.patchGenfskRfe
                0x000000000000a9e4      0x6b4 contiki-srf06-cc26xx.a(prop-mode.o)
 .rodata.patchImageGenfsk
                0x000000000000b098      0x2b0 contiki-srf06-cc26xx.a(prop-mode.o)
 .rodata.prop_mode_tx_power_779_930
                0x000000000000b348       0x88 contiki-srf06-cc26xx.a(prop-mode-tx-po)
                0x000000000000b348                prop_mode_tx_power_779_930
 .rodata.str1.4
                0x000000000000b3d0       0x46 contiki-srf06-cc26xx.a(rf-core.o)
                                         0x48 (size before relaxing)
 *fill*         0x000000000000b416        0x2 00000000
 .rodata.str1.4
                0x000000000000b418       0x1b contiki-srf06-cc26xx.a(soc-trng.o)
                                         0x1c (size before relaxing)
 *fill*         0x000000000000b433        0x1 00000000
 .rodata.buffer.4002
                0x000000000000b434       0x10 contiki-srf06-cc26xx.a(strformat.o)
 .rodata.buffer.4011
                0x000000000000b444       0x10 contiki-srf06-cc26xx.a(strformat.o)
 .rodata.str1.4
                0x000000000000b454       0x46 contiki-srf06-cc26xx.a(strformat.o)
                                         0x48 (size before relaxing)
 *fill*         0x000000000000b49a        0x2 00000000
 .rodata.str1.4
                0x000000000000b49c        0xf contiki-srf06-cc26xx.a(ctimer.o)
                                         0x10 (size before relaxing)
 *fill*         0x000000000000b4ab        0x1 00000000
 .rodata.str1.4
                0x000000000000b4ac        0xc contiki-srf06-cc26xx.a(etimer.o)
 .rodata.str1.4
                0x0000000000000000       0x10 contiki-srf06-cc26xx.a(serial-line.o)
 .rodata.attributes
                0x000000000000b4b8        0x4 contiki-srf06-cc26xx.a(broadcast.o)
 .rodata.broadcast
                0x000000000000b4bc        0x8 contiki-srf06-cc26xx.a(broadcast.o)
 .rodata.str1.4
                0x000000000000b4c4        0x5 contiki-srf06-cc26xx.a(rime.o)
                                          0x8 (size before relaxing)
 *fill*         0x000000000000b4c9        0x3 00000000
 .rodata.rime_driver
                0x000000000000b4cc        0xc contiki-srf06-cc26xx.a(rime.o)
                0x000000000000b4cc                rime_driver
 .rodata.uc     0x000000000000b4d8        0x8 contiki-srf06-cc26xx.a(unicast.o)
 .rodata.attributes
                0x000000000000b4e0        0x8 contiki-srf06-cc26xx.a(unicast.o)
 .rodata.linkaddr_null
                0x000000000000b4e8        0x4 contiki-srf06-cc26xx.a(linkaddr.o)
                0x000000000000b4e8                linkaddr_null
 .rodata.str1.4
                0x000000000000b4ec        0x5 contiki-srf06-cc26xx.a(csma.o)
                                          0x8 (size before relaxing)
 *fill*         0x000000000000b4f1        0x3 00000000
 .rodata.csma_driver
                0x000000000000b4f4       0x1c contiki-srf06-cc26xx.a(csma.o)
                0x000000000000b4f4                csma_driver
 .rodata.str1.4
                0x000000000000b510        0x8 contiki-srf06-cc26xx.a(nullrdc.o)
 .rodata.nullrdc_driver
                0x000000000000b518       0x20 contiki-srf06-cc26xx.a(nullrdc.o)
                0x000000000000b518                nullrdc_driver
 .rodata.str1.4
                0x000000000000b538        0x8 contiki-srf06-cc26xx.a(nullsec.o)
 .rodata.nullsec_driver
                0x000000000000b540       0x10 contiki-srf06-cc26xx.a(nullsec.o)
                0x000000000000b540                nullsec_driver
 .rodata.attributes
                0x000000000000b550        0x4 contiki-srf06-cc26xx.a(abc.o)
 .rodata.broadcast_callbacks
                0x000000000000b554        0x8 contiki-srf06-cc26xx.a(broadcast-annou)
 .rodata.framer_802154
                0x000000000000b55c        0xc contiki-srf06-cc26xx.a(framer-802154.o)
                0x000000000000b55c                framer_802154
 .rodata.chameleon_bitopt
                0x000000000000b568        0xc contiki-srf06-cc26xx.a(chameleon-bitop)
                0x000000000000b568                chameleon_bitopt
 .rodata.bitmask
                0x000000000000b574        0xc contiki-srf06-cc26xx.a(chameleon-bitop)
                0x000000000000b580                _etext = .

.glue_7         0x000000000000b580        0x0
 .glue_7        0x0000000000000000        0x0 linker stubs

.glue_7t        0x000000000000b580        0x0
 .glue_7t       0x0000000000000000        0x0 linker stubs

.vfp11_veneer   0x000000000000b580        0x0
 .vfp11_veneer  0x0000000000000000        0x0 linker stubs

.v4_bx          0x000000000000b580        0x0
 .v4_bx         0x0000000000000000        0x0 linker stubs

.iplt           0x000000000000b580        0x0
 .iplt          0x0000000000000000        0x0 obj_srf06-cc26xx/startup_gcc.o

.data           0x0000000020000000      0x20a load address 0x000000000000b580
                0x0000000020000000                _data = .
 *(SORT(vtable))
 *(SORT(.data*))
 .data.cc1310_process
                0x0000000020000000       0x10 cc13xx-node.co
                0x0000000020000000                cc1310_process
 .data.sensors_process
                0x0000000020000010       0x10 contiki-srf06-cc26xx.a(sensors.o)
                0x0000000020000010                sensors_process
 .data.apros_serial_line_process
                0x0000000020000020       0x10 contiki-srf06-cc26xx.a(apros-serial-li)
                0x0000000020000020                apros_serial_line_process
 .data.subfunc_set
                0x0000000020000030        0x8 contiki-srf06-cc26xx.a(apros-wireless-)
 .data.sensors  0x0000000020000038        0x8 contiki-srf06-cc26xx.a(apros-sensors.o)
                0x0000000020000038                sensors
 .data.apros_module
                0x0000000020000040       0x14 contiki-srf06-cc26xx.a(board.o)
 .data.prop_lpm_module
                0x0000000020000054       0x14 contiki-srf06-cc26xx.a(prop-mode.o)
 .data.tx_power_current
                0x0000000020000068        0x4 contiki-srf06-cc26xx.a(prop-mode.o)
                0x0000000020000068                tx_power_current
 .data.rf_core_process
                0x000000002000006c       0x10 contiki-srf06-cc26xx.a(rf-core.o)
                0x000000002000006c                rf_core_process
 .data.rng_module
                0x000000002000007c       0x14 contiki-srf06-cc26xx.a(soc-trng.o)
 .data.soc_trng_process
                0x0000000020000090       0x10 contiki-srf06-cc26xx.a(soc-trng.o)
                0x0000000020000090                soc_trng_process
 .data.ctxt     0x00000000200000a0        0x8 contiki-srf06-cc26xx.a(dbg-printf.o)
 .data.ctimer_process
                0x00000000200000a8       0x10 contiki-srf06-cc26xx.a(ctimer.o)
                0x00000000200000a8                ctimer_process
 .data.etimer_process
                0x00000000200000b8       0x10 contiki-srf06-cc26xx.a(etimer.o)
                0x00000000200000b8                etimer_process
 .data.serial_line_process
                0x00000000200000c8       0x10 contiki-srf06-cc26xx.a(serial-line.o)
                0x00000000200000c8                serial_line_process
 .data.bufmem   0x00000000200000d8        0xc contiki-srf06-cc26xx.a(queuebuf.o)
 .data.buframmem
                0x00000000200000e4        0xc contiki-srf06-cc26xx.a(queuebuf.o)
 .data.metadata_memb
                0x00000000200000f0        0xc contiki-srf06-cc26xx.a(csma.o)
 .data.neighbor_memb
                0x00000000200000fc        0xc contiki-srf06-cc26xx.a(csma.o)
 .data.packet_memb
                0x0000000020000108        0xc contiki-srf06-cc26xx.a(csma.o)
 .data.smartrf_settings_cmd_prop_rx_adv
                0x0000000020000114       0x30 contiki-srf06-cc26xx.a(smartrf-setting)
                0x0000000020000114                smartrf_settings_cmd_prop_rx_adv
 .data.smartrf_settings_cmd_fs
                0x0000000020000144       0x18 contiki-srf06-cc26xx.a(smartrf-setting)
                0x0000000020000144                smartrf_settings_cmd_fs
 .data.smartrf_settings_cmd_prop_radio_div_setup
                0x000000002000015c       0x28 contiki-srf06-cc26xx.a(smartrf-setting)
                0x000000002000015c                smartrf_settings_cmd_prop_radio_div_setup
 .data.smartrf_settings_cmd_prop_tx_adv
                0x0000000020000184       0x20 contiki-srf06-cc26xx.a(smartrf-setting)
                0x0000000020000184                smartrf_settings_cmd_prop_tx_adv
 .data.overrides
                0x00000000200001a4       0x60 contiki-srf06-cc26xx.a(smartrf-setting)
 .data.mac_pan_id
                0x0000000020000204        0x2 contiki-srf06-cc26xx.a(frame802154.o)
 .data.dummy.10029
                0x0000000020000206        0x1 cc13xx-node.co
 .data.interface
                0x0000000020000207        0x1 contiki-srf06-cc26xx.a(board-i2c.o)
 .data.rssi_threshold
                0x0000000020000208        0x1 contiki-srf06-cc26xx.a(prop-mode.o)
 .data.rng_ready_event
                0x0000000020000209        0x1 contiki-srf06-cc26xx.a(soc-trng.o)
                0x000000002000020a                _edata = .

.igot.plt       0x000000002000020c        0x0 load address 0x000000000000b78a
 .igot.plt      0x0000000000000000        0x0 obj_srf06-cc26xx/startup_gcc.o

.ARM.exidx      0x000000000000b78c        0x8
 *(SORT(.ARM.exidx*))
 .ARM.exidx     0x000000000000b78c        0x8 /usr/lib/gcc/arm-none-eabi/4.8.2/armv7-m/libgcc.a(_divdi3.o)
 .ARM.exidx     0x000000000000b794        0x0 /usr/lib/gcc/arm-none-eabi/4.8.2/armv7-m/libgcc.a(_udivdi3.o)
                                          0x8 (size before relaxing)

.bss            0x0000000020000210     0x4b03
                0x0000000020000210                _bss = .
 *(SORT(.bss*))
 .bss.count     0x0000000020000210        0x8 contiki-srf06-cc26xx.a(clock.o)
 .bss.rands_cache
                0x0000000020000218       0x20 contiki-srf06-cc26xx.a(soc-trng.o)
 .bss.tlv.9991  0x0000000020000238        0x8 cc13xx-node.co
 .bss.er_node_busy.9995
                0x0000000020000240        0x8 cc13xx-node.co
 .bss.tlv_hdr.9743
                0x0000000020000248        0x8 cc13xx-node.co
 .bss.tlv_set.9875
                0x0000000020000250       0x10 cc13xx-node.co
 .bss.tlv_hdr.9951
                0x0000000020000260        0x8 cc13xx-node.co
 .bss.tlv_set.9736
                0x0000000020000268       0x10 cc13xx-node.co
 .bss.node_mac  0x0000000020000278        0x8 cc13xx-node.co
 .bss.tlv_hdr.9782
                0x0000000020000280        0x8 cc13xx-node.co
 .bss.tlv_set.9943
                0x0000000020000288       0x10 cc13xx-node.co
 .bss.tlv_hdr.9814
                0x0000000020000298        0x8 cc13xx-node.co
 .bss.pkt_index_8.9906
                0x00000000200002a0        0x4 cc13xx-node.co
 .bss.tlv_set.9774
                0x00000000200002a4       0x10 cc13xx-node.co
 .bss.comm.9992
                0x00000000200002b4        0xc cc13xx-node.co
 .bss.rsp.9877  0x00000000200002c0        0xc cc13xx-node.co
 .bss.my_node_info
                0x00000000200002cc       0x10 cc13xx-node.co
 .bss.rsp.9716  0x00000000200002dc       0x14 cc13xx-node.co
 .bss.tlv_set.9841
                0x00000000200002f0       0x10 cc13xx-node.co
 .bss.tlv_set.9888
                0x0000000020000300       0x18 cc13xx-node.co
 .bss.comm.9908
                0x0000000020000318        0xc cc13xx-node.co
 .bss.tlv_set.9910
                0x0000000020000324       0x30 cc13xx-node.co
 .bss.tlv_hdr.9756
                0x0000000020000354        0x8 cc13xx-node.co
 .bss.tlv_hdr.9963
                0x000000002000035c        0x8 cc13xx-node.co
 .bss.tlv_set.9744
                0x0000000020000364       0x10 cc13xx-node.co
 .bss.tlv_hdr.9790
                0x0000000020000374        0x8 cc13xx-node.co
 .bss.tlv_set.9952
                0x000000002000037c       0x10 cc13xx-node.co
 .bss.tlv_hdr.9823
                0x000000002000038c        0x8 cc13xx-node.co
 .bss.tlv_set.9783
                0x0000000020000394       0x10 cc13xx-node.co
 .bss.rsp.9913  0x00000000200003a4        0x8 cc13xx-node.co
 .bss.tlv_set.9815
                0x00000000200003ac       0x10 cc13xx-node.co
 .bss.value.9852
                0x00000000200003bc        0x4 cc13xx-node.co
 .bss.tlv_set.9858
                0x00000000200003c0       0x10 cc13xx-node.co
 .bss.tlv_hdr.9728
                0x00000000200003d0        0x8 cc13xx-node.co
 .bss.et        0x00000000200003d8       0x10 cc13xx-node.co
 .bss.tlv_hdr.9765
                0x00000000200003e8        0x8 cc13xx-node.co
 .bss.tlv_hdr.9887
                0x00000000200003f0        0x8 cc13xx-node.co
 .bss.comm.9950
                0x00000000200003f8        0xc cc13xx-node.co
 .bss.pkt.9689  0x0000000020000404       0x64 cc13xx-node.co
 .bss.tlv_set.9757
                0x0000000020000468       0x10 cc13xx-node.co
 .bss.tlv_set.9729
                0x0000000020000478       0x10 cc13xx-node.co
 .bss.tlv_set.9964
                0x0000000020000488       0x10 cc13xx-node.co
 .bss.z_axis_val
                0x0000000020000498     0x3000 cc13xx-node.co
 .bss.tlv_set.9791
                0x0000000020003498       0x10 cc13xx-node.co
 .bss.rsp.9891  0x00000000200034a8        0x4 cc13xx-node.co
 .bss.tlv_set.9824
                0x00000000200034ac       0x10 cc13xx-node.co
 .bss.tlv_hdr.9874
                0x00000000200034bc        0x8 cc13xx-node.co
 .bss.accel_data_littleed.9911
                0x00000000200034c4       0x30 cc13xx-node.co
 .bss.tlv_hdr.9909
                0x00000000200034f4        0x8 cc13xx-node.co
 .bss.accel_data_littleed.9889
                0x00000000200034fc       0x30 cc13xx-node.co
 .bss.tlv_hdr.9735
                0x000000002000352c        0x8 cc13xx-node.co
 .bss.rsp.9792  0x0000000020003534       0x30 cc13xx-node.co
 .bss.tlv_hdr.9942
                0x0000000020003564        0x8 cc13xx-node.co
 .bss.tlv_hdr.9773
                0x000000002000356c        0x8 cc13xx-node.co
 .bss.converted_arr.9953
                0x0000000020003574        0x8 cc13xx-node.co
 .bss.comm.9789
                0x000000002000357c        0xc cc13xx-node.co
 .bss.my_msg_info
                0x0000000020003588        0x8 cc13xx-node.co
 .bss.tlv_hdr.9831
                0x0000000020003590        0x8 cc13xx-node.co
 .bss.comm.9962
                0x0000000020003598        0xc cc13xx-node.co
 .bss.br_ack_backoff_time
                0x00000000200035a4        0x4 cc13xx-node.co
 .bss.tlv_set.9766
                0x00000000200035a8       0x10 cc13xx-node.co
 .bss.tlv_hdr.9840
                0x00000000200035b8        0x8 cc13xx-node.co
 .bss.pl.10020  0x00000000200035c0       0x60 cc13xx-node.co
 .bss.node_config
                0x0000000020003620       0x24 cc13xx-node.co
 .bss.tlv_set.9832
                0x0000000020003644       0x10 cc13xx-node.co
 .bss.tlv_hdr.9857
                0x0000000020003654        0x8 cc13xx-node.co
 .bss.ct        0x000000002000365c       0x20 cc13xx-node.co
 .bss.rt        0x000000002000367c        0xc cc13xx-node.co
 .bss.i.4754    0x0000000020003688        0x4 contiki-srf06-cc26xx.a(sensors.o)
 .bss.events.4755
                0x000000002000368c        0x4 contiki-srf06-cc26xx.a(sensors.o)
 .bss.ovfl.4755
                0x0000000020003690        0x4 contiki-srf06-cc26xx.a(apros-serial-li)
 .bss.ptr.4754  0x0000000020003694        0x4 contiki-srf06-cc26xx.a(apros-serial-li)
 .bss.parcel.4756
                0x0000000020003698       0x84 contiki-srf06-cc26xx.a(apros-serial-li)
 .bss.rxbuf_data
                0x000000002000371c       0x80 contiki-srf06-cc26xx.a(apros-serial-li)
 .bss.rxbuf     0x000000002000379c        0x8 contiki-srf06-cc26xx.a(apros-serial-li)
 .bss.buf.4753  0x00000000200037a4       0x80 contiki-srf06-cc26xx.a(apros-serial-li)
 .bss.uc        0x0000000020003824       0x1c contiki-srf06-cc26xx.a(apros-wireless-)
 .bss.bc        0x0000000020003840       0x18 contiki-srf06-cc26xx.a(apros-wireless-)
 .bss.ct_comm_buffer
                0x0000000020003858      0x1e0 contiki-srf06-cc26xx.a(apros-command-s)
 .bss.param_cp  0x0000000020003a38      0x258 contiki-srf06-cc26xx.a(apros-command-s)
 .bss.rbuf.7653
                0x0000000020003c90        0x4 contiki-srf06-cc26xx.a(sts3x.o)
 .bss.wbuf.7652
                0x0000000020003c94        0x4 contiki-srf06-cc26xx.a(sts3x.o)
 .bss.inited    0x0000000020003c98        0x4 contiki-srf06-cc26xx.a(leds-arch.o)
 .bss.rx_stats  0x0000000020003c9c        0xc contiki-srf06-cc26xx.a(prop-mode.o)
 .bss.rx_data_queue
                0x0000000020003ca8        0x8 contiki-srf06-cc26xx.a(prop-mode.o)
 .bss.rx_read_entry
                0x0000000020003cb0        0x4 contiki-srf06-cc26xx.a(prop-mode.o)
 .bss.tx_buf    0x0000000020003cb4       0xb8 contiki-srf06-cc26xx.a(prop-mode.o)
 .bss.rx_buf    0x0000000020003d6c      0x230 contiki-srf06-cc26xx.a(prop-mode.o)
 .bss.last_isr_time
                0x0000000020003f9c        0x4 contiki-srf06-cc26xx.a(soc-rtc.o)
 .bss.input_handler
                0x0000000020003fa0        0x4 contiki-srf06-cc26xx.a(cc26xx-uart.o)
 .bss.modules_list_list
                0x0000000020003fa4        0x4 contiki-srf06-cc26xx.a(lpm.o)
 .bss.handlers  0x0000000020003fa8       0x80 contiki-srf06-cc26xx.a(gpio-interrupt.)
 .bss.last_radio_op
                0x0000000020004028        0x4 contiki-srf06-cc26xx.a(rf-core.o)
 .bss.primary_mode
                0x000000002000402c        0x4 contiki-srf06-cc26xx.a(rf-core.o)
 .bss.rat_offset
                0x0000000020004030        0x4 contiki-srf06-cc26xx.a(rf-core.o)
                0x0000000020004030                rat_offset
 .bss.notify_cb
                0x0000000020004034        0x4 contiki-srf06-cc26xx.a(soc-trng.o)
 .bss.rands_mask
                0x0000000020004038        0x4 contiki-srf06-cc26xx.a(soc-trng.o)
 .bss.ctimer_list_list
                0x000000002000403c        0x4 contiki-srf06-cc26xx.a(ctimer.o)
 .bss.timerlist
                0x0000000020004040        0x4 contiki-srf06-cc26xx.a(etimer.o)
 .bss.next_expiration
                0x0000000020004044        0x4 contiki-srf06-cc26xx.a(etimer.o)
 .bss.process_current
                0x0000000020004048        0x4 contiki-srf06-cc26xx.a(process.o)
                0x0000000020004048                process_current
 .bss.process_list
                0x000000002000404c        0x4 contiki-srf06-cc26xx.a(process.o)
                0x000000002000404c                process_list
 .bss.events    0x0000000020004050      0x180 contiki-srf06-cc26xx.a(process.o)
 .bss.next_rtimer
                0x00000000200041d0        0x4 contiki-srf06-cc26xx.a(rtimer.o)
 .bss.rxbuf_data
                0x00000000200041d4       0x80 contiki-srf06-cc26xx.a(serial-line.o)
 .bss.rxbuf     0x0000000020004254        0x8 contiki-srf06-cc26xx.a(serial-line.o)
 .bss.buf.4738  0x000000002000425c       0x80 contiki-srf06-cc26xx.a(serial-line.o)
 .bss.ptr.4739  0x00000000200042dc        0x4 contiki-srf06-cc26xx.a(serial-line.o)
 .bss.channel_list_list
                0x00000000200042e0        0x4 contiki-srf06-cc26xx.a(channel.o)
 .bss.sniffers_list
                0x00000000200042e4        0x4 contiki-srf06-cc26xx.a(rime.o)
 .bss.powerQualGlobals
                0x00000000200042e8        0x8 contiki-srf06-cc26xx.a(sys_ctrl.o)
 .bss.packetbuf_aligned
                0x00000000200042f0       0x80 contiki-srf06-cc26xx.a(packetbuf.o)
 .bss.buframmem_memb_count
                0x0000000020004370        0x8 contiki-srf06-cc26xx.a(queuebuf.o)
 .bss.bufmem_memb_mem
                0x0000000020004378       0x20 contiki-srf06-cc26xx.a(queuebuf.o)
 .bss.buframmem_memb_mem
                0x0000000020004398      0x5f0 contiki-srf06-cc26xx.a(queuebuf.o)
 .bss.bufmem_memb_count
                0x0000000020004988        0x8 contiki-srf06-cc26xx.a(queuebuf.o)
 .bss.metadata_memb_memb_count
                0x0000000020004990        0x8 contiki-srf06-cc26xx.a(csma.o)
 .bss.packet_memb_memb_count
                0x0000000020004998        0x8 contiki-srf06-cc26xx.a(csma.o)
 .bss.metadata_memb_memb_mem
                0x00000000200049a0       0x60 contiki-srf06-cc26xx.a(csma.o)
 .bss.neighbor_list_list
                0x0000000020004a00        0x4 contiki-srf06-cc26xx.a(csma.o)
 .bss.packet_memb_memb_mem
                0x0000000020004a04       0x60 contiki-srf06-cc26xx.a(csma.o)
 .bss.neighbor_memb_memb_count
                0x0000000020004a64        0x4 contiki-srf06-cc26xx.a(csma.o)
 .bss.neighbor_memb_memb_mem
                0x0000000020004a68       0x68 contiki-srf06-cc26xx.a(csma.o)
 .bss.consumers_list_list
                0x0000000020004ad0        0x4 contiki-srf06-cc26xx.a(aux-ctrl.o)
 .bss.announcements_list
                0x0000000020004ad4        0x4 contiki-srf06-cc26xx.a(announcement.o)
 .bss.observer_callback
                0x0000000020004ad8        0x4 contiki-srf06-cc26xx.a(announcement.o)
 .bss.c         0x0000000020004adc       0x6c contiki-srf06-cc26xx.a(broadcast-annou)
 .bss.received_seqnos
                0x0000000020004b48       0xc0 contiki-srf06-cc26xx.a(mac-sequence.o)
 .bss.pkt_index.9881
                0x0000000020004c08        0x2 cc13xx-node.co
 .bss.z_index.9851
                0x0000000020004c0a        0x2 cc13xx-node.co
 .bss.sampling_num.9885
                0x0000000020004c0c        0x2 cc13xx-node.co
 .bss.sampling_num.9850
                0x0000000020004c0e        0x2 cc13xx-node.co
 .bss.last_max_index
                0x0000000020004c10        0x2 cc13xx-node.co
 .bss.z_index.9884
                0x0000000020004c12        0x2 cc13xx-node.co
 .bss.buflen    0x0000000020004c14        0x2 contiki-srf06-cc26xx.a(packetbuf.o)
 .bss.bufptr    0x0000000020004c16        0x2 contiki-srf06-cc26xx.a(packetbuf.o)
 .bss.seqno.6154
                0x0000000020004c18        0x2 contiki-srf06-cc26xx.a(csma.o)
 .bss.rsp.9833  0x0000000020004c1a        0x1 cc13xx-node.co
 .bss.rsp.9745  0x0000000020004c1b        0x1 cc13xx-node.co
 .bss.rsp.9730  0x0000000020004c1c        0x1 cc13xx-node.co
 .bss.flag_processing_reboot
                0x0000000020004c1d        0x1 cc13xx-node.co
 .bss.pl_length.10021
                0x0000000020004c1e        0x1 cc13xx-node.co
 .bss.rsp.9737  0x0000000020004c1f        0x1 cc13xx-node.co
 .bss.rsp.9944  0x0000000020004c20        0x1 cc13xx-node.co
 .bss.rsp.9775  0x0000000020004c21        0x1 cc13xx-node.co
 .bss.accel_data_len.9907
                0x0000000020004c22        0x1 cc13xx-node.co
 .bss.node_ch.9784
                0x0000000020004c23        0x1 cc13xx-node.co
 .bss.flag_processing_msg
                0x0000000020004c24        0x1 cc13xx-node.co
 .bss.flag_processing_capt
                0x0000000020004c25        0x1 cc13xx-node.co
 .bss.flag_processing_flash
                0x0000000020004c26        0x1 cc13xx-node.co
 .bss.init_sensor.9853
                0x0000000020004c27        0x1 cc13xx-node.co
 .bss.last_accel_data_len
                0x0000000020004c28        0x1 cc13xx-node.co
 .bss.flag_sent_ready_rsp
                0x0000000020004c29        0x1 cc13xx-node.co
 .bss.addr_type.9989
                0x0000000020004c2a        0x1 cc13xx-node.co
 .bss.rsp.9816  0x0000000020004c2b        0x1 cc13xx-node.co
 .bss.flag_processing_fetch
                0x0000000020004c2c        0x1 cc13xx-node.co
 .bss.error_pass_seq
                0x0000000020004c2d        0x1 cc13xx-node.co
 .bss.rsp.9859  0x0000000020004c2e        0x1 cc13xx-node.co
 .bss.flag_registered
                0x0000000020004c2f        0x1 cc13xx-node.co
 .bss.cca_val.9767
                0x0000000020004c30        0x1 cc13xx-node.co
 .bss.rsp.9965  0x0000000020004c31        0x1 cc13xx-node.co
 .bss.last_axis_value
                0x0000000020004c32        0x1 cc13xx-node.co
 .bss.rsp.9758  0x0000000020004c33        0x1 cc13xx-node.co
 .bss.sampling.9825
                0x0000000020004c34        0x1 cc13xx-node.co
 .bss.flag_exist_capt
                0x0000000020004c35        0x1 cc13xx-node.co
 .bss.seq_num.9882
                0x0000000020004c36        0x1 cc13xx-node.co
 .bss.num_sensors
                0x0000000020004c37        0x1 contiki-srf06-cc26xx.a(sensors.o)
 .bss.leds      0x0000000020004c38        0x1 contiki-srf06-cc26xx.a(leds.o)
 .bss.slave_addr
                0x0000000020004c39        0x1 contiki-srf06-cc26xx.a(board-i2c.o)
 .bss.c         0x0000000020004c3a        0x1 contiki-srf06-cc26xx.a(leds-arch.o)
 .bss.rat_offset_known
                0x0000000020004c3b        0x1 contiki-srf06-cc26xx.a(rf-core.o)
 .bss.ble_mode_on
                0x0000000020004c3c        0x1 contiki-srf06-cc26xx.a(rf-ble.o)
 .bss.initialized
                0x0000000020004c3d        0x1 contiki-srf06-cc26xx.a(ctimer.o)
 .bss.fevent    0x0000000020004c3e        0x1 contiki-srf06-cc26xx.a(process.o)
 .bss.nevents   0x0000000020004c3f        0x1 contiki-srf06-cc26xx.a(process.o)
 .bss.poll_requested
                0x0000000020004c40        0x1 contiki-srf06-cc26xx.a(process.o)
 .bss.lastevent
                0x0000000020004c41        0x1 contiki-srf06-cc26xx.a(process.o)
 .bss.hdrlen    0x0000000020004c42        0x1 contiki-srf06-cc26xx.a(packetbuf.o)
 .bss.initialized.6153
                0x0000000020004c43        0x1 contiki-srf06-cc26xx.a(csma.o)
 .bss.mac_dsn   0x0000000020004c44        0x1 contiki-srf06-cc26xx.a(framer-802154.o)
 .bss.initialized
                0x0000000020004c45        0x1 contiki-srf06-cc26xx.a(framer-802154.o)
 *(SORT(COMMON))
 *fill*         0x0000000020004c46        0x2 
 COMMON         0x0000000020004c48        0x6 cc13xx-node.co
                0x0000000020004c48                bat_val_capt
                0x0000000020004c4c                temperature_capt
 *fill*         0x0000000020004c4e        0x2 
 COMMON         0x0000000020004c50       0x79 contiki-srf06-cc26xx.a(apros-packet-co)
                0x0000000020004c50                block_info
                0x0000000020004cc8                block_info_index
 *fill*         0x0000000020004cc9        0x3 
 COMMON         0x0000000020004ccc        0x2 contiki-srf06-cc26xx.a(apros-sensors.o)
                0x0000000020004ccc                sensors_flags
 *fill*         0x0000000020004cce        0x2 
 COMMON         0x0000000020004cd0        0x2 contiki-srf06-cc26xx.a(linkaddr.o)
                0x0000000020004cd0                linkaddr_node_addr
 *fill*         0x0000000020004cd2        0x2 
 COMMON         0x0000000020004cd4       0x3c contiki-srf06-cc26xx.a(packetbuf.o)
                0x0000000020004cd4                packetbuf_addrs
                0x0000000020004cdc                packetbuf_attrs
 COMMON         0x0000000020004d10        0x1 contiki-srf06-cc26xx.a(sensors.o)
                0x0000000020004d10                sensors_event
 COMMON         0x0000000020004d11        0x1 contiki-srf06-cc26xx.a(apros-serial-li)
                0x0000000020004d11                apros_serial_line_event_message
 COMMON         0x0000000020004d12        0x1 contiki-srf06-cc26xx.a(serial-line.o)
                0x0000000020004d12                serial_line_event_message
                0x0000000020004d13                _ebss = .

.ccfg           0x000000000001ffa8       0x58
 *(SORT(.ccfg))
 .ccfg          0x000000000001ffa8       0x58 obj_srf06-cc26xx/ccfg.o
                0x000000000001ffa8                __ccfg

.rel.dyn        0x0000000000020000        0x0
 .rel.iplt      0x0000000000000000        0x0 obj_srf06-cc26xx/startup_gcc.o

._user_heap_stack
                0x0000000020004d13      0x101
                0x0000000020004d14                . = ALIGN (0x4)
 *fill*         0x0000000020004d13        0x1 
                0x0000000020004d14                . = (. + _Min_Heap_Size)
                0x0000000020004e14                . = (. + _Min_Stack_Size)
 *fill*         0x0000000020004d14      0x100 
                0x0000000020004e14                . = ALIGN (0x4)

.gpram
OUTPUT(cc13xx-node.elf elf32-littlearm)

.comment        0x0000000000000000       0x1f
 .comment       0x0000000000000000       0x1f obj_srf06-cc26xx/fault-handlers.o
                                         0x20 (size before relaxing)
 .comment       0x0000000000000000       0x20 obj_srf06-cc26xx/ccfg.o
 .comment       0x0000000000000000       0x20 obj_srf06-cc26xx/startup_gcc.o
 .comment       0x0000000000000000       0x20 cc13xx-node.co
 .comment       0x0000000000000000       0x20 contiki-srf06-cc26xx.a(contiki-main.o)
 .comment       0x0000000000000000       0x20 contiki-srf06-cc26xx.a(sensors.o)
 .comment       0x0000000000000000       0x20 contiki-srf06-cc26xx.a(leds.o)
 .comment       0x0000000000000000       0x20 contiki-srf06-cc26xx.a(apros-packet-co)
 .comment       0x0000000000000000       0x20 contiki-srf06-cc26xx.a(apros-serial-li)
 .comment       0x0000000000000000       0x20 contiki-srf06-cc26xx.a(apros-wireless-)
 .comment       0x0000000000000000       0x20 contiki-srf06-cc26xx.a(apros-command-s)