Archive member included because of file (symbol)

contiki-srf06-cc26xx.a(contiki-main.o)
                              obj_srf06-cc26xx/startup_gcc.o (main)
contiki-srf06-cc26xx.a(sensors.o)
                              contiki-srf06-cc26xx.a(contiki-main.o) (sensors_process)
contiki-srf06-cc26xx.a(leds.o)
                              contiki-srf06-cc26xx.a(contiki-main.o) (leds_init)
contiki-srf06-cc26xx.a(apros-packet-co)
                              cc13xx-node.co (add_all_block_info)
contiki-srf06-cc26xx.a(apros-serial-li)
                              cc13xx-node.co (apros_serial_line_event_message)
contiki-srf06-cc26xx.a(apros-wireless-)
                              cc13xx-node.co (apros_wireless_line_init)
contiki-srf06-cc26xx.a(apros-command-s)
                              cc13xx-node.co (apros_command)
contiki-srf06-cc26xx.a(apros-flash-con)
                              cc13xx-node.co (apros_node_config_load)
contiki-srf06-cc26xx.a(ext-flash.o)
                              contiki-srf06-cc26xx.a(apros-flash-con) (ext_flash_open)
contiki-srf06-cc26xx.a(leds-arch.o)
                              contiki-srf06-cc26xx.a(leds.o) (leds_arch_init)
contiki-srf06-cc26xx.a(board.o)
                              contiki-srf06-cc26xx.a(contiki-main.o) (board_init)
contiki-srf06-cc26xx.a(apros-sensors.o)
                              contiki-srf06-cc26xx.a(sensors.o) (sensors_flags)
contiki-srf06-cc26xx.a(adxl355.o)
                              cc13xx-node.co (adxl355)
contiki-srf06-cc26xx.a(adxl355-spi-con)
                              contiki-srf06-cc26xx.a(adxl355.o) (adxl355_spi_open)
contiki-srf06-cc26xx.a(prop-mode.o)
                              cc13xx-node.co (prop_mode_driver)
contiki-srf06-cc26xx.a(prop-mode-tx-po)
                              contiki-srf06-cc26xx.a(prop-mode.o) (prop_mode_tx_power_779_930)
contiki-srf06-cc26xx.a(clock.o)
                              contiki-srf06-cc26xx.a(contiki-main.o) (clock_init)
contiki-srf06-cc26xx.a(rtimer-arch.o)
                              cc13xx-node.co (rtimer_arch_now)
contiki-srf06-cc26xx.a(soc-rtc.o)
                              contiki-srf06-cc26xx.a(contiki-main.o) (soc_rtc_init)
contiki-srf06-cc26xx.a(contiki-watchdo)
                              contiki-srf06-cc26xx.a(contiki-main.o) (watchdog_init)
contiki-srf06-cc26xx.a(putchar.o)
                              contiki-srf06-cc26xx.a(contiki-main.o) (putchar)
contiki-srf06-cc26xx.a(ieee-addr.o)
                              cc13xx-node.co (ieee_addr_cpy_to)
contiki-srf06-cc26xx.a(cc26xx-uart.o)
                              contiki-srf06-cc26xx.a(contiki-main.o) (cc26xx_uart_init)
contiki-srf06-cc26xx.a(lpm.o)
                              contiki-srf06-cc26xx.a(prop-mode.o) (lpm_sleep)
contiki-srf06-cc26xx.a(gpio-interrupt.)
                              contiki-srf06-cc26xx.a(contiki-main.o) (gpio_interrupt_init)
contiki-srf06-cc26xx.a(oscillators.o)
                              contiki-srf06-cc26xx.a(contiki-main.o) (oscillators_select_lf_xosc)
contiki-srf06-cc26xx.a(rf-core.o)
                              contiki-srf06-cc26xx.a(prop-mode.o) (rf_core_is_accessible)
contiki-srf06-cc26xx.a(rf-ble.o)
                              contiki-srf06-cc26xx.a(prop-mode.o) (rf_ble_is_active)
contiki-srf06-cc26xx.a(random.o)
                              contiki-srf06-cc26xx.a(contiki-main.o) (random_init)
contiki-srf06-cc26xx.a(soc-trng.o)
                              contiki-srf06-cc26xx.a(random.o) (soc_trng_rand_synchronous)
contiki-srf06-cc26xx.a(dbg-printf.o)
                              contiki-srf06-cc26xx.a(contiki-main.o) (printf)
contiki-srf06-cc26xx.a(strformat.o)
                              contiki-srf06-cc26xx.a(dbg-printf.o) (format_str_v)
contiki-srf06-cc26xx.a(autostart.o)
                              contiki-srf06-cc26xx.a(contiki-main.o) (autostart_start)
contiki-srf06-cc26xx.a(ctimer.o)
                              contiki-srf06-cc26xx.a(contiki-main.o) (ctimer_init)
contiki-srf06-cc26xx.a(energest.o)
                              contiki-srf06-cc26xx.a(contiki-main.o) (energest_init)
contiki-srf06-cc26xx.a(etimer.o)
                              contiki-srf06-cc26xx.a(clock.o) (etimer_request_poll)
contiki-srf06-cc26xx.a(process.o)
                              contiki-srf06-cc26xx.a(sensors.o) (process_alloc_event)
contiki-srf06-cc26xx.a(rtimer.o)
                              contiki-srf06-cc26xx.a(contiki-main.o) (rtimer_init)
contiki-srf06-cc26xx.a(timer.o)
                              contiki-srf06-cc26xx.a(etimer.o) (timer_set)
contiki-srf06-cc26xx.a(serial-line.o)
                              contiki-srf06-cc26xx.a(contiki-main.o) (serial_line_init)
contiki-srf06-cc26xx.a(crc16.o)
                              contiki-srf06-cc26xx.a(apros-packet-co) (crc16_data)
contiki-srf06-cc26xx.a(list.o)
                              contiki-srf06-cc26xx.a(lpm.o) (list_init)
contiki-srf06-cc26xx.a(ringbuf.o)
[...]
Memory Configuration

Name             Origin             Length             Attributes
FLASH            0x0000000000000000 0x000000000001ffa8 xr
FLASH_CCFG       0x000000000001ffa8 0x0000000000000058 xr
SRAM             0x0000000020000000 0x0000000000005000 xrw
GPRAM            0x0000000011000000 0x0000000000002000 xrw
*default*        0x0000000000000000 0xffffffffffffffff

Linker script and memory map

LOAD obj_srf06-cc26xx/fault-handlers.o
LOAD obj_srf06-cc26xx/ccfg.o
LOAD obj_srf06-cc26xx/startup_gcc.o
LOAD cc13xx-node.co
LOAD contiki-srf06-cc26xx.a
LOAD /usr/lib/gcc/arm-none-eabi/4.8.2/../../../arm-none-eabi/lib/armv7-m/libm.a
START GROUP
LOAD /usr/lib/gcc/arm-none-eabi/4.8.2/armv7-m/libgcc.a
LOAD /usr/lib/gcc/arm-none-eabi/4.8.2/../../../arm-none-eabi/lib/armv7-m/libc.a
END GROUP
                0x0000000020005000                _estack = (ORIGIN (SRAM) + 0x5000)
                0x0000000000000000                _Min_Heap_Size = 0x0
                0x0000000000000100                _Min_Stack_Size = 0x100

.text           0x0000000000000000     0xa79c
                0x0000000000000000                _text = .
 *(SORT(.vectors))
 .vectors       0x0000000000000000       0xc8 obj_srf06-cc26xx/startup_gcc.o
                0x0000000000000000                g_pfnVectors
 *(SORT(.text*))
 .text.FaultISR
                0x00000000000000c8       0x1c obj_srf06-cc26xx/fault-handlers.o
                0x00000000000000c8                FaultISR
 .text.NmiSRHandler
                0x00000000000000e4        0x4 obj_srf06-cc26xx/startup_gcc.o
                0x00000000000000e4                NmiSR
 .text.IntDefaultHandler
                0x00000000000000e8        0x4 obj_srf06-cc26xx/startup_gcc.o
                0x00000000000000e8                SSI0IntHandler
                0x00000000000000e8                SWEvent0IntHandler
                0x00000000000000e8                uDMAIntHandler
                0x00000000000000e8                WatchdogIntHandler
                0x00000000000000e8                RFCHardwareIntHandler
                0x00000000000000e8                Timer1BIntHandler
                0x00000000000000e8                I2SIntHandler
                0x00000000000000e8                Timer2BIntHandler
                0x00000000000000e8                Timer2AIntHandler
                0x00000000000000e8                Timer1AIntHandler
                0x00000000000000e8                AONIntHandler
                0x00000000000000e8                AUXSWEvent0IntHandler
                0x00000000000000e8                AUXADCIntHandler
                0x00000000000000e8                PendSVIntHandler
                0x00000000000000e8                AUXSWEvent1IntHandler
                0x00000000000000e8                SVCallIntHandler
                0x00000000000000e8                MPUFaultIntHandler
                0x00000000000000e8                SysTickIntHandler
                0x00000000000000e8                BusFaultIntHandler
                0x00000000000000e8                AONProgIntHandler
                0x00000000000000e8                AUXCompAIntHandler
                0x00000000000000e8                SSI1IntHandler
                0x00000000000000e8                FlashIntHandler
                0x00000000000000e8                uDMAErrIntHandler
                0x00000000000000e8                UsageFaultIntHandler
                0x00000000000000e8                RFCCmdAckIntHandler
                0x00000000000000e8                CryptoIntHandler
                0x00000000000000e8                Timer0AIntHandler
                0x00000000000000e8                I2CIntHandler
                0x00000000000000e8                DebugMonIntHandler
                0x00000000000000e8                Timer0BIntHandler
                0x00000000000000e8                AUXCombEventIntHandler
                0x00000000000000e8                Timer3AIntHandler
                0x00000000000000e8                DynProgIntHandler
                0x00000000000000e8                Timer3BIntHandler
 .text.ResetISR
                0x00000000000000ec       0x5c obj_srf06-cc26xx/startup_gcc.o
                0x00000000000000ec                ResetISR
 .text.subfunc_apply_ch
                0x0000000000000148       0x1c cc13xx-node.co
 .text.cc1310_config_init
                0x0000000000000164       0x5c cc13xx-node.co
 .text.subfunc_get_nodeinfo
                0x00000000000001c0      0x1a4 cc13xx-node.co
 .text.subfunc_get_vendor
                0x0000000000000364       0x70 cc13xx-node.co
 .text.subfunc_set_vendor
                0x00000000000003d4       0xe0 cc13xx-node.co
 .text.subfunc_get_sampling
                0x00000000000004b4       0x80 cc13xx-node.co
 .text.subfunc_set_sampling
                0x0000000000000534       0xf0 cc13xx-node.co
 .text.subfunc_get_nodech
                0x0000000000000624       0x80 cc13xx-node.co
 .text.subfunc_set_nodech
                0x00000000000006a4       0xe4 cc13xx-node.co
 .text.subfunc_get_cca
                0x0000000000000788       0x7c cc13xx-node.co
 .text.dev_reset
                0x0000000000000804        0x4 cc13xx-node.co
 .text.generate_pkt_serial
                0x0000000000000808       0x70 cc13xx-node.co
 .text.subfunc_response_serial
                0x0000000000000878        0xc cc13xx-node.co
 .text.subfunc_factory_reset
                0x0000000000000884       0x84 cc13xx-node.co
 .text.subfunc_dev_reset
                0x0000000000000908       0x74 cc13xx-node.co
 .text.process_thread_uart_rx_process
                0x000000000000097c      0x42c cc13xx-node.co
 .text.subfunc_capture_req
                0x0000000000000da8      0x26c cc13xx-node.co
 .text.subfunc_data_fetch_start
                0x0000000000001014      0x2ac cc13xx-node.co
 .text.apply_cca
                0x00000000000012c0       0x28 cc13xx-node.co
                0x00000000000012c0                apply_cca
 .text.process_thread_cc13xx_process
                0x00000000000012e8      0x14c cc13xx-node.co
 .text.subfunc_set_cca
                0x0000000000001434       0xc8 cc13xx-node.co
 .text.fade     0x00000000000014fc       0x64 contiki-srf06-cc26xx.a(contiki-main.o)
 .text.startup.main
                0x0000000000001560      0x214 contiki-srf06-cc26xx.a(contiki-main.o)
                0x0000000000001560                main
 .text.process_thread_sensors_process
                0x0000000000001774      0x138 contiki-srf06-cc26xx.a(sensors.o)
 .text.leds_init
                0x00000000000018ac       0x14 contiki-srf06-cc26xx.a(leds.o)
                0x00000000000018ac                leds_init
 .text.leds_on  0x00000000000018c0       0x14 contiki-srf06-cc26xx.a(leds.o)
                0x00000000000018c0                leds_on
 .text.leds_off
                0x00000000000018d4       0x18 contiki-srf06-cc26xx.a(leds.o)
                0x00000000000018d4                leds_off
 .text.add_all_block_info
                0x00000000000018ec      0x8e0 contiki-srf06-cc26xx.a(apros-packet-co)
                0x00000000000018ec                add_all_block_info
 .text.find_cont_block_info
                0x00000000000021cc       0x50 contiki-srf06-cc26xx.a(apros-packet-co)
                0x00000000000021cc                find_cont_block_info
 .text.get_pkt_length
                0x000000000000221c        0x8 contiki-srf06-cc26xx.a(apros-packet-co)
                0x000000000000221c                get_pkt_length
 .text.apros_insert_tlv
                0x0000000000002224       0x50 contiki-srf06-cc26xx.a(apros-packet-co)
                0x0000000000002224                apros_insert_tlv
 .text.apros_complete_pkt
                0x0000000000002274       0x40 contiki-srf06-cc26xx.a(apros-packet-co)
                0x0000000000002274                apros_complete_pkt
 .text.apros_init_pkt
                0x00000000000022b4       0x24 contiki-srf06-cc26xx.a(apros-packet-co)
                0x00000000000022b4                apros_init_pkt
 .text.apros_node_pkt_parser
                0x00000000000022d8       0x90 contiki-srf06-cc26xx.a(apros-packet-co)
                0x00000000000022d8                apros_node_pkt_parser
 .text.process_thread_apros_serial_line_process
                0x0000000000002368      0x160 contiki-srf06-cc26xx.a(apros-serial-li)
 .text.apros_serial_line_input_byte
                0x00000000000024c8       0x50 contiki-srf06-cc26xx.a(apros-serial-li)
                0x00000000000024c8                apros_serial_line_input_byte
 .text.apros_serial_send
                0x0000000000002518       0x20 contiki-srf06-cc26xx.a(apros-serial-li)
                0x0000000000002518                apros_serial_send
 .text.apros_serial_line_init
                0x0000000000002538       0x2c contiki-srf06-cc26xx.a(apros-serial-li)
                0x0000000000002538                apros_serial_line_init
 .text.null_uc_recv
                0x0000000000002564        0x4 contiki-srf06-cc26xx.a(apros-wireless-)
 .text.null_bc_recv
                0x0000000000002568        0x4 contiki-srf06-cc26xx.a(apros-wireless-)
 .text.sent_bc  0x000000000000256c        0x4 contiki-srf06-cc26xx.a(apros-wireless-)
 .text.recv_bc  0x0000000000002570       0x20 contiki-srf06-cc26xx.a(apros-wireless-)
 .text.recv_uc  0x0000000000002590       0x20 contiki-srf06-cc26xx.a(apros-wireless-)
 .text.sent_uc  0x00000000000025b0       0x18 contiki-srf06-cc26xx.a(apros-wireless-)
 .text.apros_wireless_line_init
                0x00000000000025c8       0x64 contiki-srf06-cc26xx.a(apros-wireless-)
                0x00000000000025c8                apros_wireless_line_init
 .text.apros_command
                0x000000000000262c       0x98 contiki-srf06-cc26xx.a(apros-command-s)
                0x000000000000262c                apros_command
 .text.apros_read_flash
                0x00000000000026c4       0x24 contiki-srf06-cc26xx.a(apros-flash-con)
                0x00000000000026c4                apros_read_flash
 .text.apros_write_flash
                0x00000000000026e8       0x34 contiki-srf06-cc26xx.a(apros-flash-con)
                0x00000000000026e8                apros_write_flash
 .text.apros_node_config_load
                0x000000000000271c        0xc contiki-srf06-cc26xx.a(apros-flash-con)
                0x000000000000271c                apros_node_config_load
 .text.apros_node_config_save
                0x0000000000002728        0xc contiki-srf06-cc26xx.a(apros-flash-con)
                0x0000000000002728                apros_node_config_save
 .text.write_enable
                0x0000000000002734       0x30 contiki-srf06-cc26xx.a(ext-flash.o)
 .text.verify_part
                0x0000000000002764       0x8c contiki-srf06-cc26xx.a(ext-flash.o)
 .text.wait_ready
                0x00000000000027f0       0x74 contiki-srf06-cc26xx.a(ext-flash.o)
 .text.power_down
                0x0000000000002864       0x58 contiki-srf06-cc26xx.a(ext-flash.o)
 .text.ext_flash_open
                0x00000000000028bc       0x6c contiki-srf06-cc26xx.a(ext-flash.o)
                0x00000000000028bc                ext_flash_open
 .text.ext_flash_close
                0x0000000000002928       0x10 contiki-srf06-cc26xx.a(ext-flash.o)
                0x0000000000002928                ext_flash_close
 .text.ext_flash_read
                0x0000000000002938       0x58 contiki-srf06-cc26xx.a(ext-flash.o)
                0x0000000000002938                ext_flash_read
 .text.ext_flash_write
                0x0000000000002990       0xb4 contiki-srf06-cc26xx.a(ext-flash.o)
                0x0000000000002990                ext_flash_write
 .text.ext_flash_erase
                0x0000000000002a44       0x9c contiki-srf06-cc26xx.a(ext-flash.o)
                0x0000000000002a44                ext_flash_erase
 .text.ext_flash_init
                0x0000000000002ae0       0x14 contiki-srf06-cc26xx.a(ext-flash.o)
                0x0000000000002ae0                ext_flash_init
 .text.leds_arch_init
                0x0000000000002af4       0x40 contiki-srf06-cc26xx.a(leds-arch.o)
                0x0000000000002af4                leds_arch_init
 .text.leds_arch_set
                0x0000000000002b34       0xa4 contiki-srf06-cc26xx.a(leds-arch.o)
                0x0000000000002b34                leds_arch_set
 .text.wakeup_handler
                0x0000000000002bd8       0x20 contiki-srf06-cc26xx.a(board.o)
 .text.board_init
                0x0000000000002bf8       0x58 contiki-srf06-cc26xx.a(board.o)
                0x0000000000002bf8                board_init
 .text.status   0x0000000000002c50       0x14 contiki-srf06-cc26xx.a(adxl355.o)
 .text.adxl355_is_present
                0x0000000000002c64       0x30 contiki-srf06-cc26xx.a(adxl355.o)
 .text.adxl355_read_accel
                0x0000000000002c94       0x60 contiki-srf06-cc26xx.a(adxl355.o)
 .text.value    0x0000000000002cf4       0x3c contiki-srf06-cc26xx.a(adxl355.o)
 .text.configure
                0x0000000000002d30       0x64 contiki-srf06-cc26xx.a(adxl355.o)
 .text.adxl355_spi_open
                0x0000000000002d94       0x3c contiki-srf06-cc26xx.a(adxl355-spi-con)
                0x0000000000002d94                adxl355_spi_open
 .text.adxl355_spi_close
                0x0000000000002dd0        0x4 contiki-srf06-cc26xx.a(adxl355-spi-con)
                0x0000000000002dd0                adxl355_spi_close
 .text.adxl355_spi_read
                0x0000000000002dd4       0x3c contiki-srf06-cc26xx.a(adxl355-spi-con)
                0x0000000000002dd4                adxl355_spi_read
 .text.adxl355_spi_write
                0x0000000000002e10       0x34 contiki-srf06-cc26xx.a(adxl355-spi-con)
                0x0000000000002e10                adxl355_spi_write
 .text.adxl355_spi_init
                0x0000000000002e44       0x10 contiki-srf06-cc26xx.a(adxl355-spi-con)
                0x0000000000002e44                adxl355_spi_init
 .text.get_object
                0x0000000000002e54        0x4 contiki-srf06-cc26xx.a(prop-mode.o)
 .text.set_object
                0x0000000000002e58        0x4 contiki-srf06-cc26xx.a(prop-mode.o)
 .text.request  0x0000000000002e5c       0x20 contiki-srf06-cc26xx.a(prop-mode.o)
 .text.soft_off_prop
                0x0000000000002e7c       0x3c contiki-srf06-cc26xx.a(prop-mode.o)
 .text.rx_on_prop
                0x0000000000002eb8       0x78 contiki-srf06-cc26xx.a(prop-mode.o)
 .text.prepare  0x0000000000002f30       0x1c contiki-srf06-cc26xx.a(prop-mode.o)
 .text.pending_packet
                0x0000000000002f4c       0x38 contiki-srf06-cc26xx.a(prop-mode.o)
 .text.read_frame
                0x0000000000002f84       0x54 contiki-srf06-cc26xx.a(prop-mode.o)
 .text.rx_off_prop
                0x0000000000002fd8       0x50 contiki-srf06-cc26xx.a(prop-mode.o)
 .text.prop_div_radio_setup
                0x0000000000003028       0x50 contiki-srf06-cc26xx.a(prop-mode.o)
 .text.prop_fs  0x0000000000003078       0x38 contiki-srf06-cc26xx.a(prop-mode.o)
 .text.soft_on_prop
                0x00000000000030b0       0x20 contiki-srf06-cc26xx.a(prop-mode.o)
 .text.off      0x00000000000030d0       0x28 contiki-srf06-cc26xx.a(prop-mode.o)
 .text.on       0x00000000000030f8      0x258 contiki-srf06-cc26xx.a(prop-mode.o)
 .text.set_value
                0x0000000000003350      0x1b4 contiki-srf06-cc26xx.a(prop-mode.o)
 .text.get_value
                0x0000000000003504      0x180 contiki-srf06-cc26xx.a(prop-mode.o)
 .text.transmit
                0x0000000000003684       0xb4 contiki-srf06-cc26xx.a(prop-mode.o)
 .text.send     0x0000000000003738       0x24 contiki-srf06-cc26xx.a(prop-mode.o)
 .text.channel_clear
                0x000000000000375c       0x7c contiki-srf06-cc26xx.a(prop-mode.o)
 .text.receiving_packet
                0x00000000000037d8       0x28 contiki-srf06-cc26xx.a(prop-mode.o)
 .text.init     0x0000000000003800       0xa8 contiki-srf06-cc26xx.a(prop-mode.o)
 .text.power_domain_on
                0x00000000000038a8       0x20 contiki-srf06-cc26xx.a(clock.o)
 .text.clock_init
                0x00000000000038c8       0xac contiki-srf06-cc26xx.a(clock.o)
                0x00000000000038c8                clock_init
 .text.clock_time
                0x0000000000003974       0x38 contiki-srf06-cc26xx.a(clock.o)
                0x0000000000003974                clock_time
 .text.clock_update
                0x00000000000039ac       0x40 contiki-srf06-cc26xx.a(clock.o)
                0x00000000000039ac                clock_update
 .text.rtimer_arch_init
                0x00000000000039ec        0x4 contiki-srf06-cc26xx.a(rtimer-arch.o)
                0x00000000000039ec                rtimer_arch_init
 .text.rtimer_arch_schedule
                0x00000000000039f0        0x8 contiki-srf06-cc26xx.a(rtimer-arch.o)
                0x00000000000039f0                rtimer_arch_schedule
 .text.rtimer_arch_now
                0x00000000000039f8        0x4 contiki-srf06-cc26xx.a(rtimer-arch.o)
                0x00000000000039f8                rtimer_arch_now
 .text.soc_rtc_init
                0x00000000000039fc       0xac contiki-srf06-cc26xx.a(soc-rtc.o)
                0x00000000000039fc                soc_rtc_init
 .text.soc_rtc_schedule_one_shot
                0x0000000000003aa8       0x6c contiki-srf06-cc26xx.a(soc-rtc.o)
                0x0000000000003aa8                soc_rtc_schedule_one_shot
 .text.soc_rtc_last_isr_time
                0x0000000000003b14        0xc contiki-srf06-cc26xx.a(soc-rtc.o)
                0x0000000000003b14                soc_rtc_last_isr_time
 .text.AONRTCIntHandler
                0x0000000000003b20       0xa0 contiki-srf06-cc26xx.a(soc-rtc.o)
                0x0000000000003b20                AONRTCIntHandler
 .text.lock_config
                0x0000000000003bc0       0x1c contiki-srf06-cc26xx.a(contiki-watchdo)
 .text.unlock_config
                0x0000000000003bdc       0x30 contiki-srf06-cc26xx.a(contiki-watchdo)
 .text.watchdog_init
                0x0000000000003c0c       0x20 contiki-srf06-cc26xx.a(contiki-watchdo)
                0x0000000000003c0c                watchdog_init
 .text.watchdog_start
                0x0000000000003c2c       0x34 contiki-srf06-cc26xx.a(contiki-watchdo)
                0x0000000000003c2c                watchdog_start
 .text.watchdog_periodic
                0x0000000000003c60       0x1c contiki-srf06-cc26xx.a(contiki-watchdo)
                0x0000000000003c60                watchdog_periodic
 .text.watchdog_reboot
                0x0000000000003c7c        0x8 contiki-srf06-cc26xx.a(contiki-watchdo)
                0x0000000000003c7c                watchdog_reboot
 .text.putchar  0x0000000000003c84       0x10 contiki-srf06-cc26xx.a(putchar.o)
                0x0000000000003c84                putchar
 .text.puts     0x0000000000003c94       0x2c contiki-srf06-cc26xx.a(putchar.o)
                0x0000000000003c94                puts
 .text.dbg_send_bytes
                0x0000000000003cc0       0x40 contiki-srf06-cc26xx.a(putchar.o)
                0x0000000000003cc0                dbg_send_bytes
 .text.ieee_addr_cpy_to
                0x0000000000003d00       0x4c contiki-srf06-cc26xx.a(ieee-addr.o)
                0x0000000000003d00                ieee_addr_cpy_to
 .text.power_and_clock
                0x0000000000003d4c       0x4c contiki-srf06-cc26xx.a(cc26xx-uart.o)
 .text.enable   0x0000000000003d98      0x108 contiki-srf06-cc26xx.a(cc26xx-uart.o)
 .text.accessible
                0x0000000000003ea0       0x2c contiki-srf06-cc26xx.a(cc26xx-uart.o)
 .text.lpm_drop_handler
                0x0000000000003ecc       0xdc contiki-srf06-cc26xx.a(cc26xx-uart.o)
 .text.cc26xx_uart_init
                0x0000000000003fa8       0x2c contiki-srf06-cc26xx.a(cc26xx-uart.o)
                0x0000000000003fa8                cc26xx_uart_init
 .text.cc26xx_uart_write_byte
                0x0000000000003fd4       0x28 contiki-srf06-cc26xx.a(cc26xx-uart.o)
                0x0000000000003fd4                cc26xx_uart_write_byte
 .text.cc26xx_uart_set_input
                0x0000000000003ffc       0x78 contiki-srf06-cc26xx.a(cc26xx-uart.o)
                0x0000000000003ffc                cc26xx_uart_set_input
 .text.cc26xx_uart_busy
                0x0000000000004074       0x18 contiki-srf06-cc26xx.a(cc26xx-uart.o)
                0x0000000000004074                cc26xx_uart_busy
 .text.UART0IntHandler
                0x000000000000408c       0x60 contiki-srf06-cc26xx.a(cc26xx-uart.o)
                0x000000000000408c                UART0IntHandler
 .text.lpm_sleep
                0x00000000000040ec       0x14 contiki-srf06-cc26xx.a(lpm.o)
                0x00000000000040ec                lpm_sleep
 .text.lpm_drop
                0x0000000000004100      0x2a4 contiki-srf06-cc26xx.a(lpm.o)
                0x0000000000004100                lpm_drop
 .text.lpm_register_module
                0x00000000000043a4       0x10 contiki-srf06-cc26xx.a(lpm.o)
                0x00000000000043a4                lpm_register_module
 .text.lpm_unregister_module
                0x00000000000043b4       0x10 contiki-srf06-cc26xx.a(lpm.o)
                0x00000000000043b4                lpm_unregister_module
 .text.lpm_init
                0x00000000000043c4       0x24 contiki-srf06-cc26xx.a(lpm.o)
                0x00000000000043c4                lpm_init
 .text.lpm_pin_set_default_state
                0x00000000000043e8       0x30 contiki-srf06-cc26xx.a(lpm.o)
                0x00000000000043e8                lpm_pin_set_default_state
 .text.gpio_interrupt_init
                0x0000000000004418       0x28 contiki-srf06-cc26xx.a(gpio-interrupt.)
                0x0000000000004418                gpio_interrupt_init
 .text.GPIOIntHandler
                0x0000000000004440       0x34 contiki-srf06-cc26xx.a(gpio-interrupt.)
                0x0000000000004440                GPIOIntHandler
 .text.oscillators_select_lf_xosc
                0x0000000000004474       0x5c contiki-srf06-cc26xx.a(oscillators.o)
                0x0000000000004474                oscillators_select_lf_xosc
 .text.oscillators_request_hf_xosc
                0x00000000000044d0       0x30 contiki-srf06-cc26xx.a(oscillators.o)
                0x00000000000044d0                oscillators_request_hf_xosc
 .text.oscillators_switch_to_hf_xosc
                0x0000000000004500       0x34 contiki-srf06-cc26xx.a(oscillators.o)
                0x0000000000004500                oscillators_switch_to_hf_xosc
 .text.oscillators_switch_to_hf_rc
                0x0000000000004534       0x38 contiki-srf06-cc26xx.a(oscillators.o)
                0x0000000000004534                oscillators_switch_to_hf_rc
 .text.process_thread_rf_core_process
                0x000000000000456c       0x5c contiki-srf06-cc26xx.a(rf-core.o)
 .text.rf_core_is_accessible
                0x00000000000045c8       0x10 contiki-srf06-cc26xx.a(rf-core.o)
                0x00000000000045c8                rf_core_is_accessible
 .text.rf_core_send_cmd
                0x00000000000045d8       0xac contiki-srf06-cc26xx.a(rf-core.o)
                0x00000000000045d8                rf_core_send_cmd
 .text.rf_core_wait_cmd_done
                0x0000000000004684       0x34 contiki-srf06-cc26xx.a(rf-core.o)
                0x0000000000004684                rf_core_wait_cmd_done
 .text.rf_core_power_up
                0x00000000000046b8       0xe4 contiki-srf06-cc26xx.a(rf-core.o)
                0x00000000000046b8                rf_core_power_up
 .text.rf_core_start_rat
                0x000000000000479c       0x6c contiki-srf06-cc26xx.a(rf-core.o)
                0x000000000000479c                rf_core_start_rat
 .text.rf_core_stop_rat
                0x0000000000004808       0x80 contiki-srf06-cc26xx.a(rf-core.o)
                0x0000000000004808                rf_core_stop_rat
 .text.rf_core_power_down
                0x0000000000004888      0x104 contiki-srf06-cc26xx.a(rf-core.o)
                0x0000000000004888                rf_core_power_down
 .text.rf_core_set_modesel
                0x000000000000498c       0x54 contiki-srf06-cc26xx.a(rf-core.o)
                0x000000000000498c                rf_core_set_modesel
 .text.rf_core_setup_interrupts
                0x00000000000049e0       0x80 contiki-srf06-cc26xx.a(rf-core.o)
                0x00000000000049e0                rf_core_setup_interrupts
 .text.rf_core_cmd_done_en
                0x0000000000004a60       0x2c contiki-srf06-cc26xx.a(rf-core.o)
                0x0000000000004a60                rf_core_cmd_done_en
 .text.rf_core_cmd_done_dis
                0x0000000000004a8c       0x18 contiki-srf06-cc26xx.a(rf-core.o)
                0x0000000000004a8c                rf_core_cmd_done_dis
 .text.rf_core_get_last_radio_op
                0x0000000000004aa4        0xc contiki-srf06-cc26xx.a(rf-core.o)
                0x0000000000004aa4                rf_core_get_last_radio_op
 .text.rf_core_primary_mode_register
                0x0000000000004ab0        0xc contiki-srf06-cc26xx.a(rf-core.o)
                0x0000000000004ab0                rf_core_primary_mode_register
 .text.RFCCPE1IntHandler
                0x0000000000004abc       0x2c contiki-srf06-cc26xx.a(rf-core.o)
                0x0000000000004abc                RFCCPE1IntHandler
 .text.RFCCPE0IntHandler
                0x0000000000004ae8       0x6c contiki-srf06-cc26xx.a(rf-core.o)
                0x0000000000004ae8                RFCCPE0IntHandler
 .text.rf_ble_is_active
                0x0000000000004b54        0xc contiki-srf06-cc26xx.a(rf-ble.o)
                0x0000000000004b54                rf_ble_is_active
 .text.random_rand
                0x0000000000004b60        0xc contiki-srf06-cc26xx.a(random.o)
                0x0000000000004b60                random_rand
 .text.random_init
                0x0000000000004b6c        0x4 contiki-srf06-cc26xx.a(random.o)
                0x0000000000004b6c                random_init
 .text.power_up
                0x0000000000004b70       0x4c contiki-srf06-cc26xx.a(soc-trng.o)
 .text.request  0x0000000000004bbc       0x14 contiki-srf06-cc26xx.a(soc-trng.o)
 .text.process_thread_soc_trng_process
                0x0000000000004bd0       0xb0 contiki-srf06-cc26xx.a(soc-trng.o)
 .text.accessible
                0x0000000000004c80       0x2c contiki-srf06-cc26xx.a(soc-trng.o)
 .text.soc_trng_rand_synchronous
                0x0000000000004cac       0xd8 contiki-srf06-cc26xx.a(soc-trng.o)
                0x0000000000004cac                soc_trng_rand_synchronous
 .text.TRNGIntHandler
                0x0000000000004d84       0x5c contiki-srf06-cc26xx.a(soc-trng.o)
                0x0000000000004d84                TRNGIntHandler
 .text.soc_trng_init
                0x0000000000004de0       0x2c contiki-srf06-cc26xx.a(soc-trng.o)
                0x0000000000004de0                soc_trng_init
 .text.write_str
                0x0000000000004e0c       0x10 contiki-srf06-cc26xx.a(dbg-printf.o)
 .text.printf   0x0000000000004e1c       0x28 contiki-srf06-cc26xx.a(dbg-printf.o)
                0x0000000000004e1c                printf
 .text.fill_space
                0x0000000000004e44       0x38 contiki-srf06-cc26xx.a(strformat.o)
 .text.format_str_v
                0x0000000000004e7c      0x904 contiki-srf06-cc26xx.a(strformat.o)
                0x0000000000004e7c                format_str_v
 .text.autostart_start
                0x0000000000005780       0x18 contiki-srf06-cc26xx.a(autostart.o)
                0x0000000000005780                autostart_start
 .text.process_thread_ctimer_process
                0x0000000000005798       0xa4 contiki-srf06-cc26xx.a(ctimer.o)
 .text.ctimer_init
                0x000000000000583c       0x2c contiki-srf06-cc26xx.a(ctimer.o)
                0x000000000000583c                ctimer_init
 .text.ctimer_set_with_process
                0x0000000000005868       0x4c contiki-srf06-cc26xx.a(ctimer.o)
                0x0000000000005868                ctimer_set_with_process
 .text.ctimer_set
                0x00000000000058b4       0x18 contiki-srf06-cc26xx.a(ctimer.o)
                0x00000000000058b4                ctimer_set
 .text.ctimer_stop
                0x00000000000058cc       0x30 contiki-srf06-cc26xx.a(ctimer.o)
                0x00000000000058cc                ctimer_stop
 .text.ctimer_expired
                0x00000000000058fc       0x3c contiki-srf06-cc26xx.a(ctimer.o)
                0x00000000000058fc                ctimer_expired
 .text.energest_init
                0x0000000000005938        0x4 contiki-srf06-cc26xx.a(energest.o)
                0x0000000000005938                energest_init
 .text.update_time
                0x000000000000593c       0x50 contiki-srf06-cc26xx.a(etimer.o)
 .text.process_thread_etimer_process
                0x000000000000598c       0xd8 contiki-srf06-cc26xx.a(etimer.o)
 .text.add_timer
                0x0000000000005a64       0x60 contiki-srf06-cc26xx.a(etimer.o)
 .text.etimer_request_poll
                0x0000000000005ac4        0xc contiki-srf06-cc26xx.a(etimer.o)
                0x0000000000005ac4                etimer_request_poll
 .text.etimer_set
                0x0000000000005ad0       0x14 contiki-srf06-cc26xx.a(etimer.o)
                0x0000000000005ad0                etimer_set
 .text.etimer_expired
                0x0000000000005ae4        0xc contiki-srf06-cc26xx.a(etimer.o)
                0x0000000000005ae4                etimer_expired
 .text.etimer_pending
                0x0000000000005af0       0x14 contiki-srf06-cc26xx.a(etimer.o)
                0x0000000000005af0                etimer_pending
 .text.etimer_next_expiration_time
                0x0000000000005b04       0x18 contiki-srf06-cc26xx.a(etimer.o)
                0x0000000000005b04                etimer_next_expiration_time
 .text.etimer_stop
                0x0000000000005b1c       0x4c contiki-srf06-cc26xx.a(etimer.o)
                0x0000000000005b1c                etimer_stop
 .text.exit_process
                0x0000000000005b68       0xac contiki-srf06-cc26xx.a(process.o)
 .text.call_process.part.0
                0x0000000000005c14       0x3c contiki-srf06-cc26xx.a(process.o)
 .text.do_poll  0x0000000000005c50       0x40 contiki-srf06-cc26xx.a(process.o)
 .text.process_alloc_event
                0x0000000000005c90       0x10 contiki-srf06-cc26xx.a(process.o)
                0x0000000000005c90                process_alloc_event
 .text.process_init
                0x0000000000005ca0       0x3c contiki-srf06-cc26xx.a(process.o)
                0x0000000000005ca0                process_init
 .text.process_run
                0x0000000000005cdc       0xbc contiki-srf06-cc26xx.a(process.o)
                0x0000000000005cdc                process_run
 .text.process_nevents
                0x0000000000005d98       0x18 contiki-srf06-cc26xx.a(process.o)
                0x0000000000005d98                process_nevents
 .text.process_post
                0x0000000000005db0       0x48 contiki-srf06-cc26xx.a(process.o)
                0x0000000000005db0                process_post
 .text.process_post_synch
                0x0000000000005df8       0x1c contiki-srf06-cc26xx.a(process.o)
                0x0000000000005df8                process_post_synch
 .text.process_start
                0x0000000000005e14       0x44 contiki-srf06-cc26xx.a(process.o)
                0x0000000000005e14                process_start
 .text.process_poll
                0x0000000000005e58       0x20 contiki-srf06-cc26xx.a(process.o)
                0x0000000000005e58                process_poll
 .text.rtimer_init
                0x0000000000005e78        0x4 contiki-srf06-cc26xx.a(rtimer.o)
                0x0000000000005e78                rtimer_init
 .text.rtimer_set
                0x0000000000005e7c       0x2c contiki-srf06-cc26xx.a(rtimer.o)
                0x0000000000005e7c                rtimer_set
 .text.rtimer_run_next
                0x0000000000005ea8       0x2c contiki-srf06-cc26xx.a(rtimer.o)
                0x0000000000005ea8                rtimer_run_next
 .text.timer_set
                0x0000000000005ed4       0x10 contiki-srf06-cc26xx.a(timer.o)
                0x0000000000005ed4                timer_set
 .text.timer_expired
                0x0000000000005ee4       0x1c contiki-srf06-cc26xx.a(timer.o)
                0x0000000000005ee4                timer_expired
 .text.process_thread_serial_line_process
                0x0000000000005f00       0xd8 contiki-srf06-cc26xx.a(serial-line.o)
 .text.serial_line_init
                0x0000000000005fd8       0x2c contiki-srf06-cc26xx.a(serial-line.o)
                0x0000000000005fd8                serial_line_init
 .text.crc16_data
                0x0000000000006004       0x30 contiki-srf06-cc26xx.a(crc16.o)
                0x0000000000006004                crc16_data
 .text.list_init
                0x0000000000006034        0x8 contiki-srf06-cc26xx.a(list.o)
                0x0000000000006034                list_init
 .text.list_head
                0x000000000000603c        0x4 contiki-srf06-cc26xx.a(list.o)
                0x000000000000603c                list_head
 .text.list_add
                0x0000000000006040       0x60 contiki-srf06-cc26xx.a(list.o)
                0x0000000000006040                list_add
 .text.list_push
                0x00000000000060a0       0x48 contiki-srf06-cc26xx.a(list.o)
                0x00000000000060a0                list_push
 .text.list_remove
                0x00000000000060e8       0x40 contiki-srf06-cc26xx.a(list.o)
                0x00000000000060e8                list_remove
 .text.list_length
                0x0000000000006128       0x14 contiki-srf06-cc26xx.a(list.o)
                0x0000000000006128                list_length
 .text.list_item_next
                0x000000000000613c        0x8 contiki-srf06-cc26xx.a(list.o)
                0x000000000000613c                list_item_next
 .text.ringbuf_init
                0x0000000000006144       0x10 contiki-srf06-cc26xx.a(ringbuf.o)
                0x0000000000006144                ringbuf_init
 .text.ringbuf_put
                0x0000000000006154       0x30 contiki-srf06-cc26xx.a(ringbuf.o)
                0x0000000000006154                ringbuf_put
 .text.ringbuf_get
                0x0000000000006184       0x28 contiki-srf06-cc26xx.a(ringbuf.o)
                0x0000000000006184                ringbuf_get
 .text.sent_by_abc
                0x00000000000061ac        0xc contiki-srf06-cc26xx.a(broadcast.o)
 .text.recv_from_abc
                0x00000000000061b8       0x24 contiki-srf06-cc26xx.a(broadcast.o)
 .text.broadcast_open
                0x00000000000061dc       0x28 contiki-srf06-cc26xx.a(broadcast.o)
                0x00000000000061dc                broadcast_open
 .text.broadcast_send
                0x0000000000006204       0x1c contiki-srf06-cc26xx.a(broadcast.o)
                0x0000000000006204                broadcast_send
 .text.channel_init
                0x0000000000006220        0xc contiki-srf06-cc26xx.a(channel.o)
                0x0000000000006220                channel_init
 .text.channel_open
                0x000000000000622c       0x14 contiki-srf06-cc26xx.a(channel.o)
                0x000000000000622c                channel_open
 .text.channel_lookup
                0x0000000000006240       0x30 contiki-srf06-cc26xx.a(channel.o)
                0x0000000000006240                channel_lookup
 .text.channel_set_attributes
                0x0000000000006270       0x18 contiki-srf06-cc26xx.a(channel.o)
                0x0000000000006270                channel_set_attributes
 .text.packet_sent
                0x0000000000006288       0x3c contiki-srf06-cc26xx.a(rime.o)
 .text.input    0x00000000000062c4       0x38 contiki-srf06-cc26xx.a(rime.o)
 .text.init     0x00000000000062fc       0x28 contiki-srf06-cc26xx.a(rime.o)
 .text.rime_output
                0x0000000000006324       0x28 contiki-srf06-cc26xx.a(rime.o)
                0x0000000000006324                rime_output
 .text.sent_by_broadcast
                0x000000000000634c        0xc contiki-srf06-cc26xx.a(unicast.o)
 .text.recv_from_broadcast
                0x0000000000006358       0x28 contiki-srf06-cc26xx.a(unicast.o)
 .text.unicast_open
                0x0000000000006380       0x28 contiki-srf06-cc26xx.a(unicast.o)
                0x0000000000006380                unicast_open
 .text.SafeHapiVoid
                0x00000000000063a8       0x34 contiki-srf06-cc26xx.a(adi.o)
                0x00000000000063a8                SafeHapiVoid
 .text.NOROM_AONRTCCurrentCompareValueGet
                0x00000000000063dc       0x28 contiki-srf06-cc26xx.a(aon_rtc.o)
                0x00000000000063dc                NOROM_AONRTCCurrentCompareValueGet
 .text.NOROM_ChipInfo_GetSupportedProtocol_BV
                0x0000000000006404       0x10 contiki-srf06-cc26xx.a(chipinfo.o)
                0x0000000000006404                NOROM_ChipInfo_GetSupportedProtocol_BV
 .text.NOROM_ChipInfo_GetChipFamily
                0x0000000000006414       0x50 contiki-srf06-cc26xx.a(chipinfo.o)
                0x0000000000006414                NOROM_ChipInfo_GetChipFamily
 .text.NOROM_ChipInfo_GetChipType
                0x0000000000006464       0x30 contiki-srf06-cc26xx.a(chipinfo.o)
                0x0000000000006464                NOROM_ChipInfo_GetChipType
 .text.NOROM_ChipInfo_GetHwRevision
                0x0000000000006494       0x94 contiki-srf06-cc26xx.a(chipinfo.o)
                0x0000000000006494                NOROM_ChipInfo_GetHwRevision
 .text.NOROM_ThisCodeIsBuiltForCC13xxHwRev20AndLater_HaltIfViolated
                0x0000000000006528       0x18 contiki-srf06-cc26xx.a(chipinfo.o)
                0x0000000000006528                NOROM_ThisCodeIsBuiltForCC13xxHwRev20AndLater_HaltIfViolated
 .text.NOROM_CPUcpsid
                0x0000000000006540        0x8 contiki-srf06-cc26xx.a(cpu.o)
                0x0000000000006540                NOROM_CPUcpsid
 .text.NOROM_CPUcpsie
                0x0000000000006548        0x8 contiki-srf06-cc26xx.a(cpu.o)
                0x0000000000006548                NOROM_CPUcpsie
 .text.NOROM_OSCClockSourceSet
                0x0000000000006550       0x7c contiki-srf06-cc26xx.a(osc.o)
                0x0000000000006550                NOROM_OSCClockSourceSet
 .text.NOROM_OSCClockSourceGet
                0x00000000000065cc       0x30 contiki-srf06-cc26xx.a(osc.o)
                0x00000000000065cc                NOROM_OSCClockSourceGet
 .text.NOROM_PowerCtrlSourceSet
                0x00000000000065fc       0x34 contiki-srf06-cc26xx.a(pwr_ctrl.o)
                0x00000000000065fc                NOROM_PowerCtrlSourceSet
 .text.NOROM_RFCRTrim
                0x0000000000006630      0x134 contiki-srf06-cc26xx.a(rfc.o)
                0x0000000000006630                NOROM_RFCRTrim
 .text.NOROM_RFCAdi3VcoLdoVoltageMode
                0x0000000000006764       0x28 contiki-srf06-cc26xx.a(rfc.o)
                0x0000000000006764                NOROM_RFCAdi3VcoLdoVoltageMode
 .text.TrimAfterColdResetWakeupFromShutDown
                0x000000000000678c       0xf8 contiki-srf06-cc26xx.a(setup.o)
 .text.NOROM_SetupTrimDevice
                0x0000000000006884       0xb4 contiki-srf06-cc26xx.a(setup.o)
                0x0000000000006884                NOROM_SetupTrimDevice
 .text.NOROM_SetupSetVddrLevel
                0x0000000000006938       0x94 contiki-srf06-cc26xx.a(setup_rom.o)
                0x0000000000006938                NOROM_SetupSetVddrLevel
 .text.NOROM_SetupAfterColdResetWakeupFromShutDownCfg1
                0x00000000000069cc       0xc8 contiki-srf06-cc26xx.a(setup_rom.o)
                0x00000000000069cc                NOROM_SetupAfterColdResetWakeupFromShutDownCfg1
 .text.NOROM_SetupAfterColdResetWakeupFromShutDownCfg3
                0x0000000000006a94      0x1f0 contiki-srf06-cc26xx.a(setup_rom.o)
                0x0000000000006a94                NOROM_SetupAfterColdResetWakeupFromShutDownCfg3
 .text.NOROM_SetupGetTrimForAnabypassValue1
                0x0000000000006c84       0x64 contiki-srf06-cc26xx.a(setup_rom.o)
                0x0000000000006c84                NOROM_SetupGetTrimForAnabypassValue1
 .text.NOROM_SetupGetTrimForAmpcompCtrl
                0x0000000000006ce8       0x78 contiki-srf06-cc26xx.a(setup_rom.o)
                0x0000000000006ce8                NOROM_SetupGetTrimForAmpcompCtrl
 .text.NOROM_SetupAfterColdResetWakeupFromShutDownCfg2
                0x0000000000006d60      0x22c contiki-srf06-cc26xx.a(setup_rom.o)
                0x0000000000006d60                NOROM_SetupAfterColdResetWakeupFromShutDownCfg2
 .text.NOROM_SetupSetCacheModeAccordingToCcfgSetting
                0x0000000000006f8c       0x78 contiki-srf06-cc26xx.a(setup_rom.o)
                0x0000000000006f8c                NOROM_SetupSetCacheModeAccordingToCcfgSetting
 .text.NOROM_SysCtrlSetRechargeBeforePowerDown
                0x0000000000007004      0x2fc contiki-srf06-cc26xx.a(sys_ctrl.o)
                0x0000000000007004                NOROM_SysCtrlSetRechargeBeforePowerDown
 .text.NOROM_SysCtrlAdjustRechargeAfterPowerDown
                0x0000000000007300       0x80 contiki-srf06-cc26xx.a(sys_ctrl.o)
                0x0000000000007300                NOROM_SysCtrlAdjustRechargeAfterPowerDown
 .text.NOROM_SysCtrl_DCDC_VoltageConditionalControl
                0x0000000000007380       0x88 contiki-srf06-cc26xx.a(sys_ctrl.o)
                0x0000000000007380                NOROM_SysCtrl_DCDC_VoltageConditionalControl
 .text.NOROM_TRNGConfigure
                0x0000000000007408       0x3c contiki-srf06-cc26xx.a(trng.o)
                0x0000000000007408                NOROM_TRNGConfigure
 .text.linkaddr_copy
                0x0000000000007444        0x8 contiki-srf06-cc26xx.a(linkaddr.o)
                0x0000000000007444                linkaddr_copy
 .text.linkaddr_cmp
                0x000000000000744c       0x14 contiki-srf06-cc26xx.a(linkaddr.o)
                0x000000000000744c                linkaddr_cmp
 .text.netstack_init
                0x0000000000007460       0x40 contiki-srf06-cc26xx.a(netstack.o)
                0x0000000000007460                netstack_init
 .text.packetbuf_compact
                0x00000000000074a0       0x50 contiki-srf06-cc26xx.a(packetbuf.o)
                0x00000000000074a0                packetbuf_compact
 .text.packetbuf_copyto
                0x00000000000074f0       0x54 contiki-srf06-cc26xx.a(packetbuf.o)
                0x00000000000074f0                packetbuf_copyto
 .text.packetbuf_hdralloc
                0x0000000000007544       0x60 contiki-srf06-cc26xx.a(packetbuf.o)
                0x0000000000007544                packetbuf_hdralloc
 .text.packetbuf_hdrreduce
                0x00000000000075a4       0x34 contiki-srf06-cc26xx.a(packetbuf.o)
                0x00000000000075a4                packetbuf_hdrreduce
 .text.packetbuf_set_datalen
                0x00000000000075d8        0xc contiki-srf06-cc26xx.a(packetbuf.o)
                0x00000000000075d8                packetbuf_set_datalen
 .text.packetbuf_dataptr
                0x00000000000075e4       0x24 contiki-srf06-cc26xx.a(packetbuf.o)
                0x00000000000075e4                packetbuf_dataptr
 .text.packetbuf_hdrptr
                0x0000000000007608        0xc contiki-srf06-cc26xx.a(packetbuf.o)
                0x0000000000007608                packetbuf_hdrptr
 .text.packetbuf_datalen
                0x0000000000007614        0xc contiki-srf06-cc26xx.a(packetbuf.o)
                0x0000000000007614                packetbuf_datalen
 .text.packetbuf_totlen
                0x0000000000007620       0x28 contiki-srf06-cc26xx.a(packetbuf.o)
                0x0000000000007620                packetbuf_totlen
 .text.packetbuf_attr_clear
                0x0000000000007648       0x48 contiki-srf06-cc26xx.a(packetbuf.o)
                0x0000000000007648                packetbuf_attr_clear
 .text.packetbuf_clear
                0x0000000000007690       0x24 contiki-srf06-cc26xx.a(packetbuf.o)
                0x0000000000007690                packetbuf_clear
 .text.packetbuf_copyfrom
                0x00000000000076b4       0x48 contiki-srf06-cc26xx.a(packetbuf.o)
                0x00000000000076b4                packetbuf_copyfrom
 .text.packetbuf_attr_copyto
                0x00000000000076fc       0x44 contiki-srf06-cc26xx.a(packetbuf.o)
                0x00000000000076fc                packetbuf_attr_copyto
 .text.packetbuf_attr_copyfrom
                0x0000000000007740       0x40 contiki-srf06-cc26xx.a(packetbuf.o)
                0x0000000000007740                packetbuf_attr_copyfrom
 .text.packetbuf_set_attr
                0x0000000000007780       0x10 contiki-srf06-cc26xx.a(packetbuf.o)
                0x0000000000007780                packetbuf_set_attr
 .text.packetbuf_attr
                0x0000000000007790       0x10 contiki-srf06-cc26xx.a(packetbuf.o)
                0x0000000000007790                packetbuf_attr
 .text.packetbuf_set_addr
                0x00000000000077a0       0x18 contiki-srf06-cc26xx.a(packetbuf.o)
                0x00000000000077a0                packetbuf_set_addr
 .text.packetbuf_addr
                0x00000000000077b8       0x10 contiki-srf06-cc26xx.a(packetbuf.o)
                0x00000000000077b8                packetbuf_addr
 .text.packetbuf_holds_broadcast
                0x00000000000077c8       0x14 contiki-srf06-cc26xx.a(packetbuf.o)
                0x00000000000077c8                packetbuf_holds_broadcast
 .text.queuebuf_init
                0x00000000000077dc       0x20 contiki-srf06-cc26xx.a(queuebuf.o)
                0x00000000000077dc                queuebuf_init
 .text.queuebuf_new_from_packetbuf
                0x00000000000077fc       0x50 contiki-srf06-cc26xx.a(queuebuf.o)
                0x00000000000077fc                queuebuf_new_from_packetbuf
 .text.queuebuf_update_attr_from_packetbuf
                0x000000000000784c        0xc contiki-srf06-cc26xx.a(queuebuf.o)
                0x000000000000784c                queuebuf_update_attr_from_packetbuf
 .text.queuebuf_free
                0x0000000000007858       0x38 contiki-srf06-cc26xx.a(queuebuf.o)
                0x0000000000007858                queuebuf_free
 .text.queuebuf_to_packetbuf
                0x0000000000007890       0x34 contiki-srf06-cc26xx.a(queuebuf.o)
                0x0000000000007890                queuebuf_to_packetbuf
 .text.queuebuf_attr
                0x00000000000078c4        0xc contiki-srf06-cc26xx.a(queuebuf.o)
                0x00000000000078c4                queuebuf_attr
 .text.input_packet
                0x00000000000078d0       0x10 contiki-srf06-cc26xx.a(csma.o)
 .text.on       0x00000000000078e0       0x10 contiki-srf06-cc26xx.a(csma.o)
 .text.off      0x00000000000078f0       0x10 contiki-srf06-cc26xx.a(csma.o)
 .text.channel_check_interval
                0x0000000000007900       0x14 contiki-srf06-cc26xx.a(csma.o)
 .text.transmit_packet_list
                0x0000000000007914       0x28 contiki-srf06-cc26xx.a(csma.o)
 .text.schedule_transmission
                0x000000000000793c       0x54 contiki-srf06-cc26xx.a(csma.o)
 .text.send_packet
                0x0000000000007990      0x194 contiki-srf06-cc26xx.a(csma.o)
 .text.init     0x0000000000007b24       0x2c contiki-srf06-cc26xx.a(csma.o)
 .text.tx_done  0x0000000000007b50       0x90 contiki-srf06-cc26xx.a(csma.o)
 .text.packet_sent
                0x0000000000007be0       0xe8 contiki-srf06-cc26xx.a(csma.o)
 .text.frame802154_get_pan_id
                0x0000000000007cc8        0xc contiki-srf06-cc26xx.a(frame802154.o)
                0x0000000000007cc8                frame802154_get_pan_id
 .text.frame802154_has_panid
                0x0000000000007cd4       0xac contiki-srf06-cc26xx.a(frame802154.o)
                0x0000000000007cd4                frame802154_has_panid
 .text.field_len
                0x0000000000007d80       0x9c contiki-srf06-cc26xx.a(frame802154.o)
 .text.frame802154_is_broadcast_addr
                0x0000000000007e1c       0x24 contiki-srf06-cc26xx.a(frame802154.o)
                0x0000000000007e1c                frame802154_is_broadcast_addr
 .text.frame802154_hdrlen
                0x0000000000007e40       0x34 contiki-srf06-cc26xx.a(frame802154.o)
                0x0000000000007e40                frame802154_hdrlen
 .text.frame802154_create_fcf
                0x0000000000007e74       0x64 contiki-srf06-cc26xx.a(frame802154.o)
                0x0000000000007e74                frame802154_create_fcf
 .text.frame802154_create
                0x0000000000007ed8       0xc8 contiki-srf06-cc26xx.a(frame802154.o)
                0x0000000000007ed8                frame802154_create
 .text.frame802154_parse_fcf
                0x0000000000007fa0       0x50 contiki-srf06-cc26xx.a(frame802154.o)
                0x0000000000007fa0                frame802154_parse_fcf
 .text.frame802154_parse
                0x0000000000007ff0      0x14c contiki-srf06-cc26xx.a(frame802154.o)
                0x0000000000007ff0                frame802154_parse
 .text.mac_call_sent_callback
                0x000000000000813c       0x10 contiki-srf06-cc26xx.a(mac.o)
                0x000000000000813c                mac_call_sent_callback
 .text.on       0x000000000000814c       0x10 contiki-srf06-cc26xx.a(nullrdc.o)
 .text.channel_check_interval
                0x000000000000815c        0x4 contiki-srf06-cc26xx.a(nullrdc.o)
 .text.init     0x0000000000008160       0x10 contiki-srf06-cc26xx.a(nullrdc.o)
 .text.packet_input
                0x0000000000008170       0xc4 contiki-srf06-cc26xx.a(nullrdc.o)
 .text.send_one_packet
                0x0000000000008234      0x124 contiki-srf06-cc26xx.a(nullrdc.o)
 .text.send_list
                0x0000000000008358       0x24 contiki-srf06-cc26xx.a(nullrdc.o)
 .text.send_packet
                0x000000000000837c        0x4 contiki-srf06-cc26xx.a(nullrdc.o)
 .text.off      0x0000000000008380       0x18 contiki-srf06-cc26xx.a(nullrdc.o)
 .text.init     0x0000000000008398        0x4 contiki-srf06-cc26xx.a(nullsec.o)
 .text.input    0x000000000000839c       0x10 contiki-srf06-cc26xx.a(nullsec.o)
 .text.send     0x00000000000083ac       0x20 contiki-srf06-cc26xx.a(nullsec.o)
 .text.accessible
                0x00000000000083cc       0x2c contiki-srf06-cc26xx.a(board-spi.o)
 .text.board_spi_write
                0x00000000000083f8       0x40 contiki-srf06-cc26xx.a(board-spi.o)
                0x00000000000083f8                board_spi_write
 .text.board_spi_read
                0x0000000000008438       0x4c contiki-srf06-cc26xx.a(board-spi.o)
                0x0000000000008438                board_spi_read
 .text.board_spi_flush
                0x0000000000008484       0x28 contiki-srf06-cc26xx.a(board-spi.o)
                0x0000000000008484                board_spi_flush
 .text.board_spi_open
                0x00000000000084ac       0xcc contiki-srf06-cc26xx.a(board-spi.o)
                0x00000000000084ac                board_spi_open
 .text.board_spi_close
                0x0000000000008578       0x74 contiki-srf06-cc26xx.a(board-spi.o)
                0x0000000000008578                board_spi_close
 .text.adxl355_accessible
                0x00000000000085ec       0x2c contiki-srf06-cc26xx.a(adxl355-board-s)
 .text.adxl355_board_spi_write
                0x0000000000008618       0x48 contiki-srf06-cc26xx.a(adxl355-board-s)
                0x0000000000008618                adxl355_board_spi_write
 .text.adxl355_board_spi_read
                0x0000000000008660       0x54 contiki-srf06-cc26xx.a(adxl355-board-s)
                0x0000000000008660                adxl355_board_spi_read
 .text.adxl355_board_spi_open
                0x00000000000086b4       0xdc contiki-srf06-cc26xx.a(adxl355-board-s)
                0x00000000000086b4                adxl355_board_spi_open
 .text.adxl355_board_spi_close
                0x0000000000008790       0x88 contiki-srf06-cc26xx.a(adxl355-board-s)
                0x0000000000008790                adxl355_board_spi_close
 .text.aux_ctrl_power_up
                0x0000000000008818       0x2c contiki-srf06-cc26xx.a(aux-ctrl.o)
                0x0000000000008818                aux_ctrl_power_up
 .text.aux_ctrl_register_consumer
                0x0000000000008844       0x44 contiki-srf06-cc26xx.a(aux-ctrl.o)
                0x0000000000008844                aux_ctrl_register_consumer
 .text.aux_ctrl_power_down
                0x0000000000008888       0x80 contiki-srf06-cc26xx.a(aux-ctrl.o)
                0x0000000000008888                aux_ctrl_power_down
 .text.aux_ctrl_unregister_consumer
                0x0000000000008908       0x2c contiki-srf06-cc26xx.a(aux-ctrl.o)
                0x0000000000008908                aux_ctrl_unregister_consumer
 .text.memb_init
                0x0000000000008934       0x24 contiki-srf06-cc26xx.a(memb.o)
                0x0000000000008934                memb_init
 .text.memb_alloc
                0x0000000000008958       0x3c contiki-srf06-cc26xx.a(memb.o)
                0x0000000000008958                memb_alloc
 .text.memb_free
                0x0000000000008994       0x44 contiki-srf06-cc26xx.a(memb.o)
                0x0000000000008994                memb_free
 .text.memb_inmemb
                0x00000000000089d8       0x1c contiki-srf06-cc26xx.a(memb.o)
                0x00000000000089d8                memb_inmemb
 .text.abc_open
                0x00000000000089f4       0x20 contiki-srf06-cc26xx.a(abc.o)
                0x00000000000089f4                abc_open
 .text.abc_send
                0x0000000000008a14        0x4 contiki-srf06-cc26xx.a(abc.o)
                0x0000000000008a14                abc_send
 .text.abc_input
                0x0000000000008a18        0xc contiki-srf06-cc26xx.a(abc.o)
                0x0000000000008a18                abc_input
 .text.abc_sent
                0x0000000000008a24        0xc contiki-srf06-cc26xx.a(abc.o)
                0x0000000000008a24                abc_sent
 .text.announcement_init
                0x0000000000008a30        0xc contiki-srf06-cc26xx.a(announcement.o)
                0x0000000000008a30                announcement_init
 .text.announcement_register_observer_callback
                0x0000000000008a3c        0xc contiki-srf06-cc26xx.a(announcement.o)
                0x0000000000008a3c                announcement_register_observer_callback
 .text.announcement_list
                0x0000000000008a48        0xc contiki-srf06-cc26xx.a(announcement.o)
                0x0000000000008a48                announcement_list
 .text.announcement_heard
                0x0000000000008a54       0x34 contiki-srf06-cc26xx.a(announcement.o)
                0x0000000000008a54                announcement_heard
 .text.adv_packet_sent
                0x0000000000008a88        0x4 contiki-srf06-cc26xx.a(broadcast-annou)
 .text.set_timers
                0x0000000000008a8c       0x44 contiki-srf06-cc26xx.a(broadcast-annou)
 .text.send_timer
                0x0000000000008ad0       0x1c contiki-srf06-cc26xx.a(broadcast-annou)
 .text.send_adv
                0x0000000000008aec       0x5c contiki-srf06-cc26xx.a(broadcast-annou)
 .text.adv_packet_received
                0x0000000000008b48       0x48 contiki-srf06-cc26xx.a(broadcast-annou)
 .text.new_announcement
                0x0000000000008b90       0x1c contiki-srf06-cc26xx.a(broadcast-annou)
 .text.broadcast_announcement_init
                0x0000000000008bac       0x38 contiki-srf06-cc26xx.a(broadcast-annou)
                0x0000000000008bac                broadcast_announcement_init
 .text.chameleon_init
                0x0000000000008be4        0x4 contiki-srf06-cc26xx.a(chameleon.o)
                0x0000000000008be4                chameleon_init
 .text.chameleon_parse
                0x0000000000008be8       0x20 contiki-srf06-cc26xx.a(chameleon.o)
                0x0000000000008be8                chameleon_parse
 .text.chameleon_create
                0x0000000000008c08       0x24 contiki-srf06-cc26xx.a(chameleon.o)
                0x0000000000008c08                chameleon_create
 .text.chameleon_hdrsize
                0x0000000000008c2c       0x10 contiki-srf06-cc26xx.a(chameleon.o)
                0x0000000000008c2c                chameleon_hdrsize
 .text.NOROM_AONBatMonTemperatureGetDegC
                0x0000000000008c3c       0x38 contiki-srf06-cc26xx.a(aon_batmon.o)
                0x0000000000008c3c                NOROM_AONBatMonTemperatureGetDegC
 .text.NOROM_DDI32RegWrite
                0x0000000000008c74       0x3c contiki-srf06-cc26xx.a(ddi.o)
                0x0000000000008c74                NOROM_DDI32RegWrite
 .text.parse    0x0000000000008cb0       0xa4 contiki-srf06-cc26xx.a(framer-802154.o)
 .text.create_frame.isra.0
                0x0000000000008d54      0x14c contiki-srf06-cc26xx.a(framer-802154.o)
 .text.create   0x0000000000008ea0        0x8 contiki-srf06-cc26xx.a(framer-802154.o)
 .text.hdr_length
                0x0000000000008ea8        0x8 contiki-srf06-cc26xx.a(framer-802154.o)
 .text.mac_sequence_is_duplicate
                0x0000000000008eb0       0x54 contiki-srf06-cc26xx.a(mac-sequence.o)
                0x0000000000008eb0                mac_sequence_is_duplicate
 .text.mac_sequence_register_seqno
                0x0000000000008f04       0x74 contiki-srf06-cc26xx.a(mac-sequence.o)
                0x0000000000008f04                mac_sequence_register_seqno
 .text.header_size
                0x0000000000008f78       0x1c contiki-srf06-cc26xx.a(chameleon-bitop)
 .text.get_bits
                0x0000000000008f94       0xc0 contiki-srf06-cc26xx.a(chameleon-bitop)
                0x0000000000008f94                get_bits
 .text.unpack_header
                0x0000000000009054       0xbc contiki-srf06-cc26xx.a(chameleon-bitop)
 .text.set_bits
                0x0000000000009110       0xd4 contiki-srf06-cc26xx.a(chameleon-bitop)
                0x0000000000009110                set_bits
 .text.pack_header
                0x00000000000091e4       0xb0 contiki-srf06-cc26xx.a(chameleon-bitop)
 .text          0x0000000000009294       0x2c /usr/lib/gcc/arm-none-eabi/4.8.2/armv7-m/libgcc.a(_aeabi_uldivmod.o)
                0x0000000000009294                __aeabi_uldivmod
 .text          0x00000000000092c0       0x60 /usr/lib/gcc/arm-none-eabi/4.8.2/armv7-m/libgcc.a(bpabi.o)
                0x00000000000092c0                __gnu_ldivmod_helper
                0x00000000000092f0                __gnu_uldivmod_helper
 .text          0x0000000000009320        0x4 /usr/lib/gcc/arm-none-eabi/4.8.2/armv7-m/libgcc.a(_dvmd_tls.o)
                0x0000000000009320                __aeabi_ldiv0
                0x0000000000009320                __aeabi_idiv0
 .text          0x0000000000009324      0x2bc /usr/lib/gcc/arm-none-eabi/4.8.2/armv7-m/libgcc.a(_divdi3.o)
                0x0000000000009324                __divdi3
 .text          0x00000000000095e0      0x284 /usr/lib/gcc/arm-none-eabi/4.8.2/armv7-m/libgcc.a(_udivdi3.o)
                0x00000000000095e0                __udivdi3
 .text.memcmp   0x0000000000009864       0x68 /usr/lib/gcc/arm-none-eabi/4.8.2/../../../arm-none-eabi/lib/armv7-m/libc.a(lib_a-memcmp.o)
                0x0000000000009864                memcmp
 .text          0x00000000000098cc       0xec /usr/lib/gcc/arm-none-eabi/4.8.2/../../../arm-none-eabi/lib/armv7-m/libc.a(lib_a-memcpy.o)
                0x00000000000098cc                memcpy
 .text.memset   0x00000000000099b8       0x94 /usr/lib/gcc/arm-none-eabi/4.8.2/../../../arm-none-eabi/lib/armv7-m/libc.a(lib_a-memset.o)
                0x00000000000099b8                memset
 .text.strlen   0x0000000000009a4c       0x60 /usr/lib/gcc/arm-none-eabi/4.8.2/../../../arm-none-eabi/lib/armv7-m/libc.a(lib_a-strlen.o)
                0x0000000000009a4c                strlen
 *(SORT(.rodata*))
 .rodata.str1.4
                0x0000000000009aac       0x2b cc13xx-node.co
                                         0x2c (size before relaxing)
 *fill*         0x0000000000009ad7        0x1 00000000
 .rodata.autostart_processes
                0x0000000000009ad8        0xc cc13xx-node.co
                0x0000000000009ad8                autostart_processes
 .rodata.str1.4
                0x0000000000009ae4       0x8f contiki-srf06-cc26xx.a(contiki-main.o)
                                         0x90 (size before relaxing)
 *fill*         0x0000000000009b73        0x1 00000000
 .rodata.str1.4
                0x0000000000009b74        0x8 contiki-srf06-cc26xx.a(sensors.o)
 .rodata.str1.4
                0x0000000000009b7c        0xe contiki-srf06-cc26xx.a(apros-serial-li)
                                         0x10 (size before relaxing)
 *fill*         0x0000000000009b8a        0x2 00000000
 .rodata.unicast_callbacks
                0x0000000000009b8c        0x8 contiki-srf06-cc26xx.a(apros-wireless-)
 .rodata.broadcast_callbacks
                0x0000000000009b94        0x8 contiki-srf06-cc26xx.a(apros-wireless-)
 .rodata        0x0000000000009b9c        0x4 contiki-srf06-cc26xx.a(ext-flash.o)
 .rodata.adxl355
                0x0000000000009ba0       0x10 contiki-srf06-cc26xx.a(adxl355.o)
                0x0000000000009ba0                adxl355
 .rodata.str1.4
                0x0000000000009bb0        0xf contiki-srf06-cc26xx.a(adxl355.o)
                                         0x10 (size before relaxing)
 *fill*         0x0000000000009bbf        0x1 00000000
 .rodata.mode_prop
                0x0000000000009bc0        0x8 contiki-srf06-cc26xx.a(prop-mode.o)
 .rodata.prop_mode_driver
                0x0000000000009bc8       0x38 contiki-srf06-cc26xx.a(prop-mode.o)
                0x0000000000009bc8                prop_mode_driver
 .rodata.patchGenfskRfe
                0x0000000000009c00      0x6b4 contiki-srf06-cc26xx.a(prop-mode.o)
 .rodata.patchImageGenfsk
                0x000000000000a2b4      0x2b0 contiki-srf06-cc26xx.a(prop-mode.o)
 .rodata.prop_mode_tx_power_779_930
                0x000000000000a564       0x88 contiki-srf06-cc26xx.a(prop-mode-tx-po)
                0x000000000000a564                prop_mode_tx_power_779_930
 .rodata.str1.4
                0x000000000000a5ec       0x46 contiki-srf06-cc26xx.a(rf-core.o)
                                         0x48 (size before relaxing)
 *fill*         0x000000000000a632        0x2 00000000
 .rodata.str1.4
                0x000000000000a634       0x1b contiki-srf06-cc26xx.a(soc-trng.o)
                                         0x1c (size before relaxing)
 *fill*         0x000000000000a64f        0x1 00000000
 .rodata.buffer.4002
                0x000000000000a650       0x10 contiki-srf06-cc26xx.a(strformat.o)
 .rodata.buffer.4011
                0x000000000000a660       0x10 contiki-srf06-cc26xx.a(strformat.o)
 .rodata.str1.4
                0x000000000000a670       0x46 contiki-srf06-cc26xx.a(strformat.o)
                                         0x48 (size before relaxing)
 *fill*         0x000000000000a6b6        0x2 00000000
 .rodata.str1.4
                0x000000000000a6b8        0xf contiki-srf06-cc26xx.a(ctimer.o)
                                         0x10 (size before relaxing)
 *fill*         0x000000000000a6c7        0x1 00000000
 .rodata.str1.4
                0x000000000000a6c8        0xc contiki-srf06-cc26xx.a(etimer.o)
 .rodata.str1.4
                0x0000000000000000       0x10 contiki-srf06-cc26xx.a(serial-line.o)
 .rodata.attributes
                0x000000000000a6d4        0x4 contiki-srf06-cc26xx.a(broadcast.o)
 .rodata.broadcast
                0x000000000000a6d8        0x8 contiki-srf06-cc26xx.a(broadcast.o)
 .rodata.str1.4
                0x000000000000a6e0        0x5 contiki-srf06-cc26xx.a(rime.o)
                                          0x8 (size before relaxing)
 *fill*         0x000000000000a6e5        0x3 00000000
 .rodata.rime_driver
                0x000000000000a6e8        0xc contiki-srf06-cc26xx.a(rime.o)
                0x000000000000a6e8                rime_driver
 .rodata.uc     0x000000000000a6f4        0x8 contiki-srf06-cc26xx.a(unicast.o)
 .rodata.attributes
                0x000000000000a6fc        0x8 contiki-srf06-cc26xx.a(unicast.o)
 .rodata.linkaddr_null
                0x000000000000a704        0x4 contiki-srf06-cc26xx.a(linkaddr.o)
                0x000000000000a704                linkaddr_null
 .rodata.str1.4
                0x000000000000a708        0x5 contiki-srf06-cc26xx.a(csma.o)
                                          0x8 (size before relaxing)
 *fill*         0x000000000000a70d        0x3 00000000
 .rodata.csma_driver
                0x000000000000a710       0x1c contiki-srf06-cc26xx.a(csma.o)
                0x000000000000a710                csma_driver
 .rodata.str1.4
                0x000000000000a72c        0x8 contiki-srf06-cc26xx.a(nullrdc.o)
 .rodata.nullrdc_driver
                0x000000000000a734       0x20 contiki-srf06-cc26xx.a(nullrdc.o)
                0x000000000000a734                nullrdc_driver
 .rodata.str1.4
                0x000000000000a754        0x8 contiki-srf06-cc26xx.a(nullsec.o)
 .rodata.nullsec_driver
                0x000000000000a75c       0x10 contiki-srf06-cc26xx.a(nullsec.o)
                0x000000000000a75c                nullsec_driver
 .rodata.attributes
                0x000000000000a76c        0x4 contiki-srf06-cc26xx.a(abc.o)
 .rodata.broadcast_callbacks
                0x000000000000a770        0x8 contiki-srf06-cc26xx.a(broadcast-annou)
 .rodata.framer_802154
                0x000000000000a778        0xc contiki-srf06-cc26xx.a(framer-802154.o)
                0x000000000000a778                framer_802154
 .rodata.chameleon_bitopt
                0x000000000000a784        0xc contiki-srf06-cc26xx.a(chameleon-bitop)
                0x000000000000a784                chameleon_bitopt
 .rodata.bitmask
                0x000000000000a790        0xc contiki-srf06-cc26xx.a(chameleon-bitop)
                0x000000000000a79c                _etext = .

.glue_7         0x000000000000a79c        0x0
 .glue_7        0x0000000000000000        0x0 linker stubs

.glue_7t        0x000000000000a79c        0x0
 .glue_7t       0x0000000000000000        0x0 linker stubs

.vfp11_veneer   0x000000000000a79c        0x0
 .vfp11_veneer  0x0000000000000000        0x0 linker stubs

.v4_bx          0x000000000000a79c        0x0
 .v4_bx         0x0000000000000000        0x0 linker stubs

.iplt           0x000000000000a79c        0x0
 .iplt          0x0000000000000000        0x0 obj_srf06-cc26xx/startup_gcc.o

.data           0x0000000020000000      0x22c load address 0x000000000000a79c
                0x0000000020000000                _data = .
 *(SORT(vtable))
 *(SORT(.data*))
 .data.cc13xx_process
                0x0000000020000000       0x10 cc13xx-node.co
                0x0000000020000000                cc13xx_process
 .data.uart_rx_process
                0x0000000020000010       0x10 cc13xx-node.co
                0x0000000020000010                uart_rx_process
 .data.sensors_process
                0x0000000020000020       0x10 contiki-srf06-cc26xx.a(sensors.o)
                0x0000000020000020                sensors_process
 .data.apros_serial_line_process
                0x0000000020000030       0x10 contiki-srf06-cc26xx.a(apros-serial-li)
                0x0000000020000030                apros_serial_line_process
 .data.subfunc_set
                0x0000000020000040        0x8 contiki-srf06-cc26xx.a(apros-wireless-)
 .data.apros_module
                0x0000000020000048       0x14 contiki-srf06-cc26xx.a(board.o)
 .data.sensors  0x000000002000005c        0x8 contiki-srf06-cc26xx.a(apros-sensors.o)
                0x000000002000005c                sensors
 .data.prop_lpm_module
                0x0000000020000064       0x14 contiki-srf06-cc26xx.a(prop-mode.o)
 .data.tx_power_current
                0x0000000020000078        0x4 contiki-srf06-cc26xx.a(prop-mode.o)
                0x0000000020000078                tx_power_current
 .data.uart_module
                0x000000002000007c       0x14 contiki-srf06-cc26xx.a(cc26xx-uart.o)
 .data.rf_core_process
                0x0000000020000090       0x10 contiki-srf06-cc26xx.a(rf-core.o)
                0x0000000020000090                rf_core_process
 .data.rng_module
                0x00000000200000a0       0x14 contiki-srf06-cc26xx.a(soc-trng.o)
 .data.soc_trng_process
                0x00000000200000b4       0x10 contiki-srf06-cc26xx.a(soc-trng.o)
                0x00000000200000b4                soc_trng_process
 .data.ctxt     0x00000000200000c4        0x8 contiki-srf06-cc26xx.a(dbg-printf.o)
 .data.ctimer_process
                0x00000000200000cc       0x10 contiki-srf06-cc26xx.a(ctimer.o)
                0x00000000200000cc                ctimer_process
 .data.etimer_process
                0x00000000200000dc       0x10 contiki-srf06-cc26xx.a(etimer.o)
                0x00000000200000dc                etimer_process
 .data.serial_line_process
                0x00000000200000ec       0x10 contiki-srf06-cc26xx.a(serial-line.o)
                0x00000000200000ec                serial_line_process
 .data.bufmem   0x00000000200000fc        0xc contiki-srf06-cc26xx.a(queuebuf.o)
 .data.buframmem
                0x0000000020000108        0xc contiki-srf06-cc26xx.a(queuebuf.o)
 .data.metadata_memb
                0x0000000020000114        0xc contiki-srf06-cc26xx.a(csma.o)
 .data.neighbor_memb
                0x0000000020000120        0xc contiki-srf06-cc26xx.a(csma.o)
 .data.packet_memb
                0x000000002000012c        0xc contiki-srf06-cc26xx.a(csma.o)
 .data.smartrf_settings_cmd_prop_rx_adv
                0x0000000020000138       0x30 contiki-srf06-cc26xx.a(smartrf-setting)
                0x0000000020000138                smartrf_settings_cmd_prop_rx_adv
 .data.smartrf_settings_cmd_fs
                0x0000000020000168       0x18 contiki-srf06-cc26xx.a(smartrf-setting)
                0x0000000020000168                smartrf_settings_cmd_fs
 .data.smartrf_settings_cmd_prop_radio_div_setup
                0x0000000020000180       0x28 contiki-srf06-cc26xx.a(smartrf-setting)
                0x0000000020000180                smartrf_settings_cmd_prop_radio_div_setup
 .data.smartrf_settings_cmd_prop_tx_adv
                0x00000000200001a8       0x20 contiki-srf06-cc26xx.a(smartrf-setting)
                0x00000000200001a8                smartrf_settings_cmd_prop_tx_adv
 .data.overrides
                0x00000000200001c8       0x60 contiki-srf06-cc26xx.a(smartrf-setting)
 .data.mac_pan_id
                0x0000000020000228        0x2 contiki-srf06-cc26xx.a(frame802154.o)
 .data.rssi_threshold
                0x000000002000022a        0x1 contiki-srf06-cc26xx.a(prop-mode.o)
 .data.rng_ready_event
                0x000000002000022b        0x1 contiki-srf06-cc26xx.a(soc-trng.o)
                0x000000002000022c                _edata = .

.igot.plt       0x000000002000022c        0x0 load address 0x000000000000a9c8
 .igot.plt      0x0000000000000000        0x0 obj_srf06-cc26xx/startup_gcc.o

.ARM.exidx      0x000000000000a9c8        0x8
 *(SORT(.ARM.exidx*))
 .ARM.exidx     0x000000000000a9c8        0x8 /usr/lib/gcc/arm-none-eabi/4.8.2/armv7-m/libgcc.a(_divdi3.o)
 .ARM.exidx     0x000000000000a9d0        0x0 /usr/lib/gcc/arm-none-eabi/4.8.2/armv7-m/libgcc.a(_udivdi3.o)
                                          0x8 (size before relaxing)

.bss            0x0000000020000230     0x3e43
                0x0000000020000230                _bss = .
 *(SORT(.bss*))
 .bss.count     0x0000000020000230        0x8 contiki-srf06-cc26xx.a(clock.o)
 .bss.rands_cache
                0x0000000020000238       0x20 contiki-srf06-cc26xx.a(soc-trng.o)
 .bss.tlv_hdr.9769
                0x0000000020000258        0x8 cc13xx-node.co
 .bss.pkt.9657  0x0000000020000260       0x64 cc13xx-node.co
 .bss.tlv_hdr.9786
                0x00000000200002c4        0x8 cc13xx-node.co
 .bss.tlv_set.9738
                0x00000000200002cc       0x10 cc13xx-node.co
 .bss.pkt_buf.9908
                0x00000000200002dc       0x64 cc13xx-node.co
 .bss.br_ack_backoff_time
                0x0000000020000340        0x4 cc13xx-node.co
 .bss.rsp.9826  0x0000000020000344        0xc cc13xx-node.co
 .bss.tlv_set.9770
                0x0000000020000350       0x10 cc13xx-node.co
 .bss.node_mac  0x0000000020000360        0x8 cc13xx-node.co
 .bss.rsp.9840  0x0000000020000368        0x4 cc13xx-node.co
 .bss.comm.9860
                0x000000002000036c        0xc cc13xx-node.co
 .bss.tlv_set.9779
                0x0000000020000378       0x10 cc13xx-node.co
 .bss.y_buf     0x0000000020000388      0xc00 cc13xx-node.co
 .bss.tlv_hdr.9823
                0x0000000020000f88        0x8 cc13xx-node.co
 .bss.tlv_set.9796
                0x0000000020000f90       0x10 cc13xx-node.co
 .bss.tlv_hdr.9696
                0x0000000020000fa0        0x8 cc13xx-node.co
 .bss.my_msg_info
                0x0000000020000fa8        0x8 cc13xx-node.co
 .bss.tlv_hdr.9711
                0x0000000020000fb0        0x8 cc13xx-node.co
 .bss.node_config
                0x0000000020000fb8       0x24 cc13xx-node.co
 .bss.my_node_info
                0x0000000020000fdc       0x10 cc13xx-node.co
 .bss.er_node_busy.9861
                0x0000000020000fec        0x8 cc13xx-node.co
 .bss.tlv_hdr.9737
                0x0000000020000ff4        0x8 cc13xx-node.co
 .bss.tlv_set.9704
                0x0000000020000ffc       0x10 cc13xx-node.co
 .bss.z_buf     0x000000002000100c      0xc00 cc13xx-node.co
 .bss.tlv_set.9721
                0x0000000020001c0c       0x10 cc13xx-node.co
 .bss.tlv_set.9837
                0x0000000020001c1c       0x18 cc13xx-node.co
 .bss.tlv_hdr.9778
                0x0000000020001c34        0x8 cc13xx-node.co
 .bss.tlv_set.9729
                0x0000000020001c3c       0x10 cc13xx-node.co
 .bss.tlv_hdr.9795
                0x0000000020001c4c        0x8 cc13xx-node.co
 .bss.tlv_set.9746
                0x0000000020001c54       0x10 cc13xx-node.co
 .bss.rsp.9684  0x0000000020001c64       0x14 cc13xx-node.co
 .bss.pl.9910   0x0000000020001c78       0x60 cc13xx-node.co
 .bss.tlv.9859  0x0000000020001cd8        0x8 cc13xx-node.co
 .bss.tlv_set.9787
                0x0000000020001ce0       0x10 cc13xx-node.co
 .bss.rt        0x0000000020001cf0        0xc cc13xx-node.co
 .bss.et        0x0000000020001cfc       0x10 cc13xx-node.co
 .bss.tlv_hdr.9703
                0x0000000020001d0c        0x8 cc13xx-node.co
 .bss.tlv_hdr.9720
                0x0000000020001d14        0x8 cc13xx-node.co
 .bss.ct        0x0000000020001d1c       0x20 cc13xx-node.co
 .bss.rsp.9747  0x0000000020001d3c       0x30 cc13xx-node.co
 .bss.tlv_set.9824
                0x0000000020001d6c       0x10 cc13xx-node.co
 .bss.tlv_set.9697
                0x0000000020001d7c       0x10 cc13xx-node.co
 .bss.tlv_hdr.9728
                0x0000000020001d8c        0x8 cc13xx-node.co
 .bss.comm.9744
                0x0000000020001d94        0xc cc13xx-node.co
 .bss.tlv_hdr.9745
                0x0000000020001da0        0x8 cc13xx-node.co
 .bss.x_buf     0x0000000020001da8      0xc00 cc13xx-node.co
 .bss.tlv_hdr.9836
                0x00000000200029a8        0x8 cc13xx-node.co
 .bss.tlv_set.9712
                0x00000000200029b0       0x10 cc13xx-node.co
 .bss.i.4754    0x00000000200029c0        0x4 contiki-srf06-cc26xx.a(sensors.o)
 .bss.events.4755
                0x00000000200029c4        0x4 contiki-srf06-cc26xx.a(sensors.o)
 .bss.ovfl.4755
                0x00000000200029c8        0x4 contiki-srf06-cc26xx.a(apros-serial-li)
 .bss.ptr.4754  0x00000000200029cc        0x4 contiki-srf06-cc26xx.a(apros-serial-li)
 .bss.parcel.4756
                0x00000000200029d0       0x84 contiki-srf06-cc26xx.a(apros-serial-li)
 .bss.rxbuf_data
                0x0000000020002a54       0x80 contiki-srf06-cc26xx.a(apros-serial-li)
 .bss.rxbuf     0x0000000020002ad4        0x8 contiki-srf06-cc26xx.a(apros-serial-li)
 .bss.buf.4753  0x0000000020002adc       0x80 contiki-srf06-cc26xx.a(apros-serial-li)
 .bss.uc        0x0000000020002b5c       0x1c contiki-srf06-cc26xx.a(apros-wireless-)
 .bss.bc        0x0000000020002b78       0x18 contiki-srf06-cc26xx.a(apros-wireless-)
 .bss.ct_comm_buffer
                0x0000000020002b90      0x1e0 contiki-srf06-cc26xx.a(apros-command-s)
 .bss.param_cp  0x0000000020002d70      0x258 contiki-srf06-cc26xx.a(apros-command-s)
 .bss.inited    0x0000000020002fc8        0x4 contiki-srf06-cc26xx.a(leds-arch.o)
 .bss.rx_stats  0x0000000020002fcc        0xc contiki-srf06-cc26xx.a(prop-mode.o)
 .bss.rx_data_queue
                0x0000000020002fd8        0x8 contiki-srf06-cc26xx.a(prop-mode.o)
 .bss.rx_read_entry
                0x0000000020002fe0        0x4 contiki-srf06-cc26xx.a(prop-mode.o)
 .bss.tx_buf    0x0000000020002fe4       0xb8 contiki-srf06-cc26xx.a(prop-mode.o)
 .bss.rx_buf    0x000000002000309c      0x230 contiki-srf06-cc26xx.a(prop-mode.o)
 .bss.last_isr_time
                0x00000000200032cc        0x4 contiki-srf06-cc26xx.a(soc-rtc.o)
 .bss.input_handler
                0x00000000200032d0        0x4 contiki-srf06-cc26xx.a(cc26xx-uart.o)
 .bss.modules_list_list
                0x00000000200032d4        0x4 contiki-srf06-cc26xx.a(lpm.o)
 .bss.handlers  0x00000000200032d8       0x80 contiki-srf06-cc26xx.a(gpio-interrupt.)
 .bss.last_radio_op
                0x0000000020003358        0x4 contiki-srf06-cc26xx.a(rf-core.o)
 .bss.primary_mode
                0x000000002000335c        0x4 contiki-srf06-cc26xx.a(rf-core.o)
 .bss.rat_offset
                0x0000000020003360        0x4 contiki-srf06-cc26xx.a(rf-core.o)
                0x0000000020003360                rat_offset
 .bss.notify_cb
                0x0000000020003364        0x4 contiki-srf06-cc26xx.a(soc-trng.o)
 .bss.rands_mask
                0x0000000020003368        0x4 contiki-srf06-cc26xx.a(soc-trng.o)
 .bss.ctimer_list_list
                0x000000002000336c        0x4 contiki-srf06-cc26xx.a(ctimer.o)
 .bss.timerlist
                0x0000000020003370        0x4 contiki-srf06-cc26xx.a(etimer.o)
 .bss.next_expiration
                0x0000000020003374        0x4 contiki-srf06-cc26xx.a(etimer.o)
 .bss.process_current
                0x0000000020003378        0x4 contiki-srf06-cc26xx.a(process.o)
                0x0000000020003378                process_current
 .bss.process_list
                0x000000002000337c        0x4 contiki-srf06-cc26xx.a(process.o)
                0x000000002000337c                process_list
 .bss.events    0x0000000020003380      0x180 contiki-srf06-cc26xx.a(process.o)
 .bss.next_rtimer
                0x0000000020003500        0x4 contiki-srf06-cc26xx.a(rtimer.o)
 .bss.rxbuf_data
                0x0000000020003504       0x80 contiki-srf06-cc26xx.a(serial-line.o)
 .bss.rxbuf     0x0000000020003584        0x8 contiki-srf06-cc26xx.a(serial-line.o)
 .bss.buf.4738  0x000000002000358c       0x80 contiki-srf06-cc26xx.a(serial-line.o)
 .bss.ptr.4739  0x000000002000360c        0x4 contiki-srf06-cc26xx.a(serial-line.o)
 .bss.channel_list_list
                0x0000000020003610        0x4 contiki-srf06-cc26xx.a(channel.o)
 .bss.sniffers_list
                0x0000000020003614        0x4 contiki-srf06-cc26xx.a(rime.o)
 .bss.powerQualGlobals
                0x0000000020003618        0x8 contiki-srf06-cc26xx.a(sys_ctrl.o)
 .bss.packetbuf_aligned
                0x0000000020003620       0x80 contiki-srf06-cc26xx.a(packetbuf.o)
 .bss.buframmem_memb_count
                0x00000000200036a0        0x8 contiki-srf06-cc26xx.a(queuebuf.o)
 .bss.bufmem_memb_mem
                0x00000000200036a8       0x20 contiki-srf06-cc26xx.a(queuebuf.o)
 .bss.buframmem_memb_mem
                0x00000000200036c8      0x5f0 contiki-srf06-cc26xx.a(queuebuf.o)
 .bss.bufmem_memb_count
                0x0000000020003cb8        0x8 contiki-srf06-cc26xx.a(queuebuf.o)
 .bss.metadata_memb_memb_count
                0x0000000020003cc0        0x8 contiki-srf06-cc26xx.a(csma.o)
 .bss.packet_memb_memb_count
                0x0000000020003cc8        0x8 contiki-srf06-cc26xx.a(csma.o)
 .bss.metadata_memb_memb_mem
                0x0000000020003cd0       0x60 contiki-srf06-cc26xx.a(csma.o)
 .bss.neighbor_list_list
                0x0000000020003d30        0x4 contiki-srf06-cc26xx.a(csma.o)
 .bss.packet_memb_memb_mem
                0x0000000020003d34       0x60 contiki-srf06-cc26xx.a(csma.o)
 .bss.neighbor_memb_memb_count
                0x0000000020003d94        0x4 contiki-srf06-cc26xx.a(csma.o)
 .bss.neighbor_memb_memb_mem
                0x0000000020003d98       0x68 contiki-srf06-cc26xx.a(csma.o)
 .bss.consumers_list_list
                0x0000000020003e00        0x4 contiki-srf06-cc26xx.a(aux-ctrl.o)
 .bss.announcements_list
                0x0000000020003e04        0x4 contiki-srf06-cc26xx.a(announcement.o)
 .bss.observer_callback
                0x0000000020003e08        0x4 contiki-srf06-cc26xx.a(announcement.o)
 .bss.c         0x0000000020003e0c       0x6c contiki-srf06-cc26xx.a(broadcast-annou)
 .bss.received_seqnos
                0x0000000020003e78       0xc0 contiki-srf06-cc26xx.a(mac-sequence.o)
 .bss.c_max_index.9838
                0x0000000020003f38        0x2 cc13xx-node.co
 .bss.last_max_index
                0x0000000020003f3a        0x2 cc13xx-node.co
 .bss.sampling_num.9834
                0x0000000020003f3c        0x2 cc13xx-node.co
 .bss.pkt_index.9830
                0x0000000020003f3e        0x2 cc13xx-node.co
 .bss.c_index.9833
                0x0000000020003f40        0x2 cc13xx-node.co
 .bss.sampling_num.9805
                0x0000000020003f42        0x2 cc13xx-node.co
 .bss.max_index.9806
                0x0000000020003f44        0x2 cc13xx-node.co
 .bss.index.9807
                0x0000000020003f46        0x2 cc13xx-node.co
 .bss.buflen    0x0000000020003f48        0x2 contiki-srf06-cc26xx.a(packetbuf.o)
 .bss.bufptr    0x0000000020003f4a        0x2 contiki-srf06-cc26xx.a(packetbuf.o)
 .bss.seqno.6154
                0x0000000020003f4c        0x2 contiki-srf06-cc26xx.a(csma.o)
 .bss.cca_val.9722
                0x0000000020003f4e        0x1 cc13xx-node.co
 .bss.init_sensor.9808
                0x0000000020003f4f        0x1 cc13xx-node.co
 .bss.rsp.9698  0x0000000020003f50        0x1 cc13xx-node.co
 .bss.seq_num.9831
                0x0000000020003f51        0x1 cc13xx-node.co
 .bss.flag_processing_capt
                0x0000000020003f52        0x1 cc13xx-node.co
 .bss.rsp.9730  0x0000000020003f53        0x1 cc13xx-node.co
 .bss.flag_sent_ready_rsp
                0x0000000020003f54        0x1 cc13xx-node.co
 .bss.last_accel_data_len
                0x0000000020003f55        0x1 cc13xx-node.co
 .bss.flag_processing_reboot
                0x0000000020003f56        0x1 cc13xx-node.co
 .bss.flag_processing_fetch
                0x0000000020003f57        0x1 cc13xx-node.co
 .bss.rsp.9771  0x0000000020003f58        0x1 cc13xx-node.co
 .bss.flag_registered
                0x0000000020003f59        0x1 cc13xx-node.co
 .bss.pkt_len.9909
                0x0000000020003f5a        0x1 cc13xx-node.co
 .bss.error_pass_seq
                0x0000000020003f5b        0x1 cc13xx-node.co
 .bss.last_axis_value
                0x0000000020003f5c        0x1 cc13xx-node.co
 .bss.addr_type.9857
                0x0000000020003f5d        0x1 cc13xx-node.co
 .bss.pl_len.9911
                0x0000000020003f5e        0x1 cc13xx-node.co
 .bss.flag_processing_msg
                0x0000000020003f5f        0x1 cc13xx-node.co
 .bss.rsp.9705  0x0000000020003f60        0x1 cc13xx-node.co
 .bss.rsp.9713  0x0000000020003f61        0x1 cc13xx-node.co
 .bss.node_ch.9739
                0x0000000020003f62        0x1 cc13xx-node.co
 .bss.flag_exist_capt
                0x0000000020003f63        0x1 cc13xx-node.co
 .bss.rsp.9788  0x0000000020003f64        0x1 cc13xx-node.co
 .bss.flag_processing_flash
                0x0000000020003f65        0x1 cc13xx-node.co
 .bss.sampling.9780
                0x0000000020003f66        0x1 cc13xx-node.co
 .bss.num_sensors
                0x0000000020003f67        0x1 contiki-srf06-cc26xx.a(sensors.o)
 .bss.leds      0x0000000020003f68        0x1 contiki-srf06-cc26xx.a(leds.o)
 .bss.overflow.4747
                0x0000000020003f69        0x1 contiki-srf06-cc26xx.a(apros-serial-li)
 .bss.c         0x0000000020003f6a        0x1 contiki-srf06-cc26xx.a(leds-arch.o)
 .bss.enabled   0x0000000020003f6b        0x1 contiki-srf06-cc26xx.a(adxl355.o)
 .bss.rat_offset_known
                0x0000000020003f6c        0x1 contiki-srf06-cc26xx.a(rf-core.o)
 .bss.ble_mode_on
                0x0000000020003f6d        0x1 contiki-srf06-cc26xx.a(rf-ble.o)
 .bss.initialized
                0x0000000020003f6e        0x1 contiki-srf06-cc26xx.a(ctimer.o)
 .bss.fevent    0x0000000020003f6f        0x1 contiki-srf06-cc26xx.a(process.o)
 .bss.nevents   0x0000000020003f70        0x1 contiki-srf06-cc26xx.a(process.o)
 .bss.poll_requested
                0x0000000020003f71        0x1 contiki-srf06-cc26xx.a(process.o)
 .bss.lastevent
                0x0000000020003f72        0x1 contiki-srf06-cc26xx.a(process.o)
 .bss.hdrlen    0x0000000020003f73        0x1 contiki-srf06-cc26xx.a(packetbuf.o)
 .bss.initialized.6153
                0x0000000020003f74        0x1 contiki-srf06-cc26xx.a(csma.o)
 .bss.mac_dsn   0x0000000020003f75        0x1 contiki-srf06-cc26xx.a(framer-802154.o)
 .bss.initialized
                0x0000000020003f76        0x1 contiki-srf06-cc26xx.a(framer-802154.o)
 *(SORT(COMMON))
 *fill*         0x0000000020003f77        0x1 
 COMMON         0x0000000020003f78       0x38 cc13xx-node.co
                0x0000000020003f78                bat_val_capt
                0x0000000020003f7c                temperature_capt
                0x0000000020003f80                accel_data_littleed
 COMMON         0x0000000020003fb0       0x79 contiki-srf06-cc26xx.a(apros-packet-co)
                0x0000000020003fb0                block_info
                0x0000000020004028                block_info_index
 *fill*         0x0000000020004029        0x3 
 COMMON         0x000000002000402c        0x2 contiki-srf06-cc26xx.a(apros-sensors.o)
                0x000000002000402c                sensors_flags
 *fill*         0x000000002000402e        0x2 
 COMMON         0x0000000020004030        0x2 contiki-srf06-cc26xx.a(linkaddr.o)
                0x0000000020004030                linkaddr_node_addr
 *fill*         0x0000000020004032        0x2 
 COMMON         0x0000000020004034       0x3c contiki-srf06-cc26xx.a(packetbuf.o)
                0x0000000020004034                packetbuf_addrs
                0x000000002000403c                packetbuf_attrs
 COMMON         0x0000000020004070        0x1 contiki-srf06-cc26xx.a(sensors.o)
                0x0000000020004070                sensors_event
 COMMON         0x0000000020004071        0x1 contiki-srf06-cc26xx.a(apros-serial-li)
                0x0000000020004071                apros_serial_line_event_message
 COMMON         0x0000000020004072        0x1 contiki-srf06-cc26xx.a(serial-line.o)
                0x0000000020004072                serial_line_event_message
                0x0000000020004073                _ebss = .

.ccfg           0x000000000001ffa8       0x58
 *(SORT(.ccfg))
 .ccfg          0x000000000001ffa8       0x58 obj_srf06-cc26xx/ccfg.o
                0x000000000001ffa8                __ccfg

.rel.dyn        0x0000000000020000        0x0
 .rel.iplt      0x0000000000000000        0x0 obj_srf06-cc26xx/startup_gcc.o

._user_heap_stack
                0x0000000020004073      0x101
                0x0000000020004074                . = ALIGN (0x4)
 *fill*         0x0000000020004073        0x1 
                0x0000000020004074                . = (. + _Min_Heap_Size)
                0x0000000020004174                . = (. + _Min_Stack_Size)
 *fill*         0x0000000020004074      0x100 
                0x0000000020004174                . = ALIGN (0x4)

.gpram
OUTPUT(cc13xx-node.elf elf32-littlearm)

.comment        0x0000000000000000       0x1f
 .comment       0x0000000000000000       0x1f obj_srf06-cc26xx/fault-handlers.o
                                         0x20 (size before relaxing)
 .comment       0x0000000000000000       0x20 obj_srf06-cc26xx/ccfg.o
 .comment       0x0000000000000000       0x20 obj_srf06-cc26xx/startup_gcc.o
 .comment       0x0000000000000000       0x20 cc13xx-node.co
 .comment       0x0000000000000000       0x20 contiki-srf06-cc26xx.a(contiki-main.o)
 .comment       0x0000000000000000       0x20 contiki-srf06-cc26xx.a(sensors.o)
 .comment       0x0000000000000000       0x20 contiki-srf06-cc26xx.a(leds.o)
 .comment       0x0000000000000000       0x20 contiki-srf06-cc26xx.a(apros-packet-co)
 .comment       0x0000000000000000       0x20 contiki-srf06-cc26xx.a(apros-serial-li)
 .comment       0x0000000000000000       0x20 contiki-srf06-cc26xx.a(apros-wireless-)
 .comment       0x0000000000000000       0x20 contiki-srf06-cc26xx.a(apros-command-s)
 .comment       0x0000000000000000       0x20 contiki-srf06-cc26xx.a(apros-flash-con)
 .comment       0x0000000000000000       0x20 contiki-srf06-cc26xx.a(ext-flash.o)
 .comment       0x0000000000000000       0x20 contiki-srf06-cc26xx.a(leds-arch.o)
 .comment       0x0000000000000000       0x20 contiki-srf06-cc26xx.a(board.o)
 .comment       0x0000000000000000       0x20 contiki-srf06-cc26xx.a(apros-sensors.o)
 .comment       0x0000000000000000       0x20 contiki-srf06-cc26xx.a(adxl355.o)
 .comment       0x0000000000000000       0x20 contiki-srf06-cc26xx.a(adxl355-spi-con)
 .comment       0x0000000000000000       0x20 contiki-srf06-cc26xx.a(prop-mode.o)
 .comment       0x0000000000000000       0x20 contiki-srf06-cc26xx.a(prop-mode-tx-po)
 .comment       0x0000000000000000       0x20 contiki-srf06-cc26xx.a(clock.o)
 .comment       0x0000000000000000       0x20 contiki-srf06-cc26xx.a(rtimer-arch.o)
 .comment       0x0000000000000000       0x20 contiki-srf06-cc26xx.a(soc-rtc.o)
 .comment       0x0000000000000000       0x20 contiki-srf06-cc26xx.a(contiki-watchdo)
 .comment       0x0000000000000000       0x20 contiki-srf06-cc26xx.a(putchar.o)
 .comment       0x0000000000000000       0x20 contiki-srf06-cc26xx.a(ieee-addr.o)
 .comment       0x0000000000000000       0x20 contiki-srf06-cc26xx.a(cc26xx-uart.o)
 .comment       0x0000000000000000       0x20 contiki-srf06-cc26xx.a(lpm.o)
 .comment       0x0000000000000000       0x20 contiki-srf06-cc26xx.a(gpio-interrupt.)
 .comment       0x0000000000000000       0x20 contiki-srf06-cc26xx.a(oscillators.o)
 .comment       0x0000000000000000       0x20 contiki-srf06-cc26xx.a(rf-core.o)
 .comment       0x0000000000000000       0x20 contiki-srf06-cc26xx.a(rf-ble.o)
 .comment       0x0000000000000000       0x20 contiki-srf06-cc26xx.a(random.o)
 .comment       0x0000000000000000       0x20 contiki-srf06-cc26xx.a(soc-trng.o)
 .comment       0x0000000000000000       0x20 contiki-srf06-cc26xx.a(dbg-printf.o)
 .comment       0x0000000000000000       0x20 contiki-srf06-cc26xx.a(strformat.o)
 .comment       0x0000000000000000       0x20 contiki-srf06-cc26xx.a(autostart.o)
 .comment       0x0000000000000000       0x20 contiki-srf06-cc26xx.a(ctimer.o)
 .comment       0x0000000000000000       0x20 contiki-srf06-cc26xx.a(energest.o)
 .comment       0x0000000000000000       0x20 contiki-srf06-cc26xx.a(etimer.o)
 .comment       0x0000000000000000       0x20 contiki-srf06-cc26xx.a(process.o)
 .comment       0x0000000000000000       0x20 contiki-srf06-cc26xx.a(rtimer.o)
 .comment       0x0000000000000000       0x20 contiki-srf06-cc26xx.a(timer.o)
 .comment       0x0000000000000000       0x20 contiki-srf06-cc26xx.a(serial-line.o)
 .comment       0x0000000000000000       0x20 contiki-srf06-cc26xx.a(crc16.o)
 .comment       0x0000000000000000       0x20 contiki-srf06-cc26xx.a(list.o)
 .comment       0x0000000000000000       0x20 contiki-srf06-cc26xx.a(ringbuf.o)
 .comment       0x0000000000000000       0x20 contiki-srf06-cc26xx.a(broadcast.o)
 .comment       0x0000000000000000       0x20 contiki-srf06-cc26xx.a(channel.o)
 .comment       0x0000000000000000       0x20 contiki-srf06-cc26xx.a(rime.o)
 .comment       0x0000000000000000       0x20 contiki-srf06-cc26xx.a(unicast.o)
 .comment       0x0000000000000000       0x20 contiki-srf06-cc26xx.a(adi.o)
 .comment       0x0000000000000000       0x20 contiki-srf06-cc26xx.a(aon_rtc.o)
 .comment       0x0000000000000000       0x20 contiki-srf06-cc26xx.a(chipinfo.o)
 .comment       0x0000000000000000       0x20 contiki-srf06-cc26xx.a(cpu.o)
 .comment       0x0000000000000000       0x20 contiki-srf06-cc26xx.a(osc.o)
 .comment       0x0000000000000000       0x20 contiki-srf06-cc26xx.a(pwr_ctrl.o)
 .comment       0x0000000000000000       0x20 contiki-srf06-cc26xx.a(rfc.o)
 .comment       0x0000000000000000       0x20 contiki-srf06-cc26xx.a(setup.o)
 .comment       0x0000000000000000       0x20 contiki-srf06-cc26xx.a(setup_rom.o)
 .comment       0x0000000000000000       0x20 contiki-srf06-cc26xx.a(sys_ctrl.o)
 .comment       0x0000000000000000       0x20 contiki-srf06-cc26xx.a(trng.o)
 .comment       0x0000000000000000       0x20 contiki-srf06-cc26xx.a(linkaddr.o)
 .comment       0x0000000000000000       0x20 contiki-srf06-cc26xx.a(netstack.o)
 .comment       0x0000000000000000       0x20 contiki-srf06-cc26xx.a(packetbuf.o)
 .comment       0x0000000000000000       0x20 contiki-srf06-cc26xx.a(queuebuf.o)
 .comment       0x0000000000000000       0x20 contiki-srf06-cc26xx.a(csma.o)
 .comment       0x0000000000000000       0x20 contiki-srf06-cc26xx.a(frame802154.o)
 .comment       0x0000000000000000       0x20 contiki-srf06-cc26xx.a(mac.o)
 .comment       0x0000000000000000       0x20 contiki-srf06-cc26xx.a(nullrdc.o)
 .comment       0x0000000000000000       0x20 contiki-srf06-cc26xx.a(nullsec.o)
 .comment       0x0000000000000000       0x20 contiki-srf06-cc26xx.a(board-spi.o)
 .comment       0x0000000000000000       0x20 contiki-srf06-cc26xx.a(adxl355-board-s)
 .comment       0x0000000000000000       0x20 contiki-srf06-cc26xx.a(smartrf-setting)
 .comment       0x0000000000000000       0x20 contiki-srf06-cc26xx.a(aux-ctrl.o)
 .comment       0x0000000000000000       0x20 contiki-srf06-cc26xx.a(memb.o)
 .comment       0x0000000000000000       0x20 contiki-srf06-cc26xx.a(abc.o)
 .comment       0x0000000000000000       0x20 contiki-srf06-cc26xx.a(announcement.o)
 .comment       0x0000000000000000       0x20 contiki-srf06-cc26xx.a(broadcast-annou)
 .comment       0x0000000000000000       0x20 contiki-srf06-cc26xx.a(chameleon.o)
 .comment       0x0000000000000000       0x20 contiki-srf06-cc26xx.a(aon_batmon.o)
 .comment       0x0000000000000000       0x20 contiki-srf06-cc26xx.a(ddi.o)